Archive member included to satisfy reference by file (symbol)

libnewlib.a(memcpy-stub.c.o)  CMakeFiles/STM32_BLUE_PILL.dir/pxtapp/base/buffer.cpp.o (memcpy)
libnewlib.a(strcmp.S.o)       CMakeFiles/STM32_BLUE_PILL.dir/pxtapp/base/core.cpp.o (strcmp)
libnewlib.a(strlen.S.o)       CMakeFiles/STM32_BLUE_PILL.dir/pxtapp/base/core.cpp.o (strlen)
libnewlib.a(strtol.c.o)       CMakeFiles/STM32_BLUE_PILL.dir/pxtapp/base/core.cpp.o (strtol)
libnewlib.a(memcmp.c.o)       CMakeFiles/STM32_BLUE_PILL.dir/pxtapp/base/pxt.cpp.o (memcmp)
libnewlib.a(memmove.c.o)      CMakeFiles/STM32_BLUE_PILL.dir/pxtapp/base/buffer.cpp.o (memmove)
libnewlib.a(memset.c.o)       CMakeFiles/STM32_BLUE_PILL.dir/pxtapp/base/buffer.cpp.o (memset)
libnewlib.a(strstr.c.o)       CMakeFiles/STM32_BLUE_PILL.dir/pxtapp/base/core.cpp.o (strstr)
libnewlib.a(ctype_.c.o)       libnewlib.a(strtol.c.o) (_ctype_)
libnewlib.a(impure.c.o)       libnewlib.a(strtol.c.o) (_impure_ptr)
libcodal-core.a(CodalCompat.cpp.o)
                              CMakeFiles/STM32_BLUE_PILL.dir/pxtapp/base/core.cpp.o (codal::itoa(int, char*))
libcodal-core.a(CodalComponent.cpp.o)
                              CMakeFiles/STM32_BLUE_PILL.dir/pxtapp/core---stm32bluepill/codal.cpp.o (codal::CodalComponent::components)
libcodal-core.a(CodalDevice.cpp.o)
                              CMakeFiles/STM32_BLUE_PILL.dir/pxtapp/core---stm32bluepill/codal.cpp.o (vtable for codal::CodalDevice)
libcodal-core.a(CodalDmesg.cpp.o)
                              CMakeFiles/STM32_BLUE_PILL.dir/pxtapp/base/core.cpp.o (codal_dmesg)
libcodal-core.a(CodalFiber.cpp.o)
                              CMakeFiles/STM32_BLUE_PILL.dir/pxtapp/core---stm32bluepill/codal.cpp.o (codal::list_fibers(codal::Fiber**))
libcodal-core.a(CodalHeapAllocator.cpp.o)
                              CMakeFiles/STM32_BLUE_PILL.dir/pxtapp/base/gc.cpp.o (device_heap_size(unsigned char))
libcodal-core.a(CodalListener.cpp.o)
                              CMakeFiles/STM32_BLUE_PILL.dir/pxtapp/core---stm32bluepill/codal.cpp.o (codal::Listener::Listener(unsigned short, unsigned short, void (*)(codal::Event), unsigned short))
libcodal-core.a(Timer.cpp.o)  CMakeFiles/STM32_BLUE_PILL.dir/pxtapp/core---stm32bluepill/codal.cpp.o (codal::Timer::~Timer())
libcodal-core.a(MessageBus.cpp.o)
                              CMakeFiles/STM32_BLUE_PILL.dir/pxtapp/core---stm32bluepill/codal.cpp.o (codal::MessageBus::add(codal::Listener*))
libcodal-core.a(Event.cpp.o)  CMakeFiles/STM32_BLUE_PILL.dir/pxtapp/core---stm32bluepill/control.cpp.o (codal::Event::Event(unsigned short, unsigned short, codal::EventLaunchMode))
libcodal-core.a(MemberFunctionCallback.cpp.o)
                              libcodal-core.a(MessageBus.cpp.o) (codal::MemberFunctionCallback::fire(codal::Event))
liblibopencm3.a(vector.c.o)   (vector_table)
libnano-float.a(functions.c.o)
                              CMakeFiles/STM32_BLUE_PILL.dir/pxtapp/base/core.cpp.o (__wrap___aeabi_ddiv)
liblogger.a(logger.cpp.o)     CMakeFiles/STM32_BLUE_PILL.dir/pxtapp/base/pxt.cpp.o (debug_flush)
libbluepill.a(bluepill.cpp.o)
                              libcodal-core.a(Timer.cpp.o) (__cxa_pure_virtual)
libbluepill.a(led.cpp.o)      libbluepill.a(bluepill.cpp.o) (led_setup)
libhal.a(codal_target_hal.cpp.o)
                              /mnt/c/stm32bluepill-makecode/pxt-maker/projects/blink/built/dockercodal/build/libraries/codal-libopencm3/CMakeFiles/hal.dir/stm32/hal/reset_handler.c.o (target_enable_debug)
libhal.a(CortexContextSwitch.s.o)
                              libcodal-core.a(CodalFiber.cpp.o) (swap_context)
libcm.a(CmI2C.cpp.o)          CMakeFiles/STM32_BLUE_PILL.dir/pxtapp/core---stm32bluepill/i2c.cpp.o (codal::_cm::I2C::I2C(codal::Pin&, codal::Pin&))
libcm.a(CmPin.cpp.o)          CMakeFiles/STM32_BLUE_PILL.dir/pxtapp/core---stm32bluepill/pins.cpp.o (codal::_cm::Pin::getDigitalValue())
libcm.a(CmSPI.cpp.o)          CMakeFiles/STM32_BLUE_PILL.dir/pxtapp/core---stm32bluepill/spi.cpp.o (codal::_cm::SPI::SPI(codal::_cm::Pin&, codal::_cm::Pin&, codal::_cm::Pin&))
libcm.a(CmTimer.cpp.o)        CMakeFiles/STM32_BLUE_PILL.dir/pxtapp/core---stm32bluepill/codal.cpp.o (codal::_cm::Timer::Timer())
libcm.a(CmPinMap.cpp.o)       libcm.a(CmSPI.cpp.o) (pinmap_peripheral)
libmodel.a(STM32BluePillIO.cpp.o)
                              libcm.a(CmSPI.cpp.o) (PinMap_SPI_SCK)
libqfplib.a(qfplib.S.o)       libnano-float.a(functions.c.o) (qfp_fadd)
libnewlib.a(strncat.c.o)      liblogger.a(logger.cpp.o) (strncat)
libcodal-core.a(I2C.cpp.o)    libcm.a(CmI2C.cpp.o) (codal::I2C::start())
liblibopencm3.a(gpio_common_all.c.o)
                              libbluepill.a(led.cpp.o) (gpio_set)
liblibopencm3.a(pwr_common_v1.c.o)
                              libhal.a(codal_target_hal.cpp.o) (pwr_clear_wakeup_flag)
liblibopencm3.a(rcc_common_all.c.o)
                              libbluepill.a(led.cpp.o) (rcc_periph_clock_enable)
liblibopencm3.a(gpio.c.o)     libbluepill.a(led.cpp.o) (gpio_set_mode)
[...]
Memory Configuration

Name             Origin             Length             Attributes
bootrom          0x0000000008000000 0x0000000000006000 xr
rom              0x0000000008006000 0x000000000000a000 xr
bootram          0x0000000020000000 0x0000000000002800 xrw
ram              0x0000000020002800 0x0000000000002800 xrw
*default*        0x0000000000000000 0xffffffffffffffff

Linker script and memory map

LOAD /mnt/c/stm32bluepill-makecode/pxt-maker/projects/blink/built/dockercodal/build/libraries/codal-libopencm3/CMakeFiles/hal.dir/stm32/hal/reset_handler.c.o
START GROUP
LOAD CMakeFiles/STM32_BLUE_PILL.dir/pxtapp/base/advmath.cpp.o
LOAD CMakeFiles/STM32_BLUE_PILL.dir/pxtapp/base/buffer.cpp.o
LOAD CMakeFiles/STM32_BLUE_PILL.dir/pxtapp/base/control.cpp.o
LOAD CMakeFiles/STM32_BLUE_PILL.dir/pxtapp/base/core.cpp.o
LOAD CMakeFiles/STM32_BLUE_PILL.dir/pxtapp/base/gc.cpp.o
LOAD CMakeFiles/STM32_BLUE_PILL.dir/pxtapp/base/loops.cpp.o
LOAD CMakeFiles/STM32_BLUE_PILL.dir/pxtapp/base/pxt.cpp.o
LOAD CMakeFiles/STM32_BLUE_PILL.dir/pxtapp/core---stm32bluepill/codal.cpp.o
LOAD CMakeFiles/STM32_BLUE_PILL.dir/pxtapp/core---stm32bluepill/control.cpp.o
LOAD CMakeFiles/STM32_BLUE_PILL.dir/pxtapp/core---stm32bluepill/dmac.cpp.o
LOAD CMakeFiles/STM32_BLUE_PILL.dir/pxtapp/core---stm32bluepill/hf2.cpp.o
LOAD CMakeFiles/STM32_BLUE_PILL.dir/pxtapp/core---stm32bluepill/i2c.cpp.o
LOAD CMakeFiles/STM32_BLUE_PILL.dir/pxtapp/core---stm32bluepill/pins.cpp.o
LOAD CMakeFiles/STM32_BLUE_PILL.dir/pxtapp/core---stm32bluepill/pinsAnalog.cpp.o
LOAD CMakeFiles/STM32_BLUE_PILL.dir/pxtapp/core---stm32bluepill/pinsDigital.cpp.o
LOAD CMakeFiles/STM32_BLUE_PILL.dir/pxtapp/core---stm32bluepill/pinsPWM.cpp.o
LOAD CMakeFiles/STM32_BLUE_PILL.dir/pxtapp/core---stm32bluepill/platform.cpp.o
LOAD CMakeFiles/STM32_BLUE_PILL.dir/pxtapp/core---stm32bluepill/spi.cpp.o
LOAD CMakeFiles/STM32_BLUE_PILL.dir/pxtapp/core---stm32bluepill/usb.cpp.o
LOAD CMakeFiles/STM32_BLUE_PILL.dir/pxtapp/main.cpp.o
LOAD CMakeFiles/STM32_BLUE_PILL.dir/pxtapp/pointers.cpp.o
LOAD libcodal-libopencm3.a
LOAD libqfplib.a
LOAD libnewlib.a
LOAD libcodal-core.a
LOAD liblibopencm3.a
LOAD libcocoos.a
LOAD libnano-float.a
LOAD liblogger.a
LOAD libbluepill.a
LOAD libbootloader.a
LOAD libhal.a
LOAD libadcint.a
LOAD libi2cint.a
LOAD libporting.a
LOAD libsimulator.a
LOAD libspiint.a
LOAD libuartint.a
LOAD libcm.a
LOAD libmodel.a
LOAD libbme280.a
LOAD /opt/gcc-arm-none-eabi-8-2018-q4-major/bin/../lib/gcc/arm-none-eabi/8.2.1/../../../../arm-none-eabi/lib/thumb/v7-m/nofp/libnosys.a
LOAD /opt/gcc-arm-none-eabi-8-2018-q4-major/bin/../lib/gcc/arm-none-eabi/8.2.1/../../../../arm-none-eabi/lib/thumb/v7-m/nofp/libstdc++.a
LOAD /opt/gcc-arm-none-eabi-8-2018-q4-major/bin/../lib/gcc/arm-none-eabi/8.2.1/../../../../arm-none-eabi/lib/thumb/v7-m/nofp/libsupc++.a
LOAD /opt/gcc-arm-none-eabi-8-2018-q4-major/bin/../lib/gcc/arm-none-eabi/8.2.1/../../../../arm-none-eabi/lib/thumb/v7-m/nofp/libstdc++.a
LOAD /opt/gcc-arm-none-eabi-8-2018-q4-major/bin/../lib/gcc/arm-none-eabi/8.2.1/../../../../arm-none-eabi/lib/thumb/v7-m/nofp/libsupc++.a
END GROUP
LOAD /opt/gcc-arm-none-eabi-8-2018-q4-major/bin/../lib/gcc/arm-none-eabi/8.2.1/thumb/v7-m/nofp/libgcc.a

.boot_text      0x0000000008000000     0x4fcc
 *(SORT_BY_ALIGNMENT(.vectors))
 .vectors       0x0000000008000000      0x150 liblibopencm3.a(vector.c.o)
                0x0000000008000000                vector_table
 :*reset_handler*(SORT_BY_ALIGNMENT(.text*))
 .text.reset_handler
                0x0000000008000150       0xf0 /mnt/c/stm32bluepill-makecode/pxt-maker/projects/blink/built/dockercodal/build/libraries/codal-libopencm3/CMakeFiles/hal.dir/stm32/hal/reset_handler.c.o
                0x0000000008000150                reset_handler
 *libhal.a:*reset_handler*(SORT_BY_ALIGNMENT(.text*))
 :*codal_target_hal*(SORT_BY_ALIGNMENT(.text*))
 *libhal.a:*codal_target_hal*(SORT_BY_ALIGNMENT(.text*))
 .text._ZL10timer_tickv
                0x0000000008000240       0x10 libhal.a(codal_target_hal.cpp.o)
 .text._ZL11timer_alarmv
                0x0000000008000250       0x10 libhal.a(codal_target_hal.cpp.o)
 .text._Z25stm32bluepill_dmesg_flushv.part.0
                0x0000000008000260       0x30 libhal.a(codal_target_hal.cpp.o)
 .text._Z25stm32bluepill_dmesg_flushv
                0x0000000008000290       0x1c libhal.a(codal_target_hal.cpp.o)
                0x0000000008000290                stm32bluepill_dmesg_flush()
 .text.target_set_tick_callback
                0x00000000080002ac        0xc libhal.a(codal_target_hal.cpp.o)
                0x00000000080002ac                target_set_tick_callback
 .text.target_set_alarm_callback
                0x00000000080002b8        0xc libhal.a(codal_target_hal.cpp.o)
                0x00000000080002b8                target_set_alarm_callback
 .text.target_enable_debug
                0x00000000080002c4        0x4 libhal.a(codal_target_hal.cpp.o)
                0x00000000080002c4                target_enable_debug
 .text.target_init
                0x00000000080002c8       0x3c libhal.a(codal_target_hal.cpp.o)
                0x00000000080002c8                target_init
 .text.target_reset
                0x0000000008000304       0x14 libhal.a(codal_target_hal.cpp.o)
                0x0000000008000304                target_reset
 .text.target_in_isr
                0x0000000008000318       0x10 libhal.a(codal_target_hal.cpp.o)
                0x0000000008000318                target_in_isr
 .text.target_enable_irq
                0x0000000008000328        0x4 libhal.a(codal_target_hal.cpp.o)
                0x0000000008000328                target_enable_irq
 .text.target_disable_irq
                0x000000000800032c        0x4 libhal.a(codal_target_hal.cpp.o)
                0x000000000800032c                target_disable_irq
 .text.target_wait_for_event
                0x0000000008000330       0x20 libhal.a(codal_target_hal.cpp.o)
                0x0000000008000330                target_wait_for_event
 .text.target_wait
                0x0000000008000350       0x28 libhal.a(codal_target_hal.cpp.o)
                0x0000000008000350                target_wait
 .text.target_wait_us
                0x0000000008000378       0x34 libhal.a(codal_target_hal.cpp.o)
                0x0000000008000378                target_wait_us
 .text.target_seed_random
                0x00000000080003ac        0x4 libhal.a(codal_target_hal.cpp.o)
                0x00000000080003ac                target_seed_random
 .text.target_get_serial
                0x00000000080003b0        0xc libhal.a(codal_target_hal.cpp.o)
                0x00000000080003b0                target_get_serial
 .text.target_panic
                0x00000000080003bc       0x20 libhal.a(codal_target_hal.cpp.o)
                0x00000000080003bc                target_panic
 .text.fiber_initial_stack_base
                0x00000000080003dc        0x8 libhal.a(codal_target_hal.cpp.o)
                0x00000000080003dc                fiber_initial_stack_base
 .text.tcb_allocate
                0x00000000080003e4        0x8 libhal.a(codal_target_hal.cpp.o)
                0x00000000080003e4                tcb_allocate
 .text.tcb_configure_lr
                0x00000000080003ec        0x4 libhal.a(codal_target_hal.cpp.o)
                0x00000000080003ec                tcb_configure_lr
 .text.tcb_configure_sp
                0x00000000080003f0        0x4 libhal.a(codal_target_hal.cpp.o)
                0x00000000080003f0                tcb_configure_sp
 .text.tcb_configure_stack_base
                0x00000000080003f4        0x4 libhal.a(codal_target_hal.cpp.o)
                0x00000000080003f4                tcb_configure_stack_base
 .text.tcb_get_stack_base
                0x00000000080003f8        0x4 libhal.a(codal_target_hal.cpp.o)
                0x00000000080003f8                tcb_get_stack_base
 .text.get_current_sp
                0x00000000080003fc        0x4 libhal.a(codal_target_hal.cpp.o)
                0x00000000080003fc                get_current_sp
 .text.tcb_get_sp
                0x0000000008000400        0x4 libhal.a(codal_target_hal.cpp.o)
                0x0000000008000400                tcb_get_sp
 .text.tcb_configure_args
                0x0000000008000404        0x8 libhal.a(codal_target_hal.cpp.o)
                0x0000000008000404                tcb_configure_args
 .text.test_codal
                0x000000000800040c       0x70 libhal.a(codal_target_hal.cpp.o)
                0x000000000800040c                test_codal
 .text._fini    0x000000000800047c        0x4 libhal.a(codal_target_hal.cpp.o)
                0x000000000800047c                _fini
 .text.__aeabi_atexit
                0x0000000008000480        0x4 libhal.a(codal_target_hal.cpp.o)
                0x0000000008000480                __aeabi_atexit
 :*CortexContextSwitch*(SORT_BY_ALIGNMENT(.text*))
 *libhal.a:(SORT_BY_ALIGNMENT(.text*))
 .text          0x0000000008000484      0x124 libhal.a(CortexContextSwitch.s.o)
                0x0000000008000484                swap_context
                0x0000000008000506                save_context
                0x000000000800054a                save_register_context
                0x000000000800057a                restore_register_context
 *liblibopencm3.a:(SORT_BY_ALIGNMENT(.text*))
 .text.blocking_handler
                0x00000000080005a8        0x4 liblibopencm3.a(vector.c.o)
                0x00000000080005a8                usart3_isr
                0x00000000080005a8                tim7_isr
                0x00000000080005a8                adc1_2_isr
                0x00000000080005a8                tim1_trg_com_isr
                0x00000000080005a8                usb_hp_can_tx_isr
                0x00000000080005a8                tim6_isr
                0x00000000080005a8                usb_wakeup_isr
                0x00000000080005a8                blocking_handler
                0x00000000080005a8                tim5_isr
                0x00000000080005a8                otg_fs_isr
                0x00000000080005a8                spi1_isr
                0x00000000080005a8                exti2_isr
                0x00000000080005a8                dma1_channel6_isr
                0x00000000080005a8                can_rx1_isr
                0x00000000080005a8                dma1_channel5_isr
                0x00000000080005a8                dma2_channel5_isr
                0x00000000080005a8                usart1_isr
                0x00000000080005a8                usage_fault_handler
                0x00000000080005a8                tim8_trg_com_isr
                0x00000000080005a8                can2_rx0_isr
                0x00000000080005a8                tim1_brk_isr
                0x00000000080005a8                can2_rx1_isr
                0x00000000080005a8                tim1_cc_isr
                0x00000000080005a8                sdio_isr
                0x00000000080005a8                eth_isr
                0x00000000080005a8                dma1_channel4_isr
                0x00000000080005a8                tim8_brk_isr
                0x00000000080005a8                dma2_channel4_5_isr
                0x00000000080005a8                pvd_isr
                0x00000000080005a8                rcc_isr
                0x00000000080005a8                flash_isr
                0x00000000080005a8                uart4_isr
                0x00000000080005a8                exti15_10_isr
                0x00000000080005a8                hard_fault_handler
                0x00000000080005a8                exti1_isr
                0x00000000080005a8                i2c1_ev_isr
                0x00000000080005a8                dma2_channel1_isr
                0x00000000080005a8                spi2_isr
                0x00000000080005a8                tim8_up_isr
                0x00000000080005a8                dma2_channel2_isr
                0x00000000080005a8                exti3_isr
                0x00000000080005a8                adc3_isr
                0x00000000080005a8                tim3_isr
                0x00000000080005a8                usart2_isr
                0x00000000080005a8                usb_lp_can_rx0_isr
                0x00000000080005a8                i2c2_er_isr
                0x00000000080005a8                i2c2_ev_isr
                0x00000000080005a8                uart5_isr
                0x00000000080005a8                fsmc_isr
                0x00000000080005a8                dma1_channel1_isr
                0x00000000080005a8                exti4_isr
                0x00000000080005a8                mem_manage_handler
                0x00000000080005a8                can2_tx_isr
                0x00000000080005a8                exti9_5_isr
                0x00000000080005a8                dma2_channel3_isr
                0x00000000080005a8                dma1_channel7_isr
                0x00000000080005a8                tim1_up_isr
                0x00000000080005a8                can2_sce_isr
                0x00000000080005a8                tim4_isr
                0x00000000080005a8                dma1_channel2_isr
                0x00000000080005a8                i2c1_er_isr
                0x00000000080005a8                can_sce_isr
                0x00000000080005a8                tim8_cc_isr
                0x00000000080005a8                tamper_isr
                0x00000000080005a8                eth_wkup_isr
                0x00000000080005a8                bus_fault_handler
                0x00000000080005a8                wwdg_isr
                0x00000000080005a8                dma1_channel3_isr
                0x00000000080005a8                spi3_isr
                0x00000000080005a8                tim2_isr
                0x00000000080005a8                exti0_isr
 .text.null_handler
                0x00000000080005ac        0x4 liblibopencm3.a(vector.c.o)
                0x00000000080005ac                null_handler
                0x00000000080005ac                sv_call_handler
                0x00000000080005ac                pend_sv_handler
                0x00000000080005ac                debug_monitor_handler
                0x00000000080005ac                sys_tick_handler
                0x00000000080005ac                nmi_handler
 .text.gpio_set
                0x00000000080005b0        0x4 liblibopencm3.a(gpio_common_all.c.o)
                0x00000000080005b0                gpio_set
 .text.gpio_clear
                0x00000000080005b4        0x8 liblibopencm3.a(gpio_common_all.c.o)
                0x00000000080005b4                gpio_clear
 .text.pwr_disable_backup_domain_write_protect
                0x00000000080005bc       0x10 liblibopencm3.a(pwr_common_v1.c.o)
                0x00000000080005bc                pwr_disable_backup_domain_write_protect
 .text.pwr_enable_backup_domain_write_protect
                0x00000000080005cc       0x10 liblibopencm3.a(pwr_common_v1.c.o)
                0x00000000080005cc                pwr_enable_backup_domain_write_protect
 .text.rcc_periph_clock_enable
                0x00000000080005dc       0x1c liblibopencm3.a(rcc_common_all.c.o)
                0x00000000080005dc                rcc_periph_clock_enable
 .text.rcc_periph_reset_pulse
                0x00000000080005f8       0x24 liblibopencm3.a(rcc_common_all.c.o)
                0x00000000080005f8                rcc_periph_reset_pulse
 .text.gpio_set_mode
                0x000000000800061c       0x78 liblibopencm3.a(gpio.c.o)
                0x000000000800061c                gpio_set_mode
 .text.rcc_is_osc_ready.part.0
                0x0000000008000694       0x10 liblibopencm3.a(rcc.c.o)
 .text.rcc_osc_on.part.1
                0x00000000080006a4       0x10 liblibopencm3.a(rcc.c.o)
 .text.rcc_enable_rtc_clock
                0x00000000080006b4       0x10 liblibopencm3.a(rcc.c.o)
                0x00000000080006b4                rcc_enable_rtc_clock
 .text.rcc_set_rtc_clock_source
                0x00000000080006c4       0x98 liblibopencm3.a(rcc.c.o)
                0x00000000080006c4                rcc_set_rtc_clock_source
 .text.rcc_clock_setup_in_hse_8mhz_out_72mhz
                0x000000000800075c       0xcc liblibopencm3.a(rcc.c.o)
                0x000000000800075c                rcc_clock_setup_in_hse_8mhz_out_72mhz
 .text.flash_set_ws
                0x0000000008000828       0x14 liblibopencm3.a(flash_common_all.c.o)
                0x0000000008000828                flash_set_ws
 .text.nvic_enable_irq
                0x000000000800083c       0x1c liblibopencm3.a(nvic.c.o)
                0x000000000800083c                nvic_enable_irq
 .text.exti_set_trigger
                0x0000000008000858       0x50 liblibopencm3.a(exti_common_all.c.o)
                0x0000000008000858                exti_set_trigger
 .text.exti_enable_request
                0x00000000080008a8       0x1c liblibopencm3.a(exti_common_all.c.o)
                0x00000000080008a8                exti_enable_request
 .text.exti_reset_request
                0x00000000080008c4        0xc liblibopencm3.a(exti_common_all.c.o)
                0x00000000080008c4                exti_reset_request
 .text.flash_unlock
                0x00000000080008d0       0x18 liblibopencm3.a(flash_common_f.c.o)
                0x00000000080008d0                flash_unlock
 .text.flash_lock
                0x00000000080008e8       0x10 liblibopencm3.a(flash_common_f.c.o)
                0x00000000080008e8                flash_lock
 .text.desig_get_unique_id_as_string
                0x00000000080008f8       0x70 liblibopencm3.a(desig.c.o)
                0x00000000080008f8                desig_get_unique_id_as_string
 .text.flash_get_status_flags
                0x0000000008000968       0x28 liblibopencm3.a(flash.c.o)
                0x0000000008000968                flash_get_status_flags
 .text.flash_program_half_word
                0x0000000008000990       0x98 liblibopencm3.a(flash.c.o)
                0x0000000008000990                flash_program_half_word
 .text.flash_erase_page
                0x0000000008000a28       0xbc liblibopencm3.a(flash.c.o)
                0x0000000008000a28                flash_erase_page
 .text.rtc_enter_config_mode
                0x0000000008000ae4       0x18 liblibopencm3.a(rtc.c.o)
                0x0000000008000ae4                rtc_enter_config_mode
 .text.rtc_exit_config_mode
                0x0000000008000afc       0x18 liblibopencm3.a(rtc.c.o)
                0x0000000008000afc                rtc_exit_config_mode
 .text.rtc_set_alarm_time
                0x0000000008000b14       0x40 liblibopencm3.a(rtc.c.o)
                0x0000000008000b14                rtc_set_alarm_time
 .text.rtc_set_prescale_val
                0x0000000008000b54       0x40 liblibopencm3.a(rtc.c.o)
                0x0000000008000b54                rtc_set_prescale_val
 .text.rtc_get_counter_val
                0x0000000008000b94       0x18 liblibopencm3.a(rtc.c.o)
                0x0000000008000b94                rtc_get_counter_val
 .text.rtc_set_counter_val
                0x0000000008000bac       0x40 liblibopencm3.a(rtc.c.o)
                0x0000000008000bac                rtc_set_counter_val
 .text.rtc_interrupt_enable
                0x0000000008000bec       0x58 liblibopencm3.a(rtc.c.o)
                0x0000000008000bec                rtc_interrupt_enable
 .text.rtc_interrupt_disable
                0x0000000008000c44       0x58 liblibopencm3.a(rtc.c.o)
                0x0000000008000c44                rtc_interrupt_disable
 .text.rtc_clear_flag
                0x0000000008000c9c       0x34 liblibopencm3.a(rtc.c.o)
                0x0000000008000c9c                rtc_clear_flag
 .text.rtc_check_flag
                0x0000000008000cd0       0x30 liblibopencm3.a(rtc.c.o)
                0x0000000008000cd0                rtc_check_flag
 .text.st_usbfs_v1_usbd_init
                0x0000000008000d00       0x34 liblibopencm3.a(st_usbfs_v1.c.o)
 .text.st_usbfs_copy_to_pm
                0x0000000008000d34       0x20 liblibopencm3.a(st_usbfs_v1.c.o)
                0x0000000008000d34                st_usbfs_copy_to_pm
 .text.st_usbfs_copy_from_pm
                0x0000000008000d54       0x34 liblibopencm3.a(st_usbfs_v1.c.o)
                0x0000000008000d54                st_usbfs_copy_from_pm
 .text.usbd_init
                0x0000000008000d88       0x54 liblibopencm3.a(usb.c.o)
                0x0000000008000d88                usbd_init
 .text._usbd_reset
                0x0000000008000ddc       0x38 liblibopencm3.a(usb.c.o)
                0x0000000008000ddc                _usbd_reset
 .text.usbd_poll
                0x0000000008000e14        0x8 liblibopencm3.a(usb.c.o)
                0x0000000008000e14                usbd_poll
 .text.usbd_ep_setup
                0x0000000008000e1c       0x10 liblibopencm3.a(usb.c.o)
                0x0000000008000e1c                usbd_ep_setup
 .text.usbd_ep_write_packet
                0x0000000008000e2c       0x10 liblibopencm3.a(usb.c.o)
                0x0000000008000e2c                usbd_ep_write_packet
 .text.usbd_ep_read_packet
                0x0000000008000e3c       0x10 liblibopencm3.a(usb.c.o)
                0x0000000008000e3c                usbd_ep_read_packet
 .text.usbd_ep_stall_set
                0x0000000008000e4c        0x8 liblibopencm3.a(usb.c.o)
                0x0000000008000e4c                usbd_ep_stall_set
 .text.usbd_ep_stall_get
                0x0000000008000e54        0x8 liblibopencm3.a(usb.c.o)
                0x0000000008000e54                usbd_ep_stall_get
 .text.usbd_ep_nak_set
                0x0000000008000e5c        0x8 liblibopencm3.a(usb.c.o)
                0x0000000008000e5c                usbd_ep_nak_set
 .text.usb_control_send_chunk
                0x0000000008000e64       0x54 liblibopencm3.a(usb_control.c.o)
 .text.usb_control_request_dispatch
                0x0000000008000eb8       0x64 liblibopencm3.a(usb_control.c.o)
 .text.usb_control_setup_read
                0x0000000008000f1c       0x7c liblibopencm3.a(usb_control.c.o)
 .text.usb_control_recv_chunk
                0x0000000008000f98       0x48 liblibopencm3.a(usb_control.c.o)
 .text.usbd_register_control_callback
                0x0000000008000fe0       0x34 liblibopencm3.a(usb_control.c.o)
                0x0000000008000fe0                usbd_register_control_callback
 .text._usbd_control_setup
                0x0000000008001014       0x64 liblibopencm3.a(usb_control.c.o)
                0x0000000008001014                _usbd_control_setup
 .text._usbd_control_out
                0x0000000008001078       0xa0 liblibopencm3.a(usb_control.c.o)
                0x0000000008001078                _usbd_control_out
 .text._usbd_control_in
                0x0000000008001118       0x68 liblibopencm3.a(usb_control.c.o)
                0x0000000008001118                _usbd_control_in
 .text.usb_standard_set_address
                0x0000000008001180       0x30 liblibopencm3.a(usb_standard.c.o)
 .text.usb_standard_set_configuration
                0x00000000080011b0       0xa0 liblibopencm3.a(usb_standard.c.o)
 .text.usb_standard_get_configuration
                0x0000000008001250       0x2c liblibopencm3.a(usb_standard.c.o)
 .text.usb_standard_get_interface
                0x000000000800127c       0x3c liblibopencm3.a(usb_standard.c.o)
 .text.usb_standard_device_get_status
                0x00000000080012b8       0x18 liblibopencm3.a(usb_standard.c.o)
 .text.usb_standard_endpoint_get_status
                0x00000000080012d0       0x2c liblibopencm3.a(usb_standard.c.o)
 .text.usb_standard_endpoint_stall
                0x00000000080012fc       0x10 liblibopencm3.a(usb_standard.c.o)
 .text.usb_standard_endpoint_unstall
                0x000000000800130c       0x10 liblibopencm3.a(usb_standard.c.o)
 .text.usb_standard_set_interface
                0x000000000800131c       0x54 liblibopencm3.a(usb_standard.c.o)
 .text.usb_standard_get_descriptor
                0x0000000008001370      0x298 liblibopencm3.a(usb_standard.c.o)
 .text.usb_standard_interface_get_status
                0x0000000008001608       0x18 liblibopencm3.a(usb_standard.c.o)
 .text.usbd_register_set_config_callback
                0x0000000008001620       0x34 liblibopencm3.a(usb_standard.c.o)
                0x0000000008001620                usbd_register_set_config_callback
 .text._usbd_standard_request_device
                0x0000000008001654       0x58 liblibopencm3.a(usb_standard.c.o)
                0x0000000008001654                _usbd_standard_request_device
 .text._usbd_standard_request_endpoint
                0x00000000080016ac       0x40 liblibopencm3.a(usb_standard.c.o)
                0x00000000080016ac                _usbd_standard_request_endpoint
 .text._usbd_standard_request
                0x00000000080016ec       0x64 liblibopencm3.a(usb_standard.c.o)
                0x00000000080016ec                _usbd_standard_request
 .text.flash_wait_for_last_operation
                0x0000000008001750        0xc liblibopencm3.a(flash_common_f01.c.o)
                0x0000000008001750                flash_wait_for_last_operation
 .text.st_usbfs_set_address
                0x000000000800175c       0x10 liblibopencm3.a(st_usbfs_core.c.o)
                0x000000000800175c                st_usbfs_set_address
 .text.st_usbfs_set_ep_rx_bufsize
                0x000000000800176c       0x44 liblibopencm3.a(st_usbfs_core.c.o)
                0x000000000800176c                st_usbfs_set_ep_rx_bufsize
 .text.st_usbfs_ep_setup
                0x00000000080017b0      0x118 liblibopencm3.a(st_usbfs_core.c.o)
                0x00000000080017b0                st_usbfs_ep_setup
 .text.st_usbfs_endpoints_reset
                0x00000000080018c8       0x48 liblibopencm3.a(st_usbfs_core.c.o)
                0x00000000080018c8                st_usbfs_endpoints_reset
 .text.st_usbfs_ep_stall_set
                0x0000000008001910       0xc4 liblibopencm3.a(st_usbfs_core.c.o)
                0x0000000008001910                st_usbfs_ep_stall_set
 .text.st_usbfs_ep_stall_get
                0x00000000080019d4       0x40 liblibopencm3.a(st_usbfs_core.c.o)
                0x00000000080019d4                st_usbfs_ep_stall_get
 .text.st_usbfs_ep_nak_set
                0x0000000008001a14       0x50 liblibopencm3.a(st_usbfs_core.c.o)
                0x0000000008001a14                st_usbfs_ep_nak_set
 .text.st_usbfs_ep_write_packet
                0x0000000008001a64       0x88 liblibopencm3.a(st_usbfs_core.c.o)
                0x0000000008001a64                st_usbfs_ep_write_packet
 .text.st_usbfs_ep_read_packet
                0x0000000008001aec       0xb4 liblibopencm3.a(st_usbfs_core.c.o)
                0x0000000008001aec                st_usbfs_ep_read_packet
 .text.st_usbfs_poll
                0x0000000008001ba0       0xe4 liblibopencm3.a(st_usbfs_core.c.o)
                0x0000000008001ba0                st_usbfs_poll
 *libFrameworkLibOpenCM3.a:(SORT_BY_ALIGNMENT(.text*))
 *libcocoos.a:(SORT_BY_ALIGNMENT(.text*))
 .text.os_init  0x0000000008001c84       0x34 libcocoos.a(os_kernel.c.o)
                0x0000000008001c84                os_init
 .text.os_msgQ_init
                0x0000000008001cb8       0x24 libcocoos.a(os_msgqueue.c.o)
                0x0000000008001cb8                os_msgQ_init
 .text.os_sem_init
                0x0000000008001cdc        0xc libcocoos.a(os_sem.c.o)
                0x0000000008001cdc                os_sem_init
 .text.os_task_init
                0x0000000008001ce8       0x44 libcocoos.a(os_task.c.o)
                0x0000000008001ce8                os_task_init
 .text.os_event_init
                0x0000000008001d2c        0xc libcocoos.a(os_event.c.o)
                0x0000000008001d2c                os_event_init
 *libcocoOS_?.?.?.a:(SORT_BY_ALIGNMENT(.text*))
 *libqfplib.a:(SORT_BY_ALIGNMENT(.text*))
 .text          0x0000000008001d38      0x4c8 libqfplib.a(qfplib.S.o)
                0x0000000008001e00                qfp_fsub
                0x0000000008001e06                qfp_fadd
                0x0000000008001e48                qfp_fcmp
                0x0000000008001e64                qfp_fmul
                0x0000000008001e74                qfp_fdiv
                0x0000000008001eb6                qfp_fdiv_fast
                0x0000000008001f06                qfp_fsqrt_fast
                0x0000000008001f7c                qfp_float2int
                0x0000000008001f7e                qfp_float2fix
                0x0000000008001fa6                qfp_float2uint
                0x0000000008001fa8                qfp_float2ufix
                0x0000000008001fc2                qfp_int2float
                0x0000000008001fc4                qfp_fix2float
                0x0000000008001fce                qfp_uint2float
                0x0000000008001fd0                qfp_ufix2float
                0x0000000008002066                qfp_fsin
                0x00000000080020a8                qfp_fcos
                0x00000000080020b2                qfp_ftan
                0x00000000080020ba                qfp_fexp
                0x00000000080020ea                qfp_fsqrt
                0x0000000008002124                qfp_fln
                0x0000000008002148                qfp_fatan2
 *libnano-float.a:(SORT_BY_ALIGNMENT(.text*))
 .text.acos     0x0000000008002200       0xbc libnano-float.a(functions.c.o)
                0x0000000008002200                acos
 .text.__wrap___aeabi_ddiv
                0x00000000080022bc       0x30 libnano-float.a(functions.c.o)
                0x00000000080022bc                __wrap___aeabi_ddiv
 .text.__wrap___aeabi_dmul
                0x00000000080022ec       0x30 libnano-float.a(functions.c.o)
                0x00000000080022ec                __wrap___aeabi_dmul
 .text.__wrap___aeabi_dcmpeq
                0x000000000800231c       0x34 libnano-float.a(functions.c.o)
                0x000000000800231c                __wrap___aeabi_dcmpeq
 .text.__wrap___aeabi_dcmplt
                0x0000000008002350       0x30 libnano-float.a(functions.c.o)
                0x0000000008002350                __wrap___aeabi_dcmplt
 .text.__wrap___aeabi_dcmple
                0x0000000008002380       0x34 libnano-float.a(functions.c.o)
                0x0000000008002380                __wrap___aeabi_dcmple
 .text.__wrap___aeabi_dcmpge
                0x00000000080023b4       0x30 libnano-float.a(functions.c.o)
                0x00000000080023b4                __wrap___aeabi_dcmpge
 .text.__wrap___aeabi_dcmpgt
                0x00000000080023e4       0x34 libnano-float.a(functions.c.o)
                0x00000000080023e4                __wrap___aeabi_dcmpgt
 .text.__wrap___aeabi_dcmpun
                0x0000000008002418       0x34 libnano-float.a(functions.c.o)
                0x0000000008002418                __wrap___aeabi_dcmpun
 .text.__wrap___aeabi_d2iz
                0x000000000800244c       0x2c libnano-float.a(functions.c.o)
                0x000000000800244c                __wrap___aeabi_d2iz
 .text.__wrap___aeabi_d2uiz
                0x0000000008002478       0x38 libnano-float.a(functions.c.o)
                0x0000000008002478                __wrap___aeabi_d2uiz
 .text.sqrt     0x00000000080024b0       0x1c libnano-float.a(functions.c.o)
                0x00000000080024b0                sqrt
 .text.log      0x00000000080024cc       0x1c libnano-float.a(functions.c.o)
                0x00000000080024cc                log
 .text.exp      0x00000000080024e8       0x1c libnano-float.a(functions.c.o)
                0x00000000080024e8                exp
 .text.log2     0x0000000008002504       0x28 libnano-float.a(functions.c.o)
                0x0000000008002504                log2
 .text.log10    0x000000000800252c       0x28 libnano-float.a(functions.c.o)
                0x000000000800252c                log10
 .text.pow      0x0000000008002554       0x8c libnano-float.a(functions.c.o)
                0x0000000008002554                pow
 .text.sin      0x00000000080025e0       0x1c libnano-float.a(functions.c.o)
                0x00000000080025e0                sin
 .text.cos      0x00000000080025fc       0x34 libnano-float.a(functions.c.o)
                0x00000000080025fc                cos
 .text.tan      0x0000000008002630       0x1c libnano-float.a(functions.c.o)
                0x0000000008002630                tan
 .text.atan2    0x000000000800264c       0x54 libnano-float.a(functions.c.o)
                0x000000000800264c                atan2
 .text.atan     0x00000000080026a0       0xa8 libnano-float.a(functions.c.o)
                0x00000000080026a0                atan
 .text.asin     0x0000000008002748       0x8c libnano-float.a(functions.c.o)
                0x0000000008002748                asin
 .text.sinh     0x00000000080027d4       0xa0 libnano-float.a(functions.c.o)
                0x00000000080027d4                sinh
 .text.cosh     0x0000000008002874       0xa0 libnano-float.a(functions.c.o)
                0x0000000008002874                cosh
 .text.tanh     0x0000000008002914       0xb0 libnano-float.a(functions.c.o)
                0x0000000008002914                tanh
 .text.asinh    0x00000000080029c4       0xa0 libnano-float.a(functions.c.o)
                0x00000000080029c4                asinh
 .text.acosh    0x0000000008002a64       0xac libnano-float.a(functions.c.o)
                0x0000000008002a64                acosh
 .text.atanh    0x0000000008002b10       0xb8 libnano-float.a(functions.c.o)
                0x0000000008002b10                atanh
 .text.trunc    0x0000000008002bc8       0x8c libnano-float.a(functions.c.o)
                0x0000000008002bc8                trunc
 .text.floor    0x0000000008002c54       0x88 libnano-float.a(functions.c.o)
                0x0000000008002c54                floor
 .text.ceil     0x0000000008002cdc       0x88 libnano-float.a(functions.c.o)
                0x0000000008002cdc                ceil
 .text.fmod     0x0000000008002d64      0x144 libnano-float.a(functions.c.o)
                0x0000000008002d64                fmod
 *libnewlib.a:(SORT_BY_ALIGNMENT(.text*))
 .text._strtol_l.isra.0
                0x0000000008002ea8       0xf0 libnewlib.a(strtol.c.o)
 .text.strtol   0x0000000008002f98       0x14 libnewlib.a(strtol.c.o)
                0x0000000008002f98                strtol
 .text.memcpy   0x0000000008002fac       0x1c libnewlib.a(memcpy-stub.c.o)
                0x0000000008002fac                memcpy
 .text          0x0000000008002fc8       0x14 libnewlib.a(strcmp.S.o)
                0x0000000008002fc8                strcmp
 .text          0x0000000008002fdc       0x10 libnewlib.a(strlen.S.o)
                0x0000000008002fdc                strlen
 .text.memcmp   0x0000000008002fec       0x1c libnewlib.a(memcmp.c.o)
                0x0000000008002fec                memcmp
 .text.memmove  0x0000000008003008       0x34 libnewlib.a(memmove.c.o)
                0x0000000008003008                memmove
 .text.memset   0x000000000800303c       0x10 libnewlib.a(memset.c.o)
                0x000000000800303c                memset
 .text.strstr   0x000000000800304c       0x2e libnewlib.a(strstr.c.o)
                0x000000000800304c                strstr
 .text.strncat  0x000000000800307a       0x2a libnewlib.a(strncat.c.o)
                0x000000000800307a                strncat
 .text.strncpy  0x00000000080030a4       0x26 libnewlib.a(strncpy.c.o)
                0x00000000080030a4                strncpy
 *liblogger.a:(SORT_BY_ALIGNMENT(.text*))
 *fill*         0x00000000080030ca        0x2 
 .text.debug_flush.part.1
                0x00000000080030cc       0x38 liblogger.a(logger.cpp.o)
 .text._ZL12debug_appendPKcj
                0x0000000008003104       0x58 liblogger.a(logger.cpp.o)
 .text.debug_print.part.3
                0x000000000800315c       0x14 liblogger.a(logger.cpp.o)
 .text.enable_log
                0x0000000008003170       0x18 liblogger.a(logger.cpp.o)
                0x0000000008003170                enable_log
 .text.debug_flush
                0x0000000008003188       0x10 liblogger.a(logger.cpp.o)
                0x0000000008003188                debug_flush
 .text._Z11debug_printj
                0x0000000008003198       0x9c liblogger.a(logger.cpp.o)
                0x0000000008003198                debug_print(unsigned int)
 .text._Z11debug_printi
                0x0000000008003234       0x30 liblogger.a(logger.cpp.o)
                0x0000000008003234                debug_print(int)
 .text.debug_print
                0x0000000008003264        0xc liblogger.a(logger.cpp.o)
                0x0000000008003264                debug_print
 .text.debug_println
                0x0000000008003270       0x28 liblogger.a(logger.cpp.o)
                0x0000000008003270                debug_println
 .text._Z13debug_printlni
                0x0000000008003298       0x18 liblogger.a(logger.cpp.o)
                0x0000000008003298                debug_println(int)
 .text.debug_print_unsigned
                0x00000000080032b0        0x4 liblogger.a(logger.cpp.o)
                0x00000000080032b0                debug_print_unsigned
 .text.debug_printhex
                0x00000000080032b4       0x48 liblogger.a(logger.cpp.o)
                0x00000000080032b4                debug_printhex
 .text.debug_printhex_unsigned
                0x00000000080032fc       0x24 liblogger.a(logger.cpp.o)
                0x00000000080032fc                debug_printhex_unsigned
 *libbluepill.a:(SORT_BY_ALIGNMENT(.text*))
 .text.platform_setup
                0x0000000008003320       0x54 libbluepill.a(bluepill.cpp.o)
                0x0000000008003320                platform_setup
 .text.enable_debug
                0x0000000008003374       0x10 libbluepill.a(bluepill.cpp.o)
                0x0000000008003374                enable_debug
 .text.__cxa_pure_virtual
                0x0000000008003384        0x8 libbluepill.a(bluepill.cpp.o)
                0x0000000008003384                __cxa_pure_virtual
 .text._Znwj    0x000000000800338c        0x4 libbluepill.a(bluepill.cpp.o)
                0x000000000800338c                operator new(unsigned int)
 .text._ZdlPv   0x0000000008003390        0x4 libbluepill.a(bluepill.cpp.o)
                0x0000000008003390                operator delete(void*)
 .text.led_setup
                0x0000000008003394       0x20 libbluepill.a(led.cpp.o)
                0x0000000008003394                led_setup
 .text.led_on   0x00000000080033b4       0x10 libbluepill.a(led.cpp.o)
                0x00000000080033b4                led_on
 .text.led_off  0x00000000080033c4       0x10 libbluepill.a(led.cpp.o)
                0x00000000080033c4                led_off
 .text.led_wait
                0x00000000080033d4       0x10 libbluepill.a(led.cpp.o)
                0x00000000080033d4                led_wait
 .text.platform_start_timer
                0x00000000080033e4      0x11c libbluepill.a(timer.cpp.o)
                0x00000000080033e4                platform_start_timer
 .text.platform_set_alarm
                0x0000000008003500        0x4 libbluepill.a(timer.cpp.o)
                0x0000000008003500                platform_set_alarm
 .text.rtc_isr  0x0000000008003504       0x30 libbluepill.a(timer.cpp.o)
                0x0000000008003504                rtc_isr
 .text.rtc_alarm_isr
                0x0000000008003534       0x30 libbluepill.a(timer.cpp.o)
                0x0000000008003534                rtc_alarm_isr
 .text.millis   0x0000000008003564        0x4 libbluepill.a(timer.cpp.o)
                0x0000000008003564                millis
 *libbootloader.a:(SORT_BY_ALIGNMENT(.text*))
 .text.bootloader_start
                0x0000000008003568       0xf4 libbootloader.a(bootloader.c.o)
                0x0000000008003568                bootloader_start
 .text.set_aggregate_callback
                0x000000000800365c       0x60 libbootloader.a(usb_conf.c.o)
 .text.usb_setup
                0x00000000080036bc       0x94 libbootloader.a(usb_conf.c.o)
                0x00000000080036bc                usb_setup
 .text.aggregate_register_config_callback
                0x0000000008003750       0x3c libbootloader.a(usb_conf.c.o)
                0x0000000008003750                aggregate_register_config_callback
 .text.aggregate_register_callback
                0x000000000800378c       0x50 libbootloader.a(usb_conf.c.o)
                0x000000000800378c                aggregate_register_callback
 .text.usb_set_serial_number
                0x00000000080037dc       0x1c libbootloader.a(usb_conf.c.o)
                0x00000000080037dc                usb_set_serial_number
 .text.dump_buffer
                0x00000000080037f8       0x50 libbootloader.a(usb_conf.c.o)
                0x00000000080037f8                dump_buffer
 .text.dump_usb_request
                0x0000000008003848      0x178 libbootloader.a(usb_conf.c.o)
                0x0000000008003848                dump_usb_request
 .text.aggregate_callback
                0x00000000080039c0       0x78 libbootloader.a(usb_conf.c.o)
 .text.webusb_set_config
                0x0000000008003a38       0x28 libbootloader.a(webusb.c.o)
 .text.webusb_control_vendor_request
                0x0000000008003a60       0xa4 libbootloader.a(webusb.c.o)
 .text.webusb_setup
                0x0000000008003b04       0x58 libbootloader.a(webusb.c.o)
                0x0000000008003b04                webusb_setup
 .text.winusb_control_vendor_request
                0x0000000008003b5c       0x9c libbootloader.a(winusb.c.o)
 .text.winusb_set_config
                0x0000000008003bf8       0x28 libbootloader.a(winusb.c.o)
 .text.winusb_descriptor_request
                0x0000000008003c20       0x48 libbootloader.a(winusb.c.o)
 .text.winusb_setup
                0x0000000008003c68       0x5c libbootloader.a(winusb.c.o)
                0x0000000008003c68                winusb_setup
 .text.target_set_led
                0x0000000008003cc4       0x18 libbootloader.a(target_stm32f103.c.o)
                0x0000000008003cc4                target_set_led
 .text.target_gpio_setup
                0x0000000008003cdc       0x70 libbootloader.a(target_stm32f103.c.o)
                0x0000000008003cdc                target_gpio_setup
 .text.target_usb_init
                0x0000000008003d4c       0x2c libbootloader.a(target_stm32f103.c.o)
                0x0000000008003d4c                target_usb_init
 .text.target_get_force_bootloader
                0x0000000008003d78       0x40 libbootloader.a(target_stm32f103.c.o)
                0x0000000008003d78                target_get_force_bootloader
 .text.target_get_serial_number
                0x0000000008003db8        0x8 libbootloader.a(target_stm32f103.c.o)
                0x0000000008003db8                target_get_serial_number
 .text.target_flash_unlock
                0x0000000008003dc0        0x4 libbootloader.a(target_stm32f103.c.o)
                0x0000000008003dc0                target_flash_unlock
 .text.target_flash_lock
                0x0000000008003dc4        0x4 libbootloader.a(target_stm32f103.c.o)
                0x0000000008003dc4                target_flash_lock
 .text.target_flash_program_array
                0x0000000008003dc8       0xf4 libbootloader.a(target_stm32f103.c.o)
                0x0000000008003dc8                target_flash_program_array
 .text.cdcacm_comm_cb
                0x0000000008003ebc       0x14 libbootloader.a(cdc.c.o)
 .text.cdcacm_data_rx_cb
                0x0000000008003ed0       0x50 libbootloader.a(cdc.c.o)
 .text.cdcacm_set_config
                0x0000000008003f20       0x68 libbootloader.a(cdc.c.o)
 .text.cdcacm_control_request
                0x0000000008003f88       0x68 libbootloader.a(cdc.c.o)
 .text.cdc_setup
                0x0000000008003ff0       0x24 libbootloader.a(cdc.c.o)
                0x0000000008003ff0                cdc_setup
 .text.hf2_set_config
                0x0000000008004014       0x3c libbootloader.a(hf2.c.o)
 .text.assert.part.0
                0x0000000008004050       0x1c libbootloader.a(hf2.c.o)
 .text.pokeSend
                0x000000000800406c       0x88 libbootloader.a(hf2.c.o)
 .text.send_hf2_response
                0x00000000080040f4       0x3c libbootloader.a(hf2.c.o)
 .text.hf2_data_tx_cb
                0x0000000008004130        0x4 libbootloader.a(hf2.c.o)
 .text.hf2_data_rx_cb
                0x0000000008004134      0x1e4 libbootloader.a(hf2.c.o)
 .text.hf2_setup
                0x0000000008004318       0x2c libbootloader.a(hf2.c.o)
                0x0000000008004318                hf2_setup
 .text.usb21_set_config
                0x0000000008004344       0x28 libbootloader.a(usb21_standard.c.o)
 .text.usb21_standard_get_descriptor
                0x000000000800436c      0x104 libbootloader.a(usb21_standard.c.o)
 .text.usb21_setup
                0x0000000008004470       0x38 libbootloader.a(usb21_standard.c.o)
                0x0000000008004470                usb21_setup
 .text.backup_write
                0x00000000080044a8       0x38 libbootloader.a(backup.c.o)
                0x00000000080044a8                backup_write
 .text.backup_read
                0x00000000080044e0       0x18 libbootloader.a(backup.c.o)
                0x00000000080044e0                backup_read
 .text.flushFlash
                0x00000000080044f8       0x98 libbootloader.a(ghostfat.c.o)
 .text.flash_write
                0x0000000008004590       0x48 libbootloader.a(ghostfat.c.o)
                0x0000000008004590                flash_write
                0x00000000080045d8                . = ALIGN (0x4)
 :*reset_handler*(SORT_BY_ALIGNMENT(.rodata*))
 *libhal.a:*reset_handler*(SORT_BY_ALIGNMENT(.rodata*))
 :*codal_target_hal*(SORT_BY_ALIGNMENT(.rodata*))
 *libhal.a:*codal_target_hal*(SORT_BY_ALIGNMENT(.rodata*))
 .rodata.target_panic.str1.4
                0x00000000080045d8       0x13 libhal.a(codal_target_hal.cpp.o)
 *fill*         0x00000000080045eb        0x1 
 .rodata.target_reset.str1.4
                0x00000000080045ec       0x11 libhal.a(codal_target_hal.cpp.o)
 *fill*         0x00000000080045fd        0x3 
 .rodata.target_wait.str1.4
                0x0000000008004600       0x10 libhal.a(codal_target_hal.cpp.o)
 .rodata.target_wait_us.str1.4
                0x0000000008004610       0x13 libhal.a(codal_target_hal.cpp.o)
 *fill*         0x0000000008004623        0x1 
 .rodata.test_codal.str1.4
                0x0000000008004624       0x3c libhal.a(codal_target_hal.cpp.o)
 :*CortexContextSwitch*(SORT_BY_ALIGNMENT(.rodata*))
 *libhal.a:(SORT_BY_ALIGNMENT(.rodata*))
 *liblibopencm3.a:(SORT_BY_ALIGNMENT(.rodata*))
 .rodata.desig_get_unique_id_as_string.str1.4
                0x0000000008004660       0x14 liblibopencm3.a(desig.c.o)
                                         0x11 (size before relaxing)
 .rodata.st_usbfs_v1_usb_driver
                0x0000000008004674       0x34 liblibopencm3.a(st_usbfs_v1.c.o)
                0x0000000008004674                st_usbfs_v1_usb_driver
 *libFrameworkLibOpenCM3.a:(SORT_BY_ALIGNMENT(.rodata*))
 *libcocoos.a:(SORT_BY_ALIGNMENT(.rodata*))
 *libcocoOS_?.?.?.a:(SORT_BY_ALIGNMENT(.rodata*))
 *libqfplib.a:(SORT_BY_ALIGNMENT(.rodata*))
 *libnano-float.a:(SORT_BY_ALIGNMENT(.rodata*))
 *libnewlib.a:(SORT_BY_ALIGNMENT(.rodata*))
 .rodata._ctype_
                0x00000000080046a8      0x101 libnewlib.a(ctype_.c.o)
                0x00000000080046a8                _ctype_
 *liblogger.a:(SORT_BY_ALIGNMENT(.rodata*))
 *fill*         0x00000000080047a9        0x3 
 .rodata._Z11debug_printi.str1.4
                0x00000000080047ac        0x6 liblogger.a(logger.cpp.o)
 *fill*         0x00000000080047b2        0x2 
 .rodata._Z11debug_printj.str1.4
                0x00000000080047b4        0xb liblogger.a(logger.cpp.o)
 *fill*         0x00000000080047bf        0x1 
 .rodata.debug_println.str1.4
                0x00000000080047c0        0x2 liblogger.a(logger.cpp.o)
 *libbluepill.a:(SORT_BY_ALIGNMENT(.rodata*))
 *fill*         0x00000000080047c2        0x2 
 .rodata.platform_setup.str1.4
                0x00000000080047c4       0x13 libbluepill.a(bluepill.cpp.o)
 *fill*         0x00000000080047d7        0x1 
 .rodata.platform_start_timer.str1.4
                0x00000000080047d8       0x35 libbluepill.a(timer.cpp.o)
 *libbootloader.a:(SORT_BY_ALIGNMENT(.rodata*))
 *fill*         0x000000000800480d        0x3 
 .rodata.bootloader_start.str1.4
                0x0000000008004810       0x7c libbootloader.a(bootloader.c.o)
 .rodata.aggregate_callback.str1.4
                0x000000000800488c        0x4 libbootloader.a(usb_conf.c.o)
 .rodata.aggregate_register_callback.str1.4
                0x0000000008004890       0x26 libbootloader.a(usb_conf.c.o)
 *fill*         0x00000000080048b6        0x2 
 .rodata.aggregate_register_config_callback.str1.4
                0x00000000080048b8       0x25 libbootloader.a(usb_conf.c.o)
 *fill*         0x00000000080048dd        0x3 
 .rodata.bos_descriptor
                0x00000000080048e0        0x9 libbootloader.a(usb_conf.c.o)
 *fill*         0x00000000080048e9        0x3 
 .rodata.cdc_iface_assoc
                0x00000000080048ec        0x8 libbootloader.a(usb_conf.c.o)
 .rodata.cdcacm_functional_descriptors
                0x00000000080048f4       0x13 libbootloader.a(usb_conf.c.o)
 *fill*         0x0000000008004907        0x1 
 .rodata.comm_endp
                0x0000000008004908        0xf libbootloader.a(usb_conf.c.o)
 *fill*         0x0000000008004917        0x1 
 .rodata.comm_iface
                0x0000000008004918       0x15 libbootloader.a(usb_conf.c.o)
 *fill*         0x000000000800492d        0x3 
 .rodata.config
                0x0000000008004930        0xd libbootloader.a(usb_conf.c.o)
 *fill*         0x000000000800493d        0x3 
 .rodata.data_endp
                0x0000000008004940       0x1e libbootloader.a(usb_conf.c.o)
 *fill*         0x000000000800495e        0x2 
 .rodata.data_iface
                0x0000000008004960       0x15 libbootloader.a(usb_conf.c.o)
 *fill*         0x0000000008004975        0x3 
 .rodata.dev    0x0000000008004978       0x12 libbootloader.a(usb_conf.c.o)
 *fill*         0x000000000800498a        0x2 
 .rodata.dump_buffer.str1.4
                0x000000000800498c        0x4 libbootloader.a(usb_conf.c.o)
                                          0x9 (size before relaxing)
 .rodata.dump_usb_request.str1.4
                0x0000000008004990       0x90 libbootloader.a(usb_conf.c.o)
 .rodata.hf2_endp
                0x0000000008004a20       0x1e libbootloader.a(usb_conf.c.o)
 *fill*         0x0000000008004a3e        0x2 
 .rodata.hf2_iface
                0x0000000008004a40       0x15 libbootloader.a(usb_conf.c.o)
 *fill*         0x0000000008004a55        0x3 
 .rodata.interfaces
                0x0000000008004a58       0x30 libbootloader.a(usb_conf.c.o)
 .rodata.set_aggregate_callback.str1.4
                0x0000000008004a88       0x41 libbootloader.a(usb_conf.c.o)
 *fill*         0x0000000008004ac9        0x3 
 .rodata.str1.4
                0x0000000008004acc       0x86 libbootloader.a(usb_conf.c.o)
 *fill*         0x0000000008004b52        0x2 
 .rodata.usb_setup.str1.4
                0x0000000008004b54       0x31 libbootloader.a(usb_conf.c.o)
 *fill*         0x0000000008004b85        0x3 
 .rodata.webusb_control_vendor_request.str1.4
                0x0000000008004b88       0x3f libbootloader.a(webusb.c.o)
                                         0x43 (size before relaxing)
 *fill*         0x0000000008004bc7        0x1 
 .rodata.webusb_platform_capability_descriptor
                0x0000000008004bc8       0x18 libbootloader.a(webusb.c.o)
                0x0000000008004bc8                webusb_platform_capability_descriptor
 .rodata.webusb_set_config.str1.4
                0x0000000008004be0       0x1d libbootloader.a(webusb.c.o)
 *fill*         0x0000000008004bfd        0x3 
 .rodata.webusb_setup.str1.4
                0x0000000008004c00       0x18 libbootloader.a(webusb.c.o)
 .rodata.guid   0x0000000008004c18       0x92 libbootloader.a(winusb.c.o)
 *fill*         0x0000000008004caa        0x2 
 .rodata.microsoft_platform_capability_descriptor
                0x0000000008004cac       0x1c libbootloader.a(winusb.c.o)
                0x0000000008004cac                microsoft_platform_capability_descriptor
 .rodata.winusb_control_vendor_request.str1.4
                0x0000000008004cc8       0x17 libbootloader.a(winusb.c.o)
 *fill*         0x0000000008004cdf        0x1 
 .rodata.winusb_descriptor_request.str1.4
                0x0000000008004ce0        0x6 libbootloader.a(winusb.c.o)
 *fill*         0x0000000008004ce6        0x2 
 .rodata.winusb_set_config.str1.4
                0x0000000008004ce8       0x1d libbootloader.a(winusb.c.o)
 *fill*         0x0000000008004d05        0x3 
 .rodata.winusb_setup.str1.4
                0x0000000008004d08       0x18 libbootloader.a(winusb.c.o)
 .rodata.winusb_string_descriptor
                0x0000000008004d20       0x12 libbootloader.a(winusb.c.o)
 *fill*         0x0000000008004d32        0x2 
 .rodata.target_flash_program_array.str1.4
                0x0000000008004d34       0x73 libbootloader.a(target_stm32f103.c.o)
                                         0x77 (size before relaxing)
 *fill*         0x0000000008004da7        0x1 
 .rodata.cdc_setup.str1.4
                0x0000000008004da8       0x15 libbootloader.a(cdc.c.o)
 *fill*         0x0000000008004dbd        0x3 
 .rodata.cdcacm_comm_cb.str1.4
                0x0000000008004dc0        0x5 libbootloader.a(cdc.c.o)
 *fill*         0x0000000008004dc5        0x3 
 .rodata.cdcacm_control_request.str1.4
                0x0000000008004dc8       0x28 libbootloader.a(cdc.c.o)
                                         0x31 (size before relaxing)
 .rodata.cdcacm_data_rx_cb.str1.4
                0x0000000008004df0        0x6 libbootloader.a(cdc.c.o)
 *fill*         0x0000000008004df6        0x2 
 .rodata.cdcacm_set_config.str1.4
                0x0000000008004df8       0x1d libbootloader.a(cdc.c.o)
 *fill*         0x0000000008004e15        0x3 
 .rodata.line_coding
                0x0000000008004e18        0x7 libbootloader.a(cdc.c.o)
 *fill*         0x0000000008004e1f        0x1 
 .rodata.assert.part.0.str1.4
                0x0000000008004e20        0xc libbootloader.a(hf2.c.o)
 .rodata.bad_packet_message
                0x0000000008004e2c        0xb libbootloader.a(hf2.c.o)
 *fill*         0x0000000008004e37        0x1 
 .rodata.hf2_data_rx_cb.str1.4
                0x0000000008004e38       0x95 libbootloader.a(hf2.c.o)
                                         0x99 (size before relaxing)
 *fill*         0x0000000008004ecd        0x3 
 .rodata.hf2_set_config.str1.4
                0x0000000008004ed0        0xb libbootloader.a(hf2.c.o)
 *fill*         0x0000000008004edb        0x1 
 .rodata.hf2_setup.str1.4
                0x0000000008004edc       0x15 libbootloader.a(hf2.c.o)
 *fill*         0x0000000008004ef1        0x3 
 .rodata.send_hf2_response.str1.4
                0x0000000008004ef4        0x7 libbootloader.a(hf2.c.o)
 *fill*         0x0000000008004efb        0x1 
 .rodata.usb21_set_config.str1.4
                0x0000000008004efc       0x1c libbootloader.a(usb21_standard.c.o)
 .rodata.usb21_setup.str1.4
                0x0000000008004f18       0x17 libbootloader.a(usb21_standard.c.o)
 *fill*         0x0000000008004f2f        0x1 
 .rodata.usb21_standard_get_descriptor.str1.4
                0x0000000008004f30       0x24 libbootloader.a(usb21_standard.c.o)
 .rodata.flushFlash.str1.4
                0x0000000008004f54       0x1e libbootloader.a(ghostfat.c.o)
                                         0x22 (size before relaxing)
 *fill*         0x0000000008004f72        0x2 
 .rodata.infoUf2File
                0x0000000008004f74       0x55 libbootloader.a(ghostfat.c.o)
                0x0000000008004f74                infoUf2File
                0x0000000008004fcc                . = ALIGN (0x4)
 *fill*         0x0000000008004fc9        0x3 

.text           0x0000000008006000     0x6c30
 *(SORT_BY_ALIGNMENT(.vectors))
 *libunity.a:(SORT_BY_ALIGNMENT(.text*))
 :*unit_test.o(SORT_BY_ALIGNMENT(.text*))
 *(SORT_BY_ALIGNMENT(.text*))
 .text._ZN6numops5mycvtEdPc
                0x0000000008006000      0x16c CMakeFiles/STM32_BLUE_PILL.dir/pxtapp/base/core.cpp.o
                0x0000000008006000                numops::mycvt(double, char*)
 *fill*         0x000000000800616c        0x4 
 .text._ZN5Math_12randomDoubleEv
                0x0000000008006170       0x54 CMakeFiles/STM32_BLUE_PILL.dir/pxtapp/base/core.cpp.o
                0x0000000008006170                Math_::randomDouble()
 .text._ZN5Math_4log2EPN3pxt12TValueStructE
                0x00000000080061c4       0x14 CMakeFiles/STM32_BLUE_PILL.dir/pxtapp/base/advmath.cpp.o
                0x00000000080061c4                Math_::log2(pxt::TValueStruct*)
 .text._ZN5Math_3expEPN3pxt12TValueStructE
                0x00000000080061d8       0x14 CMakeFiles/STM32_BLUE_PILL.dir/pxtapp/base/advmath.cpp.o
                0x00000000080061d8                Math_::exp(pxt::TValueStruct*)
 .text._ZN5Math_4tanhEPN3pxt12TValueStructE
                0x00000000080061ec       0x14 CMakeFiles/STM32_BLUE_PILL.dir/pxtapp/base/advmath.cpp.o
                0x00000000080061ec                Math_::tanh(pxt::TValueStruct*)
 .text._ZN5Math_4sinhEPN3pxt12TValueStructE
                0x0000000008006200       0x14 CMakeFiles/STM32_BLUE_PILL.dir/pxtapp/base/advmath.cpp.o
                0x0000000008006200                Math_::sinh(pxt::TValueStruct*)
 .text._ZN5Math_4coshEPN3pxt12TValueStructE
                0x0000000008006214       0x14 CMakeFiles/STM32_BLUE_PILL.dir/pxtapp/base/advmath.cpp.o
                0x0000000008006214                Math_::cosh(pxt::TValueStruct*)
 .text._ZN5Math_5atanhEPN3pxt12TValueStructE
                0x0000000008006228       0x14 CMakeFiles/STM32_BLUE_PILL.dir/pxtapp/base/advmath.cpp.o
                0x0000000008006228                Math_::atanh(pxt::TValueStruct*)
 .text._ZN5Math_5asinhEPN3pxt12TValueStructE
                0x000000000800623c       0x14 CMakeFiles/STM32_BLUE_PILL.dir/pxtapp/base/advmath.cpp.o
                0x000000000800623c                Math_::asinh(pxt::TValueStruct*)
 .text._ZN5Math_5acoshEPN3pxt12TValueStructE
                0x0000000008006250       0x14 CMakeFiles/STM32_BLUE_PILL.dir/pxtapp/base/advmath.cpp.o
                0x0000000008006250                Math_::acosh(pxt::TValueStruct*)
 .text._ZN3pxtL9readBytesEPhS0_ibi
                0x0000000008006264       0x64 CMakeFiles/STM32_BLUE_PILL.dir/pxtapp/base/buffer.cpp.o
 .text._ZN13BufferMethods8getBytesEPN3pxt11BoxedBufferE
                0x00000000080062c8        0x4 CMakeFiles/STM32_BLUE_PILL.dir/pxtapp/base/buffer.cpp.o
                0x00000000080062c8                BufferMethods::getBytes(pxt::BoxedBuffer*)
 .text._ZN13BufferMethods7getByteEPN3pxt11BoxedBufferEi
                0x00000000080062cc       0x18 CMakeFiles/STM32_BLUE_PILL.dir/pxtapp/base/buffer.cpp.o
                0x00000000080062cc                BufferMethods::getByte(pxt::BoxedBuffer*, int)
 .text._ZN13BufferMethods7setByteEPN3pxt11BoxedBufferEii
                0x00000000080062e4       0x14 CMakeFiles/STM32_BLUE_PILL.dir/pxtapp/base/buffer.cpp.o
                0x00000000080062e4                BufferMethods::setByte(pxt::BoxedBuffer*, int, int)
 .text._ZN13BufferMethods11writeBufferEPN3pxt11BoxedBufferEiS2_ii
                0x00000000080062f8       0x50 CMakeFiles/STM32_BLUE_PILL.dir/pxtapp/base/buffer.cpp.o
                0x00000000080062f8                BufferMethods::writeBuffer(pxt::BoxedBuffer*, int, pxt::BoxedBuffer*, int, int)
 .text._ZN13BufferMethods6lengthEPN3pxt11BoxedBufferE
                0x0000000008006348        0x4 CMakeFiles/STM32_BLUE_PILL.dir/pxtapp/base/buffer.cpp.o
                0x0000000008006348                BufferMethods::length(pxt::BoxedBuffer*)
 .text._ZN13BufferMethods4fillEPN3pxt11BoxedBufferEiii
                0x000000000800634c       0x2c CMakeFiles/STM32_BLUE_PILL.dir/pxtapp/base/buffer.cpp.o
                0x000000000800634c                BufferMethods::fill(pxt::BoxedBuffer*, int, int, int)
 .text._ZN13BufferMethods5sliceEPN3pxt11BoxedBufferEii
                0x0000000008006378       0x28 CMakeFiles/STM32_BLUE_PILL.dir/pxtapp/base/buffer.cpp.o
                0x0000000008006378                BufferMethods::slice(pxt::BoxedBuffer*, int, int)
 .text._ZN13BufferMethods5shiftEPN3pxt11BoxedBufferEiii
                0x00000000080063a0       0x80 CMakeFiles/STM32_BLUE_PILL.dir/pxtapp/base/buffer.cpp.o
                0x00000000080063a0                BufferMethods::shift(pxt::BoxedBuffer*, int, int, int)
 .text._ZN13BufferMethods5toHexEPN3pxt11BoxedBufferE
                0x0000000008006420       0x40 CMakeFiles/STM32_BLUE_PILL.dir/pxtapp/base/buffer.cpp.o
                0x0000000008006420                BufferMethods::toHex(pxt::BoxedBuffer*)
 .text._ZN13BufferMethods6rotateEPN3pxt11BoxedBufferEiii
                0x0000000008006460       0x74 CMakeFiles/STM32_BLUE_PILL.dir/pxtapp/base/buffer.cpp.o
                0x0000000008006460                BufferMethods::rotate(pxt::BoxedBuffer*, int, int, int)
 .text._ZN13BufferMethods5writeEPN3pxt11BoxedBufferEiS2_
                0x00000000080064d4       0x14 CMakeFiles/STM32_BLUE_PILL.dir/pxtapp/base/buffer.cpp.o
                0x00000000080064d4                BufferMethods::write(pxt::BoxedBuffer*, int, pxt::BoxedBuffer*)
 .text._ZN7control12createBufferEi
                0x00000000080064e8        0x8 CMakeFiles/STM32_BLUE_PILL.dir/pxtapp/base/buffer.cpp.o
                0x00000000080064e8                control::createBuffer(int)
 .text._ZN3pxt13setNumberCoreEPhiNS_12NumberFormatEPNS_12TValueStructE
                0x00000000080064f0      0x138 CMakeFiles/STM32_BLUE_PILL.dir/pxtapp/base/buffer.cpp.o
                0x00000000080064f0                pxt::setNumberCore(unsigned char*, int, pxt::NumberFormat, pxt::TValueStruct*)
 .text._ZN13BufferMethods9setNumberEPN3pxt11BoxedBufferENS0_12NumberFormatEiPNS0_12TValueStructE
                0x0000000008006628       0x1c CMakeFiles/STM32_BLUE_PILL.dir/pxtapp/base/buffer.cpp.o
                0x0000000008006628                BufferMethods::setNumber(pxt::BoxedBuffer*, pxt::NumberFormat, int, pxt::TValueStruct*)
 .text._ZN3pxt13getNumberCoreEPhiNS_12NumberFormatE
                0x0000000008006644      0x120 CMakeFiles/STM32_BLUE_PILL.dir/pxtapp/base/buffer.cpp.o
                0x0000000008006644                pxt::getNumberCore(unsigned char*, int, pxt::NumberFormat)
 .text._ZN13BufferMethods9getNumberEPN3pxt11BoxedBufferENS0_12NumberFormatEi
                0x0000000008006764       0x1c CMakeFiles/STM32_BLUE_PILL.dir/pxtapp/base/buffer.cpp.o
                0x0000000008006764                BufferMethods::getNumber(pxt::BoxedBuffer*, pxt::NumberFormat, int)
 .text._ZN7control6millisEv
                0x0000000008006780        0x4 CMakeFiles/STM32_BLUE_PILL.dir/pxtapp/base/control.cpp.o
                0x0000000008006780                control::millis()
 .text._ZN7control15internalOnEventEiiPN3pxt12TValueStructEi
                0x0000000008006784        0x4 CMakeFiles/STM32_BLUE_PILL.dir/pxtapp/base/control.cpp.o
                0x0000000008006784                control::internalOnEvent(int, int, pxt::TValueStruct*, int)
 .text._ZN7control5resetEv
                0x0000000008006788        0x4 CMakeFiles/STM32_BLUE_PILL.dir/pxtapp/base/control.cpp.o
                0x0000000008006788                control::reset()
 .text._ZN7control10waitMicrosEi
                0x000000000800678c        0x8 CMakeFiles/STM32_BLUE_PILL.dir/pxtapp/base/control.cpp.o
                0x000000000800678c                control::waitMicros(int)
 .text._ZN7control13runInParallelEPN3pxt12TValueStructE
                0x0000000008006794        0x4 CMakeFiles/STM32_BLUE_PILL.dir/pxtapp/base/control.cpp.o
                0x0000000008006794                control::runInParallel(pxt::TValueStruct*)
 .text._ZN7control12waitForEventEii
                0x0000000008006798        0x4 CMakeFiles/STM32_BLUE_PILL.dir/pxtapp/base/control.cpp.o
                0x0000000008006798                control::waitForEvent(int, int)
 .text._ZN7control18deviceSerialNumberEv
                0x000000000800679c        0x4 CMakeFiles/STM32_BLUE_PILL.dir/pxtapp/base/control.cpp.o
                0x000000000800679c                control::deviceSerialNumber()
 .text._ZN7control5__logEiPN3pxt11BoxedStringE
                0x00000000080067a0       0x10 CMakeFiles/STM32_BLUE_PILL.dir/pxtapp/base/control.cpp.o
                0x00000000080067a0                control::__log(int, pxt::BoxedString*)
 .text._ZN7control10dmesgValueEPN3pxt12TValueStructE
                0x00000000080067b0        0x4 CMakeFiles/STM32_BLUE_PILL.dir/pxtapp/base/control.cpp.o
                0x00000000080067b0                control::dmesgValue(pxt::TValueStruct*)
 .text._ZN7control2gcEv
                0x00000000080067b4        0x8 CMakeFiles/STM32_BLUE_PILL.dir/pxtapp/base/control.cpp.o
                0x00000000080067b4                control::gc()
 .text._ZN7control8heapDumpEv
                0x00000000080067bc       0x14 CMakeFiles/STM32_BLUE_PILL.dir/pxtapp/base/control.cpp.o
                0x00000000080067bc                control::heapDump()
 .text._ZN7control16profilingEnabledEv
                0x00000000080067d0        0x4 CMakeFiles/STM32_BLUE_PILL.dir/pxtapp/base/control.cpp.o
                0x00000000080067d0                control::profilingEnabled()
 .text._ZN3pxtL13dtorDoNothingEv
                0x00000000080067d4        0x4 CMakeFiles/STM32_BLUE_PILL.dir/pxtapp/base/core.cpp.o
 .text._ZN3pxtL11string_sizeEPNS_11BoxedStringE
                0x00000000080067d8        0x8 CMakeFiles/STM32_BLUE_PILL.dir/pxtapp/base/core.cpp.o
 .text._ZN3pxtL11number_sizeEPNS_11BoxedNumberE
                0x00000000080067e0        0x4 CMakeFiles/STM32_BLUE_PILL.dir/pxtapp/base/core.cpp.o
 .text._ZN3pxtL11buffer_sizeEPNS_11BoxedBufferE
                0x00000000080067e4        0x8 CMakeFiles/STM32_BLUE_PILL.dir/pxtapp/base/core.cpp.o
 .text._ZN3pxt11findBindingEii
                0x00000000080067ec       0x1c CMakeFiles/STM32_BLUE_PILL.dir/pxtapp/base/core.cpp.o
                0x00000000080067ec                pxt::findBinding(int, int)
 .text._ZN3pxt10setBindingEiiPNS_12TValueStructE
                0x0000000008006808       0x50 CMakeFiles/STM32_BLUE_PILL.dir/pxtapp/base/core.cpp.o
                0x0000000008006808                pxt::setBinding(int, int, pxt::TValueStruct*)
 .text._ZN3pxt8mkStringEPKci
                0x0000000008006858       0x5c CMakeFiles/STM32_BLUE_PILL.dir/pxtapp/base/core.cpp.o
                0x0000000008006858                pxt::mkString(char const*, int)
 .text._ZN3pxt8mkBufferEPKhi
                0x00000000080068b4       0x40 CMakeFiles/STM32_BLUE_PILL.dir/pxtapp/base/core.cpp.o
                0x00000000080068b4                pxt::mkBuffer(unsigned char const*, int)
 .text._ZN3pxt9getRandomEj
                0x00000000080068f4       0x40 CMakeFiles/STM32_BLUE_PILL.dir/pxtapp/base/core.cpp.o
                0x00000000080068f4                pxt::getRandom(unsigned int)
 .text._ZN7String_7mkEmptyEv
                0x0000000008006934        0xc CMakeFiles/STM32_BLUE_PILL.dir/pxtapp/base/core.cpp.o
                0x0000000008006934                String_::mkEmpty()
 .text._ZN7String_12fromCharCodeEi
                0x0000000008006940       0x1c CMakeFiles/STM32_BLUE_PILL.dir/pxtapp/base/core.cpp.o
                0x0000000008006940                String_::fromCharCode(int)
 .text._ZN7String_6charAtEPN3pxt11BoxedStringEi
                0x000000000800695c       0x40 CMakeFiles/STM32_BLUE_PILL.dir/pxtapp/base/core.cpp.o
                0x000000000800695c                String_::charAt(pxt::BoxedString*, int)
 .text._ZN7String_6concatEPN3pxt11BoxedStringES2_
                0x000000000800699c       0x6c CMakeFiles/STM32_BLUE_PILL.dir/pxtapp/base/core.cpp.o
                0x000000000800699c                String_::concat(pxt::BoxedString*, pxt::BoxedString*)
 .text._ZN7String_7compareEPN3pxt11BoxedStringES2_
                0x0000000008006a08       0x24 CMakeFiles/STM32_BLUE_PILL.dir/pxtapp/base/core.cpp.o
                0x0000000008006a08                String_::compare(pxt::BoxedString*, pxt::BoxedString*)
 .text._ZN7String_6lengthEPN3pxt11BoxedStringE
                0x0000000008006a2c        0x4 CMakeFiles/STM32_BLUE_PILL.dir/pxtapp/base/core.cpp.o
                0x0000000008006a2c                String_::length(pxt::BoxedString*)
 .text._ZN7String_8mystrtodEPKcPPc
                0x0000000008006a30      0x16c CMakeFiles/STM32_BLUE_PILL.dir/pxtapp/base/core.cpp.o
                0x0000000008006a30                String_::mystrtod(char const*, char**)
 .text._ZN7String_6substrEPN3pxt11BoxedStringEii
                0x0000000008006b9c       0x34 CMakeFiles/STM32_BLUE_PILL.dir/pxtapp/base/core.cpp.o
                0x0000000008006b9c                String_::substr(pxt::BoxedString*, int, int)
 .text._ZN7String_7indexOfEPN3pxt11BoxedStringES2_i
                0x0000000008006bd0       0x30 CMakeFiles/STM32_BLUE_PILL.dir/pxtapp/base/core.cpp.o
                0x0000000008006bd0                String_::indexOf(pxt::BoxedString*, pxt::BoxedString*, int)
 .text._ZN7String_8includesEPN3pxt11BoxedStringES2_i
                0x0000000008006c00       0x10 CMakeFiles/STM32_BLUE_PILL.dir/pxtapp/base/core.cpp.o
                0x0000000008006c00                String_::includes(pxt::BoxedString*, pxt::BoxedString*, int)
 .text._ZN8Boolean_4bangEi
                0x0000000008006c10        0x8 CMakeFiles/STM32_BLUE_PILL.dir/pxtapp/base/core.cpp.o
                0x0000000008006c10                Boolean_::bang(int)
 .text._ZN3pxt10fromDoubleEd
                0x0000000008006c18       0xac CMakeFiles/STM32_BLUE_PILL.dir/pxtapp/base/core.cpp.o
                0x0000000008006c18                pxt::fromDouble(double)
 .text._ZN7String_8toNumberEPN3pxt11BoxedStringE
                0x0000000008006cc4       0xa4 CMakeFiles/STM32_BLUE_PILL.dir/pxtapp/base/core.cpp.o
                0x0000000008006cc4                String_::toNumber(pxt::BoxedString*)
 .text._ZN3pxt7fromIntEi.part.8
                0x0000000008006d68       0x10 CMakeFiles/STM32_BLUE_PILL.dir/pxtapp/base/core.cpp.o
 .text._ZN7String_10charCodeAtEPN3pxt11BoxedStringEi
                0x0000000008006d78       0x1c CMakeFiles/STM32_BLUE_PILL.dir/pxtapp/base/core.cpp.o
                0x0000000008006d78                String_::charCodeAt(pxt::BoxedString*, int)
 .text._ZN3pxt9fromFloatEf
                0x0000000008006d94       0x10 CMakeFiles/STM32_BLUE_PILL.dir/pxtapp/base/core.cpp.o
                0x0000000008006d94                pxt::fromFloat(float)
 .text._ZN3pxt7fromIntEi
                0x0000000008006da4       0x14 CMakeFiles/STM32_BLUE_PILL.dir/pxtapp/base/core.cpp.o
                0x0000000008006da4                pxt::fromInt(int)
 .text._ZN3pxt8fromUIntEj
                0x0000000008006db8       0x1c CMakeFiles/STM32_BLUE_PILL.dir/pxtapp/base/core.cpp.o
                0x0000000008006db8                pxt::fromUInt(unsigned int)
 .text._ZN3pxt8fromBoolEb
                0x0000000008006dd4        0xc CMakeFiles/STM32_BLUE_PILL.dir/pxtapp/base/core.cpp.o
                0x0000000008006dd4                pxt::fromBool(bool)
 .text._ZN5Math_6randomEv
                0x0000000008006de0       0x10 CMakeFiles/STM32_BLUE_PILL.dir/pxtapp/base/core.cpp.o
                0x0000000008006de0                Math_::random()
 .text._ZN5Math_4imulEii
                0x0000000008006df0        0x8 CMakeFiles/STM32_BLUE_PILL.dir/pxtapp/base/core.cpp.o
                0x0000000008006df0                Math_::imul(int, int)
 .text._ZN5Math_4idivEii
                0x0000000008006df8        0x8 CMakeFiles/STM32_BLUE_PILL.dir/pxtapp/base/core.cpp.o
                0x0000000008006df8                Math_::idiv(int, int)
 .text._ZN6Array_2mkEv
                0x0000000008006e00       0x14 CMakeFiles/STM32_BLUE_PILL.dir/pxtapp/base/core.cpp.o
                0x0000000008006e00                Array_::mk()
 .text._ZN6Array_6lengthEPN3pxt13RefCollectionE
                0x0000000008006e14        0x4 CMakeFiles/STM32_BLUE_PILL.dir/pxtapp/base/core.cpp.o
                0x0000000008006e14                Array_::length(pxt::RefCollection*)
 .text._ZN6Array_9setLengthEPN3pxt13RefCollectionEi
                0x0000000008006e18        0x8 CMakeFiles/STM32_BLUE_PILL.dir/pxtapp/base/core.cpp.o
                0x0000000008006e18                Array_::setLength(pxt::RefCollection*, int)
 .text._ZN6Array_4pushEPN3pxt13RefCollectionEPNS0_12TValueStructE
                0x0000000008006e20        0xc CMakeFiles/STM32_BLUE_PILL.dir/pxtapp/base/core.cpp.o
                0x0000000008006e20                Array_::push(pxt::RefCollection*, pxt::TValueStruct*)
 .text._ZN6Array_3popEPN3pxt13RefCollectionE
                0x0000000008006e2c        0x8 CMakeFiles/STM32_BLUE_PILL.dir/pxtapp/base/core.cpp.o
                0x0000000008006e2c                Array_::pop(pxt::RefCollection*)
 .text._ZN6Array_5getAtEPN3pxt13RefCollectionEi
                0x0000000008006e34       0x10 CMakeFiles/STM32_BLUE_PILL.dir/pxtapp/base/core.cpp.o
                0x0000000008006e34                Array_::getAt(pxt::RefCollection*, int)
 .text._ZN6Array_5setAtEPN3pxt13RefCollectionEiPNS0_12TValueStructE
                0x0000000008006e44        0x8 CMakeFiles/STM32_BLUE_PILL.dir/pxtapp/base/core.cpp.o
                0x0000000008006e44                Array_::setAt(pxt::RefCollection*, int, pxt::TValueStruct*)
 .text._ZN6Array_8removeAtEPN3pxt13RefCollectionEi
                0x0000000008006e4c        0x8 CMakeFiles/STM32_BLUE_PILL.dir/pxtapp/base/core.cpp.o
                0x0000000008006e4c                Array_::removeAt(pxt::RefCollection*, int)
 .text._ZN6Array_8insertAtEPN3pxt13RefCollectionEiPNS0_12TValueStructE
                0x0000000008006e54        0x8 CMakeFiles/STM32_BLUE_PILL.dir/pxtapp/base/core.cpp.o
                0x0000000008006e54                Array_::insertAt(pxt::RefCollection*, int, pxt::TValueStruct*)
 .text._ZN3pxt11programSizeEv
                0x0000000008006e5c       0x10 CMakeFiles/STM32_BLUE_PILL.dir/pxtapp/base/core.cpp.o
                0x0000000008006e5c                pxt::programSize()
 .text._ZN3pxt9getConfigEii
                0x0000000008006e6c       0x3c CMakeFiles/STM32_BLUE_PILL.dir/pxtapp/base/core.cpp.o
                0x0000000008006e6c                pxt::getConfig(int, int)
 .text._ZN5pxtrt8ldlocRefEPN3pxt11RefRefLocalE
                0x0000000008006ea8        0x4 CMakeFiles/STM32_BLUE_PILL.dir/pxtapp/base/core.cpp.o
                0x0000000008006ea8                pxtrt::ldlocRef(pxt::RefRefLocal*)
 .text._ZN5pxtrt8stlocRefEPN3pxt11RefRefLocalEPNS0_12TValueStructE
                0x0000000008006eac        0x4 CMakeFiles/STM32_BLUE_PILL.dir/pxtapp/base/core.cpp.o
                0x0000000008006eac                pxtrt::stlocRef(pxt::RefRefLocal*, pxt::TValueStruct*)
 .text._ZN5pxtrt8mklocRefEv
                0x0000000008006eb0       0x14 CMakeFiles/STM32_BLUE_PILL.dir/pxtapp/base/core.cpp.o
                0x0000000008006eb0                pxtrt::mklocRef()
 .text._ZN5pxtrt5stcloEPN3pxt9RefActionEiPNS0_12TValueStructE
                0x0000000008006ec4       0x44 CMakeFiles/STM32_BLUE_PILL.dir/pxtapp/base/core.cpp.o
                0x0000000008006ec4                pxtrt::stclo(pxt::RefAction*, int, pxt::TValueStruct*)
 .text._ZN5pxtrt5panicEi
                0x0000000008006f08        0x4 CMakeFiles/STM32_BLUE_PILL.dir/pxtapp/base/core.cpp.o
                0x0000000008006f08                pxtrt::panic(int)
 .text._ZN5pxtrt11emptyToNullEPN3pxt11BoxedStringE
                0x0000000008006f0c        0xc CMakeFiles/STM32_BLUE_PILL.dir/pxtapp/base/core.cpp.o
                0x0000000008006f0c                pxtrt::emptyToNull(pxt::BoxedString*)
 .text._ZN5pxtrt9ptrToBoolEPN3pxt12TValueStructE
                0x0000000008006f18        0x8 CMakeFiles/STM32_BLUE_PILL.dir/pxtapp/base/core.cpp.o
                0x0000000008006f18                pxtrt::ptrToBool(pxt::TValueStruct*)
 .text._ZN5pxtrt5mkMapEv
                0x0000000008006f20       0x14 CMakeFiles/STM32_BLUE_PILL.dir/pxtapp/base/core.cpp.o
                0x0000000008006f20                pxtrt::mkMap()
 .text._ZN5pxtrt14mapGetByStringEPN3pxt6RefMapEPNS0_11BoxedStringE
                0x0000000008006f34       0x20 CMakeFiles/STM32_BLUE_PILL.dir/pxtapp/base/core.cpp.o
                0x0000000008006f34                pxtrt::mapGetByString(pxt::RefMap*, pxt::BoxedString*)
 .text._ZN5pxtrt12lookupMapKeyEPN3pxt11BoxedStringE
                0x0000000008006f54       0x90 CMakeFiles/STM32_BLUE_PILL.dir/pxtapp/base/core.cpp.o
                0x0000000008006f54                pxtrt::lookupMapKey(pxt::BoxedString*)
 .text._ZN5pxtrt6mapGetEPN3pxt6RefMapEj
                0x0000000008006fe4       0x14 CMakeFiles/STM32_BLUE_PILL.dir/pxtapp/base/core.cpp.o
                0x0000000008006fe4                pxtrt::mapGet(pxt::RefMap*, unsigned int)
 .text._ZN5pxtrt14mapSetByStringEPN3pxt6RefMapEPNS0_11BoxedStringEPNS0_12TValueStructE
                0x0000000008006ff8       0x38 CMakeFiles/STM32_BLUE_PILL.dir/pxtapp/base/core.cpp.o
                0x0000000008006ff8                pxtrt::mapSetByString(pxt::RefMap*, pxt::BoxedString*, pxt::TValueStruct*)
 .text._ZN5pxtrt6mapSetEPN3pxt6RefMapEjPNS0_12TValueStructE
                0x0000000008007030       0x14 CMakeFiles/STM32_BLUE_PILL.dir/pxtapp/base/core.cpp.o
                0x0000000008007030                pxtrt::mapSet(pxt::RefMap*, unsigned int, pxt::TValueStruct*)
 .text._ZN5pxtrt13getGlobalsPtrEv
                0x0000000008007044        0xc CMakeFiles/STM32_BLUE_PILL.dir/pxtapp/base/core.cpp.o
                0x0000000008007044                pxtrt::getGlobalsPtr()
 .text._ZN5pxtrt14runtimeWarningEPN3pxt11BoxedStringE
                0x0000000008007050        0x4 CMakeFiles/STM32_BLUE_PILL.dir/pxtapp/base/core.cpp.o
                0x0000000008007050                pxtrt::runtimeWarning(pxt::BoxedString*)
 .text._ZN3pxt7valTypeEPNS_12TValueStructE
                0x0000000008007054       0x48 CMakeFiles/STM32_BLUE_PILL.dir/pxtapp/base/core.cpp.o
                0x0000000008007054                pxt::valType(pxt::TValueStruct*)
 .text._ZN3pxt8toDoubleEPNS_12TValueStructE.part.12
                0x000000000800709c       0x4c CMakeFiles/STM32_BLUE_PILL.dir/pxtapp/base/core.cpp.o
 .text._ZN3pxt8toDoubleEPNS_12TValueStructE
                0x00000000080070e8        0x4 CMakeFiles/STM32_BLUE_PILL.dir/pxtapp/base/core.cpp.o
                0x00000000080070e8                pxt::toDouble(pxt::TValueStruct*)
 .text._ZN3pxt6toUIntEPNS_12TValueStructE
                0x00000000080070ec       0xcc CMakeFiles/STM32_BLUE_PILL.dir/pxtapp/base/core.cpp.o
                0x00000000080070ec                pxt::toUInt(pxt::TValueStruct*)
 .text._ZN3pxt5toIntEPNS_12TValueStructE
                0x00000000080071b8        0x4 CMakeFiles/STM32_BLUE_PILL.dir/pxtapp/base/core.cpp.o
                0x00000000080071b8                pxt::toInt(pxt::TValueStruct*)
 .text._ZN6numops4lslsEPN3pxt12TValueStructES2_
                0x00000000080071bc       0x2c CMakeFiles/STM32_BLUE_PILL.dir/pxtapp/base/core.cpp.o
                0x00000000080071bc                numops::lsls(pxt::TValueStruct*, pxt::TValueStruct*)
 .text._ZN6numops4asrsEPN3pxt12TValueStructES2_
                0x00000000080071e8       0x2c CMakeFiles/STM32_BLUE_PILL.dir/pxtapp/base/core.cpp.o
                0x00000000080071e8                numops::asrs(pxt::TValueStruct*, pxt::TValueStruct*)
 .text._ZN6numops4eorsEPN3pxt12TValueStructES2_
                0x0000000008007214       0x28 CMakeFiles/STM32_BLUE_PILL.dir/pxtapp/base/core.cpp.o
                0x0000000008007214                numops::eors(pxt::TValueStruct*, pxt::TValueStruct*)
 .text._ZN6numops4orrsEPN3pxt12TValueStructES2_
                0x000000000800723c       0x28 CMakeFiles/STM32_BLUE_PILL.dir/pxtapp/base/core.cpp.o
                0x000000000800723c                numops::orrs(pxt::TValueStruct*, pxt::TValueStruct*)
 .text._ZN6numops4bnotEPN3pxt12TValueStructE
                0x0000000008007264       0x20 CMakeFiles/STM32_BLUE_PILL.dir/pxtapp/base/core.cpp.o
                0x0000000008007264                numops::bnot(pxt::TValueStruct*)
 .text._ZN6numops4andsEPN3pxt12TValueStructES2_
                0x0000000008007284       0x28 CMakeFiles/STM32_BLUE_PILL.dir/pxtapp/base/core.cpp.o
                0x0000000008007284                numops::ands(pxt::TValueStruct*, pxt::TValueStruct*)
 .text._ZN6numops4lsrsEPN3pxt12TValueStructES2_
                0x00000000080072ac       0x30 CMakeFiles/STM32_BLUE_PILL.dir/pxtapp/base/core.cpp.o
                0x00000000080072ac                numops::lsrs(pxt::TValueStruct*, pxt::TValueStruct*)
 .text._ZN3pxt7toFloatEPNS_12TValueStructE
                0x00000000080072dc        0xc CMakeFiles/STM32_BLUE_PILL.dir/pxtapp/base/core.cpp.o
                0x00000000080072dc                pxt::toFloat(pxt::TValueStruct*)
 .text._ZN6numops4addsEPN3pxt12TValueStructES2_
                0x00000000080072e8       0x24 CMakeFiles/STM32_BLUE_PILL.dir/pxtapp/base/core.cpp.o
                0x00000000080072e8                numops::adds(pxt::TValueStruct*, pxt::TValueStruct*)
 .text._ZN6numops4subsEPN3pxt12TValueStructES2_
                0x000000000800730c       0x28 CMakeFiles/STM32_BLUE_PILL.dir/pxtapp/base/core.cpp.o
                0x000000000800730c                numops::subs(pxt::TValueStruct*, pxt::TValueStruct*)
 .text._ZN6numops4mulsEPN3pxt12TValueStructES2_
                0x0000000008007334       0x54 CMakeFiles/STM32_BLUE_PILL.dir/pxtapp/base/core.cpp.o
                0x0000000008007334                numops::muls(pxt::TValueStruct*, pxt::TValueStruct*)
 .text._ZN6numops3divEPN3pxt12TValueStructES2_
                0x0000000008007388       0x28 CMakeFiles/STM32_BLUE_PILL.dir/pxtapp/base/core.cpp.o
                0x0000000008007388                numops::div(pxt::TValueStruct*, pxt::TValueStruct*)
 .text._ZN6numops3modEPN3pxt12TValueStructES2_
                0x00000000080073b0       0x60 CMakeFiles/STM32_BLUE_PILL.dir/pxtapp/base/core.cpp.o
                0x00000000080073b0                numops::mod(pxt::TValueStruct*, pxt::TValueStruct*)
 .text._ZN5Math_3powEPN3pxt12TValueStructES2_
                0x0000000008007410       0x28 CMakeFiles/STM32_BLUE_PILL.dir/pxtapp/base/core.cpp.o
                0x0000000008007410                Math_::pow(pxt::TValueStruct*, pxt::TValueStruct*)
 .text._ZN5Math_5atan2EPN3pxt12TValueStructES2_
                0x0000000008007438       0x28 CMakeFiles/STM32_BLUE_PILL.dir/pxtapp/base/core.cpp.o
                0x0000000008007438                Math_::atan2(pxt::TValueStruct*, pxt::TValueStruct*)
 .text._ZN5Math_11randomRangeEPN3pxt12TValueStructES2_
                0x0000000008007460       0xb4 CMakeFiles/STM32_BLUE_PILL.dir/pxtapp/base/core.cpp.o
                0x0000000008007460                Math_::randomRange(pxt::TValueStruct*, pxt::TValueStruct*)
 .text._ZN5Math_3logEPN3pxt12TValueStructE
                0x0000000008007514       0x14 CMakeFiles/STM32_BLUE_PILL.dir/pxtapp/base/core.cpp.o
                0x0000000008007514                Math_::log(pxt::TValueStruct*)
 .text._ZN5Math_5log10EPN3pxt12TValueStructE
                0x0000000008007528       0x14 CMakeFiles/STM32_BLUE_PILL.dir/pxtapp/base/core.cpp.o
                0x0000000008007528                Math_::log10(pxt::TValueStruct*)
 .text._ZN5Math_3tanEPN3pxt12TValueStructE
                0x000000000800753c       0x14 CMakeFiles/STM32_BLUE_PILL.dir/pxtapp/base/core.cpp.o
                0x000000000800753c                Math_::tan(pxt::TValueStruct*)
 .text._ZN5Math_3sinEPN3pxt12TValueStructE
                0x0000000008007550       0x14 CMakeFiles/STM32_BLUE_PILL.dir/pxtapp/base/core.cpp.o
                0x0000000008007550                Math_::sin(pxt::TValueStruct*)
 .text._ZN5Math_3cosEPN3pxt12TValueStructE
                0x0000000008007564       0x14 CMakeFiles/STM32_BLUE_PILL.dir/pxtapp/base/core.cpp.o
                0x0000000008007564                Math_::cos(pxt::TValueStruct*)
 .text._ZN5Math_4atanEPN3pxt12TValueStructE
                0x0000000008007578       0x14 CMakeFiles/STM32_BLUE_PILL.dir/pxtapp/base/core.cpp.o
                0x0000000008007578                Math_::atan(pxt::TValueStruct*)
 .text._ZN5Math_4asinEPN3pxt12TValueStructE
                0x000000000800758c       0x14 CMakeFiles/STM32_BLUE_PILL.dir/pxtapp/base/core.cpp.o
                0x000000000800758c                Math_::asin(pxt::TValueStruct*)
 .text._ZN5Math_4acosEPN3pxt12TValueStructE
                0x00000000080075a0       0x14 CMakeFiles/STM32_BLUE_PILL.dir/pxtapp/base/core.cpp.o
                0x00000000080075a0                Math_::acos(pxt::TValueStruct*)
 .text._ZN5Math_4sqrtEPN3pxt12TValueStructE
                0x00000000080075b4       0x14 CMakeFiles/STM32_BLUE_PILL.dir/pxtapp/base/core.cpp.o
                0x00000000080075b4                Math_::sqrt(pxt::TValueStruct*)
 .text._ZN5Math_5floorEPN3pxt12TValueStructE
                0x00000000080075c8       0x14 CMakeFiles/STM32_BLUE_PILL.dir/pxtapp/base/core.cpp.o
                0x00000000080075c8                Math_::floor(pxt::TValueStruct*)
 .text._ZN5Math_4ceilEPN3pxt12TValueStructE
                0x00000000080075dc       0x14 CMakeFiles/STM32_BLUE_PILL.dir/pxtapp/base/core.cpp.o
                0x00000000080075dc                Math_::ceil(pxt::TValueStruct*)
 .text._ZN5Math_5truncEPN3pxt12TValueStructE
                0x00000000080075f0       0x14 CMakeFiles/STM32_BLUE_PILL.dir/pxtapp/base/core.cpp.o
                0x00000000080075f0                Math_::trunc(pxt::TValueStruct*)
 .text._ZN5Math_5roundEPN3pxt12TValueStructE
                0x0000000008007604       0x20 CMakeFiles/STM32_BLUE_PILL.dir/pxtapp/base/core.cpp.o
                0x0000000008007604                Math_::round(pxt::TValueStruct*)
 .text._ZN3pxt8eqq_boolEPNS_12TValueStructES1_
                0x0000000008007624       0x7c CMakeFiles/STM32_BLUE_PILL.dir/pxtapp/base/core.cpp.o
                0x0000000008007624                pxt::eqq_bool(pxt::TValueStruct*, pxt::TValueStruct*)
 .text._ZN6numops3eqqEPN3pxt12TValueStructES2_
                0x00000000080076a0       0x10 CMakeFiles/STM32_BLUE_PILL.dir/pxtapp/base/core.cpp.o
                0x00000000080076a0                numops::eqq(pxt::TValueStruct*, pxt::TValueStruct*)
 .text._ZN6numops4neqqEPN3pxt12TValueStructES2_
                0x00000000080076b0       0x10 CMakeFiles/STM32_BLUE_PILL.dir/pxtapp/base/core.cpp.o
                0x00000000080076b0                numops::neqq(pxt::TValueStruct*, pxt::TValueStruct*)
 .text._ZN3pxt7eq_boolEPNS_12TValueStructES1_
                0x00000000080076c0      0x12c CMakeFiles/STM32_BLUE_PILL.dir/pxtapp/base/core.cpp.o
                0x00000000080076c0                pxt::eq_bool(pxt::TValueStruct*, pxt::TValueStruct*)
 .text._ZN3pxt9switch_eqEPNS_12TValueStructES1_
                0x00000000080077ec        0x4 CMakeFiles/STM32_BLUE_PILL.dir/pxtapp/base/core.cpp.o
                0x00000000080077ec                pxt::switch_eq(pxt::TValueStruct*, pxt::TValueStruct*)
 .text._ZN6numops2eqEPN3pxt12TValueStructES2_
                0x00000000080077f0       0x10 CMakeFiles/STM32_BLUE_PILL.dir/pxtapp/base/core.cpp.o
                0x00000000080077f0                numops::eq(pxt::TValueStruct*, pxt::TValueStruct*)
 .text._ZN6numops3neqEPN3pxt12TValueStructES2_
                0x0000000008007800       0x10 CMakeFiles/STM32_BLUE_PILL.dir/pxtapp/base/core.cpp.o
                0x0000000008007800                numops::neq(pxt::TValueStruct*, pxt::TValueStruct*)
 .text._ZN6Array_7indexOfEPN3pxt13RefCollectionEPNS0_12TValueStructEi
                0x0000000008007810       0x30 CMakeFiles/STM32_BLUE_PILL.dir/pxtapp/base/core.cpp.o
                0x0000000008007810                Array_::indexOf(pxt::RefCollection*, pxt::TValueStruct*, int)
 .text._ZN6Array_13removeElementEPN3pxt13RefCollectionEPNS0_12TValueStructE
                0x0000000008007840       0x1c CMakeFiles/STM32_BLUE_PILL.dir/pxtapp/base/core.cpp.o
                0x0000000008007840                Array_::removeElement(pxt::RefCollection*, pxt::TValueStruct*)
 .text._ZN6numops6toBoolEPN3pxt12TValueStructE
                0x000000000800785c       0x64 CMakeFiles/STM32_BLUE_PILL.dir/pxtapp/base/core.cpp.o
                0x000000000800785c                numops::toBool(pxt::TValueStruct*)
 .text._ZN6numops10toBoolDecrEPN3pxt12TValueStructE
                0x00000000080078c0       0x14 CMakeFiles/STM32_BLUE_PILL.dir/pxtapp/base/core.cpp.o
                0x00000000080078c0                numops::toBoolDecr(pxt::TValueStruct*)
 .text._ZN6numopsL10valCompareEPN3pxt12TValueStructES2_
                0x00000000080078d4       0xa8 CMakeFiles/STM32_BLUE_PILL.dir/pxtapp/base/core.cpp.o
 .text._ZN6numops7lt_boolEPN3pxt12TValueStructES2_
                0x000000000800797c       0x24 CMakeFiles/STM32_BLUE_PILL.dir/pxtapp/base/core.cpp.o
                0x000000000800797c                numops::lt_bool(pxt::TValueStruct*, pxt::TValueStruct*)
 .text._ZN6numops2leEPN3pxt12TValueStructES2_
                0x00000000080079a0       0x24 CMakeFiles/STM32_BLUE_PILL.dir/pxtapp/base/core.cpp.o
                0x00000000080079a0                numops::le(pxt::TValueStruct*, pxt::TValueStruct*)
 .text._ZN6numops2ltEPN3pxt12TValueStructES2_
                0x00000000080079c4       0x24 CMakeFiles/STM32_BLUE_PILL.dir/pxtapp/base/core.cpp.o
                0x00000000080079c4                numops::lt(pxt::TValueStruct*, pxt::TValueStruct*)
 .text._ZN6numops2geEPN3pxt12TValueStructES2_
                0x00000000080079e8       0x20 CMakeFiles/STM32_BLUE_PILL.dir/pxtapp/base/core.cpp.o
                0x00000000080079e8                numops::ge(pxt::TValueStruct*, pxt::TValueStruct*)
 .text._ZN6numops2gtEPN3pxt12TValueStructES2_
                0x0000000008007a08       0x20 CMakeFiles/STM32_BLUE_PILL.dir/pxtapp/base/core.cpp.o
                0x0000000008007a08                numops::gt(pxt::TValueStruct*, pxt::TValueStruct*)
 .text._ZN6numops8toStringEPN3pxt12TValueStructE
                0x0000000008007a28       0xfc CMakeFiles/STM32_BLUE_PILL.dir/pxtapp/base/core.cpp.o
                0x0000000008007a28                numops::toString(pxt::TValueStruct*)
 .text._ZN3pxt6typeOfEPNS_12TValueStructE
                0x0000000008007b24       0x24 CMakeFiles/STM32_BLUE_PILL.dir/pxtapp/base/core.cpp.o
                0x0000000008007b24                pxt::typeOf(pxt::TValueStruct*)
 .text._ZN3pxt8anyPrintEPNS_12TValueStructE
                0x0000000008007b48       0x80 CMakeFiles/STM32_BLUE_PILL.dir/pxtapp/base/core.cpp.o
                0x0000000008007b48                pxt::anyPrint(pxt::TValueStruct*)
 .text._ZN3pxt10failedCastEPNS_12TValueStructE
                0x0000000008007bc8       0x58 CMakeFiles/STM32_BLUE_PILL.dir/pxtapp/base/core.cpp.o
                0x0000000008007bc8                pxt::failedCast(pxt::TValueStruct*)
 .text._ZN3pxt15missingPropertyEPNS_12TValueStructE
                0x0000000008007c20       0x1c CMakeFiles/STM32_BLUE_PILL.dir/pxtapp/base/core.cpp.o
                0x0000000008007c20                pxt::missingProperty(pxt::TValueStruct*)
 .text._ZN3pxtL13getObjectSizeEPNS_9RefObjectE
                0x0000000008007c3c       0x40 CMakeFiles/STM32_BLUE_PILL.dir/pxtapp/base/gc.cpp.o
 .text._ZN3pxtL9removePtrEPNS_12TValueStructE
                0x0000000008007c7c       0x54 CMakeFiles/STM32_BLUE_PILL.dir/pxtapp/base/gc.cpp.o
 .text._ZN3pxt16RefRecord_gcsizeEPNS_9RefRecordE
                0x0000000008007cd0        0xc CMakeFiles/STM32_BLUE_PILL.dir/pxtapp/base/gc.cpp.o
                0x0000000008007cd0                pxt::RefRecord_gcsize(pxt::RefRecord*)
 .text._ZN3pxt16popThreadContextEPNS_13ThreadContextE
                0x0000000008007cdc       0x6c CMakeFiles/STM32_BLUE_PILL.dir/pxtapp/base/gc.cpp.o
                0x0000000008007cdc                pxt::popThreadContext(pxt::ThreadContext*)
 .text._ZN3pxt6gcScanEPNS_12TValueStructE
                0x0000000008007d48       0x38 CMakeFiles/STM32_BLUE_PILL.dir/pxtapp/base/gc.cpp.o
                0x0000000008007d48                pxt::gcScan(pxt::TValueStruct*)
 .text._ZN3pxt10gcScanManyEPPNS_12TValueStructEj
                0x0000000008007d80       0x48 CMakeFiles/STM32_BLUE_PILL.dir/pxtapp/base/gc.cpp.o
                0x0000000008007d80                pxt::gcScanMany(pxt::TValueStruct**, unsigned int)
 .text._ZN3pxt13gcScanSegmentERNS_7SegmentE
                0x0000000008007dc8       0x34 CMakeFiles/STM32_BLUE_PILL.dir/pxtapp/base/gc.cpp.o
                0x0000000008007dc8                pxt::gcScanSegment(pxt::Segment&)
 .text._ZN3pxt9gcProcessEPNS_12TValueStructE
                0x0000000008007dfc       0x58 CMakeFiles/STM32_BLUE_PILL.dir/pxtapp/base/gc.cpp.o
                0x0000000008007dfc                pxt::gcProcess(pxt::TValueStruct*)
 .text._ZN3pxt2gcEi
                0x0000000008007e54      0x254 CMakeFiles/STM32_BLUE_PILL.dir/pxtapp/base/gc.cpp.o
                0x0000000008007e54                pxt::gc(int)
 .text._ZN3pxtL13allocateBlockEv
                0x00000000080080a8       0xd0 CMakeFiles/STM32_BLUE_PILL.dir/pxtapp/base/gc.cpp.o
 .text.free     0x0000000008008178       0x50 CMakeFiles/STM32_BLUE_PILL.dir/pxtapp/base/gc.cpp.o
                0x0000000008008178                free
 .text._ZN3pxt10gcAllocateEi
                0x00000000080081c8      0x130 CMakeFiles/STM32_BLUE_PILL.dir/pxtapp/base/gc.cpp.o
                0x00000000080081c8                pxt::gcAllocate(int)
 .text._ZN3pxt15gcAllocateArrayEi
                0x00000000080082f8       0x1c CMakeFiles/STM32_BLUE_PILL.dir/pxtapp/base/gc.cpp.o
                0x00000000080082f8                pxt::gcAllocateArray(int)
 .text.app_alloc
                0x0000000008008314       0x20 CMakeFiles/STM32_BLUE_PILL.dir/pxtapp/base/gc.cpp.o
                0x0000000008008314                app_alloc
 .text.malloc   0x0000000008008334       0x28 CMakeFiles/STM32_BLUE_PILL.dir/pxtapp/base/gc.cpp.o
                0x0000000008008334                malloc
 .text.realloc  0x000000000800835c       0x74 CMakeFiles/STM32_BLUE_PILL.dir/pxtapp/base/gc.cpp.o
                0x000000000800835c                realloc