Archive member included to satisfy reference by file (symbol)

libnewlib.a(memcpy-stub.c.o)  CMakeFiles/STM32_BLUE_PILL.dir/pxtapp/base/buffer.cpp.o (memcpy)
libnewlib.a(strcmp.S.o)       CMakeFiles/STM32_BLUE_PILL.dir/pxtapp/base/core.cpp.o (strcmp)
libnewlib.a(strlen.S.o)       CMakeFiles/STM32_BLUE_PILL.dir/pxtapp/base/core.cpp.o (strlen)
libnewlib.a(strtol.c.o)       CMakeFiles/STM32_BLUE_PILL.dir/pxtapp/base/core.cpp.o (strtol)
libnewlib.a(memcmp.c.o)       CMakeFiles/STM32_BLUE_PILL.dir/pxtapp/base/pxt.cpp.o (memcmp)
libnewlib.a(memmove.c.o)      CMakeFiles/STM32_BLUE_PILL.dir/pxtapp/base/buffer.cpp.o (memmove)
libnewlib.a(memset.c.o)       CMakeFiles/STM32_BLUE_PILL.dir/pxtapp/base/buffer.cpp.o (memset)
libnewlib.a(strstr.c.o)       CMakeFiles/STM32_BLUE_PILL.dir/pxtapp/base/core.cpp.o (strstr)
libnewlib.a(ctype_.c.o)       libnewlib.a(strtol.c.o) (_ctype_)
libnewlib.a(impure.c.o)       libnewlib.a(strtol.c.o) (_impure_ptr)
libcodal-core.a(CodalCompat.cpp.o)
                              CMakeFiles/STM32_BLUE_PILL.dir/pxtapp/base/core.cpp.o (codal::itoa(int, char*))
libcodal-core.a(CodalComponent.cpp.o)
                              CMakeFiles/STM32_BLUE_PILL.dir/pxtapp/core---stm32bluepill/codal.cpp.o (codal::CodalComponent::components)
libcodal-core.a(CodalDevice.cpp.o)
                              CMakeFiles/STM32_BLUE_PILL.dir/pxtapp/core---stm32bluepill/codal.cpp.o (vtable for codal::CodalDevice)
libcodal-core.a(CodalDmesg.cpp.o)
                              CMakeFiles/STM32_BLUE_PILL.dir/pxtapp/base/core.cpp.o (codal_dmesg)
libcodal-core.a(CodalFiber.cpp.o)
                              CMakeFiles/STM32_BLUE_PILL.dir/pxtapp/core---stm32bluepill/codal.cpp.o (codal::list_fibers(codal::Fiber**))
libcodal-core.a(CodalHeapAllocator.cpp.o)
                              CMakeFiles/STM32_BLUE_PILL.dir/pxtapp/base/gc.cpp.o (device_heap_size(unsigned char))
libcodal-core.a(CodalListener.cpp.o)
                              CMakeFiles/STM32_BLUE_PILL.dir/pxtapp/core---stm32bluepill/codal.cpp.o (codal::Listener::Listener(unsigned short, unsigned short, void (*)(codal::Event), unsigned short))
libcodal-core.a(Timer.cpp.o)  CMakeFiles/STM32_BLUE_PILL.dir/pxtapp/core---stm32bluepill/codal.cpp.o (codal::Timer::~Timer())
libcodal-core.a(MessageBus.cpp.o)
                              CMakeFiles/STM32_BLUE_PILL.dir/pxtapp/core---stm32bluepill/codal.cpp.o (codal::MessageBus::add(codal::Listener*))
libcodal-core.a(Event.cpp.o)  CMakeFiles/STM32_BLUE_PILL.dir/pxtapp/core---stm32bluepill/control.cpp.o (codal::Event::Event(unsigned short, unsigned short, codal::EventLaunchMode))
libcodal-core.a(MemberFunctionCallback.cpp.o)
                              libcodal-core.a(MessageBus.cpp.o) (codal::MemberFunctionCallback::fire(codal::Event))
liblibopencm3.a(vector.c.o)   (vector_table)
libnano-float.a(functions.c.o)
                              CMakeFiles/STM32_BLUE_PILL.dir/pxtapp/base/core.cpp.o (__wrap___aeabi_ddiv)
liblogger.a(logger.cpp.o)     CMakeFiles/STM32_BLUE_PILL.dir/pxtapp/base/pxt.cpp.o (debug_flush)
libbluepill.a(bluepill.cpp.o)
                              libcodal-core.a(Timer.cpp.o) (__cxa_pure_virtual)
libbluepill.a(led.cpp.o)      libbluepill.a(bluepill.cpp.o) (led_setup)
libbootloader.a(bootloader.c.o)
                              /Users/Luppy/stm32bluepill-makecode/pxt-maker/projects/blink/built/dockercodal/build/libraries/codal-libopencm3/CMakeFiles/hal.dir/stm32/hal/reset_handler.c.o (bootloader_start)
libbootloader.a(usb_conf.c.o)
                              libbootloader.a(bootloader.c.o) (usb_setup)
libbootloader.a(webusb.c.o)   libbootloader.a(usb_conf.c.o) (webusb_setup)
libbootloader.a(winusb.c.o)   libbootloader.a(usb_conf.c.o) (winusb_setup)
libbootloader.a(target_stm32f103.c.o)
                              libbootloader.a(bootloader.c.o) (target_set_led)
libbootloader.a(cdc.c.o)      libbootloader.a(usb_conf.c.o) (cdc_setup)
libbootloader.a(hf2.c.o)      libbootloader.a(usb_conf.c.o) (hf2_setup)
libbootloader.a(usb21_standard.c.o)
                              libbootloader.a(usb_conf.c.o) (usb21_setup)
libbootloader.a(backup.c.o)   libbootloader.a(target_stm32f103.c.o) (backup_write)
libbootloader.a(ghostfat.c.o)
                              libbootloader.a(hf2.c.o) (flash_write)
libhal.a(codal_target_hal.cpp.o)
                              /Users/Luppy/stm32bluepill-makecode/pxt-maker/projects/blink/built/dockercodal/build/libraries/codal-libopencm3/CMakeFiles/hal.dir/stm32/hal/reset_handler.c.o (target_init)
libhal.a(CortexContextSwitch.s.o)
                              libcodal-core.a(CodalFiber.cpp.o) (swap_context)
libcm.a(CmI2C.cpp.o)          CMakeFiles/STM32_BLUE_PILL.dir/pxtapp/core---stm32bluepill/i2c.cpp.o (codal::_cm::I2C::I2C(codal::Pin&, codal::Pin&))
libcm.a(CmPin.cpp.o)          CMakeFiles/STM32_BLUE_PILL.dir/pxtapp/core---stm32bluepill/pins.cpp.o (codal::_cm::Pin::getDigitalValue())
[...]
Memory Configuration

Name             Origin             Length             Attributes
bootrom          0x0000000008000000 0x0000000000006000 xr
rom              0x0000000008006000 0x000000000000a000 xr
bootram          0x0000000020000000 0x0000000000000c00 xrw
ram              0x0000000020000c00 0x0000000000003bbc xrw
bootbuf          0x00000000200047bc 0x0000000000000844 xrw
*default*        0x0000000000000000 0xffffffffffffffff

Linker script and memory map

LOAD /Users/Luppy/stm32bluepill-makecode/pxt-maker/projects/blink/built/dockercodal/build/libraries/codal-libopencm3/CMakeFiles/hal.dir/stm32/hal/reset_handler.c.o
START GROUP
LOAD CMakeFiles/STM32_BLUE_PILL.dir/pxtapp/base/advmath.cpp.o
LOAD CMakeFiles/STM32_BLUE_PILL.dir/pxtapp/base/buffer.cpp.o
LOAD CMakeFiles/STM32_BLUE_PILL.dir/pxtapp/base/control.cpp.o
LOAD CMakeFiles/STM32_BLUE_PILL.dir/pxtapp/base/core.cpp.o
LOAD CMakeFiles/STM32_BLUE_PILL.dir/pxtapp/base/gc.cpp.o
LOAD CMakeFiles/STM32_BLUE_PILL.dir/pxtapp/base/loops.cpp.o
LOAD CMakeFiles/STM32_BLUE_PILL.dir/pxtapp/base/pxt.cpp.o
LOAD CMakeFiles/STM32_BLUE_PILL.dir/pxtapp/core---stm32bluepill/codal.cpp.o
LOAD CMakeFiles/STM32_BLUE_PILL.dir/pxtapp/core---stm32bluepill/control.cpp.o
LOAD CMakeFiles/STM32_BLUE_PILL.dir/pxtapp/core---stm32bluepill/dmac.cpp.o
LOAD CMakeFiles/STM32_BLUE_PILL.dir/pxtapp/core---stm32bluepill/hf2.cpp.o
LOAD CMakeFiles/STM32_BLUE_PILL.dir/pxtapp/core---stm32bluepill/i2c.cpp.o
LOAD CMakeFiles/STM32_BLUE_PILL.dir/pxtapp/core---stm32bluepill/pins.cpp.o
LOAD CMakeFiles/STM32_BLUE_PILL.dir/pxtapp/core---stm32bluepill/pinsAnalog.cpp.o
LOAD CMakeFiles/STM32_BLUE_PILL.dir/pxtapp/core---stm32bluepill/pinsDigital.cpp.o
LOAD CMakeFiles/STM32_BLUE_PILL.dir/pxtapp/core---stm32bluepill/pinsPWM.cpp.o
LOAD CMakeFiles/STM32_BLUE_PILL.dir/pxtapp/core---stm32bluepill/platform.cpp.o
LOAD CMakeFiles/STM32_BLUE_PILL.dir/pxtapp/core---stm32bluepill/spi.cpp.o
LOAD CMakeFiles/STM32_BLUE_PILL.dir/pxtapp/core---stm32bluepill/usb.cpp.o
LOAD CMakeFiles/STM32_BLUE_PILL.dir/pxtapp/main.cpp.o
LOAD CMakeFiles/STM32_BLUE_PILL.dir/pxtapp/pointers.cpp.o
LOAD libcodal-libopencm3.a
LOAD libqfplib.a
LOAD libnewlib.a
LOAD libcodal-core.a
LOAD liblibopencm3.a
LOAD libcocoos.a
LOAD libnano-float.a
LOAD liblogger.a
LOAD libbluepill.a
LOAD libbootloader.a
LOAD libhal.a
LOAD libadcint.a
LOAD libi2cint.a
LOAD libporting.a
LOAD libsimulator.a
LOAD libspiint.a
LOAD libuartint.a
LOAD libcm.a
LOAD libmodel.a
LOAD libbme280.a
LOAD /usr/local/Cellar/arm-none-eabi-gcc/7-2018-q2-update/gcc/bin/../lib/gcc/arm-none-eabi/7.3.1/../../../../arm-none-eabi/lib/thumb/v7-m/libnosys.a
LOAD /usr/local/Cellar/arm-none-eabi-gcc/7-2018-q2-update/gcc/bin/../lib/gcc/arm-none-eabi/7.3.1/../../../../arm-none-eabi/lib/thumb/v7-m/libstdc++.a
LOAD /usr/local/Cellar/arm-none-eabi-gcc/7-2018-q2-update/gcc/bin/../lib/gcc/arm-none-eabi/7.3.1/../../../../arm-none-eabi/lib/thumb/v7-m/libsupc++.a
LOAD /usr/local/Cellar/arm-none-eabi-gcc/7-2018-q2-update/gcc/bin/../lib/gcc/arm-none-eabi/7.3.1/../../../../arm-none-eabi/lib/thumb/v7-m/libstdc++.a
LOAD /usr/local/Cellar/arm-none-eabi-gcc/7-2018-q2-update/gcc/bin/../lib/gcc/arm-none-eabi/7.3.1/../../../../arm-none-eabi/lib/thumb/v7-m/libsupc++.a
END GROUP
LOAD /usr/local/Cellar/arm-none-eabi-gcc/7-2018-q2-update/gcc/bin/../lib/gcc/arm-none-eabi/7.3.1/thumb/v7-m/libgcc.a
                0x0000000000006000                _bootrom_size = 0x6000
                0x0000000000000c00                _bootram_size = 0xc00
                0x0000000000000844                _bootbuf_size = 0x844

.boot_text      0x0000000008000000     0x59d4
                0x0000000008000000                _boot_text = .
 *(SORT_BY_ALIGNMENT(.vectors))
 .vectors       0x0000000008000000      0x150 liblibopencm3.a(vector.c.o)
                0x0000000008000000                vector_table
 :*reset_handler*(SORT_BY_ALIGNMENT(.text*))
 .text.reset_handler
                0x0000000008000150      0x134 /Users/Luppy/stm32bluepill-makecode/pxt-maker/projects/blink/built/dockercodal/build/libraries/codal-libopencm3/CMakeFiles/hal.dir/stm32/hal/reset_handler.c.o
                0x0000000008000150                reset_handler
 *libhal.a:*reset_handler*(SORT_BY_ALIGNMENT(.text*))
 :*codal_target_hal*(SORT_BY_ALIGNMENT(.text*))
 *libhal.a:*codal_target_hal*(SORT_BY_ALIGNMENT(.text*))
 .text._ZL10timer_tickv
                0x0000000008000284       0x40 libhal.a(codal_target_hal.cpp.o)
 .text._ZL11timer_alarmv
                0x00000000080002c4       0x28 libhal.a(codal_target_hal.cpp.o)
 .text.target_dmesg_flush.part.1
                0x00000000080002ec       0x2c libhal.a(codal_target_hal.cpp.o)
 .text.target_init
                0x0000000008000318       0x30 libhal.a(codal_target_hal.cpp.o)
                0x0000000008000318                target_init
 .text.target_wait_for_event
                0x0000000008000348       0x64 libhal.a(codal_target_hal.cpp.o)
                0x0000000008000348                target_wait_for_event
 .text.target_wait
                0x00000000080003ac       0x28 libhal.a(codal_target_hal.cpp.o)
                0x00000000080003ac                target_wait
 .text.target_wait_us
                0x00000000080003d4       0x34 libhal.a(codal_target_hal.cpp.o)
                0x00000000080003d4                target_wait_us
 .text.target_reset
                0x0000000008000408       0x14 libhal.a(codal_target_hal.cpp.o)
                0x0000000008000408                target_reset
 .text.target_in_isr
                0x000000000800041c       0x10 libhal.a(codal_target_hal.cpp.o)
                0x000000000800041c                target_in_isr
 .text.target_enable_irq
                0x000000000800042c        0x4 libhal.a(codal_target_hal.cpp.o)
                0x000000000800042c                target_enable_irq
 .text.target_disable_irq
                0x0000000008000430        0x4 libhal.a(codal_target_hal.cpp.o)
                0x0000000008000430                target_disable_irq
 .text.target_seed_random
                0x0000000008000434       0x10 libhal.a(codal_target_hal.cpp.o)
                0x0000000008000434                target_seed_random
 .text.target_get_serial
                0x0000000008000444       0x18 libhal.a(codal_target_hal.cpp.o)
                0x0000000008000444                target_get_serial
 .text.target_panic
                0x000000000800045c       0x20 libhal.a(codal_target_hal.cpp.o)
                0x000000000800045c                target_panic
 .text.fiber_initial_stack_base
                0x000000000800047c        0x8 libhal.a(codal_target_hal.cpp.o)
                0x000000000800047c                fiber_initial_stack_base
 .text.tcb_allocate
                0x0000000008000484        0x8 libhal.a(codal_target_hal.cpp.o)
                0x0000000008000484                tcb_allocate
 .text.tcb_configure_lr
                0x000000000800048c        0x4 libhal.a(codal_target_hal.cpp.o)
                0x000000000800048c                tcb_configure_lr
 .text.tcb_configure_sp
                0x0000000008000490        0x4 libhal.a(codal_target_hal.cpp.o)
                0x0000000008000490                tcb_configure_sp
 .text.tcb_configure_stack_base
                0x0000000008000494        0x4 libhal.a(codal_target_hal.cpp.o)
                0x0000000008000494                tcb_configure_stack_base
 .text.tcb_get_stack_base
                0x0000000008000498        0x4 libhal.a(codal_target_hal.cpp.o)
                0x0000000008000498                tcb_get_stack_base
 .text.get_current_sp
                0x000000000800049c        0x4 libhal.a(codal_target_hal.cpp.o)
                0x000000000800049c                get_current_sp
 .text.tcb_get_sp
                0x00000000080004a0        0x4 libhal.a(codal_target_hal.cpp.o)
                0x00000000080004a0                tcb_get_sp
 .text.tcb_configure_args
                0x00000000080004a4        0x8 libhal.a(codal_target_hal.cpp.o)
                0x00000000080004a4                tcb_configure_args
 .text.test_codal
                0x00000000080004ac       0x70 libhal.a(codal_target_hal.cpp.o)
                0x00000000080004ac                test_codal
 .text._fini    0x000000000800051c        0x4 libhal.a(codal_target_hal.cpp.o)
                0x000000000800051c                _fini
 .text.__aeabi_atexit
                0x0000000008000520        0x4 libhal.a(codal_target_hal.cpp.o)
                0x0000000008000520                __aeabi_atexit
 .text.target_set_bootloader_callback
                0x0000000008000524        0xc libhal.a(codal_target_hal.cpp.o)
                0x0000000008000524                target_set_bootloader_callback
 .text.target_enable_debug
                0x0000000008000530        0x4 libhal.a(codal_target_hal.cpp.o)
                0x0000000008000530                target_enable_debug
 :*CortexContextSwitch*(SORT_BY_ALIGNMENT(.text*))
 *libhal.a:(SORT_BY_ALIGNMENT(.text*))
 .text          0x0000000008000534      0x124 libhal.a(CortexContextSwitch.s.o)
                0x0000000008000534                swap_context
                0x00000000080005b6                save_context
                0x00000000080005fa                save_register_context
                0x000000000800062a                restore_register_context
 *liblibopencm3.a:(SORT_BY_ALIGNMENT(.text*))
 .text.blocking_handler
                0x0000000008000658        0x4 liblibopencm3.a(vector.c.o)
                0x0000000008000658                exti0_isr
                0x0000000008000658                tim7_isr
                0x0000000008000658                adc1_2_isr
                0x0000000008000658                tim1_trg_com_isr
                0x0000000008000658                usb_hp_can_tx_isr
                0x0000000008000658                tim6_isr
                0x0000000008000658                usb_wakeup_isr
                0x0000000008000658                blocking_handler
                0x0000000008000658                tim5_isr
                0x0000000008000658                otg_fs_isr
                0x0000000008000658                spi1_isr
                0x0000000008000658                exti2_isr
                0x0000000008000658                dma1_channel6_isr
                0x0000000008000658                can_rx1_isr
                0x0000000008000658                dma1_channel5_isr
                0x0000000008000658                dma2_channel5_isr
                0x0000000008000658                usart1_isr
                0x0000000008000658                usage_fault_handler
                0x0000000008000658                tim8_trg_com_isr
                0x0000000008000658                can2_rx0_isr
                0x0000000008000658                tim1_brk_isr
                0x0000000008000658                can2_rx1_isr
                0x0000000008000658                tim1_cc_isr
                0x0000000008000658                sdio_isr
                0x0000000008000658                eth_isr
                0x0000000008000658                dma1_channel4_isr
                0x0000000008000658                tim8_brk_isr
                0x0000000008000658                dma2_channel4_5_isr
                0x0000000008000658                pvd_isr
                0x0000000008000658                rcc_isr
                0x0000000008000658                flash_isr
                0x0000000008000658                uart4_isr
                0x0000000008000658                exti15_10_isr
                0x0000000008000658                hard_fault_handler
                0x0000000008000658                exti1_isr
                0x0000000008000658                i2c1_ev_isr
                0x0000000008000658                dma2_channel1_isr
                0x0000000008000658                spi2_isr
                0x0000000008000658                tim8_up_isr
                0x0000000008000658                dma2_channel2_isr
                0x0000000008000658                exti3_isr
                0x0000000008000658                adc3_isr
                0x0000000008000658                tim3_isr
                0x0000000008000658                usart2_isr
                0x0000000008000658                usb_lp_can_rx0_isr
                0x0000000008000658                i2c2_er_isr
                0x0000000008000658                i2c2_ev_isr
                0x0000000008000658                uart5_isr
                0x0000000008000658                fsmc_isr
                0x0000000008000658                dma1_channel1_isr
                0x0000000008000658                exti4_isr
                0x0000000008000658                mem_manage_handler
                0x0000000008000658                can2_tx_isr
                0x0000000008000658                exti9_5_isr
                0x0000000008000658                dma2_channel3_isr
                0x0000000008000658                dma1_channel7_isr
                0x0000000008000658                tim1_up_isr
                0x0000000008000658                can2_sce_isr
                0x0000000008000658                tim4_isr
                0x0000000008000658                dma1_channel2_isr
                0x0000000008000658                i2c1_er_isr
                0x0000000008000658                can_sce_isr
                0x0000000008000658                tim8_cc_isr
                0x0000000008000658                tamper_isr
                0x0000000008000658                eth_wkup_isr
                0x0000000008000658                bus_fault_handler
                0x0000000008000658                wwdg_isr
                0x0000000008000658                dma1_channel3_isr
                0x0000000008000658                spi3_isr
                0x0000000008000658                tim2_isr
                0x0000000008000658                usart3_isr
 .text.null_handler
                0x000000000800065c        0x4 liblibopencm3.a(vector.c.o)
                0x000000000800065c                null_handler
                0x000000000800065c                sv_call_handler
                0x000000000800065c                pend_sv_handler
                0x000000000800065c                debug_monitor_handler
                0x000000000800065c                sys_tick_handler
                0x000000000800065c                nmi_handler
 .text.scb_reset_system
                0x0000000008000660       0x10 liblibopencm3.a(scb.c.o)
                0x0000000008000660                scb_reset_system
 .text.flash_unlock
                0x0000000008000670       0x18 liblibopencm3.a(flash_common_f.c.o)
                0x0000000008000670                flash_unlock
 .text.flash_lock
                0x0000000008000688       0x10 liblibopencm3.a(flash_common_f.c.o)
                0x0000000008000688                flash_lock
 .text.gpio_set
                0x0000000008000698        0x4 liblibopencm3.a(gpio_common_all.c.o)
                0x0000000008000698                gpio_set
 .text.gpio_clear
                0x000000000800069c        0x8 liblibopencm3.a(gpio_common_all.c.o)
                0x000000000800069c                gpio_clear
 .text.pwr_disable_backup_domain_write_protect
                0x00000000080006a4       0x10 liblibopencm3.a(pwr_common_v1.c.o)
                0x00000000080006a4                pwr_disable_backup_domain_write_protect
 .text.pwr_enable_backup_domain_write_protect
                0x00000000080006b4       0x10 liblibopencm3.a(pwr_common_v1.c.o)
                0x00000000080006b4                pwr_enable_backup_domain_write_protect
 .text.rcc_periph_clock_enable
                0x00000000080006c4       0x1c liblibopencm3.a(rcc_common_all.c.o)
                0x00000000080006c4                rcc_periph_clock_enable
 .text.rcc_periph_reset_pulse
                0x00000000080006e0       0x24 liblibopencm3.a(rcc_common_all.c.o)
                0x00000000080006e0                rcc_periph_reset_pulse
 .text.desig_get_unique_id_as_string
                0x0000000008000704       0x70 liblibopencm3.a(desig.c.o)
                0x0000000008000704                desig_get_unique_id_as_string
 .text.flash_get_status_flags
                0x0000000008000774       0x28 liblibopencm3.a(flash.c.o)
                0x0000000008000774                flash_get_status_flags
 .text.flash_program_half_word
                0x000000000800079c       0x98 liblibopencm3.a(flash.c.o)
                0x000000000800079c                flash_program_half_word
 .text.flash_erase_page
                0x0000000008000834       0xbc liblibopencm3.a(flash.c.o)
                0x0000000008000834                flash_erase_page
 .text.gpio_set_mode
                0x00000000080008f0       0x7c liblibopencm3.a(gpio.c.o)
                0x00000000080008f0                gpio_set_mode
 .text.rcc_is_osc_ready.part.0
                0x000000000800096c       0x10 liblibopencm3.a(rcc.c.o)
 .text.rcc_osc_on.part.1
                0x000000000800097c       0x10 liblibopencm3.a(rcc.c.o)
 .text.rcc_enable_rtc_clock
                0x000000000800098c       0x10 liblibopencm3.a(rcc.c.o)
                0x000000000800098c                rcc_enable_rtc_clock
 .text.rcc_set_rtc_clock_source
                0x000000000800099c       0x98 liblibopencm3.a(rcc.c.o)
                0x000000000800099c                rcc_set_rtc_clock_source
 .text.rcc_clock_setup_in_hse_8mhz_out_72mhz
                0x0000000008000a34       0xcc liblibopencm3.a(rcc.c.o)
                0x0000000008000a34                rcc_clock_setup_in_hse_8mhz_out_72mhz
 .text.st_usbfs_v1_usbd_init
                0x0000000008000b00       0x34 liblibopencm3.a(st_usbfs_v1.c.o)
 .text.st_usbfs_copy_to_pm
                0x0000000008000b34       0x24 liblibopencm3.a(st_usbfs_v1.c.o)
                0x0000000008000b34                st_usbfs_copy_to_pm
 .text.st_usbfs_copy_from_pm
                0x0000000008000b58       0x30 liblibopencm3.a(st_usbfs_v1.c.o)
                0x0000000008000b58                st_usbfs_copy_from_pm
 .text.usbd_init
                0x0000000008000b88       0x54 liblibopencm3.a(usb.c.o)
                0x0000000008000b88                usbd_init
 .text._usbd_reset
                0x0000000008000bdc       0x38 liblibopencm3.a(usb.c.o)
                0x0000000008000bdc                _usbd_reset
 .text.usbd_poll
                0x0000000008000c14        0x8 liblibopencm3.a(usb.c.o)
                0x0000000008000c14                usbd_poll
 .text.usbd_ep_setup
                0x0000000008000c1c       0x10 liblibopencm3.a(usb.c.o)
                0x0000000008000c1c                usbd_ep_setup
 .text.usbd_ep_write_packet
                0x0000000008000c2c       0x10 liblibopencm3.a(usb.c.o)
                0x0000000008000c2c                usbd_ep_write_packet
 .text.usbd_ep_read_packet
                0x0000000008000c3c       0x10 liblibopencm3.a(usb.c.o)
                0x0000000008000c3c                usbd_ep_read_packet
 .text.usbd_ep_stall_set
                0x0000000008000c4c        0x8 liblibopencm3.a(usb.c.o)
                0x0000000008000c4c                usbd_ep_stall_set
 .text.usbd_ep_stall_get
                0x0000000008000c54        0x8 liblibopencm3.a(usb.c.o)
                0x0000000008000c54                usbd_ep_stall_get
 .text.usbd_ep_nak_set
                0x0000000008000c5c        0x8 liblibopencm3.a(usb.c.o)
                0x0000000008000c5c                usbd_ep_nak_set
 .text.usb_control_send_chunk
                0x0000000008000c64       0x54 liblibopencm3.a(usb_control.c.o)
 .text.usb_control_request_dispatch
                0x0000000008000cb8       0x60 liblibopencm3.a(usb_control.c.o)
 .text.usb_control_setup_read
                0x0000000008000d18       0x7c liblibopencm3.a(usb_control.c.o)
 .text.usb_control_recv_chunk
                0x0000000008000d94       0x48 liblibopencm3.a(usb_control.c.o)
 .text.usbd_register_control_callback
                0x0000000008000ddc       0x30 liblibopencm3.a(usb_control.c.o)
                0x0000000008000ddc                usbd_register_control_callback
 .text._usbd_control_setup
                0x0000000008000e0c       0x64 liblibopencm3.a(usb_control.c.o)
                0x0000000008000e0c                _usbd_control_setup
 .text._usbd_control_out
                0x0000000008000e70       0xa0 liblibopencm3.a(usb_control.c.o)
                0x0000000008000e70                _usbd_control_out
 .text._usbd_control_in
                0x0000000008000f10       0x70 liblibopencm3.a(usb_control.c.o)
                0x0000000008000f10                _usbd_control_in
 .text.usb_standard_set_configuration
                0x0000000008000f80       0xa4 liblibopencm3.a(usb_standard.c.o)
 .text.usb_standard_get_configuration
                0x0000000008001024       0x2c liblibopencm3.a(usb_standard.c.o)
 .text.usb_standard_get_interface
                0x0000000008001050       0x3c liblibopencm3.a(usb_standard.c.o)
 .text.usb_standard_device_get_status
                0x000000000800108c       0x18 liblibopencm3.a(usb_standard.c.o)
 .text.usb_standard_endpoint_get_status
                0x00000000080010a4       0x2c liblibopencm3.a(usb_standard.c.o)
 .text.usb_standard_endpoint_stall
                0x00000000080010d0       0x10 liblibopencm3.a(usb_standard.c.o)
 .text.usb_standard_endpoint_unstall
                0x00000000080010e0       0x10 liblibopencm3.a(usb_standard.c.o)
 .text.usb_standard_set_address
                0x00000000080010f0       0x30 liblibopencm3.a(usb_standard.c.o)
 .text.usb_standard_set_interface
                0x0000000008001120       0x54 liblibopencm3.a(usb_standard.c.o)
 .text.usb_standard_get_descriptor
                0x0000000008001174      0x294 liblibopencm3.a(usb_standard.c.o)
 .text.usb_standard_interface_get_status
                0x0000000008001408       0x18 liblibopencm3.a(usb_standard.c.o)
 .text.usbd_register_set_config_callback
                0x0000000008001420       0x34 liblibopencm3.a(usb_standard.c.o)
                0x0000000008001420                usbd_register_set_config_callback
 .text._usbd_standard_request_device
                0x0000000008001454       0x58 liblibopencm3.a(usb_standard.c.o)
                0x0000000008001454                _usbd_standard_request_device
 .text._usbd_standard_request_endpoint
                0x00000000080014ac       0x40 liblibopencm3.a(usb_standard.c.o)
                0x00000000080014ac                _usbd_standard_request_endpoint
 .text._usbd_standard_request
                0x00000000080014ec       0x64 liblibopencm3.a(usb_standard.c.o)
                0x00000000080014ec                _usbd_standard_request
 .text.flash_set_ws
                0x0000000008001550       0x14 liblibopencm3.a(flash_common_all.c.o)
                0x0000000008001550                flash_set_ws
 .text.flash_wait_for_last_operation
                0x0000000008001564        0xc liblibopencm3.a(flash_common_f01.c.o)
                0x0000000008001564                flash_wait_for_last_operation
 .text.st_usbfs_set_address
                0x0000000008001570       0x10 liblibopencm3.a(st_usbfs_core.c.o)
                0x0000000008001570                st_usbfs_set_address
 .text.st_usbfs_set_ep_rx_bufsize
                0x0000000008001580       0x44 liblibopencm3.a(st_usbfs_core.c.o)
                0x0000000008001580                st_usbfs_set_ep_rx_bufsize
 .text.st_usbfs_ep_setup
                0x00000000080015c4      0x118 liblibopencm3.a(st_usbfs_core.c.o)
                0x00000000080015c4                st_usbfs_ep_setup
 .text.st_usbfs_endpoints_reset
                0x00000000080016dc       0x48 liblibopencm3.a(st_usbfs_core.c.o)
                0x00000000080016dc                st_usbfs_endpoints_reset
 .text.st_usbfs_ep_stall_set
                0x0000000008001724       0xc0 liblibopencm3.a(st_usbfs_core.c.o)
                0x0000000008001724                st_usbfs_ep_stall_set
 .text.st_usbfs_ep_stall_get
                0x00000000080017e4       0x40 liblibopencm3.a(st_usbfs_core.c.o)
                0x00000000080017e4                st_usbfs_ep_stall_get
 .text.st_usbfs_ep_nak_set
                0x0000000008001824       0x44 liblibopencm3.a(st_usbfs_core.c.o)
                0x0000000008001824                st_usbfs_ep_nak_set
 .text.st_usbfs_ep_write_packet
                0x0000000008001868       0x88 liblibopencm3.a(st_usbfs_core.c.o)
                0x0000000008001868                st_usbfs_ep_write_packet
 .text.st_usbfs_ep_read_packet
                0x00000000080018f0       0xb4 liblibopencm3.a(st_usbfs_core.c.o)
                0x00000000080018f0                st_usbfs_ep_read_packet
 .text.st_usbfs_poll
                0x00000000080019a4       0xe4 liblibopencm3.a(st_usbfs_core.c.o)
                0x00000000080019a4                st_usbfs_poll
 .text.nvic_enable_irq
                0x0000000008001a88       0x1c liblibopencm3.a(nvic.c.o)
                0x0000000008001a88                nvic_enable_irq
 .text.exti_set_trigger
                0x0000000008001aa4       0x50 liblibopencm3.a(exti_common_all.c.o)
                0x0000000008001aa4                exti_set_trigger
 .text.exti_enable_request
                0x0000000008001af4       0x1c liblibopencm3.a(exti_common_all.c.o)
                0x0000000008001af4                exti_enable_request
 .text.exti_reset_request
                0x0000000008001b10        0xc liblibopencm3.a(exti_common_all.c.o)
                0x0000000008001b10                exti_reset_request
 .text.rtc_enter_config_mode
                0x0000000008001b1c       0x18 liblibopencm3.a(rtc.c.o)
                0x0000000008001b1c                rtc_enter_config_mode
 .text.rtc_exit_config_mode
                0x0000000008001b34       0x18 liblibopencm3.a(rtc.c.o)
                0x0000000008001b34                rtc_exit_config_mode
 .text.rtc_set_alarm_time
                0x0000000008001b4c       0x40 liblibopencm3.a(rtc.c.o)
                0x0000000008001b4c                rtc_set_alarm_time
 .text.rtc_set_prescale_val
                0x0000000008001b8c       0x40 liblibopencm3.a(rtc.c.o)
                0x0000000008001b8c                rtc_set_prescale_val
 .text.rtc_get_counter_val
                0x0000000008001bcc       0x18 liblibopencm3.a(rtc.c.o)
                0x0000000008001bcc                rtc_get_counter_val
 .text.rtc_set_counter_val
                0x0000000008001be4       0x40 liblibopencm3.a(rtc.c.o)
                0x0000000008001be4                rtc_set_counter_val
 .text.rtc_interrupt_enable
                0x0000000008001c24       0x5c liblibopencm3.a(rtc.c.o)
                0x0000000008001c24                rtc_interrupt_enable
 .text.rtc_interrupt_disable
                0x0000000008001c80       0x5c liblibopencm3.a(rtc.c.o)
                0x0000000008001c80                rtc_interrupt_disable
 .text.rtc_clear_flag
                0x0000000008001cdc       0x34 liblibopencm3.a(rtc.c.o)
                0x0000000008001cdc                rtc_clear_flag
 .text.rtc_check_flag
                0x0000000008001d10       0x30 liblibopencm3.a(rtc.c.o)
                0x0000000008001d10                rtc_check_flag
 *libFrameworkLibOpenCM3.a:(SORT_BY_ALIGNMENT(.text*))
 *libcocoos.a:(SORT_BY_ALIGNMENT(.text*))
 .text.os_cbkSleep
                0x0000000008001d40        0x4 libcocoos.a(os_cbk.c.o)
                0x0000000008001d40                os_cbkSleep
 .text.os_init  0x0000000008001d44       0x34 libcocoos.a(os_kernel.c.o)
                0x0000000008001d44                os_init
 .text.os_tick  0x0000000008001d78        0x8 libcocoos.a(os_kernel.c.o)
                0x0000000008001d78                os_tick
 .text.os_msgQ_init
                0x0000000008001d80       0x24 libcocoos.a(os_msgqueue.c.o)
                0x0000000008001d80                os_msgQ_init
 .text.os_msgQ_tick
                0x0000000008001da4       0x60 libcocoos.a(os_msgqueue.c.o)
                0x0000000008001da4                os_msgQ_tick
 .text.os_sem_init
                0x0000000008001e04        0xc libcocoos.a(os_sem.c.o)
                0x0000000008001e04                os_sem_init
 .text.os_task_init
                0x0000000008001e10       0x44 libcocoos.a(os_task.c.o)
                0x0000000008001e10                os_task_init
 .text.os_task_highest_prio_ready_task
                0x0000000008001e54       0x40 libcocoos.a(os_task.c.o)
                0x0000000008001e54                os_task_highest_prio_ready_task
 .text.os_task_tick
                0x0000000008001e94       0x98 libcocoos.a(os_task.c.o)
                0x0000000008001e94                os_task_tick
 .text.os_task_signal_event
                0x0000000008001f2c       0x74 libcocoos.a(os_task.c.o)
                0x0000000008001f2c                os_task_signal_event
 .text.os_task_run
                0x0000000008001fa0       0x34 libcocoos.a(os_task.c.o)
                0x0000000008001fa0                os_task_run
 .text.os_on_assert
                0x0000000008001fd4       0x28 libcocoos.a(os_assert.c.o)
                0x0000000008001fd4                os_on_assert
 .text.os_event_init
                0x0000000008001ffc        0xc libcocoos.a(os_event.c.o)
                0x0000000008001ffc                os_event_init
 .text.os_signal_event
                0x0000000008002008        0xc libcocoos.a(os_event.c.o)
                0x0000000008002008                os_signal_event
 .text.os_event_set_signaling_tid
                0x0000000008002014       0x10 libcocoos.a(os_event.c.o)
                0x0000000008002014                os_event_set_signaling_tid
 *libcocoOS_?.?.?.a:(SORT_BY_ALIGNMENT(.text*))
 *libgcc.a:(SORT_BY_ALIGNMENT(.text*))
 .text          0x0000000008002024      0x378 /usr/local/Cellar/arm-none-eabi-gcc/7-2018-q2-update/gcc/bin/../lib/gcc/arm-none-eabi/7.3.1/thumb/v7-m/libgcc.a(_arm_addsubdf3.o)
                0x0000000008002024                __aeabi_drsub
                0x000000000800202c                __subdf3
                0x000000000800202c                __aeabi_dsub
                0x0000000008002030                __aeabi_dadd
                0x0000000008002030                __adddf3
                0x00000000080022a8                __aeabi_ui2d
                0x00000000080022a8                __floatunsidf
                0x00000000080022c8                __floatsidf
                0x00000000080022c8                __aeabi_i2d
                0x00000000080022ec                __extendsfdf2
                0x00000000080022ec                __aeabi_f2d
                0x0000000008002330                __aeabi_ul2d
                0x0000000008002330                __floatundidf
                0x0000000008002340                __aeabi_l2d
                0x0000000008002340                __floatdidf
 .text          0x000000000800239c       0xa0 /usr/local/Cellar/arm-none-eabi-gcc/7-2018-q2-update/gcc/bin/../lib/gcc/arm-none-eabi/7.3.1/thumb/v7-m/libgcc.a(_arm_truncdfsf2.o)
                0x000000000800239c                __aeabi_d2f
                0x000000000800239c                __truncdfsf2
 .text          0x000000000800243c       0x70 /usr/local/Cellar/arm-none-eabi-gcc/7-2018-q2-update/gcc/bin/../lib/gcc/arm-none-eabi/7.3.1/thumb/v7-m/libgcc.a(_powidf2.o)
                0x000000000800243c                __powidf2
 *libqfplib.a:(SORT_BY_ALIGNMENT(.text*))
 .text          0x00000000080024ac      0x4c8 libqfplib.a(qfplib.S.o)
                0x0000000008002574                qfp_fsub
                0x000000000800257a                qfp_fadd
                0x00000000080025bc                qfp_fcmp
                0x00000000080025d8                qfp_fmul
                0x00000000080025e8                qfp_fdiv
                0x000000000800262a                qfp_fdiv_fast
                0x000000000800267a                qfp_fsqrt_fast
                0x00000000080026f0                qfp_float2int
                0x00000000080026f2                qfp_float2fix
                0x000000000800271a                qfp_float2uint
                0x000000000800271c                qfp_float2ufix
                0x0000000008002736                qfp_int2float
                0x0000000008002738                qfp_fix2float
                0x0000000008002742                qfp_uint2float
                0x0000000008002744                qfp_ufix2float
                0x00000000080027da                qfp_fsin
                0x000000000800281c                qfp_fcos
                0x0000000008002826                qfp_ftan
                0x000000000800282e                qfp_fexp
                0x000000000800285e                qfp_fsqrt
                0x0000000008002898                qfp_fln
                0x00000000080028bc                qfp_fatan2
 *libnano-float.a:(SORT_BY_ALIGNMENT(.text*))
 *fill*         0x0000000008002974        0x4 
 .text.acos     0x0000000008002978       0xcc libnano-float.a(functions.c.o)
                0x0000000008002978                acos
 .text.__wrap___aeabi_ddiv
                0x0000000008002a44       0x30 libnano-float.a(functions.c.o)
                0x0000000008002a44                __wrap___aeabi_ddiv
 .text.__wrap___aeabi_dmul
                0x0000000008002a74       0x30 libnano-float.a(functions.c.o)
                0x0000000008002a74                __wrap___aeabi_dmul
 .text.__wrap___aeabi_dadd
                0x0000000008002aa4       0x30 libnano-float.a(functions.c.o)
                0x0000000008002aa4                __wrap___aeabi_dadd
 .text.__wrap___aeabi_dsub
                0x0000000008002ad4       0x30 libnano-float.a(functions.c.o)
                0x0000000008002ad4                __wrap___aeabi_dsub
 .text.__wrap___aeabi_dcmpeq
                0x0000000008002b04       0x34 libnano-float.a(functions.c.o)
                0x0000000008002b04                __wrap___aeabi_dcmpeq
 .text.__wrap___aeabi_dcmplt
                0x0000000008002b38       0x30 libnano-float.a(functions.c.o)
                0x0000000008002b38                __wrap___aeabi_dcmplt
 .text.__wrap___aeabi_dcmple
                0x0000000008002b68       0x34 libnano-float.a(functions.c.o)
                0x0000000008002b68                __wrap___aeabi_dcmple
 .text.__wrap___aeabi_dcmpge
                0x0000000008002b9c       0x30 libnano-float.a(functions.c.o)
                0x0000000008002b9c                __wrap___aeabi_dcmpge
 .text.__wrap___aeabi_dcmpgt
                0x0000000008002bcc       0x34 libnano-float.a(functions.c.o)
                0x0000000008002bcc                __wrap___aeabi_dcmpgt
 .text.__wrap___aeabi_dcmpun
                0x0000000008002c00       0x34 libnano-float.a(functions.c.o)
                0x0000000008002c00                __wrap___aeabi_dcmpun
 .text.__wrap___aeabi_d2iz
                0x0000000008002c34       0x2c libnano-float.a(functions.c.o)
                0x0000000008002c34                __wrap___aeabi_d2iz
 .text.__wrap___aeabi_d2uiz
                0x0000000008002c60       0x38 libnano-float.a(functions.c.o)
                0x0000000008002c60                __wrap___aeabi_d2uiz
 .text.sqrt     0x0000000008002c98       0x1c libnano-float.a(functions.c.o)
                0x0000000008002c98                sqrt
 .text.log      0x0000000008002cb4       0x1c libnano-float.a(functions.c.o)
                0x0000000008002cb4                log
 .text.exp      0x0000000008002cd0       0x1c libnano-float.a(functions.c.o)
                0x0000000008002cd0                exp
 .text.log2     0x0000000008002cec       0x28 libnano-float.a(functions.c.o)
                0x0000000008002cec                log2
 .text.log10    0x0000000008002d14       0x28 libnano-float.a(functions.c.o)
                0x0000000008002d14                log10
 .text.pow      0x0000000008002d3c       0x8c libnano-float.a(functions.c.o)
                0x0000000008002d3c                pow
 .text.sin      0x0000000008002dc8       0x1c libnano-float.a(functions.c.o)
                0x0000000008002dc8                sin
 .text.cos      0x0000000008002de4       0x34 libnano-float.a(functions.c.o)
                0x0000000008002de4                cos
 .text.tan      0x0000000008002e18       0x1c libnano-float.a(functions.c.o)
                0x0000000008002e18                tan
 .text.atan2    0x0000000008002e34       0x54 libnano-float.a(functions.c.o)
                0x0000000008002e34                atan2
 .text.atan     0x0000000008002e88       0xb0 libnano-float.a(functions.c.o)
                0x0000000008002e88                atan
 .text.asin     0x0000000008002f38       0x94 libnano-float.a(functions.c.o)
                0x0000000008002f38                asin
 .text.sinh     0x0000000008002fcc       0xa8 libnano-float.a(functions.c.o)
                0x0000000008002fcc                sinh
 .text.cosh     0x0000000008003074       0xa4 libnano-float.a(functions.c.o)
                0x0000000008003074                cosh
 .text.tanh     0x0000000008003118       0xb8 libnano-float.a(functions.c.o)
                0x0000000008003118                tanh
 .text.asinh    0x00000000080031d0       0xa4 libnano-float.a(functions.c.o)
                0x00000000080031d0                asinh
 .text.acosh    0x0000000008003274       0xac libnano-float.a(functions.c.o)
                0x0000000008003274                acosh
 .text.atanh    0x0000000008003320       0xc8 libnano-float.a(functions.c.o)
                0x0000000008003320                atanh
 .text.trunc    0x00000000080033e8       0x8c libnano-float.a(functions.c.o)
                0x00000000080033e8                trunc
 .text.floor    0x0000000008003474       0x88 libnano-float.a(functions.c.o)
                0x0000000008003474                floor
 .text.ceil     0x00000000080034fc       0x88 libnano-float.a(functions.c.o)
                0x00000000080034fc                ceil
 .text.fmod     0x0000000008003584      0x13c libnano-float.a(functions.c.o)
                0x0000000008003584                fmod
 *libnewlib.a:(SORT_BY_ALIGNMENT(.text*))
 .text._strtol_l.isra.0
                0x00000000080036c0       0xf4 libnewlib.a(strtol.c.o)
 .text.strtol   0x00000000080037b4       0x14 libnewlib.a(strtol.c.o)
                0x00000000080037b4                strtol
 .text.memcpy   0x00000000080037c8       0x1c libnewlib.a(memcpy-stub.c.o)
                0x00000000080037c8                memcpy
 .text          0x00000000080037e4       0x14 libnewlib.a(strcmp.S.o)
                0x00000000080037e4                strcmp
 .text          0x00000000080037f8       0x10 libnewlib.a(strlen.S.o)
                0x00000000080037f8                strlen
 .text.memcmp   0x0000000008003808       0x1e libnewlib.a(memcmp.c.o)
                0x0000000008003808                memcmp
 .text.memmove  0x0000000008003826       0x34 libnewlib.a(memmove.c.o)
                0x0000000008003826                memmove
 .text.memset   0x000000000800385a       0x10 libnewlib.a(memset.c.o)
                0x000000000800385a                memset
 .text.strstr   0x000000000800386a       0x2c libnewlib.a(strstr.c.o)
                0x000000000800386a                strstr
 .text.strncat  0x0000000008003896       0x28 libnewlib.a(strncat.c.o)
                0x0000000008003896                strncat
 .text.strncpy  0x00000000080038be       0x2a libnewlib.a(strncpy.c.o)
                0x00000000080038be                strncpy
 *liblogger.a:(SORT_BY_ALIGNMENT(.text*))
 .text.debug_flush.part.1
                0x00000000080038e8       0x40 liblogger.a(logger.cpp.o)
 .text._ZL12debug_appendPKcj
                0x0000000008003928       0x64 liblogger.a(logger.cpp.o)
 .text.debug_print.part.3
                0x000000000800398c       0x14 liblogger.a(logger.cpp.o)
 .text.enable_log
                0x00000000080039a0        0xc liblogger.a(logger.cpp.o)
                0x00000000080039a0                enable_log
 .text.debug_flush
                0x00000000080039ac       0x10 liblogger.a(logger.cpp.o)
                0x00000000080039ac                debug_flush
 .text._Z11debug_printj
                0x00000000080039bc       0x88 liblogger.a(logger.cpp.o)
                0x00000000080039bc                debug_print(unsigned int)
 .text._Z11debug_printi
                0x0000000008003a44       0x30 liblogger.a(logger.cpp.o)
                0x0000000008003a44                debug_print(int)
 .text.debug_print
                0x0000000008003a74        0xc liblogger.a(logger.cpp.o)
                0x0000000008003a74                debug_print
 .text.debug_println
                0x0000000008003a80       0x1c liblogger.a(logger.cpp.o)
                0x0000000008003a80                debug_println
 .text._Z13debug_printlni
                0x0000000008003a9c       0x18 liblogger.a(logger.cpp.o)
                0x0000000008003a9c                debug_println(int)
 .text.debug_print_unsigned
                0x0000000008003ab4        0x4 liblogger.a(logger.cpp.o)
                0x0000000008003ab4                debug_print_unsigned
 .text.debug_printhex
                0x0000000008003ab8       0x48 liblogger.a(logger.cpp.o)
                0x0000000008003ab8                debug_printhex
 .text.debug_printhex_unsigned
                0x0000000008003b00       0x24 liblogger.a(logger.cpp.o)
                0x0000000008003b00                debug_printhex_unsigned
 *libbluepill.a:(SORT_BY_ALIGNMENT(.text*))
 .text.platform_setup
                0x0000000008003b24       0x4c libbluepill.a(bluepill.cpp.o)
                0x0000000008003b24                platform_setup
 .text.enable_debug
                0x0000000008003b70       0x10 libbluepill.a(bluepill.cpp.o)
                0x0000000008003b70                enable_debug
 .text.__cxa_pure_virtual
                0x0000000008003b80        0x8 libbluepill.a(bluepill.cpp.o)
                0x0000000008003b80                __cxa_pure_virtual
 .text._Znwj    0x0000000008003b88        0x4 libbluepill.a(bluepill.cpp.o)
                0x0000000008003b88                operator new(unsigned int)
 .text._ZdlPv   0x0000000008003b8c        0x4 libbluepill.a(bluepill.cpp.o)
                0x0000000008003b8c                operator delete(void*)
 .text.led_setup
                0x0000000008003b90       0x20 libbluepill.a(led.cpp.o)
                0x0000000008003b90                led_setup
 .text.led_on   0x0000000008003bb0       0x10 libbluepill.a(led.cpp.o)
                0x0000000008003bb0                led_on
 .text.led_off  0x0000000008003bc0       0x10 libbluepill.a(led.cpp.o)
                0x0000000008003bc0                led_off
 .text.led_wait
                0x0000000008003bd0       0x10 libbluepill.a(led.cpp.o)
                0x0000000008003bd0                led_wait
 .text.platform_start_timer
                0x0000000008003be0      0x11c libbluepill.a(timer.cpp.o)
                0x0000000008003be0                platform_start_timer
 .text.platform_set_alarm
                0x0000000008003cfc       0x58 libbluepill.a(timer.cpp.o)
                0x0000000008003cfc                platform_set_alarm
 .text.rtc_isr  0x0000000008003d54       0x30 libbluepill.a(timer.cpp.o)
                0x0000000008003d54                rtc_isr
 .text.rtc_alarm_isr
                0x0000000008003d84       0x30 libbluepill.a(timer.cpp.o)
                0x0000000008003d84                rtc_alarm_isr
 .text.millis   0x0000000008003db4        0x4 libbluepill.a(timer.cpp.o)
                0x0000000008003db4                millis
 *libbootloader.a:(SORT_BY_ALIGNMENT(.text*))
 .text.bootloader_poll
                0x0000000008003db8       0x3c libbootloader.a(bootloader.c.o)
                0x0000000008003db8                bootloader_poll
 .text.bootloader_start
                0x0000000008003df4       0xec libbootloader.a(bootloader.c.o)
                0x0000000008003df4                bootloader_start
 .text.set_aggregate_callback
                0x0000000008003ee0       0x60 libbootloader.a(usb_conf.c.o)
 .text.usb_setup
                0x0000000008003f40       0x94 libbootloader.a(usb_conf.c.o)
                0x0000000008003f40                usb_setup
 .text.aggregate_register_config_callback
                0x0000000008003fd4       0x3c libbootloader.a(usb_conf.c.o)
                0x0000000008003fd4                aggregate_register_config_callback
 .text.aggregate_register_callback
                0x0000000008004010       0x50 libbootloader.a(usb_conf.c.o)
                0x0000000008004010                aggregate_register_callback
 .text.usb_set_serial_number
                0x0000000008004060       0x1c libbootloader.a(usb_conf.c.o)
                0x0000000008004060                usb_set_serial_number
 .text.dump_buffer
                0x000000000800407c       0x50 libbootloader.a(usb_conf.c.o)
                0x000000000800407c                dump_buffer
 .text.dump_usb_request
                0x00000000080040cc      0x178 libbootloader.a(usb_conf.c.o)
                0x00000000080040cc                dump_usb_request
 .text.aggregate_callback
                0x0000000008004244       0xa8 libbootloader.a(usb_conf.c.o)
 .text.webusb_set_config
                0x00000000080042ec       0x28 libbootloader.a(webusb.c.o)
 .text.webusb_control_vendor_request
                0x0000000008004314       0xa4 libbootloader.a(webusb.c.o)
 .text.webusb_setup
                0x00000000080043b8       0x50 libbootloader.a(webusb.c.o)
                0x00000000080043b8                webusb_setup
 .text.winusb_control_vendor_request
                0x0000000008004408       0x9c libbootloader.a(winusb.c.o)
 .text.winusb_set_config
                0x00000000080044a4       0x28 libbootloader.a(winusb.c.o)
 .text.winusb_descriptor_request
                0x00000000080044cc       0x48 libbootloader.a(winusb.c.o)
 .text.winusb_setup
                0x0000000008004514       0x5c libbootloader.a(winusb.c.o)
                0x0000000008004514                winusb_setup
 .text.target_set_led
                0x0000000008004570       0x18 libbootloader.a(target_stm32f103.c.o)
                0x0000000008004570                target_set_led
 .text.target_gpio_setup
                0x0000000008004588       0x70 libbootloader.a(target_stm32f103.c.o)
                0x0000000008004588                target_gpio_setup
 .text.target_usb_init
                0x00000000080045f8       0x2c libbootloader.a(target_stm32f103.c.o)
                0x00000000080045f8                target_usb_init
 .text.target_manifest_app
                0x0000000008004624       0x14 libbootloader.a(target_stm32f103.c.o)
                0x0000000008004624                target_manifest_app
 .text.target_manifest_bootloader
                0x0000000008004638       0x14 libbootloader.a(target_stm32f103.c.o)
                0x0000000008004638                target_manifest_bootloader
 .text.target_get_force_bootloader
                0x000000000800464c       0x38 libbootloader.a(target_stm32f103.c.o)
                0x000000000800464c                target_get_force_bootloader
 .text.target_get_startup_mode
                0x0000000008004684       0x7c libbootloader.a(target_stm32f103.c.o)
                0x0000000008004684                target_get_startup_mode
 .text.target_get_serial_number
                0x0000000008004700        0x8 libbootloader.a(target_stm32f103.c.o)
                0x0000000008004700                target_get_serial_number
 .text.target_flash_unlock
                0x0000000008004708        0x4 libbootloader.a(target_stm32f103.c.o)
                0x0000000008004708                target_flash_unlock
 .text.target_flash_lock
                0x000000000800470c        0x4 libbootloader.a(target_stm32f103.c.o)
                0x000000000800470c                target_flash_lock
 .text.target_flash_program_array
                0x0000000008004710       0xf4 libbootloader.a(target_stm32f103.c.o)
                0x0000000008004710                target_flash_program_array
 .text.cdcacm_comm_cb
                0x0000000008004804       0x14 libbootloader.a(cdc.c.o)
 .text.cdcacm_data_rx_cb
                0x0000000008004818       0x50 libbootloader.a(cdc.c.o)
 .text.cdcacm_set_config
                0x0000000008004868       0x68 libbootloader.a(cdc.c.o)
 .text.cdcacm_control_request
                0x00000000080048d0       0x68 libbootloader.a(cdc.c.o)
 .text.cdc_setup
                0x0000000008004938       0x24 libbootloader.a(cdc.c.o)
                0x0000000008004938                cdc_setup
 .text.hf2_set_config
                0x000000000800495c       0x3c libbootloader.a(hf2.c.o)
 .text.assert.part.0
                0x0000000008004998       0x1c libbootloader.a(hf2.c.o)
 .text.pokeSend
                0x00000000080049b4       0x88 libbootloader.a(hf2.c.o)
 .text.send_hf2_response
                0x0000000008004a3c       0x3c libbootloader.a(hf2.c.o)
 .text.hf2_data_tx_cb
                0x0000000008004a78        0x4 libbootloader.a(hf2.c.o)
 .text.hf2_data_rx_cb
                0x0000000008004a7c      0x20c libbootloader.a(hf2.c.o)
 .text.hf2_setup
                0x0000000008004c88       0x2c libbootloader.a(hf2.c.o)
                0x0000000008004c88                hf2_setup
 .text.usb21_set_config
                0x0000000008004cb4       0x28 libbootloader.a(usb21_standard.c.o)
 .text.usb21_standard_get_descriptor
                0x0000000008004cdc       0xe0 libbootloader.a(usb21_standard.c.o)
 .text.usb21_setup
                0x0000000008004dbc       0x38 libbootloader.a(usb21_standard.c.o)
                0x0000000008004dbc                usb21_setup
 .text.backup_write
                0x0000000008004df4       0x38 libbootloader.a(backup.c.o)
                0x0000000008004df4                backup_write
 .text.backup_read
                0x0000000008004e2c       0x18 libbootloader.a(backup.c.o)
                0x0000000008004e2c                backup_read
 .text.flushFlash.part.0
                0x0000000008004e44       0x84 libbootloader.a(ghostfat.c.o)
 .text.flash_write
                0x0000000008004ec8       0x60 libbootloader.a(ghostfat.c.o)
                0x0000000008004ec8                flash_write
                0x0000000008004f28                . = ALIGN (0x4)
 :*reset_handler*(SORT_BY_ALIGNMENT(.rodata*))
 .rodata.reset_handler.str1.4
                0x0000000008004f28       0x37 /Users/Luppy/stm32bluepill-makecode/pxt-maker/projects/blink/built/dockercodal/build/libraries/codal-libopencm3/CMakeFiles/hal.dir/stm32/hal/reset_handler.c.o
 *libhal.a:*reset_handler*(SORT_BY_ALIGNMENT(.rodata*))
 :*codal_target_hal*(SORT_BY_ALIGNMENT(.rodata*))
 *libhal.a:*codal_target_hal*(SORT_BY_ALIGNMENT(.rodata*))
 *fill*         0x0000000008004f5f        0x1 
 .rodata._ZL11timer_alarmv.str1.4
                0x0000000008004f60        0x4 libhal.a(codal_target_hal.cpp.o)
 .rodata.target_get_serial.str1.4
                0x0000000008004f64       0x16 libhal.a(codal_target_hal.cpp.o)
 *fill*         0x0000000008004f7a        0x2 
 .rodata.target_panic.str1.4
                0x0000000008004f7c       0x13 libhal.a(codal_target_hal.cpp.o)
 *fill*         0x0000000008004f8f        0x1 
 .rodata.target_reset.str1.4
                0x0000000008004f90       0x11 libhal.a(codal_target_hal.cpp.o)
 *fill*         0x0000000008004fa1        0x3 
 .rodata.target_seed_random.str1.4
                0x0000000008004fa4       0x17 libhal.a(codal_target_hal.cpp.o)
 *fill*         0x0000000008004fbb        0x1 
 .rodata.target_wait.str1.4
                0x0000000008004fbc       0x10 libhal.a(codal_target_hal.cpp.o)
 .rodata.target_wait_us.str1.4
                0x0000000008004fcc       0x13 libhal.a(codal_target_hal.cpp.o)
 *fill*         0x0000000008004fdf        0x1 
 .rodata.test_codal.str1.4
                0x0000000008004fe0       0x3c libhal.a(codal_target_hal.cpp.o)
 :*CortexContextSwitch*(SORT_BY_ALIGNMENT(.rodata*))
 *libhal.a:(SORT_BY_ALIGNMENT(.rodata*))
 *liblibopencm3.a:(SORT_BY_ALIGNMENT(.rodata*))
 .rodata.desig_get_unique_id_as_string.str1.4
                0x000000000800501c       0x11 liblibopencm3.a(desig.c.o)
 *fill*         0x000000000800502d        0x3 
 .rodata.st_usbfs_v1_usb_driver
                0x0000000008005030       0x34 liblibopencm3.a(st_usbfs_v1.c.o)
                0x0000000008005030                st_usbfs_v1_usb_driver
 *libFrameworkLibOpenCM3.a:(SORT_BY_ALIGNMENT(.rodata*))
 *libcocoos.a:(SORT_BY_ALIGNMENT(.rodata*))
 .rodata.os_on_assert.str1.4
                0x0000000008005064       0x1a libcocoos.a(os_assert.c.o)
 *libcocoOS_?.?.?.a:(SORT_BY_ALIGNMENT(.rodata*))
 *libgcc.a:(SORT_BY_ALIGNMENT(.rodata*))
 *libqfplib.a:(SORT_BY_ALIGNMENT(.rodata*))
 *libnano-float.a:(SORT_BY_ALIGNMENT(.rodata*))
 *libnewlib.a:(SORT_BY_ALIGNMENT(.rodata*))
 .rodata._ctype_
                0x000000000800507e      0x101 libnewlib.a(ctype_.c.o)
                0x000000000800507e                _ctype_
 *liblogger.a:(SORT_BY_ALIGNMENT(.rodata*))
 *fill*         0x000000000800517f        0x1 
 .rodata._Z11debug_printi.str1.4
                0x0000000008005180        0x6 liblogger.a(logger.cpp.o)
 *fill*         0x0000000008005186        0x2 
 .rodata._Z11debug_printj.str1.4
                0x0000000008005188        0xb liblogger.a(logger.cpp.o)
 *fill*         0x0000000008005193        0x1 
 .rodata.debug_println.str1.4
                0x0000000008005194        0x2 liblogger.a(logger.cpp.o)
 *libbluepill.a:(SORT_BY_ALIGNMENT(.rodata*))
 *fill*         0x0000000008005196        0x2 
 .rodata.platform_setup.str1.4
                0x0000000008005198       0x13 libbluepill.a(bluepill.cpp.o)
 *fill*         0x00000000080051ab        0x1 
 .rodata.platform_set_alarm.str1.4
                0x00000000080051ac        0xf libbluepill.a(timer.cpp.o)
 *fill*         0x00000000080051bb        0x1 
 .rodata.platform_start_timer.str1.4
                0x00000000080051bc       0x38 libbluepill.a(timer.cpp.o)
                                         0x35 (size before relaxing)
 *libbootloader.a:(SORT_BY_ALIGNMENT(.rodata*))
 .rodata.bootloader_start.str1.4
                0x00000000080051f4       0x60 libbootloader.a(bootloader.c.o)
 .rodata.aggregate_callback.str1.4
                0x0000000008005254        0xc libbootloader.a(usb_conf.c.o)
 .rodata.aggregate_register_callback.str1.4
                0x0000000008005260       0x26 libbootloader.a(usb_conf.c.o)
 *fill*         0x0000000008005286        0x2 
 .rodata.aggregate_register_config_callback.str1.4
                0x0000000008005288       0x25 libbootloader.a(usb_conf.c.o)
 *fill*         0x00000000080052ad        0x3 
 .rodata.bos_descriptor
                0x00000000080052b0        0x9 libbootloader.a(usb_conf.c.o)
 *fill*         0x00000000080052b9        0x3 
 .rodata.cdc_iface_assoc
                0x00000000080052bc        0x8 libbootloader.a(usb_conf.c.o)
 .rodata.cdcacm_functional_descriptors
                0x00000000080052c4       0x13 libbootloader.a(usb_conf.c.o)
 *fill*         0x00000000080052d7        0x1 
 .rodata.comm_endp
                0x00000000080052d8        0xf libbootloader.a(usb_conf.c.o)
 *fill*         0x00000000080052e7        0x1 
 .rodata.comm_iface
                0x00000000080052e8       0x15 libbootloader.a(usb_conf.c.o)
 *fill*         0x00000000080052fd        0x3 
 .rodata.config
                0x0000000008005300        0xd libbootloader.a(usb_conf.c.o)
 *fill*         0x000000000800530d        0x3 
 .rodata.data_endp
                0x0000000008005310       0x1e libbootloader.a(usb_conf.c.o)
 *fill*         0x000000000800532e        0x2 
 .rodata.data_iface
                0x0000000008005330       0x15 libbootloader.a(usb_conf.c.o)
 *fill*         0x0000000008005345        0x3 
 .rodata.dev    0x0000000008005348       0x12 libbootloader.a(usb_conf.c.o)
 *fill*         0x000000000800535a        0x2 
 .rodata.dump_buffer.str1.4
                0x000000000800535c        0x4 libbootloader.a(usb_conf.c.o)
                                          0x9 (size before relaxing)
 .rodata.dump_usb_request.str1.4
                0x0000000008005360       0x90 libbootloader.a(usb_conf.c.o)
 .rodata.hf2_endp
                0x00000000080053f0       0x1e libbootloader.a(usb_conf.c.o)
 *fill*         0x000000000800540e        0x2 
 .rodata.hf2_iface
                0x0000000008005410       0x15 libbootloader.a(usb_conf.c.o)
 *fill*         0x0000000008005425        0x3 
 .rodata.interfaces
                0x0000000008005428       0x30 libbootloader.a(usb_conf.c.o)
 .rodata.set_aggregate_callback.str1.4
                0x0000000008005458       0x41 libbootloader.a(usb_conf.c.o)
 *fill*         0x0000000008005499        0x3 
 .rodata.str1.4
                0x000000000800549c       0x86 libbootloader.a(usb_conf.c.o)
 *fill*         0x0000000008005522        0x2 
 .rodata.usb_setup.str1.4
                0x0000000008005524       0x31 libbootloader.a(usb_conf.c.o)
 *fill*         0x0000000008005555        0x3 
 .rodata.webusb_control_vendor_request.str1.4
                0x0000000008005558       0x3f libbootloader.a(webusb.c.o)
                                         0x43 (size before relaxing)
 *fill*         0x0000000008005597        0x1 
 .rodata.webusb_platform_capability_descriptor
                0x0000000008005598       0x18 libbootloader.a(webusb.c.o)
                0x0000000008005598                webusb_platform_capability_descriptor
 .rodata.webusb_set_config.str1.4
                0x00000000080055b0       0x1d libbootloader.a(webusb.c.o)
 *fill*         0x00000000080055cd        0x3 
 .rodata.webusb_setup.str1.4
                0x00000000080055d0       0x18 libbootloader.a(webusb.c.o)
 .rodata.guid   0x00000000080055e8       0x92 libbootloader.a(winusb.c.o)
 *fill*         0x000000000800567a        0x2 
 .rodata.microsoft_platform_capability_descriptor
                0x000000000800567c       0x1c libbootloader.a(winusb.c.o)
                0x000000000800567c                microsoft_platform_capability_descriptor
 .rodata.winusb_control_vendor_request.str1.4
                0x0000000008005698       0x17 libbootloader.a(winusb.c.o)
 *fill*         0x00000000080056af        0x1 
 .rodata.winusb_descriptor_request.str1.4
                0x00000000080056b0        0x6 libbootloader.a(winusb.c.o)
 *fill*         0x00000000080056b6        0x2 
 .rodata.winusb_set_config.str1.4
                0x00000000080056b8       0x1d libbootloader.a(winusb.c.o)
 *fill*         0x00000000080056d5        0x3 
 .rodata.winusb_setup.str1.4
                0x00000000080056d8       0x18 libbootloader.a(winusb.c.o)
 .rodata.winusb_string_descriptor
                0x00000000080056f0       0x12 libbootloader.a(winusb.c.o)
 *fill*         0x0000000008005702        0x2 
 .rodata.target_flash_program_array.str1.4
                0x0000000008005704       0x73 libbootloader.a(target_stm32f103.c.o)
 *fill*         0x0000000008005777        0x1 
 .rodata.target_get_startup_mode.str1.4
                0x0000000008005778       0x35 libbootloader.a(target_stm32f103.c.o)
                                         0x39 (size before relaxing)
 *fill*         0x00000000080057ad        0x3 
 .rodata.cdc_setup.str1.4
                0x00000000080057b0       0x15 libbootloader.a(cdc.c.o)
 *fill*         0x00000000080057c5        0x3 
 .rodata.cdcacm_comm_cb.str1.4
                0x00000000080057c8        0x5 libbootloader.a(cdc.c.o)
 *fill*         0x00000000080057cd        0x3 
 .rodata.cdcacm_control_request.str1.4
                0x00000000080057d0       0x28 libbootloader.a(cdc.c.o)
                                         0x31 (size before relaxing)
 .rodata.cdcacm_data_rx_cb.str1.4
                0x00000000080057f8        0x6 libbootloader.a(cdc.c.o)
 *fill*         0x00000000080057fe        0x2 
 .rodata.cdcacm_set_config.str1.4
                0x0000000008005800       0x1d libbootloader.a(cdc.c.o)
 *fill*         0x000000000800581d        0x3 
 .rodata.line_coding
                0x0000000008005820        0x7 libbootloader.a(cdc.c.o)
 *fill*         0x0000000008005827        0x1 
 .rodata.assert.part.0.str1.4
                0x0000000008005828        0xc libbootloader.a(hf2.c.o)
 .rodata.bad_packet_message
                0x0000000008005834        0xb libbootloader.a(hf2.c.o)
 *fill*         0x000000000800583f        0x1 
 .rodata.hf2_data_rx_cb.str1.4
                0x0000000008005840       0x95 libbootloader.a(hf2.c.o)
                                         0x99 (size before relaxing)
 *fill*         0x00000000080058d5        0x3 
 .rodata.hf2_set_config.str1.4
                0x00000000080058d8        0xb libbootloader.a(hf2.c.o)
 *fill*         0x00000000080058e3        0x1 
 .rodata.hf2_setup.str1.4
                0x00000000080058e4       0x15 libbootloader.a(hf2.c.o)
 *fill*         0x00000000080058f9        0x3 
 .rodata.send_hf2_response.str1.4
                0x00000000080058fc        0x7 libbootloader.a(hf2.c.o)
 *fill*         0x0000000008005903        0x1 
 .rodata.usb21_set_config.str1.4
                0x0000000008005904       0x1c libbootloader.a(usb21_standard.c.o)
 .rodata.usb21_setup.str1.4
                0x0000000008005920       0x17 libbootloader.a(usb21_standard.c.o)
 *fill*         0x0000000008005937        0x1 
 .rodata.usb21_standard_get_descriptor.str1.4
                0x0000000008005938       0x24 libbootloader.a(usb21_standard.c.o)
 .rodata.flushFlash.part.0.str1.4
                0x000000000800595c       0x1e libbootloader.a(ghostfat.c.o)
                                         0x22 (size before relaxing)
 *fill*         0x000000000800597a        0x2 
 .rodata.infoUf2File
                0x000000000800597c       0x55 libbootloader.a(ghostfat.c.o)
                0x000000000800597c                infoUf2File
                0x00000000080059d4                . = ALIGN (0x4)
 *fill*         0x00000000080059d1        0x3 
                0x00000000080059d4                _boot_etext = .

.text           0x0000000008006000     0x6220
                0x0000000008006000                . = ALIGN (0x4)
                0x0000000008006000                _text = .
 *(SORT_BY_ALIGNMENT(.text.application_start))
 .text.application_start
                0x0000000008006000      0x118 libcm.a(application.cpp.o)
                0x0000000008006000                application_start
 *(SORT_BY_ALIGNMENT(.text.main))
 *(SORT_BY_ALIGNMENT(.text.startup.main))
 .text.startup.main
                0x0000000008006118        0xc CMakeFiles/STM32_BLUE_PILL.dir/pxtapp/main.cpp.o
                0x0000000008006118                main
 *(SORT_BY_ALIGNMENT(.text*))
 *fill*         0x0000000008006124        0x4 
 .text._ZN6numops5mycvtEdPc
                0x0000000008006128      0x174 CMakeFiles/STM32_BLUE_PILL.dir/pxtapp/base/core.cpp.o
                0x0000000008006128                numops::mycvt(double, char*)
 *fill*         0x000000000800629c        0x4 
 .text._ZN5Math_12randomDoubleEv
                0x00000000080062a0       0x54 CMakeFiles/STM32_BLUE_PILL.dir/pxtapp/base/core.cpp.o
                0x00000000080062a0                Math_::randomDouble()
 .text._ZN5Math_4log2EPN3pxt12TValueStructE
                0x00000000080062f4       0x14 CMakeFiles/STM32_BLUE_PILL.dir/pxtapp/base/advmath.cpp.o
                0x00000000080062f4                Math_::log2(pxt::TValueStruct*)
 .text._ZN5Math_3expEPN3pxt12TValueStructE
                0x0000000008006308       0x14 CMakeFiles/STM32_BLUE_PILL.dir/pxtapp/base/advmath.cpp.o
                0x0000000008006308                Math_::exp(pxt::TValueStruct*)
 .text._ZN5Math_4tanhEPN3pxt12TValueStructE
                0x000000000800631c       0x14 CMakeFiles/STM32_BLUE_PILL.dir/pxtapp/base/advmath.cpp.o
                0x000000000800631c                Math_::tanh(pxt::TValueStruct*)
 .text._ZN5Math_4sinhEPN3pxt12TValueStructE
                0x0000000008006330       0x14 CMakeFiles/STM32_BLUE_PILL.dir/pxtapp/base/advmath.cpp.o
                0x0000000008006330                Math_::sinh(pxt::TValueStruct*)
 .text._ZN5Math_4coshEPN3pxt12TValueStructE
                0x0000000008006344       0x14 CMakeFiles/STM32_BLUE_PILL.dir/pxtapp/base/advmath.cpp.o
                0x0000000008006344                Math_::cosh(pxt::TValueStruct*)
 .text._ZN5Math_5atanhEPN3pxt12TValueStructE
                0x0000000008006358       0x14 CMakeFiles/STM32_BLUE_PILL.dir/pxtapp/base/advmath.cpp.o
                0x0000000008006358                Math_::atanh(pxt::TValueStruct*)
 .text._ZN5Math_5asinhEPN3pxt12TValueStructE
                0x000000000800636c       0x14 CMakeFiles/STM32_BLUE_PILL.dir/pxtapp/base/advmath.cpp.o
                0x000000000800636c                Math_::asinh(pxt::TValueStruct*)
 .text._ZN5Math_5acoshEPN3pxt12TValueStructE
                0x0000000008006380       0x14 CMakeFiles/STM32_BLUE_PILL.dir/pxtapp/base/advmath.cpp.o
                0x0000000008006380                Math_::acosh(pxt::TValueStruct*)
 .text._ZN3pxtL9readBytesEPhS0_ibi
                0x0000000008006394       0x64 CMakeFiles/STM32_BLUE_PILL.dir/pxtapp/base/buffer.cpp.o
 .text._ZN13BufferMethods8getBytesEPN3pxt11BoxedBufferE
                0x00000000080063f8        0x4 CMakeFiles/STM32_BLUE_PILL.dir/pxtapp/base/buffer.cpp.o
                0x00000000080063f8                BufferMethods::getBytes(pxt::BoxedBuffer*)
 .text._ZN13BufferMethods7getByteEPN3pxt11BoxedBufferEi
                0x00000000080063fc       0x18 CMakeFiles/STM32_BLUE_PILL.dir/pxtapp/base/buffer.cpp.o
                0x00000000080063fc                BufferMethods::getByte(pxt::BoxedBuffer*, int)
 .text._ZN13BufferMethods7setByteEPN3pxt11BoxedBufferEii
                0x0000000008006414       0x14 CMakeFiles/STM32_BLUE_PILL.dir/pxtapp/base/buffer.cpp.o
                0x0000000008006414                BufferMethods::setByte(pxt::BoxedBuffer*, int, int)
 .text._ZN13BufferMethods11writeBufferEPN3pxt11BoxedBufferEiS2_ii
                0x0000000008006428       0x50 CMakeFiles/STM32_BLUE_PILL.dir/pxtapp/base/buffer.cpp.o
                0x0000000008006428                BufferMethods::writeBuffer(pxt::BoxedBuffer*, int, pxt::BoxedBuffer*, int, int)
 .text._ZN13BufferMethods6lengthEPN3pxt11BoxedBufferE
                0x0000000008006478        0x4 CMakeFiles/STM32_BLUE_PILL.dir/pxtapp/base/buffer.cpp.o
                0x0000000008006478                BufferMethods::length(pxt::BoxedBuffer*)
 .text._ZN13BufferMethods4fillEPN3pxt11BoxedBufferEiii
                0x000000000800647c       0x2c CMakeFiles/STM32_BLUE_PILL.dir/pxtapp/base/buffer.cpp.o
                0x000000000800647c                BufferMethods::fill(pxt::BoxedBuffer*, int, int, int)
 .text._ZN13BufferMethods5sliceEPN3pxt11BoxedBufferEii
                0x00000000080064a8       0x28 CMakeFiles/STM32_BLUE_PILL.dir/pxtapp/base/buffer.cpp.o
                0x00000000080064a8                BufferMethods::slice(pxt::BoxedBuffer*, int, int)
 .text._ZN13BufferMethods5shiftEPN3pxt11BoxedBufferEiii
                0x00000000080064d0       0x80 CMakeFiles/STM32_BLUE_PILL.dir/pxtapp/base/buffer.cpp.o
                0x00000000080064d0                BufferMethods::shift(pxt::BoxedBuffer*, int, int, int)
 .text._ZN13BufferMethods5toHexEPN3pxt11BoxedBufferE
                0x0000000008006550       0x40 CMakeFiles/STM32_BLUE_PILL.dir/pxtapp/base/buffer.cpp.o
                0x0000000008006550                BufferMethods::toHex(pxt::BoxedBuffer*)
 .text._ZN13BufferMethods6rotateEPN3pxt11BoxedBufferEiii
                0x0000000008006590       0x74 CMakeFiles/STM32_BLUE_PILL.dir/pxtapp/base/buffer.cpp.o
                0x0000000008006590                BufferMethods::rotate(pxt::BoxedBuffer*, int, int, int)
 .text._ZN13BufferMethods5writeEPN3pxt11BoxedBufferEiS2_
                0x0000000008006604       0x14 CMakeFiles/STM32_BLUE_PILL.dir/pxtapp/base/buffer.cpp.o
                0x0000000008006604                BufferMethods::write(pxt::BoxedBuffer*, int, pxt::BoxedBuffer*)
 .text._ZN7control12createBufferEi
                0x0000000008006618        0x8 CMakeFiles/STM32_BLUE_PILL.dir/pxtapp/base/buffer.cpp.o
                0x0000000008006618                control::createBuffer(int)
 .text._ZN3pxt13setNumberCoreEPhiNS_12NumberFormatEPNS_12TValueStructE
                0x0000000008006620      0x108 CMakeFiles/STM32_BLUE_PILL.dir/pxtapp/base/buffer.cpp.o
                0x0000000008006620                pxt::setNumberCore(unsigned char*, int, pxt::NumberFormat, pxt::TValueStruct*)
 .text._ZN13BufferMethods9setNumberEPN3pxt11BoxedBufferENS0_12NumberFormatEiPNS0_12TValueStructE
                0x0000000008006728       0x1c CMakeFiles/STM32_BLUE_PILL.dir/pxtapp/base/buffer.cpp.o
                0x0000000008006728                BufferMethods::setNumber(pxt::BoxedBuffer*, pxt::NumberFormat, int, pxt::TValueStruct*)
 .text._ZN3pxt13getNumberCoreEPhiNS_12NumberFormatE
                0x0000000008006744      0x120 CMakeFiles/STM32_BLUE_PILL.dir/pxtapp/base/buffer.cpp.o
                0x0000000008006744                pxt::getNumberCore(unsigned char*, int, pxt::NumberFormat)
 .text._ZN13BufferMethods9getNumberEPN3pxt11BoxedBufferENS0_12NumberFormatEi
                0x0000000008006864       0x1c CMakeFiles/STM32_BLUE_PILL.dir/pxtapp/base/buffer.cpp.o
                0x0000000008006864                BufferMethods::getNumber(pxt::BoxedBuffer*, pxt::NumberFormat, int)
 .text._ZN7control6millisEv
                0x0000000008006880        0x4 CMakeFiles/STM32_BLUE_PILL.dir/pxtapp/base/control.cpp.o
                0x0000000008006880                control::millis()
 .text._ZN7control15internalOnEventEiiPN3pxt12TValueStructEi
                0x0000000008006884        0x4 CMakeFiles/STM32_BLUE_PILL.dir/pxtapp/base/control.cpp.o
                0x0000000008006884                control::internalOnEvent(int, int, pxt::TValueStruct*, int)
 .text._ZN7control5resetEv
                0x0000000008006888        0x4 CMakeFiles/STM32_BLUE_PILL.dir/pxtapp/base/control.cpp.o
                0x0000000008006888                control::reset()
 .text._ZN7control10waitMicrosEi
                0x000000000800688c        0x8 CMakeFiles/STM32_BLUE_PILL.dir/pxtapp/base/control.cpp.o
                0x000000000800688c                control::waitMicros(int)
 .text._ZN7control13runInParallelEPN3pxt12TValueStructE
                0x0000000008006894        0x4 CMakeFiles/STM32_BLUE_PILL.dir/pxtapp/base/control.cpp.o
                0x0000000008006894                control::runInParallel(pxt::TValueStruct*)
 .text._ZN7control12waitForEventEii
                0x0000000008006898        0x4 CMakeFiles/STM32_BLUE_PILL.dir/pxtapp/base/control.cpp.o
                0x0000000008006898                control::waitForEvent(int, int)
 .text._ZN7control18deviceSerialNumberEv
                0x000000000800689c        0x4 CMakeFiles/STM32_BLUE_PILL.dir/pxtapp/base/control.cpp.o
                0x000000000800689c                control::deviceSerialNumber()
 .text._ZN7control5__logEiPN3pxt11BoxedStringE
                0x00000000080068a0       0x10 CMakeFiles/STM32_BLUE_PILL.dir/pxtapp/base/control.cpp.o
                0x00000000080068a0                control::__log(int, pxt::BoxedString*)
 .text._ZN7control10dmesgValueEPN3pxt12TValueStructE
                0x00000000080068b0        0x4 CMakeFiles/STM32_BLUE_PILL.dir/pxtapp/base/control.cpp.o
                0x00000000080068b0                control::dmesgValue(pxt::TValueStruct*)
 .text._ZN7control2gcEv
                0x00000000080068b4        0x8 CMakeFiles/STM32_BLUE_PILL.dir/pxtapp/base/control.cpp.o
                0x00000000080068b4                control::gc()
 .text._ZN7control8heapDumpEv
                0x00000000080068bc       0x14 CMakeFiles/STM32_BLUE_PILL.dir/pxtapp/base/control.cpp.o
                0x00000000080068bc                control::heapDump()
 .text._ZN7control16profilingEnabledEv
                0x00000000080068d0        0x4 CMakeFiles/STM32_BLUE_PILL.dir/pxtapp/base/control.cpp.o
                0x00000000080068d0                control::profilingEnabled()
 .text._ZN3pxtL13dtorDoNothingEv
                0x00000000080068d4        0x4 CMakeFiles/STM32_BLUE_PILL.dir/pxtapp/base/core.cpp.o
 .text._ZN3pxtL11string_sizeEPNS_11BoxedStringE
                0x00000000080068d8        0x8 CMakeFiles/STM32_BLUE_PILL.dir/pxtapp/base/core.cpp.o
 .text._ZN3pxtL11number_sizeEPNS_11BoxedNumberE
                0x00000000080068e0        0x4 CMakeFiles/STM32_BLUE_PILL.dir/pxtapp/base/core.cpp.o
 .text._ZN3pxtL11buffer_sizeEPNS_11BoxedBufferE
                0x00000000080068e4        0x8 CMakeFiles/STM32_BLUE_PILL.dir/pxtapp/base/core.cpp.o
 .text._ZN3pxt11findBindingEii
                0x00000000080068ec       0x1c CMakeFiles/STM32_BLUE_PILL.dir/pxtapp/base/core.cpp.o
                0x00000000080068ec                pxt::findBinding(int, int)
 .text._ZN3pxt10setBindingEiiPNS_12TValueStructE
                0x0000000008006908       0x4c CMakeFiles/STM32_BLUE_PILL.dir/pxtapp/base/core.cpp.o
                0x0000000008006908                pxt::setBinding(int, int, pxt::TValueStruct*)
 .text._ZN3pxt8mkStringEPKci
                0x0000000008006954       0x4c CMakeFiles/STM32_BLUE_PILL.dir/pxtapp/base/core.cpp.o
                0x0000000008006954                pxt::mkString(char const*, int)
 .text._ZN3pxt8mkBufferEPKhi
                0x00000000080069a0       0x44 CMakeFiles/STM32_BLUE_PILL.dir/pxtapp/base/core.cpp.o
                0x00000000080069a0                pxt::mkBuffer(unsigned char const*, int)
 .text._ZN3pxt9getRandomEj
                0x00000000080069e4       0x40 CMakeFiles/STM32_BLUE_PILL.dir/pxtapp/base/core.cpp.o
                0x00000000080069e4                pxt::getRandom(unsigned int)
 .text._ZN7String_7mkEmptyEv
                0x0000000008006a24        0xc CMakeFiles/STM32_BLUE_PILL.dir/pxtapp/base/core.cpp.o
                0x0000000008006a24                String_::mkEmpty()
 .text._ZN7String_12fromCharCodeEi
                0x0000000008006a30       0x20 CMakeFiles/STM32_BLUE_PILL.dir/pxtapp/base/core.cpp.o
                0x0000000008006a30                String_::fromCharCode(int)
 .text._ZN7String_6charAtEPN3pxt11BoxedStringEi
                0x0000000008006a50       0x3c CMakeFiles/STM32_BLUE_PILL.dir/pxtapp/base/core.cpp.o
                0x0000000008006a50                String_::charAt(pxt::BoxedString*, int)
 .text._ZN7String_6concatEPN3pxt11BoxedStringES2_
                0x0000000008006a8c       0x6c CMakeFiles/STM32_BLUE_PILL.dir/pxtapp/base/core.cpp.o
                0x0000000008006a8c                String_::concat(pxt::BoxedString*, pxt::BoxedString*)
 .text._ZN7String_7compareEPN3pxt11BoxedStringES2_
                0x0000000008006af8       0x24 CMakeFiles/STM32_BLUE_PILL.dir/pxtapp/base/core.cpp.o
                0x0000000008006af8                String_::compare(pxt::BoxedString*, pxt::BoxedString*)
 .text._ZN7String_6lengthEPN3pxt11BoxedStringE
                0x0000000008006b1c        0x4 CMakeFiles/STM32_BLUE_PILL.dir/pxtapp/base/core.cpp.o
                0x0000000008006b1c                String_::length(pxt::BoxedString*)
 .text._ZN7String_8mystrtodEPKcPPc
                0x0000000008006b20      0x16c CMakeFiles/STM32_BLUE_PILL.dir/pxtapp/base/core.cpp.o
                0x0000000008006b20                String_::mystrtod(char const*, char**)
 .text._ZN7String_6substrEPN3pxt11BoxedStringEii
                0x0000000008006c8c       0x34 CMakeFiles/STM32_BLUE_PILL.dir/pxtapp/base/core.cpp.o
                0x0000000008006c8c                String_::substr(pxt::BoxedString*, int, int)
 .text._ZN7String_7indexOfEPN3pxt11BoxedStringES2_i
                0x0000000008006cc0       0x30 CMakeFiles/STM32_BLUE_PILL.dir/pxtapp/base/core.cpp.o
                0x0000000008006cc0                String_::indexOf(pxt::BoxedString*, pxt::BoxedString*, int)
 .text._ZN7String_8includesEPN3pxt11BoxedStringES2_i
                0x0000000008006cf0       0x10 CMakeFiles/STM32_BLUE_PILL.dir/pxtapp/base/core.cpp.o
                0x0000000008006cf0                String_::includes(pxt::BoxedString*, pxt::BoxedString*, int)
 .text._ZN8Boolean_4bangEi
                0x0000000008006d00        0x8 CMakeFiles/STM32_BLUE_PILL.dir/pxtapp/base/core.cpp.o
                0x0000000008006d00                Boolean_::bang(int)
 .text._ZN3pxt10fromDoubleEd
                0x0000000008006d08       0xac CMakeFiles/STM32_BLUE_PILL.dir/pxtapp/base/core.cpp.o
                0x0000000008006d08                pxt::fromDouble(double)
 .text._ZN7String_8toNumberEPN3pxt11BoxedStringE
                0x0000000008006db4       0xa0 CMakeFiles/STM32_BLUE_PILL.dir/pxtapp/base/core.cpp.o
                0x0000000008006db4                String_::toNumber(pxt::BoxedString*)
 .text._ZN3pxt7fromIntEi.part.7
                0x0000000008006e54       0x10 CMakeFiles/STM32_BLUE_PILL.dir/pxtapp/base/core.cpp.o
 .text._ZN7String_10charCodeAtEPN3pxt11BoxedStringEi
                0x0000000008006e64       0x1c CMakeFiles/STM32_BLUE_PILL.dir/pxtapp/base/core.cpp.o
                0x0000000008006e64                String_::charCodeAt(pxt::BoxedString*, int)
 .text._ZN3pxt9fromFloatEf
                0x0000000008006e80       0x10 CMakeFiles/STM32_BLUE_PILL.dir/pxtapp/base/core.cpp.o
                0x0000000008006e80                pxt::fromFloat(float)
 .text._ZN3pxt7fromIntEi
                0x0000000008006e90       0x14 CMakeFiles/STM32_BLUE_PILL.dir/pxtapp/base/core.cpp.o
                0x0000000008006e90                pxt::fromInt(int)
 .text._ZN3pxt8fromUIntEj
                0x0000000008006ea4       0x1c CMakeFiles/STM32_BLUE_PILL.dir/pxtapp/base/core.cpp.o
                0x0000000008006ea4                pxt::fromUInt(unsigned int)
 .text._ZN3pxt8fromBoolEb
                0x0000000008006ec0        0xc CMakeFiles/STM32_BLUE_PILL.dir/pxtapp/base/core.cpp.o
                0x0000000008006ec0                pxt::fromBool(bool)
 .text._ZN5Math_6randomEv
                0x0000000008006ecc       0x10 CMakeFiles/STM32_BLUE_PILL.dir/pxtapp/base/core.cpp.o
                0x0000000008006ecc                Math_::random()
 .text._ZN5Math_4imulEii
                0x0000000008006edc        0x8 CMakeFiles/STM32_BLUE_PILL.dir/pxtapp/base/core.cpp.o
                0x0000000008006edc                Math_::imul(int, int)
 .text._ZN5Math_4idivEii
                0x0000000008006ee4        0x8 CMakeFiles/STM32_BLUE_PILL.dir/pxtapp/base/core.cpp.o
                0x0000000008006ee4                Math_::idiv(int, int)
 .text._ZN6Array_2mkEv
                0x0000000008006eec       0x14 CMakeFiles/STM32_BLUE_PILL.dir/pxtapp/base/core.cpp.o
                0x0000000008006eec                Array_::mk()
 .text._ZN6Array_6lengthEPN3pxt13RefCollectionE
                0x0000000008006f00        0x4 CMakeFiles/STM32_BLUE_PILL.dir/pxtapp/base/core.cpp.o
                0x0000000008006f00                Array_::length(pxt::RefCollection*)
 .text._ZN6Array_9setLengthEPN3pxt13RefCollectionEi
                0x0000000008006f04        0x8 CMakeFiles/STM32_BLUE_PILL.dir/pxtapp/base/core.cpp.o
                0x0000000008006f04                Array_::setLength(pxt::RefCollection*, int)
 .text._ZN6Array_4pushEPN3pxt13RefCollectionEPNS0_12TValueStructE
                0x0000000008006f0c        0xc CMakeFiles/STM32_BLUE_PILL.dir/pxtapp/base/core.cpp.o
                0x0000000008006f0c                Array_::push(pxt::RefCollection*, pxt::TValueStruct*)
 .text._ZN6Array_3popEPN3pxt13RefCollectionE
                0x0000000008006f18        0x8 CMakeFiles/STM32_BLUE_PILL.dir/pxtapp/base/core.cpp.o
                0x0000000008006f18                Array_::pop(pxt::RefCollection*)
 .text._ZN6Array_5getAtEPN3pxt13RefCollectionEi
                0x0000000008006f20       0x10 CMakeFiles/STM32_BLUE_PILL.dir/pxtapp/base/core.cpp.o
                0x0000000008006f20                Array_::getAt(pxt::RefCollection*, int)
 .text._ZN6Array_5setAtEPN3pxt13RefCollectionEiPNS0_12TValueStructE
                0x0000000008006f30        0x8 CMakeFiles/STM32_BLUE_PILL.dir/pxtapp/base/core.cpp.o
                0x0000000008006f30                Array_::setAt(pxt::RefCollection*, int, pxt::TValueStruct*)
 .text._ZN6Array_8removeAtEPN3pxt13RefCollectionEi
                0x0000000008006f38        0x8 CMakeFiles/STM32_BLUE_PILL.dir/pxtapp/base/core.cpp.o
                0x0000000008006f38                Array_::removeAt(pxt::RefCollection*, int)
 .text._ZN6Array_8insertAtEPN3pxt13RefCollectionEiPNS0_12TValueStructE
                0x0000000008006f40        0x8 CMakeFiles/STM32_BLUE_PILL.dir/pxtapp/base/core.cpp.o
                0x0000000008006f40                Array_::insertAt(pxt::RefCollection*, int, pxt::TValueStruct*)
 .text._ZN3pxt11programSizeEv
                0x0000000008006f48       0x10 CMakeFiles/STM32_BLUE_PILL.dir/pxtapp/base/core.cpp.o
                0x0000000008006f48                pxt::programSize()
 .text._ZN3pxt9getConfigEii
                0x0000000008006f58       0x38 CMakeFiles/STM32_BLUE_PILL.dir/pxtapp/base/core.cpp.o
                0x0000000008006f58                pxt::getConfig(int, int)
 .text._ZN5pxtrt8ldlocRefEPN3pxt11RefRefLocalE
                0x0000000008006f90        0x4 CMakeFiles/STM32_BLUE_PILL.dir/pxtapp/base/core.cpp.o
                0x0000000008006f90                pxtrt::ldlocRef(pxt::RefRefLocal*)
 .text._ZN5pxtrt8stlocRefEPN3pxt11RefRefLocalEPNS0_12TValueStructE
                0x0000000008006f94        0x4 CMakeFiles/STM32_BLUE_PILL.dir/pxtapp/base/core.cpp.o
                0x0000000008006f94                pxtrt::stlocRef(pxt::RefRefLocal*, pxt::TValueStruct*)
 .text._ZN5pxtrt8mklocRefEv
                0x0000000008006f98       0x14 CMakeFiles/STM32_BLUE_PILL.dir/pxtapp/base/core.cpp.o
                0x0000000008006f98                pxtrt::mklocRef()
 .text._ZN5pxtrt5stcloEPN3pxt9RefActionEiPNS0_12TValueStructE
                0x0000000008006fac       0x34 CMakeFiles/STM32_BLUE_PILL.dir/pxtapp/base/core.cpp.o
                0x0000000008006fac                pxtrt::stclo(pxt::RefAction*, int, pxt::TValueStruct*)
 .text._ZN5pxtrt5panicEi
                0x0000000008006fe0        0x4 CMakeFiles/STM32_BLUE_PILL.dir/pxtapp/base/core.cpp.o
                0x0000000008006fe0                pxtrt::panic(int)
 .text._ZN5pxtrt11emptyToNullEPN3pxt11BoxedStringE
                0x0000000008006fe4        0xc CMakeFiles/STM32_BLUE_PILL.dir/pxtapp/base/core.cpp.o
                0x0000000008006fe4                pxtrt::emptyToNull(pxt::BoxedString*)
 .text._ZN5pxtrt9ptrToBoolEPN3pxt12TValueStructE
                0x0000000008006ff0        0x8 CMakeFiles/STM32_BLUE_PILL.dir/pxtapp/base/core.cpp.o
                0x0000000008006ff0                pxtrt::ptrToBool(pxt::TValueStruct*)
 .text._ZN5pxtrt5mkMapEv
                0x0000000008006ff8       0x14 CMakeFiles/STM32_BLUE_PILL.dir/pxtapp/base/core.cpp.o
                0x0000000008006ff8                pxtrt::mkMap()
 .text._ZN5pxtrt14mapGetByStringEPN3pxt6RefMapEPNS0_11BoxedStringE
                0x000000000800700c       0x20 CMakeFiles/STM32_BLUE_PILL.dir/pxtapp/base/core.cpp.o
                0x000000000800700c                pxtrt::mapGetByString(pxt::RefMap*, pxt::BoxedString*)
 .text._ZN5pxtrt12lookupMapKeyEPN3pxt11BoxedStringE
                0x000000000800702c       0x88 CMakeFiles/STM32_BLUE_PILL.dir/pxtapp/base/core.cpp.o
                0x000000000800702c                pxtrt::lookupMapKey(pxt::BoxedString*)
 .text._ZN5pxtrt6mapGetEPN3pxt6RefMapEj
                0x00000000080070b4       0x14 CMakeFiles/STM32_BLUE_PILL.dir/pxtapp/base/core.cpp.o
                0x00000000080070b4                pxtrt::mapGet(pxt::RefMap*, unsigned int)
 .text._ZN5pxtrt14mapSetByStringEPN3pxt6RefMapEPNS0_11BoxedStringEPNS0_12TValueStructE
                0x00000000080070c8       0x38 CMakeFiles/STM32_BLUE_PILL.dir/pxtapp/base/core.cpp.o
                0x00000000080070c8                pxtrt::mapSetByString(pxt::RefMap*, pxt::BoxedString*, pxt::TValueStruct*)
 .text._ZN5pxtrt6mapSetEPN3pxt6RefMapEjPNS0_12TValueStructE
                0x0000000008007100       0x14 CMakeFiles/STM32_BLUE_PILL.dir/pxtapp/base/core.cpp.o
                0x0000000008007100                pxtrt::mapSet(pxt::RefMap*, unsigned int, pxt::TValueStruct*)
 .text._ZN5pxtrt13getGlobalsPtrEv
                0x0000000008007114        0xc CMakeFiles/STM32_BLUE_PILL.dir/pxtapp/base/core.cpp.o
                0x0000000008007114                pxtrt::getGlobalsPtr()
 .text._ZN5pxtrt14runtimeWarningEPN3pxt11BoxedStringE
                0x0000000008007120        0x4 CMakeFiles/STM32_BLUE_PILL.dir/pxtapp/base/core.cpp.o
                0x0000000008007120                pxtrt::runtimeWarning(pxt::BoxedString*)
 .text._ZN3pxt7valTypeEPNS_12TValueStructE
                0x0000000008007124       0x48 CMakeFiles/STM32_BLUE_PILL.dir/pxtapp/base/core.cpp.o
                0x0000000008007124                pxt::valType(pxt::TValueStruct*)
 .text._ZN3pxt8toDoubleEPNS_12TValueStructE
                0x000000000800716c       0x60 CMakeFiles/STM32_BLUE_PILL.dir/pxtapp/base/core.cpp.o
                0x000000000800716c                pxt::toDouble(pxt::TValueStruct*)
 .text._ZN3pxt6toUIntEPNS_12TValueStructE
                0x00000000080071cc       0xc8 CMakeFiles/STM32_BLUE_PILL.dir/pxtapp/base/core.cpp.o
                0x00000000080071cc                pxt::toUInt(pxt::TValueStruct*)
 .text._ZN3pxt5toIntEPNS_12TValueStructE
                0x0000000008007294        0x4 CMakeFiles/STM32_BLUE_PILL.dir/pxtapp/base/core.cpp.o
                0x0000000008007294                pxt::toInt(pxt::TValueStruct*)
 .text._ZN6numops4lslsEPN3pxt12TValueStructES2_
                0x0000000008007298       0x2c CMakeFiles/STM32_BLUE_PILL.dir/pxtapp/base/core.cpp.o
                0x0000000008007298                numops::lsls(pxt::TValueStruct*, pxt::TValueStruct*)
 .text._ZN6numops4asrsEPN3pxt12TValueStructES2_
                0x00000000080072c4       0x2c CMakeFiles/STM32_BLUE_PILL.dir/pxtapp/base/core.cpp.o
                0x00000000080072c4                numops::asrs(pxt::TValueStruct*, pxt::TValueStruct*)
 .text._ZN6numops4eorsEPN3pxt12TValueStructES2_
                0x00000000080072f0       0x28 CMakeFiles/STM32_BLUE_PILL.dir/pxtapp/base/core.cpp.o
                0x00000000080072f0                numops::eors(pxt::TValueStruct*, pxt::TValueStruct*)
 .text._ZN6numops4orrsEPN3pxt12TValueStructES2_
                0x0000000008007318       0x28 CMakeFiles/STM32_BLUE_PILL.dir/pxtapp/base/core.cpp.o
                0x0000000008007318                numops::orrs(pxt::TValueStruct*, pxt::TValueStruct*)
 .text._ZN6numops4bnotEPN3pxt12TValueStructE
                0x0000000008007340       0x20 CMakeFiles/STM32_BLUE_PILL.dir/pxtapp/base/core.cpp.o
                0x0000000008007340                numops::bnot(pxt::TValueStruct*)
 .text._ZN6numops4andsEPN3pxt12TValueStructES2_
                0x0000000008007360       0x28 CMakeFiles/STM32_BLUE_PILL.dir/pxtapp/base/core.cpp.o
                0x0000000008007360                numops::ands(pxt::TValueStruct*, pxt::TValueStruct*)
 .text._ZN6numops4lsrsEPN3pxt12TValueStructES2_
                0x0000000008007388       0x30 CMakeFiles/STM32_BLUE_PILL.dir/pxtapp/base/core.cpp.o
                0x0000000008007388                numops::lsrs(pxt::TValueStruct*, pxt::TValueStruct*)
 .text._ZN3pxt7toFloatEPNS_12TValueStructE
                0x00000000080073b8        0xc CMakeFiles/STM32_BLUE_PILL.dir/pxtapp/base/core.cpp.o
                0x00000000080073b8                pxt::toFloat(pxt::TValueStruct*)
 .text._ZN6numops4addsEPN3pxt12TValueStructES2_
                0x00000000080073c4       0x28 CMakeFiles/STM32_BLUE_PILL.dir/pxtapp/base/core.cpp.o
                0x00000000080073c4                numops::adds(pxt::TValueStruct*, pxt::TValueStruct*)
 .text._ZN6numops4subsEPN3pxt12TValueStructES2_
                0x00000000080073ec       0x28 CMakeFiles/STM32_BLUE_PILL.dir/pxtapp/base/core.cpp.o
                0x00000000080073ec                numops::subs(pxt::TValueStruct*, pxt::TValueStruct*)
 .text._ZN6numops4mulsEPN3pxt12TValueStructES2_
                0x0000000008007414       0x58 CMakeFiles/STM32_BLUE_PILL.dir/pxtapp/base/core.cpp.o
                0x0000000008007414                numops::muls(pxt::TValueStruct*, pxt::TValueStruct*)
 .text._ZN6numops3divEPN3pxt12TValueStructES2_
                0x000000000800746c       0x28 CMakeFiles/STM32_BLUE_PILL.dir/pxtapp/base/core.cpp.o
                0x000000000800746c                numops::div(pxt::TValueStruct*, pxt::TValueStruct*)
 .text._ZN6numops3modEPN3pxt12TValueStructES2_
                0x0000000008007494       0x60 CMakeFiles/STM32_BLUE_PILL.dir/pxtapp/base/core.cpp.o
                0x0000000008007494                numops::mod(pxt::TValueStruct*, pxt::TValueStruct*)
 .text._ZN5Math_3powEPN3pxt12TValueStructES2_
                0x00000000080074f4       0x28 CMakeFiles/STM32_BLUE_PILL.dir/pxtapp/base/core.cpp.o
                0x00000000080074f4                Math_::pow(pxt::TValueStruct*, pxt::TValueStruct*)
 .text._ZN5Math_5atan2EPN3pxt12TValueStructES2_
                0x000000000800751c       0x28 CMakeFiles/STM32_BLUE_PILL.dir/pxtapp/base/core.cpp.o
                0x000000000800751c                Math_::atan2(pxt::TValueStruct*, pxt::TValueStruct*)
 .text._ZN5Math_11randomRangeEPN3pxt12TValueStructES2_
                0x0000000008007544       0xb4 CMakeFiles/STM32_BLUE_PILL.dir/pxtapp/base/core.cpp.o
                0x0000000008007544                Math_::randomRange(pxt::TValueStruct*, pxt::TValueStruct*)
 .text._ZN5Math_3logEPN3pxt12TValueStructE
                0x00000000080075f8       0x14 CMakeFiles/STM32_BLUE_PILL.dir/pxtapp/base/core.cpp.o
                0x00000000080075f8                Math_::log(pxt::TValueStruct*)
 .text._ZN5Math_5log10EPN3pxt12TValueStructE
                0x000000000800760c       0x14 CMakeFiles/STM32_BLUE_PILL.dir/pxtapp/base/core.cpp.o
                0x000000000800760c                Math_::log10(pxt::TValueStruct*)
 .text._ZN5Math_3tanEPN3pxt12TValueStructE
                0x0000000008007620       0x14 CMakeFiles/STM32_BLUE_PILL.dir/pxtapp/base/core.cpp.o
                0x0000000008007620                Math_::tan(pxt::TValueStruct*)
 .text._ZN5Math_3sinEPN3pxt12TValueStructE
                0x0000000008007634       0x14 CMakeFiles/STM32_BLUE_PILL.dir/pxtapp/base/core.cpp.o
                0x0000000008007634                Math_::sin(pxt::TValueStruct*)
 .text._ZN5Math_3cosEPN3pxt12TValueStructE
                0x0000000008007648       0x14 CMakeFiles/STM32_BLUE_PILL.dir/pxtapp/base/core.cpp.o
                0x0000000008007648                Math_::cos(pxt::TValueStruct*)
 .text._ZN5Math_4atanEPN3pxt12TValueStructE
                0x000000000800765c       0x14 CMakeFiles/STM32_BLUE_PILL.dir/pxtapp/base/core.cpp.o
                0x000000000800765c                Math_::atan(pxt::TValueStruct*)
 .text._ZN5Math_4asinEPN3pxt12TValueStructE
                0x0000000008007670       0x14 CMakeFiles/STM32_BLUE_PILL.dir/pxtapp/base/core.cpp.o
                0x0000000008007670                Math_::asin(pxt::TValueStruct*)
 .text._ZN5Math_4acosEPN3pxt12TValueStructE
                0x0000000008007684       0x14 CMakeFiles/STM32_BLUE_PILL.dir/pxtapp/base/core.cpp.o
                0x0000000008007684                Math_::acos(pxt::TValueStruct*)
 .text._ZN5Math_4sqrtEPN3pxt12TValueStructE
                0x0000000008007698       0x14 CMakeFiles/STM32_BLUE_PILL.dir/pxtapp/base/core.cpp.o
                0x0000000008007698                Math_::sqrt(pxt::TValueStruct*)
 .text._ZN5Math_5floorEPN3pxt12TValueStructE
                0x00000000080076ac       0x14 CMakeFiles/STM32_BLUE_PILL.dir/pxtapp/base/core.cpp.o
                0x00000000080076ac                Math_::floor(pxt::TValueStruct*)
 .text._ZN5Math_4ceilEPN3pxt12TValueStructE
                0x00000000080076c0       0x14 CMakeFiles/STM32_BLUE_PILL.dir/pxtapp/base/core.cpp.o
                0x00000000080076c0                Math_::ceil(pxt::TValueStruct*)
 .text._ZN5Math_5truncEPN3pxt12TValueStructE
                0x00000000080076d4       0x14 CMakeFiles/STM32_BLUE_PILL.dir/pxtapp/base/core.cpp.o
                0x00000000080076d4                Math_::trunc(pxt::TValueStruct*)
 .text._ZN5Math_5roundEPN3pxt12TValueStructE
                0x00000000080076e8       0x20 CMakeFiles/STM32_BLUE_PILL.dir/pxtapp/base/core.cpp.o
                0x00000000080076e8                Math_::round(pxt::TValueStruct*)
 .text._ZN3pxt8eqq_boolEPNS_12TValueStructES1_
                0x0000000008007708       0x80 CMakeFiles/STM32_BLUE_PILL.dir/pxtapp/base/core.cpp.o
                0x0000000008007708                pxt::eqq_bool(pxt::TValueStruct*, pxt::TValueStruct*)
 .text._ZN6numops3eqqEPN3pxt12TValueStructES2_
                0x0000000008007788       0x10 CMakeFiles/STM32_BLUE_PILL.dir/pxtapp/base/core.cpp.o
                0x0000000008007788                numops::eqq(pxt::TValueStruct*, pxt::TValueStruct*)
 .text._ZN6numops4neqqEPN3pxt12TValueStructES2_
                0x0000000008007798       0x10 CMakeFiles/STM32_BLUE_PILL.dir/pxtapp/base/core.cpp.o
                0x0000000008007798                numops::neqq(pxt::TValueStruct*, pxt::TValueStruct*)
 .text._ZN3pxt7eq_boolEPNS_12TValueStructES1_
                0x00000000080077a8      0x130 CMakeFiles/STM32_BLUE_PILL.dir/pxtapp/base/core.cpp.o
                0x00000000080077a8                pxt::eq_bool(pxt::TValueStruct*, pxt::TValueStruct*)
 .text._ZN3pxt9switch_eqEPNS_12TValueStructES1_
                0x00000000080078d8        0x4 CMakeFiles/STM32_BLUE_PILL.dir/pxtapp/base/core.cpp.o
                0x00000000080078d8                pxt::switch_eq(pxt::TValueStruct*, pxt::TValueStruct*)
 .text._ZN6numops2eqEPN3pxt12TValueStructES2_
                0x00000000080078dc       0x10 CMakeFiles/STM32_BLUE_PILL.dir/pxtapp/base/core.cpp.o
                0x00000000080078dc                numops::eq(pxt::TValueStruct*, pxt::TValueStruct*)
 .text._ZN6numops3neqEPN3pxt12TValueStructES2_
                0x00000000080078ec       0x10 CMakeFiles/STM32_BLUE_PILL.dir/pxtapp/base/core.cpp.o
                0x00000000080078ec                numops::neq(pxt::TValueStruct*, pxt::TValueStruct*)
 .text._ZN6Array_7indexOfEPN3pxt13RefCollectionEPNS0_12TValueStructEi
                0x00000000080078fc       0x30 CMakeFiles/STM32_BLUE_PILL.dir/pxtapp/base/core.cpp.o
                0x00000000080078fc                Array_::indexOf(pxt::RefCollection*, pxt::TValueStruct*, int)
 .text._ZN6Array_13removeElementEPN3pxt13RefCollectionEPNS0_12TValueStructE
                0x000000000800792c       0x1c CMakeFiles/STM32_BLUE_PILL.dir/pxtapp/base/core.cpp.o