Archive member included to satisfy reference by file (symbol)

libnewlib.a(memcpy-stub.c.o)  CMakeFiles/STM32_BLUE_PILL.dir/pxtapp/base/buffer.cpp.o (memcpy)
libnewlib.a(strcmp.S.o)       CMakeFiles/STM32_BLUE_PILL.dir/pxtapp/base/core.cpp.o (strcmp)
libnewlib.a(strlen.S.o)       CMakeFiles/STM32_BLUE_PILL.dir/pxtapp/base/core.cpp.o (strlen)
libnewlib.a(strtol.c.o)       CMakeFiles/STM32_BLUE_PILL.dir/pxtapp/base/core.cpp.o (strtol)
libnewlib.a(memcmp.c.o)       CMakeFiles/STM32_BLUE_PILL.dir/pxtapp/base/pxt.cpp.o (memcmp)
libnewlib.a(memmove.c.o)      CMakeFiles/STM32_BLUE_PILL.dir/pxtapp/base/buffer.cpp.o (memmove)
libnewlib.a(memset.c.o)       CMakeFiles/STM32_BLUE_PILL.dir/pxtapp/base/buffer.cpp.o (memset)
libnewlib.a(strstr.c.o)       CMakeFiles/STM32_BLUE_PILL.dir/pxtapp/base/core.cpp.o (strstr)
libnewlib.a(ctype_.c.o)       libnewlib.a(strtol.c.o) (_ctype_)
libnewlib.a(impure.c.o)       libnewlib.a(strtol.c.o) (_impure_ptr)
libcodal-core.a(CodalCompat.cpp.o)
                              CMakeFiles/STM32_BLUE_PILL.dir/pxtapp/base/core.cpp.o (codal::itoa(int, char*))
libcodal-core.a(CodalComponent.cpp.o)
                              CMakeFiles/STM32_BLUE_PILL.dir/pxtapp/core---stm32bluepill/codal.cpp.o (codal::CodalComponent::components)
libcodal-core.a(CodalDevice.cpp.o)
                              CMakeFiles/STM32_BLUE_PILL.dir/pxtapp/core---stm32bluepill/codal.cpp.o (vtable for codal::CodalDevice)
libcodal-core.a(CodalDmesg.cpp.o)
                              CMakeFiles/STM32_BLUE_PILL.dir/pxtapp/base/core.cpp.o (codal_dmesg)
libcodal-core.a(CodalFiber.cpp.o)
                              CMakeFiles/STM32_BLUE_PILL.dir/pxtapp/core---stm32bluepill/codal.cpp.o (codal::list_fibers(codal::Fiber**))
libcodal-core.a(CodalHeapAllocator.cpp.o)
                              CMakeFiles/STM32_BLUE_PILL.dir/pxtapp/base/gc.cpp.o (device_heap_size(unsigned char))
libcodal-core.a(CodalListener.cpp.o)
                              CMakeFiles/STM32_BLUE_PILL.dir/pxtapp/core---stm32bluepill/codal.cpp.o (codal::Listener::Listener(unsigned short, unsigned short, void (*)(codal::Event), unsigned short))
libcodal-core.a(Timer.cpp.o)  CMakeFiles/STM32_BLUE_PILL.dir/pxtapp/core---stm32bluepill/codal.cpp.o (codal::Timer::~Timer())
libcodal-core.a(MessageBus.cpp.o)
                              CMakeFiles/STM32_BLUE_PILL.dir/pxtapp/core---stm32bluepill/codal.cpp.o (codal::MessageBus::add(codal::Listener*))
libcodal-core.a(Event.cpp.o)  CMakeFiles/STM32_BLUE_PILL.dir/pxtapp/core---stm32bluepill/control.cpp.o (codal::Event::Event(unsigned short, unsigned short, codal::EventLaunchMode))
libcodal-core.a(MemberFunctionCallback.cpp.o)
                              libcodal-core.a(MessageBus.cpp.o) (codal::MemberFunctionCallback::fire(codal::Event))
liblibopencm3.a(vector.c.o)   (vector_table)
libnano-float.a(functions.c.o)
                              CMakeFiles/STM32_BLUE_PILL.dir/pxtapp/base/core.cpp.o (__wrap___aeabi_ddiv)
liblogger.a(logger.cpp.o)     CMakeFiles/STM32_BLUE_PILL.dir/pxtapp/base/pxt.cpp.o (debug_flush)
libbluepill.a(bluepill.cpp.o)
                              libcodal-core.a(Timer.cpp.o) (__cxa_pure_virtual)
libbluepill.a(led.cpp.o)      libbluepill.a(bluepill.cpp.o) (led_setup)
libbootloader.a(bootloader.c.o)
                              /Users/Luppy/stm32bluepill-makecode/pxt-maker/projects/blink/built/dockercodal/build/libraries/codal-libopencm3/CMakeFiles/hal.dir/stm32/hal/reset_handler.c.o (bootloader_start)
libbootloader.a(usb_conf.c.o)
                              libbootloader.a(bootloader.c.o) (usb_setup)
libbootloader.a(webusb.c.o)   libbootloader.a(usb_conf.c.o) (webusb_setup)
libbootloader.a(winusb.c.o)   libbootloader.a(usb_conf.c.o) (winusb_setup)
libbootloader.a(target_stm32f103.c.o)
                              libbootloader.a(bootloader.c.o) (target_set_led)
libbootloader.a(cdc.c.o)      libbootloader.a(usb_conf.c.o) (cdc_setup)
libbootloader.a(hf2.c.o)      libbootloader.a(usb_conf.c.o) (hf2_setup)
libbootloader.a(usb21_standard.c.o)
                              libbootloader.a(usb_conf.c.o) (usb21_setup)
libbootloader.a(backup.c.o)   libbootloader.a(target_stm32f103.c.o) (backup_write)
libbootloader.a(ghostfat.c.o)
                              libbootloader.a(hf2.c.o) (flash_write)
libhal.a(codal_target_hal.cpp.o)
                              /Users/Luppy/stm32bluepill-makecode/pxt-maker/projects/blink/built/dockercodal/build/libraries/codal-libopencm3/CMakeFiles/hal.dir/stm32/hal/reset_handler.c.o (target_init)
libhal.a(CortexContextSwitch.s.o)
                              libcodal-core.a(CodalFiber.cpp.o) (swap_context)
libcm.a(CmI2C.cpp.o)          CMakeFiles/STM32_BLUE_PILL.dir/pxtapp/core---stm32bluepill/i2c.cpp.o (codal::_cm::I2C::I2C(codal::Pin&, codal::Pin&))
libcm.a(CmPin.cpp.o)          CMakeFiles/STM32_BLUE_PILL.dir/pxtapp/core---stm32bluepill/pins.cpp.o (codal::_cm::Pin::getDigitalValue())
[...]
Memory Configuration

Name             Origin             Length             Attributes
bootrom          0x0000000008000000 0x0000000000006800 xr
rom              0x0000000008006800 0x0000000000009800 xr
bootram          0x0000000020000000 0x0000000000000c00 xrw
ram              0x0000000020000c00 0x0000000000003bbc xrw
bootbuf          0x00000000200047bc 0x0000000000000844 xrw
*default*        0x0000000000000000 0xffffffffffffffff

Linker script and memory map

LOAD /Users/Luppy/stm32bluepill-makecode/pxt-maker/projects/blink/built/dockercodal/build/libraries/codal-libopencm3/CMakeFiles/hal.dir/stm32/hal/reset_handler.c.o
START GROUP
LOAD CMakeFiles/STM32_BLUE_PILL.dir/pxtapp/base/advmath.cpp.o
LOAD CMakeFiles/STM32_BLUE_PILL.dir/pxtapp/base/buffer.cpp.o
LOAD CMakeFiles/STM32_BLUE_PILL.dir/pxtapp/base/control.cpp.o
LOAD CMakeFiles/STM32_BLUE_PILL.dir/pxtapp/base/core.cpp.o
LOAD CMakeFiles/STM32_BLUE_PILL.dir/pxtapp/base/gc.cpp.o
LOAD CMakeFiles/STM32_BLUE_PILL.dir/pxtapp/base/loops.cpp.o
LOAD CMakeFiles/STM32_BLUE_PILL.dir/pxtapp/base/pxt.cpp.o
LOAD CMakeFiles/STM32_BLUE_PILL.dir/pxtapp/core---stm32bluepill/codal.cpp.o
LOAD CMakeFiles/STM32_BLUE_PILL.dir/pxtapp/core---stm32bluepill/control.cpp.o
LOAD CMakeFiles/STM32_BLUE_PILL.dir/pxtapp/core---stm32bluepill/dmac.cpp.o
LOAD CMakeFiles/STM32_BLUE_PILL.dir/pxtapp/core---stm32bluepill/hf2.cpp.o
LOAD CMakeFiles/STM32_BLUE_PILL.dir/pxtapp/core---stm32bluepill/i2c.cpp.o
LOAD CMakeFiles/STM32_BLUE_PILL.dir/pxtapp/core---stm32bluepill/pins.cpp.o
LOAD CMakeFiles/STM32_BLUE_PILL.dir/pxtapp/core---stm32bluepill/pinsAnalog.cpp.o
LOAD CMakeFiles/STM32_BLUE_PILL.dir/pxtapp/core---stm32bluepill/pinsDigital.cpp.o
LOAD CMakeFiles/STM32_BLUE_PILL.dir/pxtapp/core---stm32bluepill/pinsPWM.cpp.o
LOAD CMakeFiles/STM32_BLUE_PILL.dir/pxtapp/core---stm32bluepill/platform.cpp.o
LOAD CMakeFiles/STM32_BLUE_PILL.dir/pxtapp/core---stm32bluepill/spi.cpp.o
LOAD CMakeFiles/STM32_BLUE_PILL.dir/pxtapp/core---stm32bluepill/usb.cpp.o
LOAD CMakeFiles/STM32_BLUE_PILL.dir/pxtapp/main.cpp.o
LOAD CMakeFiles/STM32_BLUE_PILL.dir/pxtapp/pointers.cpp.o
LOAD libcodal-libopencm3.a
LOAD libqfplib.a
LOAD libnewlib.a
LOAD libcodal-core.a
LOAD liblibopencm3.a
LOAD libcocoos.a
LOAD libnano-float.a
LOAD liblogger.a
LOAD libbluepill.a
LOAD libbootloader.a
LOAD libhal.a
LOAD libadcint.a
LOAD libi2cint.a
LOAD libporting.a
LOAD libsimulator.a
LOAD libspiint.a
LOAD libuartint.a
LOAD libcm.a
LOAD libmodel.a
LOAD libbme280.a
LOAD /usr/local/Cellar/arm-none-eabi-gcc/7-2018-q2-update/gcc/bin/../lib/gcc/arm-none-eabi/7.3.1/../../../../arm-none-eabi/lib/thumb/v7-m/libnosys.a
LOAD /usr/local/Cellar/arm-none-eabi-gcc/7-2018-q2-update/gcc/bin/../lib/gcc/arm-none-eabi/7.3.1/../../../../arm-none-eabi/lib/thumb/v7-m/libstdc++.a
LOAD /usr/local/Cellar/arm-none-eabi-gcc/7-2018-q2-update/gcc/bin/../lib/gcc/arm-none-eabi/7.3.1/../../../../arm-none-eabi/lib/thumb/v7-m/libsupc++.a
LOAD /usr/local/Cellar/arm-none-eabi-gcc/7-2018-q2-update/gcc/bin/../lib/gcc/arm-none-eabi/7.3.1/../../../../arm-none-eabi/lib/thumb/v7-m/libstdc++.a
LOAD /usr/local/Cellar/arm-none-eabi-gcc/7-2018-q2-update/gcc/bin/../lib/gcc/arm-none-eabi/7.3.1/../../../../arm-none-eabi/lib/thumb/v7-m/libsupc++.a
END GROUP
LOAD /usr/local/Cellar/arm-none-eabi-gcc/7-2018-q2-update/gcc/bin/../lib/gcc/arm-none-eabi/7.3.1/thumb/v7-m/libgcc.a
                0x0000000000006800                _bootrom_size = 0x6800
                0x0000000000000c00                _bootram_size = 0xc00
                0x0000000000000844                _bootbuf_size = 0x844

.boot_text      0x0000000008000000     0x5cf4
                0x0000000008000000                _boot_text = .
 *(SORT_BY_ALIGNMENT(.vectors))
 .vectors       0x0000000008000000      0x150 liblibopencm3.a(vector.c.o)
                0x0000000008000000                vector_table
 :*reset_handler*(SORT_BY_ALIGNMENT(.text*))
 .text.reset_handler
                0x0000000008000150      0x134 /Users/Luppy/stm32bluepill-makecode/pxt-maker/projects/blink/built/dockercodal/build/libraries/codal-libopencm3/CMakeFiles/hal.dir/stm32/hal/reset_handler.c.o
                0x0000000008000150                reset_handler
 *libhal.a:*reset_handler*(SORT_BY_ALIGNMENT(.text*))
 :*codal_target_hal*(SORT_BY_ALIGNMENT(.text*))
 *libhal.a:*codal_target_hal*(SORT_BY_ALIGNMENT(.text*))
 .text._ZL10timer_tickv
                0x0000000008000284       0x40 libhal.a(codal_target_hal.cpp.o)
 .text._ZL11timer_alarmv
                0x00000000080002c4       0x28 libhal.a(codal_target_hal.cpp.o)
 .text.target_dmesg_flush.part.1
                0x00000000080002ec       0x2c libhal.a(codal_target_hal.cpp.o)
 .text.target_init
                0x0000000008000318       0x30 libhal.a(codal_target_hal.cpp.o)
                0x0000000008000318                target_init
 .text.target_wait_for_event
                0x0000000008000348       0x64 libhal.a(codal_target_hal.cpp.o)
                0x0000000008000348                target_wait_for_event
 .text.target_wait
                0x00000000080003ac       0x28 libhal.a(codal_target_hal.cpp.o)
                0x00000000080003ac                target_wait
 .text.target_wait_us
                0x00000000080003d4       0x34 libhal.a(codal_target_hal.cpp.o)
                0x00000000080003d4                target_wait_us
 .text.target_reset
                0x0000000008000408       0x14 libhal.a(codal_target_hal.cpp.o)
                0x0000000008000408                target_reset
 .text.target_in_isr
                0x000000000800041c       0x10 libhal.a(codal_target_hal.cpp.o)
                0x000000000800041c                target_in_isr
 .text.target_enable_irq
                0x000000000800042c        0x4 libhal.a(codal_target_hal.cpp.o)
                0x000000000800042c                target_enable_irq
 .text.target_disable_irq
                0x0000000008000430        0x4 libhal.a(codal_target_hal.cpp.o)
                0x0000000008000430                target_disable_irq
 .text.target_seed_random
                0x0000000008000434       0x10 libhal.a(codal_target_hal.cpp.o)
                0x0000000008000434                target_seed_random
 .text.target_get_serial
                0x0000000008000444       0x18 libhal.a(codal_target_hal.cpp.o)
                0x0000000008000444                target_get_serial
 .text.target_panic
                0x000000000800045c       0x20 libhal.a(codal_target_hal.cpp.o)
                0x000000000800045c                target_panic
 .text.fiber_initial_stack_base
                0x000000000800047c        0x8 libhal.a(codal_target_hal.cpp.o)
                0x000000000800047c                fiber_initial_stack_base
 .text.tcb_allocate
                0x0000000008000484        0x8 libhal.a(codal_target_hal.cpp.o)
                0x0000000008000484                tcb_allocate
 .text.tcb_configure_lr
                0x000000000800048c        0x4 libhal.a(codal_target_hal.cpp.o)
                0x000000000800048c                tcb_configure_lr
 .text.tcb_configure_sp
                0x0000000008000490        0x4 libhal.a(codal_target_hal.cpp.o)
                0x0000000008000490                tcb_configure_sp
 .text.tcb_configure_stack_base
                0x0000000008000494        0x4 libhal.a(codal_target_hal.cpp.o)
                0x0000000008000494                tcb_configure_stack_base
 .text.tcb_get_stack_base
                0x0000000008000498        0x4 libhal.a(codal_target_hal.cpp.o)
                0x0000000008000498                tcb_get_stack_base
 .text.get_current_sp
                0x000000000800049c        0x4 libhal.a(codal_target_hal.cpp.o)
                0x000000000800049c                get_current_sp
 .text.tcb_get_sp
                0x00000000080004a0        0x4 libhal.a(codal_target_hal.cpp.o)
                0x00000000080004a0                tcb_get_sp
 .text.tcb_configure_args
                0x00000000080004a4        0x8 libhal.a(codal_target_hal.cpp.o)
                0x00000000080004a4                tcb_configure_args
 .text.test_codal
                0x00000000080004ac       0x70 libhal.a(codal_target_hal.cpp.o)
                0x00000000080004ac                test_codal
 .text._fini    0x000000000800051c        0x4 libhal.a(codal_target_hal.cpp.o)
                0x000000000800051c                _fini
 .text.__aeabi_atexit
                0x0000000008000520        0x4 libhal.a(codal_target_hal.cpp.o)
                0x0000000008000520                __aeabi_atexit
 .text.target_set_tick_callback
                0x0000000008000524        0xc libhal.a(codal_target_hal.cpp.o)
                0x0000000008000524                target_set_tick_callback
 .text.target_set_alarm_callback
                0x0000000008000530        0xc libhal.a(codal_target_hal.cpp.o)
                0x0000000008000530                target_set_alarm_callback
 .text.target_set_bootloader_callback
                0x000000000800053c        0xc libhal.a(codal_target_hal.cpp.o)
                0x000000000800053c                target_set_bootloader_callback
 .text.target_enable_debug
                0x0000000008000548        0x4 libhal.a(codal_target_hal.cpp.o)
                0x0000000008000548                target_enable_debug
 :*CortexContextSwitch*(SORT_BY_ALIGNMENT(.text*))
 *libhal.a:(SORT_BY_ALIGNMENT(.text*))
 .text          0x000000000800054c      0x124 libhal.a(CortexContextSwitch.s.o)
                0x000000000800054c                swap_context
                0x00000000080005ce                save_context
                0x0000000008000612                save_register_context
                0x0000000008000642                restore_register_context
 *liblibopencm3.a:(SORT_BY_ALIGNMENT(.text*))
 .text.blocking_handler
                0x0000000008000670        0x4 liblibopencm3.a(vector.c.o)
                0x0000000008000670                exti0_isr
                0x0000000008000670                tim7_isr
                0x0000000008000670                adc1_2_isr
                0x0000000008000670                tim1_trg_com_isr
                0x0000000008000670                usb_hp_can_tx_isr
                0x0000000008000670                tim6_isr
                0x0000000008000670                usb_wakeup_isr
                0x0000000008000670                blocking_handler
                0x0000000008000670                tim5_isr
                0x0000000008000670                otg_fs_isr
                0x0000000008000670                spi1_isr
                0x0000000008000670                exti2_isr
                0x0000000008000670                dma1_channel6_isr
                0x0000000008000670                can_rx1_isr
                0x0000000008000670                dma1_channel5_isr
                0x0000000008000670                dma2_channel5_isr
                0x0000000008000670                usart1_isr
                0x0000000008000670                usage_fault_handler
                0x0000000008000670                tim8_trg_com_isr
                0x0000000008000670                can2_rx0_isr
                0x0000000008000670                tim1_brk_isr
                0x0000000008000670                can2_rx1_isr
                0x0000000008000670                tim1_cc_isr
                0x0000000008000670                sdio_isr
                0x0000000008000670                eth_isr
                0x0000000008000670                dma1_channel4_isr
                0x0000000008000670                tim8_brk_isr
                0x0000000008000670                dma2_channel4_5_isr
                0x0000000008000670                pvd_isr
                0x0000000008000670                rcc_isr
                0x0000000008000670                flash_isr
                0x0000000008000670                uart4_isr
                0x0000000008000670                exti15_10_isr
                0x0000000008000670                hard_fault_handler
                0x0000000008000670                exti1_isr
                0x0000000008000670                i2c1_ev_isr
                0x0000000008000670                dma2_channel1_isr
                0x0000000008000670                spi2_isr
                0x0000000008000670                tim8_up_isr
                0x0000000008000670                dma2_channel2_isr
                0x0000000008000670                exti3_isr
                0x0000000008000670                adc3_isr
                0x0000000008000670                tim3_isr
                0x0000000008000670                usart2_isr
                0x0000000008000670                usb_lp_can_rx0_isr
                0x0000000008000670                i2c2_er_isr
                0x0000000008000670                i2c2_ev_isr
                0x0000000008000670                uart5_isr
                0x0000000008000670                fsmc_isr
                0x0000000008000670                dma1_channel1_isr
                0x0000000008000670                exti4_isr
                0x0000000008000670                mem_manage_handler
                0x0000000008000670                can2_tx_isr
                0x0000000008000670                exti9_5_isr
                0x0000000008000670                dma2_channel3_isr
                0x0000000008000670                dma1_channel7_isr
                0x0000000008000670                tim1_up_isr
                0x0000000008000670                can2_sce_isr
                0x0000000008000670                tim4_isr
                0x0000000008000670                dma1_channel2_isr
                0x0000000008000670                i2c1_er_isr
                0x0000000008000670                can_sce_isr
                0x0000000008000670                tim8_cc_isr
                0x0000000008000670                tamper_isr
                0x0000000008000670                eth_wkup_isr
                0x0000000008000670                bus_fault_handler
                0x0000000008000670                wwdg_isr
                0x0000000008000670                dma1_channel3_isr
                0x0000000008000670                spi3_isr
                0x0000000008000670                tim2_isr
                0x0000000008000670                usart3_isr
 .text.null_handler
                0x0000000008000674        0x4 liblibopencm3.a(vector.c.o)
                0x0000000008000674                null_handler
                0x0000000008000674                sv_call_handler
                0x0000000008000674                pend_sv_handler
                0x0000000008000674                debug_monitor_handler
                0x0000000008000674                sys_tick_handler
                0x0000000008000674                nmi_handler
 .text.scb_reset_system
                0x0000000008000678       0x10 liblibopencm3.a(scb.c.o)
                0x0000000008000678                scb_reset_system
 .text.flash_unlock
                0x0000000008000688       0x18 liblibopencm3.a(flash_common_f.c.o)
                0x0000000008000688                flash_unlock
 .text.flash_lock
                0x00000000080006a0       0x10 liblibopencm3.a(flash_common_f.c.o)
                0x00000000080006a0                flash_lock
 .text.gpio_set
                0x00000000080006b0        0x4 liblibopencm3.a(gpio_common_all.c.o)
                0x00000000080006b0                gpio_set
 .text.gpio_clear
                0x00000000080006b4        0x8 liblibopencm3.a(gpio_common_all.c.o)
                0x00000000080006b4                gpio_clear
 .text.pwr_disable_backup_domain_write_protect
                0x00000000080006bc       0x10 liblibopencm3.a(pwr_common_v1.c.o)
                0x00000000080006bc                pwr_disable_backup_domain_write_protect
 .text.pwr_enable_backup_domain_write_protect
                0x00000000080006cc       0x10 liblibopencm3.a(pwr_common_v1.c.o)
                0x00000000080006cc                pwr_enable_backup_domain_write_protect
 .text.rcc_periph_clock_enable
                0x00000000080006dc       0x1c liblibopencm3.a(rcc_common_all.c.o)
                0x00000000080006dc                rcc_periph_clock_enable
 .text.rcc_periph_reset_pulse
                0x00000000080006f8       0x24 liblibopencm3.a(rcc_common_all.c.o)
                0x00000000080006f8                rcc_periph_reset_pulse
 .text.desig_get_unique_id_as_string
                0x000000000800071c       0x70 liblibopencm3.a(desig.c.o)
                0x000000000800071c                desig_get_unique_id_as_string
 .text.flash_get_status_flags
                0x000000000800078c       0x28 liblibopencm3.a(flash.c.o)
                0x000000000800078c                flash_get_status_flags
 .text.flash_program_half_word
                0x00000000080007b4       0x98 liblibopencm3.a(flash.c.o)
                0x00000000080007b4                flash_program_half_word
 .text.flash_erase_page
                0x000000000800084c       0xbc liblibopencm3.a(flash.c.o)
                0x000000000800084c                flash_erase_page
 .text.gpio_set_mode
                0x0000000008000908       0x7c liblibopencm3.a(gpio.c.o)
                0x0000000008000908                gpio_set_mode
 .text.rcc_is_osc_ready.part.0
                0x0000000008000984       0x10 liblibopencm3.a(rcc.c.o)
 .text.rcc_osc_on.part.1
                0x0000000008000994       0x10 liblibopencm3.a(rcc.c.o)
 .text.rcc_enable_rtc_clock
                0x00000000080009a4       0x10 liblibopencm3.a(rcc.c.o)
                0x00000000080009a4                rcc_enable_rtc_clock
 .text.rcc_set_rtc_clock_source
                0x00000000080009b4       0x98 liblibopencm3.a(rcc.c.o)
                0x00000000080009b4                rcc_set_rtc_clock_source
 .text.rcc_clock_setup_in_hse_8mhz_out_72mhz
                0x0000000008000a4c       0xcc liblibopencm3.a(rcc.c.o)
                0x0000000008000a4c                rcc_clock_setup_in_hse_8mhz_out_72mhz
 .text.st_usbfs_v1_usbd_init
                0x0000000008000b18       0x34 liblibopencm3.a(st_usbfs_v1.c.o)
 .text.st_usbfs_copy_to_pm
                0x0000000008000b4c       0x24 liblibopencm3.a(st_usbfs_v1.c.o)
                0x0000000008000b4c                st_usbfs_copy_to_pm
 .text.st_usbfs_copy_from_pm
                0x0000000008000b70       0x30 liblibopencm3.a(st_usbfs_v1.c.o)
                0x0000000008000b70                st_usbfs_copy_from_pm
 .text.usbd_init
                0x0000000008000ba0       0x54 liblibopencm3.a(usb.c.o)
                0x0000000008000ba0                usbd_init
 .text._usbd_reset
                0x0000000008000bf4       0x38 liblibopencm3.a(usb.c.o)
                0x0000000008000bf4                _usbd_reset
 .text.usbd_poll
                0x0000000008000c2c        0x8 liblibopencm3.a(usb.c.o)
                0x0000000008000c2c                usbd_poll
 .text.usbd_ep_setup
                0x0000000008000c34       0x10 liblibopencm3.a(usb.c.o)
                0x0000000008000c34                usbd_ep_setup
 .text.usbd_ep_write_packet
                0x0000000008000c44       0x10 liblibopencm3.a(usb.c.o)
                0x0000000008000c44                usbd_ep_write_packet
 .text.usbd_ep_read_packet
                0x0000000008000c54       0x10 liblibopencm3.a(usb.c.o)
                0x0000000008000c54                usbd_ep_read_packet
 .text.usbd_ep_stall_set
                0x0000000008000c64        0x8 liblibopencm3.a(usb.c.o)
                0x0000000008000c64                usbd_ep_stall_set
 .text.usbd_ep_stall_get
                0x0000000008000c6c        0x8 liblibopencm3.a(usb.c.o)
                0x0000000008000c6c                usbd_ep_stall_get
 .text.usbd_ep_nak_set
                0x0000000008000c74        0x8 liblibopencm3.a(usb.c.o)
                0x0000000008000c74                usbd_ep_nak_set
 .text.usb_control_send_chunk
                0x0000000008000c7c       0x54 liblibopencm3.a(usb_control.c.o)
 .text.usb_control_request_dispatch
                0x0000000008000cd0       0x60 liblibopencm3.a(usb_control.c.o)
 .text.usb_control_setup_read
                0x0000000008000d30       0x7c liblibopencm3.a(usb_control.c.o)
 .text.usb_control_recv_chunk
                0x0000000008000dac       0x48 liblibopencm3.a(usb_control.c.o)
 .text.usbd_register_control_callback
                0x0000000008000df4       0x30 liblibopencm3.a(usb_control.c.o)
                0x0000000008000df4                usbd_register_control_callback
 .text._usbd_control_setup
                0x0000000008000e24       0x64 liblibopencm3.a(usb_control.c.o)
                0x0000000008000e24                _usbd_control_setup
 .text._usbd_control_out
                0x0000000008000e88       0xa0 liblibopencm3.a(usb_control.c.o)
                0x0000000008000e88                _usbd_control_out
 .text._usbd_control_in
                0x0000000008000f28       0x70 liblibopencm3.a(usb_control.c.o)
                0x0000000008000f28                _usbd_control_in
 .text.usb_standard_set_configuration
                0x0000000008000f98       0xa4 liblibopencm3.a(usb_standard.c.o)
 .text.usb_standard_get_configuration
                0x000000000800103c       0x2c liblibopencm3.a(usb_standard.c.o)
 .text.usb_standard_get_interface
                0x0000000008001068       0x3c liblibopencm3.a(usb_standard.c.o)
 .text.usb_standard_device_get_status
                0x00000000080010a4       0x18 liblibopencm3.a(usb_standard.c.o)
 .text.usb_standard_endpoint_get_status
                0x00000000080010bc       0x2c liblibopencm3.a(usb_standard.c.o)
 .text.usb_standard_endpoint_stall
                0x00000000080010e8       0x10 liblibopencm3.a(usb_standard.c.o)
 .text.usb_standard_endpoint_unstall
                0x00000000080010f8       0x10 liblibopencm3.a(usb_standard.c.o)
 .text.usb_standard_set_address
                0x0000000008001108       0x30 liblibopencm3.a(usb_standard.c.o)
 .text.usb_standard_set_interface
                0x0000000008001138       0x54 liblibopencm3.a(usb_standard.c.o)
 .text.usb_standard_get_descriptor
                0x000000000800118c      0x294 liblibopencm3.a(usb_standard.c.o)
 .text.usb_standard_interface_get_status
                0x0000000008001420       0x18 liblibopencm3.a(usb_standard.c.o)
 .text.usbd_register_set_config_callback
                0x0000000008001438       0x34 liblibopencm3.a(usb_standard.c.o)
                0x0000000008001438                usbd_register_set_config_callback
 .text._usbd_standard_request_device
                0x000000000800146c       0x58 liblibopencm3.a(usb_standard.c.o)
                0x000000000800146c                _usbd_standard_request_device
 .text._usbd_standard_request_endpoint
                0x00000000080014c4       0x40 liblibopencm3.a(usb_standard.c.o)
                0x00000000080014c4                _usbd_standard_request_endpoint
 .text._usbd_standard_request
                0x0000000008001504       0x64 liblibopencm3.a(usb_standard.c.o)
                0x0000000008001504                _usbd_standard_request
 .text.flash_set_ws
                0x0000000008001568       0x14 liblibopencm3.a(flash_common_all.c.o)
                0x0000000008001568                flash_set_ws
 .text.flash_wait_for_last_operation
                0x000000000800157c        0xc liblibopencm3.a(flash_common_f01.c.o)
                0x000000000800157c                flash_wait_for_last_operation
 .text.st_usbfs_set_address
                0x0000000008001588       0x10 liblibopencm3.a(st_usbfs_core.c.o)
                0x0000000008001588                st_usbfs_set_address
 .text.st_usbfs_set_ep_rx_bufsize
                0x0000000008001598       0x44 liblibopencm3.a(st_usbfs_core.c.o)
                0x0000000008001598                st_usbfs_set_ep_rx_bufsize
 .text.st_usbfs_ep_setup
                0x00000000080015dc      0x118 liblibopencm3.a(st_usbfs_core.c.o)
                0x00000000080015dc                st_usbfs_ep_setup
 .text.st_usbfs_endpoints_reset
                0x00000000080016f4       0x48 liblibopencm3.a(st_usbfs_core.c.o)
                0x00000000080016f4                st_usbfs_endpoints_reset
 .text.st_usbfs_ep_stall_set
                0x000000000800173c       0xc0 liblibopencm3.a(st_usbfs_core.c.o)
                0x000000000800173c                st_usbfs_ep_stall_set
 .text.st_usbfs_ep_stall_get
                0x00000000080017fc       0x40 liblibopencm3.a(st_usbfs_core.c.o)
                0x00000000080017fc                st_usbfs_ep_stall_get
 .text.st_usbfs_ep_nak_set
                0x000000000800183c       0x44 liblibopencm3.a(st_usbfs_core.c.o)
                0x000000000800183c                st_usbfs_ep_nak_set
 .text.st_usbfs_ep_write_packet
                0x0000000008001880       0x88 liblibopencm3.a(st_usbfs_core.c.o)
                0x0000000008001880                st_usbfs_ep_write_packet
 .text.st_usbfs_ep_read_packet
                0x0000000008001908       0xb4 liblibopencm3.a(st_usbfs_core.c.o)
                0x0000000008001908                st_usbfs_ep_read_packet
 .text.st_usbfs_poll
                0x00000000080019bc       0xe4 liblibopencm3.a(st_usbfs_core.c.o)
                0x00000000080019bc                st_usbfs_poll
 .text.nvic_enable_irq
                0x0000000008001aa0       0x1c liblibopencm3.a(nvic.c.o)
                0x0000000008001aa0                nvic_enable_irq
 .text.exti_set_trigger
                0x0000000008001abc       0x50 liblibopencm3.a(exti_common_all.c.o)
                0x0000000008001abc                exti_set_trigger
 .text.exti_enable_request
                0x0000000008001b0c       0x1c liblibopencm3.a(exti_common_all.c.o)
                0x0000000008001b0c                exti_enable_request
 .text.exti_reset_request
                0x0000000008001b28        0xc liblibopencm3.a(exti_common_all.c.o)
                0x0000000008001b28                exti_reset_request
 .text.rtc_enter_config_mode
                0x0000000008001b34       0x18 liblibopencm3.a(rtc.c.o)
                0x0000000008001b34                rtc_enter_config_mode
 .text.rtc_exit_config_mode
                0x0000000008001b4c       0x18 liblibopencm3.a(rtc.c.o)
                0x0000000008001b4c                rtc_exit_config_mode
 .text.rtc_set_alarm_time
                0x0000000008001b64       0x40 liblibopencm3.a(rtc.c.o)
                0x0000000008001b64                rtc_set_alarm_time
 .text.rtc_set_prescale_val
                0x0000000008001ba4       0x40 liblibopencm3.a(rtc.c.o)
                0x0000000008001ba4                rtc_set_prescale_val
 .text.rtc_get_counter_val
                0x0000000008001be4       0x18 liblibopencm3.a(rtc.c.o)
                0x0000000008001be4                rtc_get_counter_val
 .text.rtc_set_counter_val
                0x0000000008001bfc       0x40 liblibopencm3.a(rtc.c.o)
                0x0000000008001bfc                rtc_set_counter_val
 .text.rtc_interrupt_enable
                0x0000000008001c3c       0x5c liblibopencm3.a(rtc.c.o)
                0x0000000008001c3c                rtc_interrupt_enable
 .text.rtc_interrupt_disable
                0x0000000008001c98       0x5c liblibopencm3.a(rtc.c.o)
                0x0000000008001c98                rtc_interrupt_disable
 .text.rtc_clear_flag
                0x0000000008001cf4       0x34 liblibopencm3.a(rtc.c.o)
                0x0000000008001cf4                rtc_clear_flag
 .text.rtc_check_flag
                0x0000000008001d28       0x30 liblibopencm3.a(rtc.c.o)
                0x0000000008001d28                rtc_check_flag
 *libFrameworkLibOpenCM3.a:(SORT_BY_ALIGNMENT(.text*))
 *libcocoos.a:(SORT_BY_ALIGNMENT(.text*))
 .text.os_cbkSleep
                0x0000000008001d58        0x4 libcocoos.a(os_cbk.c.o)
                0x0000000008001d58                os_cbkSleep
 .text.os_init  0x0000000008001d5c       0x34 libcocoos.a(os_kernel.c.o)
                0x0000000008001d5c                os_init
 .text.os_tick  0x0000000008001d90        0x8 libcocoos.a(os_kernel.c.o)
                0x0000000008001d90                os_tick
 .text.os_running
                0x0000000008001d98        0xc libcocoos.a(os_kernel.c.o)
                0x0000000008001d98                os_running
 .text.os_msgQ_init
                0x0000000008001da4       0x24 libcocoos.a(os_msgqueue.c.o)
                0x0000000008001da4                os_msgQ_init
 .text.os_msgQ_create
                0x0000000008001dc8       0x50 libcocoos.a(os_msgqueue.c.o)
                0x0000000008001dc8                os_msgQ_create
 .text.os_msgQ_tick
                0x0000000008001e18       0x60 libcocoos.a(os_msgqueue.c.o)
                0x0000000008001e18                os_msgQ_tick
 .text.os_sem_init
                0x0000000008001e78        0xc libcocoos.a(os_sem.c.o)
                0x0000000008001e78                os_sem_init
 .text.sem_bin_create
                0x0000000008001e84       0x34 libcocoos.a(os_sem.c.o)
                0x0000000008001e84                sem_bin_create
 .text.os_sem_larger_than_zero
                0x0000000008001eb8       0x14 libcocoos.a(os_sem.c.o)
                0x0000000008001eb8                os_sem_larger_than_zero
 .text.os_sem_decrement
                0x0000000008001ecc       0x14 libcocoos.a(os_sem.c.o)
                0x0000000008001ecc                os_sem_decrement
 .text.os_sem_increment
                0x0000000008001ee0       0x1c libcocoos.a(os_sem.c.o)
                0x0000000008001ee0                os_sem_increment
 .text.os_task_init
                0x0000000008001efc       0x44 libcocoos.a(os_task.c.o)
                0x0000000008001efc                os_task_init
 .text.task_create
                0x0000000008001f40       0xf4 libcocoos.a(os_task.c.o)
                0x0000000008001f40                task_create
 .text.os_task_highest_prio_ready_task
                0x0000000008002034       0x40 libcocoos.a(os_task.c.o)
                0x0000000008002034                os_task_highest_prio_ready_task
 .text.os_task_release_waiting_task
                0x0000000008002074       0x60 libcocoos.a(os_task.c.o)
                0x0000000008002074                os_task_release_waiting_task
 .text.os_task_waiting_this_semaphore
                0x00000000080020d4       0x58 libcocoos.a(os_task.c.o)
                0x00000000080020d4                os_task_waiting_this_semaphore
 .text.os_task_wait_sem_set
                0x000000000800212c       0x34 libcocoos.a(os_task.c.o)
                0x000000000800212c                os_task_wait_sem_set
 .text.os_task_tick
                0x0000000008002160       0x98 libcocoos.a(os_task.c.o)
                0x0000000008002160                os_task_tick
 .text.os_task_signal_event
                0x00000000080021f8       0x74 libcocoos.a(os_task.c.o)
                0x00000000080021f8                os_task_signal_event
 .text.os_task_run
                0x000000000800226c       0x34 libcocoos.a(os_task.c.o)
                0x000000000800226c                os_task_run
 .text.os_task_internal_state_get
                0x00000000080022a0       0x14 libcocoos.a(os_task.c.o)
                0x00000000080022a0                os_task_internal_state_get
 .text.os_task_internal_state_set
                0x00000000080022b4       0x14 libcocoos.a(os_task.c.o)
                0x00000000080022b4                os_task_internal_state_set
 .text.os_on_assert
                0x00000000080022c8       0x28 libcocoos.a(os_assert.c.o)
                0x00000000080022c8                os_on_assert
 .text.os_event_init
                0x00000000080022f0        0xc libcocoos.a(os_event.c.o)
                0x00000000080022f0                os_event_init
 .text.event_create
                0x00000000080022fc       0x30 libcocoos.a(os_event.c.o)
                0x00000000080022fc                event_create
 .text.os_signal_event
                0x000000000800232c        0xc libcocoos.a(os_event.c.o)
                0x000000000800232c                os_signal_event
 .text.os_event_set_signaling_tid
                0x0000000008002338       0x10 libcocoos.a(os_event.c.o)
                0x0000000008002338                os_event_set_signaling_tid
 *libcocoOS_?.?.?.a:(SORT_BY_ALIGNMENT(.text*))
 *libgcc.a:(SORT_BY_ALIGNMENT(.text*))
 .text          0x0000000008002348      0x378 /usr/local/Cellar/arm-none-eabi-gcc/7-2018-q2-update/gcc/bin/../lib/gcc/arm-none-eabi/7.3.1/thumb/v7-m/libgcc.a(_arm_addsubdf3.o)
                0x0000000008002348                __aeabi_drsub
                0x0000000008002350                __subdf3
                0x0000000008002350                __aeabi_dsub
                0x0000000008002354                __aeabi_dadd
                0x0000000008002354                __adddf3
                0x00000000080025cc                __aeabi_ui2d
                0x00000000080025cc                __floatunsidf
                0x00000000080025ec                __floatsidf
                0x00000000080025ec                __aeabi_i2d
                0x0000000008002610                __extendsfdf2
                0x0000000008002610                __aeabi_f2d
                0x0000000008002654                __aeabi_ul2d
                0x0000000008002654                __floatundidf
                0x0000000008002664                __aeabi_l2d
                0x0000000008002664                __floatdidf
 .text          0x00000000080026c0       0xa0 /usr/local/Cellar/arm-none-eabi-gcc/7-2018-q2-update/gcc/bin/../lib/gcc/arm-none-eabi/7.3.1/thumb/v7-m/libgcc.a(_arm_truncdfsf2.o)
                0x00000000080026c0                __aeabi_d2f
                0x00000000080026c0                __truncdfsf2
 .text          0x0000000008002760       0x70 /usr/local/Cellar/arm-none-eabi-gcc/7-2018-q2-update/gcc/bin/../lib/gcc/arm-none-eabi/7.3.1/thumb/v7-m/libgcc.a(_powidf2.o)
                0x0000000008002760                __powidf2
 *libqfplib.a:(SORT_BY_ALIGNMENT(.text*))
 .text          0x00000000080027d0      0x4c8 libqfplib.a(qfplib.S.o)
                0x0000000008002898                qfp_fsub
                0x000000000800289e                qfp_fadd
                0x00000000080028e0                qfp_fcmp
                0x00000000080028fc                qfp_fmul
                0x000000000800290c                qfp_fdiv
                0x000000000800294e                qfp_fdiv_fast
                0x000000000800299e                qfp_fsqrt_fast
                0x0000000008002a14                qfp_float2int
                0x0000000008002a16                qfp_float2fix
                0x0000000008002a3e                qfp_float2uint
                0x0000000008002a40                qfp_float2ufix
                0x0000000008002a5a                qfp_int2float
                0x0000000008002a5c                qfp_fix2float
                0x0000000008002a66                qfp_uint2float
                0x0000000008002a68                qfp_ufix2float
                0x0000000008002afe                qfp_fsin
                0x0000000008002b40                qfp_fcos
                0x0000000008002b4a                qfp_ftan
                0x0000000008002b52                qfp_fexp
                0x0000000008002b82                qfp_fsqrt
                0x0000000008002bbc                qfp_fln
                0x0000000008002be0                qfp_fatan2
 *libnano-float.a:(SORT_BY_ALIGNMENT(.text*))
 .text.acos     0x0000000008002c98       0xcc libnano-float.a(functions.c.o)
                0x0000000008002c98                acos
 .text.__wrap___aeabi_ddiv
                0x0000000008002d64       0x30 libnano-float.a(functions.c.o)
                0x0000000008002d64                __wrap___aeabi_ddiv
 .text.__wrap___aeabi_dmul
                0x0000000008002d94       0x30 libnano-float.a(functions.c.o)
                0x0000000008002d94                __wrap___aeabi_dmul
 .text.__wrap___aeabi_dadd
                0x0000000008002dc4       0x30 libnano-float.a(functions.c.o)
                0x0000000008002dc4                __wrap___aeabi_dadd
 .text.__wrap___aeabi_dsub
                0x0000000008002df4       0x30 libnano-float.a(functions.c.o)
                0x0000000008002df4                __wrap___aeabi_dsub
 .text.__wrap___aeabi_dcmpeq
                0x0000000008002e24       0x34 libnano-float.a(functions.c.o)
                0x0000000008002e24                __wrap___aeabi_dcmpeq
 .text.__wrap___aeabi_dcmplt
                0x0000000008002e58       0x30 libnano-float.a(functions.c.o)
                0x0000000008002e58                __wrap___aeabi_dcmplt
 .text.__wrap___aeabi_dcmple
                0x0000000008002e88       0x34 libnano-float.a(functions.c.o)
                0x0000000008002e88                __wrap___aeabi_dcmple
 .text.__wrap___aeabi_dcmpge
                0x0000000008002ebc       0x30 libnano-float.a(functions.c.o)
                0x0000000008002ebc                __wrap___aeabi_dcmpge
 .text.__wrap___aeabi_dcmpgt
                0x0000000008002eec       0x34 libnano-float.a(functions.c.o)
                0x0000000008002eec                __wrap___aeabi_dcmpgt
 .text.__wrap___aeabi_dcmpun
                0x0000000008002f20       0x34 libnano-float.a(functions.c.o)
                0x0000000008002f20                __wrap___aeabi_dcmpun
 .text.__wrap___aeabi_d2iz
                0x0000000008002f54       0x2c libnano-float.a(functions.c.o)
                0x0000000008002f54                __wrap___aeabi_d2iz
 .text.__wrap___aeabi_d2uiz
                0x0000000008002f80       0x38 libnano-float.a(functions.c.o)
                0x0000000008002f80                __wrap___aeabi_d2uiz
 .text.sqrt     0x0000000008002fb8       0x1c libnano-float.a(functions.c.o)
                0x0000000008002fb8                sqrt
 .text.log      0x0000000008002fd4       0x1c libnano-float.a(functions.c.o)
                0x0000000008002fd4                log
 .text.exp      0x0000000008002ff0       0x1c libnano-float.a(functions.c.o)
                0x0000000008002ff0                exp
 .text.log2     0x000000000800300c       0x28 libnano-float.a(functions.c.o)
                0x000000000800300c                log2
 .text.log10    0x0000000008003034       0x28 libnano-float.a(functions.c.o)
                0x0000000008003034                log10
 .text.pow      0x000000000800305c       0x8c libnano-float.a(functions.c.o)
                0x000000000800305c                pow
 .text.sin      0x00000000080030e8       0x1c libnano-float.a(functions.c.o)
                0x00000000080030e8                sin
 .text.cos      0x0000000008003104       0x34 libnano-float.a(functions.c.o)
                0x0000000008003104                cos
 .text.tan      0x0000000008003138       0x1c libnano-float.a(functions.c.o)
                0x0000000008003138                tan
 .text.atan2    0x0000000008003154       0x54 libnano-float.a(functions.c.o)
                0x0000000008003154                atan2
 .text.atan     0x00000000080031a8       0xb0 libnano-float.a(functions.c.o)
                0x00000000080031a8                atan
 .text.asin     0x0000000008003258       0x94 libnano-float.a(functions.c.o)
                0x0000000008003258                asin
 .text.sinh     0x00000000080032ec       0xa8 libnano-float.a(functions.c.o)
                0x00000000080032ec                sinh
 .text.cosh     0x0000000008003394       0xa4 libnano-float.a(functions.c.o)
                0x0000000008003394                cosh
 .text.tanh     0x0000000008003438       0xb8 libnano-float.a(functions.c.o)
                0x0000000008003438                tanh
 .text.asinh    0x00000000080034f0       0xa4 libnano-float.a(functions.c.o)
                0x00000000080034f0                asinh
 .text.acosh    0x0000000008003594       0xac libnano-float.a(functions.c.o)
                0x0000000008003594                acosh
 .text.atanh    0x0000000008003640       0xc8 libnano-float.a(functions.c.o)
                0x0000000008003640                atanh
 .text.trunc    0x0000000008003708       0x8c libnano-float.a(functions.c.o)
                0x0000000008003708                trunc
 .text.floor    0x0000000008003794       0x88 libnano-float.a(functions.c.o)
                0x0000000008003794                floor
 .text.ceil     0x000000000800381c       0x88 libnano-float.a(functions.c.o)
                0x000000000800381c                ceil
 .text.fmod     0x00000000080038a4      0x13c libnano-float.a(functions.c.o)
                0x00000000080038a4                fmod
 *libnewlib.a:(SORT_BY_ALIGNMENT(.text*))
 .text._strtol_l.isra.0
                0x00000000080039e0       0xf4 libnewlib.a(strtol.c.o)
 .text.strtol   0x0000000008003ad4       0x14 libnewlib.a(strtol.c.o)
                0x0000000008003ad4                strtol
 .text.memcpy   0x0000000008003ae8       0x1c libnewlib.a(memcpy-stub.c.o)
                0x0000000008003ae8                memcpy
 .text          0x0000000008003b04       0x14 libnewlib.a(strcmp.S.o)
                0x0000000008003b04                strcmp
 .text          0x0000000008003b18       0x10 libnewlib.a(strlen.S.o)
                0x0000000008003b18                strlen
 .text.memcmp   0x0000000008003b28       0x1e libnewlib.a(memcmp.c.o)
                0x0000000008003b28                memcmp
 .text.memmove  0x0000000008003b46       0x34 libnewlib.a(memmove.c.o)
                0x0000000008003b46                memmove
 .text.memset   0x0000000008003b7a       0x10 libnewlib.a(memset.c.o)
                0x0000000008003b7a                memset
 .text.strstr   0x0000000008003b8a       0x2c libnewlib.a(strstr.c.o)
                0x0000000008003b8a                strstr
 .text.strncat  0x0000000008003bb6       0x28 libnewlib.a(strncat.c.o)
                0x0000000008003bb6                strncat
 .text.strncpy  0x0000000008003bde       0x2a libnewlib.a(strncpy.c.o)
                0x0000000008003bde                strncpy
 *liblogger.a:(SORT_BY_ALIGNMENT(.text*))
 .text.debug_flush.part.1
                0x0000000008003c08       0x40 liblogger.a(logger.cpp.o)
 .text._ZL12debug_appendPKcj
                0x0000000008003c48       0x64 liblogger.a(logger.cpp.o)
 .text.debug_print.part.3
                0x0000000008003cac       0x14 liblogger.a(logger.cpp.o)
 .text.enable_log
                0x0000000008003cc0        0xc liblogger.a(logger.cpp.o)
                0x0000000008003cc0                enable_log
 .text.debug_flush
                0x0000000008003ccc       0x10 liblogger.a(logger.cpp.o)
                0x0000000008003ccc                debug_flush
 .text._Z11debug_printj
                0x0000000008003cdc       0x88 liblogger.a(logger.cpp.o)
                0x0000000008003cdc                debug_print(unsigned int)
 .text._Z11debug_printi
                0x0000000008003d64       0x30 liblogger.a(logger.cpp.o)
                0x0000000008003d64                debug_print(int)
 .text.debug_print
                0x0000000008003d94        0xc liblogger.a(logger.cpp.o)
                0x0000000008003d94                debug_print
 .text.debug_println
                0x0000000008003da0       0x1c liblogger.a(logger.cpp.o)
                0x0000000008003da0                debug_println
 .text._Z13debug_printlni
                0x0000000008003dbc       0x18 liblogger.a(logger.cpp.o)
                0x0000000008003dbc                debug_println(int)
 .text.debug_print_unsigned
                0x0000000008003dd4        0x4 liblogger.a(logger.cpp.o)
                0x0000000008003dd4                debug_print_unsigned
 .text.debug_printhex
                0x0000000008003dd8       0x48 liblogger.a(logger.cpp.o)
                0x0000000008003dd8                debug_printhex
 .text.debug_printhex_unsigned
                0x0000000008003e20       0x24 liblogger.a(logger.cpp.o)
                0x0000000008003e20                debug_printhex_unsigned
 *libbluepill.a:(SORT_BY_ALIGNMENT(.text*))
 .text.platform_setup
                0x0000000008003e44       0x4c libbluepill.a(bluepill.cpp.o)
                0x0000000008003e44                platform_setup
 .text.enable_debug
                0x0000000008003e90       0x10 libbluepill.a(bluepill.cpp.o)
                0x0000000008003e90                enable_debug
 .text.__cxa_pure_virtual
                0x0000000008003ea0        0x8 libbluepill.a(bluepill.cpp.o)
                0x0000000008003ea0                __cxa_pure_virtual
 .text._Znwj    0x0000000008003ea8        0x4 libbluepill.a(bluepill.cpp.o)
                0x0000000008003ea8                operator new(unsigned int)
 .text._ZdlPv   0x0000000008003eac        0x4 libbluepill.a(bluepill.cpp.o)
                0x0000000008003eac                operator delete(void*)
 .text.led_setup
                0x0000000008003eb0       0x20 libbluepill.a(led.cpp.o)
                0x0000000008003eb0                led_setup
 .text.led_on   0x0000000008003ed0       0x10 libbluepill.a(led.cpp.o)
                0x0000000008003ed0                led_on
 .text.led_off  0x0000000008003ee0       0x10 libbluepill.a(led.cpp.o)
                0x0000000008003ee0                led_off
 .text.led_wait
                0x0000000008003ef0       0x10 libbluepill.a(led.cpp.o)
                0x0000000008003ef0                led_wait
 .text.platform_start_timer
                0x0000000008003f00      0x11c libbluepill.a(timer.cpp.o)
                0x0000000008003f00                platform_start_timer
 .text.platform_set_alarm
                0x000000000800401c       0x58 libbluepill.a(timer.cpp.o)
                0x000000000800401c                platform_set_alarm
 .text.rtc_isr  0x0000000008004074       0x30 libbluepill.a(timer.cpp.o)
                0x0000000008004074                rtc_isr
 .text.rtc_alarm_isr
                0x00000000080040a4       0x30 libbluepill.a(timer.cpp.o)
                0x00000000080040a4                rtc_alarm_isr
 .text.millis   0x00000000080040d4        0x4 libbluepill.a(timer.cpp.o)
                0x00000000080040d4                millis
 *libbootloader.a:(SORT_BY_ALIGNMENT(.text*))
 .text.bootloader_poll
                0x00000000080040d8       0x3c libbootloader.a(bootloader.c.o)
                0x00000000080040d8                bootloader_poll
 .text.bootloader_start
                0x0000000008004114       0xec libbootloader.a(bootloader.c.o)
                0x0000000008004114                bootloader_start
 .text.set_aggregate_callback
                0x0000000008004200       0x60 libbootloader.a(usb_conf.c.o)
 .text.usb_setup
                0x0000000008004260       0x94 libbootloader.a(usb_conf.c.o)
                0x0000000008004260                usb_setup
 .text.aggregate_register_config_callback
                0x00000000080042f4       0x3c libbootloader.a(usb_conf.c.o)
                0x00000000080042f4                aggregate_register_config_callback
 .text.aggregate_register_callback
                0x0000000008004330       0x50 libbootloader.a(usb_conf.c.o)
                0x0000000008004330                aggregate_register_callback
 .text.usb_set_serial_number
                0x0000000008004380       0x1c libbootloader.a(usb_conf.c.o)
                0x0000000008004380                usb_set_serial_number
 .text.dump_buffer
                0x000000000800439c       0x50 libbootloader.a(usb_conf.c.o)
                0x000000000800439c                dump_buffer
 .text.dump_usb_request
                0x00000000080043ec      0x178 libbootloader.a(usb_conf.c.o)
                0x00000000080043ec                dump_usb_request
 .text.aggregate_callback
                0x0000000008004564       0xa8 libbootloader.a(usb_conf.c.o)
 .text.webusb_set_config
                0x000000000800460c       0x28 libbootloader.a(webusb.c.o)
 .text.webusb_control_vendor_request
                0x0000000008004634       0xa4 libbootloader.a(webusb.c.o)
 .text.webusb_setup
                0x00000000080046d8       0x50 libbootloader.a(webusb.c.o)
                0x00000000080046d8                webusb_setup
 .text.winusb_control_vendor_request
                0x0000000008004728       0x9c libbootloader.a(winusb.c.o)
 .text.winusb_set_config
                0x00000000080047c4       0x28 libbootloader.a(winusb.c.o)
 .text.winusb_descriptor_request
                0x00000000080047ec       0x48 libbootloader.a(winusb.c.o)
 .text.winusb_setup
                0x0000000008004834       0x5c libbootloader.a(winusb.c.o)
                0x0000000008004834                winusb_setup
 .text.target_set_led
                0x0000000008004890       0x18 libbootloader.a(target_stm32f103.c.o)
                0x0000000008004890                target_set_led
 .text.target_gpio_setup
                0x00000000080048a8       0x70 libbootloader.a(target_stm32f103.c.o)
                0x00000000080048a8                target_gpio_setup
 .text.target_usb_init
                0x0000000008004918       0x2c libbootloader.a(target_stm32f103.c.o)
                0x0000000008004918                target_usb_init
 .text.target_manifest_app
                0x0000000008004944       0x14 libbootloader.a(target_stm32f103.c.o)
                0x0000000008004944                target_manifest_app
 .text.target_manifest_bootloader
                0x0000000008004958       0x14 libbootloader.a(target_stm32f103.c.o)
                0x0000000008004958                target_manifest_bootloader
 .text.target_get_force_bootloader
                0x000000000800496c       0x38 libbootloader.a(target_stm32f103.c.o)
                0x000000000800496c                target_get_force_bootloader
 .text.target_get_startup_mode
                0x00000000080049a4       0x7c libbootloader.a(target_stm32f103.c.o)
                0x00000000080049a4                target_get_startup_mode
 .text.target_get_serial_number
                0x0000000008004a20        0x8 libbootloader.a(target_stm32f103.c.o)
                0x0000000008004a20                target_get_serial_number
 .text.target_flash_unlock
                0x0000000008004a28        0x4 libbootloader.a(target_stm32f103.c.o)
                0x0000000008004a28                target_flash_unlock
 .text.target_flash_lock
                0x0000000008004a2c        0x4 libbootloader.a(target_stm32f103.c.o)
                0x0000000008004a2c                target_flash_lock
 .text.target_flash_program_array
                0x0000000008004a30       0xf4 libbootloader.a(target_stm32f103.c.o)
                0x0000000008004a30                target_flash_program_array
 .text.cdcacm_comm_cb
                0x0000000008004b24       0x14 libbootloader.a(cdc.c.o)
 .text.cdcacm_data_rx_cb
                0x0000000008004b38       0x50 libbootloader.a(cdc.c.o)
 .text.cdcacm_set_config
                0x0000000008004b88       0x68 libbootloader.a(cdc.c.o)
 .text.cdcacm_control_request
                0x0000000008004bf0       0x68 libbootloader.a(cdc.c.o)
 .text.cdc_setup
                0x0000000008004c58       0x24 libbootloader.a(cdc.c.o)
                0x0000000008004c58                cdc_setup
 .text.hf2_set_config
                0x0000000008004c7c       0x3c libbootloader.a(hf2.c.o)
 .text.assert.part.0
                0x0000000008004cb8       0x1c libbootloader.a(hf2.c.o)
 .text.pokeSend
                0x0000000008004cd4       0x88 libbootloader.a(hf2.c.o)
 .text.send_hf2_response
                0x0000000008004d5c       0x3c libbootloader.a(hf2.c.o)
 .text.hf2_data_tx_cb
                0x0000000008004d98        0x4 libbootloader.a(hf2.c.o)
 .text.hf2_data_rx_cb
                0x0000000008004d9c      0x20c libbootloader.a(hf2.c.o)
 .text.hf2_setup
                0x0000000008004fa8       0x2c libbootloader.a(hf2.c.o)
                0x0000000008004fa8                hf2_setup
 .text.usb21_set_config
                0x0000000008004fd4       0x28 libbootloader.a(usb21_standard.c.o)
 .text.usb21_standard_get_descriptor
                0x0000000008004ffc       0xe0 libbootloader.a(usb21_standard.c.o)
 .text.usb21_setup
                0x00000000080050dc       0x38 libbootloader.a(usb21_standard.c.o)
                0x00000000080050dc                usb21_setup
 .text.backup_write
                0x0000000008005114       0x38 libbootloader.a(backup.c.o)
                0x0000000008005114                backup_write
 .text.backup_read
                0x000000000800514c       0x18 libbootloader.a(backup.c.o)
                0x000000000800514c                backup_read
 .text.flushFlash.part.0
                0x0000000008005164       0x84 libbootloader.a(ghostfat.c.o)
 .text.flash_write
                0x00000000080051e8       0x60 libbootloader.a(ghostfat.c.o)
                0x00000000080051e8                flash_write
                0x0000000008005248                . = ALIGN (0x4)
 :*reset_handler*(SORT_BY_ALIGNMENT(.rodata*))
 .rodata.reset_handler.str1.4
                0x0000000008005248       0x37 /Users/Luppy/stm32bluepill-makecode/pxt-maker/projects/blink/built/dockercodal/build/libraries/codal-libopencm3/CMakeFiles/hal.dir/stm32/hal/reset_handler.c.o
 *libhal.a:*reset_handler*(SORT_BY_ALIGNMENT(.rodata*))
 :*codal_target_hal*(SORT_BY_ALIGNMENT(.rodata*))
 *libhal.a:*codal_target_hal*(SORT_BY_ALIGNMENT(.rodata*))
 *fill*         0x000000000800527f        0x1 
 .rodata._ZL11timer_alarmv.str1.4
                0x0000000008005280        0x4 libhal.a(codal_target_hal.cpp.o)
 .rodata.target_get_serial.str1.4
                0x0000000008005284       0x16 libhal.a(codal_target_hal.cpp.o)
 *fill*         0x000000000800529a        0x2 
 .rodata.target_panic.str1.4
                0x000000000800529c       0x13 libhal.a(codal_target_hal.cpp.o)
 *fill*         0x00000000080052af        0x1 
 .rodata.target_reset.str1.4
                0x00000000080052b0       0x11 libhal.a(codal_target_hal.cpp.o)
 *fill*         0x00000000080052c1        0x3 
 .rodata.target_seed_random.str1.4
                0x00000000080052c4       0x17 libhal.a(codal_target_hal.cpp.o)
 *fill*         0x00000000080052db        0x1 
 .rodata.target_wait.str1.4
                0x00000000080052dc       0x10 libhal.a(codal_target_hal.cpp.o)
 .rodata.target_wait_us.str1.4
                0x00000000080052ec       0x13 libhal.a(codal_target_hal.cpp.o)
 *fill*         0x00000000080052ff        0x1 
 .rodata.test_codal.str1.4
                0x0000000008005300       0x3c libhal.a(codal_target_hal.cpp.o)
 :*CortexContextSwitch*(SORT_BY_ALIGNMENT(.rodata*))
 *libhal.a:(SORT_BY_ALIGNMENT(.rodata*))
 *liblibopencm3.a:(SORT_BY_ALIGNMENT(.rodata*))
 .rodata.desig_get_unique_id_as_string.str1.4
                0x000000000800533c       0x11 liblibopencm3.a(desig.c.o)
 *fill*         0x000000000800534d        0x3 
 .rodata.st_usbfs_v1_usb_driver
                0x0000000008005350       0x34 liblibopencm3.a(st_usbfs_v1.c.o)
                0x0000000008005350                st_usbfs_v1_usb_driver
 *libFrameworkLibOpenCM3.a:(SORT_BY_ALIGNMENT(.rodata*))
 *libcocoos.a:(SORT_BY_ALIGNMENT(.rodata*))
 .rodata.os_on_assert.str1.4
                0x0000000008005384       0x1a libcocoos.a(os_assert.c.o)
 *libcocoOS_?.?.?.a:(SORT_BY_ALIGNMENT(.rodata*))
 *libgcc.a:(SORT_BY_ALIGNMENT(.rodata*))
 *libqfplib.a:(SORT_BY_ALIGNMENT(.rodata*))
 *libnano-float.a:(SORT_BY_ALIGNMENT(.rodata*))
 *libnewlib.a:(SORT_BY_ALIGNMENT(.rodata*))
 .rodata._ctype_
                0x000000000800539e      0x101 libnewlib.a(ctype_.c.o)
                0x000000000800539e                _ctype_
 *liblogger.a:(SORT_BY_ALIGNMENT(.rodata*))
 *fill*         0x000000000800549f        0x1 
 .rodata._Z11debug_printi.str1.4
                0x00000000080054a0        0x6 liblogger.a(logger.cpp.o)
 *fill*         0x00000000080054a6        0x2 
 .rodata._Z11debug_printj.str1.4
                0x00000000080054a8        0xb liblogger.a(logger.cpp.o)
 *fill*         0x00000000080054b3        0x1 
 .rodata.debug_println.str1.4
                0x00000000080054b4        0x2 liblogger.a(logger.cpp.o)
 *libbluepill.a:(SORT_BY_ALIGNMENT(.rodata*))
 *fill*         0x00000000080054b6        0x2 
 .rodata.platform_setup.str1.4
                0x00000000080054b8       0x13 libbluepill.a(bluepill.cpp.o)
 *fill*         0x00000000080054cb        0x1 
 .rodata.platform_set_alarm.str1.4
                0x00000000080054cc        0xf libbluepill.a(timer.cpp.o)
 *fill*         0x00000000080054db        0x1 
 .rodata.platform_start_timer.str1.4
                0x00000000080054dc       0x38 libbluepill.a(timer.cpp.o)
                                         0x35 (size before relaxing)
 *libbootloader.a:(SORT_BY_ALIGNMENT(.rodata*))
 .rodata.bootloader_start.str1.4
                0x0000000008005514       0x60 libbootloader.a(bootloader.c.o)
 .rodata.aggregate_callback.str1.4
                0x0000000008005574        0xc libbootloader.a(usb_conf.c.o)
 .rodata.aggregate_register_callback.str1.4
                0x0000000008005580       0x26 libbootloader.a(usb_conf.c.o)
 *fill*         0x00000000080055a6        0x2 
 .rodata.aggregate_register_config_callback.str1.4
                0x00000000080055a8       0x25 libbootloader.a(usb_conf.c.o)
 *fill*         0x00000000080055cd        0x3 
 .rodata.bos_descriptor
                0x00000000080055d0        0x9 libbootloader.a(usb_conf.c.o)
 *fill*         0x00000000080055d9        0x3 
 .rodata.cdc_iface_assoc
                0x00000000080055dc        0x8 libbootloader.a(usb_conf.c.o)
 .rodata.cdcacm_functional_descriptors
                0x00000000080055e4       0x13 libbootloader.a(usb_conf.c.o)
 *fill*         0x00000000080055f7        0x1 
 .rodata.comm_endp
                0x00000000080055f8        0xf libbootloader.a(usb_conf.c.o)
 *fill*         0x0000000008005607        0x1 
 .rodata.comm_iface
                0x0000000008005608       0x15 libbootloader.a(usb_conf.c.o)
 *fill*         0x000000000800561d        0x3 
 .rodata.config
                0x0000000008005620        0xd libbootloader.a(usb_conf.c.o)
 *fill*         0x000000000800562d        0x3 
 .rodata.data_endp
                0x0000000008005630       0x1e libbootloader.a(usb_conf.c.o)
 *fill*         0x000000000800564e        0x2 
 .rodata.data_iface
                0x0000000008005650       0x15 libbootloader.a(usb_conf.c.o)
 *fill*         0x0000000008005665        0x3 
 .rodata.dev    0x0000000008005668       0x12 libbootloader.a(usb_conf.c.o)
 *fill*         0x000000000800567a        0x2 
 .rodata.dump_buffer.str1.4
                0x000000000800567c        0x4 libbootloader.a(usb_conf.c.o)
                                          0x9 (size before relaxing)
 .rodata.dump_usb_request.str1.4
                0x0000000008005680       0x90 libbootloader.a(usb_conf.c.o)
 .rodata.hf2_endp
                0x0000000008005710       0x1e libbootloader.a(usb_conf.c.o)
 *fill*         0x000000000800572e        0x2 
 .rodata.hf2_iface
                0x0000000008005730       0x15 libbootloader.a(usb_conf.c.o)
 *fill*         0x0000000008005745        0x3 
 .rodata.interfaces
                0x0000000008005748       0x30 libbootloader.a(usb_conf.c.o)
 .rodata.set_aggregate_callback.str1.4
                0x0000000008005778       0x41 libbootloader.a(usb_conf.c.o)
 *fill*         0x00000000080057b9        0x3 
 .rodata.str1.4
                0x00000000080057bc       0x86 libbootloader.a(usb_conf.c.o)
 *fill*         0x0000000008005842        0x2 
 .rodata.usb_setup.str1.4
                0x0000000008005844       0x31 libbootloader.a(usb_conf.c.o)
 *fill*         0x0000000008005875        0x3 
 .rodata.webusb_control_vendor_request.str1.4
                0x0000000008005878       0x3f libbootloader.a(webusb.c.o)
                                         0x43 (size before relaxing)
 *fill*         0x00000000080058b7        0x1 
 .rodata.webusb_platform_capability_descriptor
                0x00000000080058b8       0x18 libbootloader.a(webusb.c.o)
                0x00000000080058b8                webusb_platform_capability_descriptor
 .rodata.webusb_set_config.str1.4
                0x00000000080058d0       0x1d libbootloader.a(webusb.c.o)
 *fill*         0x00000000080058ed        0x3 
 .rodata.webusb_setup.str1.4
                0x00000000080058f0       0x18 libbootloader.a(webusb.c.o)
 .rodata.guid   0x0000000008005908       0x92 libbootloader.a(winusb.c.o)
 *fill*         0x000000000800599a        0x2 
 .rodata.microsoft_platform_capability_descriptor
                0x000000000800599c       0x1c libbootloader.a(winusb.c.o)
                0x000000000800599c                microsoft_platform_capability_descriptor
 .rodata.winusb_control_vendor_request.str1.4
                0x00000000080059b8       0x17 libbootloader.a(winusb.c.o)
 *fill*         0x00000000080059cf        0x1 
 .rodata.winusb_descriptor_request.str1.4
                0x00000000080059d0        0x6 libbootloader.a(winusb.c.o)
 *fill*         0x00000000080059d6        0x2 
 .rodata.winusb_set_config.str1.4
                0x00000000080059d8       0x1d libbootloader.a(winusb.c.o)
 *fill*         0x00000000080059f5        0x3 
 .rodata.winusb_setup.str1.4
                0x00000000080059f8       0x18 libbootloader.a(winusb.c.o)
 .rodata.winusb_string_descriptor
                0x0000000008005a10       0x12 libbootloader.a(winusb.c.o)
 *fill*         0x0000000008005a22        0x2 
 .rodata.target_flash_program_array.str1.4
                0x0000000008005a24       0x73 libbootloader.a(target_stm32f103.c.o)
 *fill*         0x0000000008005a97        0x1 
 .rodata.target_get_startup_mode.str1.4
                0x0000000008005a98       0x35 libbootloader.a(target_stm32f103.c.o)
                                         0x39 (size before relaxing)
 *fill*         0x0000000008005acd        0x3 
 .rodata.cdc_setup.str1.4
                0x0000000008005ad0       0x15 libbootloader.a(cdc.c.o)
 *fill*         0x0000000008005ae5        0x3 
 .rodata.cdcacm_comm_cb.str1.4
                0x0000000008005ae8        0x5 libbootloader.a(cdc.c.o)
 *fill*         0x0000000008005aed        0x3 
 .rodata.cdcacm_control_request.str1.4
                0x0000000008005af0       0x28 libbootloader.a(cdc.c.o)
                                         0x31 (size before relaxing)
 .rodata.cdcacm_data_rx_cb.str1.4
                0x0000000008005b18        0x6 libbootloader.a(cdc.c.o)
 *fill*         0x0000000008005b1e        0x2 
 .rodata.cdcacm_set_config.str1.4
                0x0000000008005b20       0x1d libbootloader.a(cdc.c.o)
 *fill*         0x0000000008005b3d        0x3 
 .rodata.line_coding
                0x0000000008005b40        0x7 libbootloader.a(cdc.c.o)
 *fill*         0x0000000008005b47        0x1 
 .rodata.assert.part.0.str1.4
                0x0000000008005b48        0xc libbootloader.a(hf2.c.o)
 .rodata.bad_packet_message
                0x0000000008005b54        0xb libbootloader.a(hf2.c.o)
 *fill*         0x0000000008005b5f        0x1 
 .rodata.hf2_data_rx_cb.str1.4
                0x0000000008005b60       0x95 libbootloader.a(hf2.c.o)
                                         0x99 (size before relaxing)
 *fill*         0x0000000008005bf5        0x3 
 .rodata.hf2_set_config.str1.4
                0x0000000008005bf8        0xb libbootloader.a(hf2.c.o)
 *fill*         0x0000000008005c03        0x1 
 .rodata.hf2_setup.str1.4
                0x0000000008005c04       0x15 libbootloader.a(hf2.c.o)
 *fill*         0x0000000008005c19        0x3 
 .rodata.send_hf2_response.str1.4
                0x0000000008005c1c        0x7 libbootloader.a(hf2.c.o)
 *fill*         0x0000000008005c23        0x1 
 .rodata.usb21_set_config.str1.4
                0x0000000008005c24       0x1c libbootloader.a(usb21_standard.c.o)
 .rodata.usb21_setup.str1.4
                0x0000000008005c40       0x17 libbootloader.a(usb21_standard.c.o)
 *fill*         0x0000000008005c57        0x1 
 .rodata.usb21_standard_get_descriptor.str1.4
                0x0000000008005c58       0x24 libbootloader.a(usb21_standard.c.o)
 .rodata.flushFlash.part.0.str1.4
                0x0000000008005c7c       0x1e libbootloader.a(ghostfat.c.o)
                                         0x22 (size before relaxing)
 *fill*         0x0000000008005c9a        0x2 
 .rodata.infoUf2File
                0x0000000008005c9c       0x55 libbootloader.a(ghostfat.c.o)
                0x0000000008005c9c                infoUf2File
                0x0000000008005cf4                . = ALIGN (0x4)
 *fill*         0x0000000008005cf1        0x3 
                0x0000000008005cf4                _boot_etext = .

.text           0x0000000008006800     0x64a8
                0x0000000008006800                . = ALIGN (0x4)
                0x0000000008006800                _text = .
 *(SORT_BY_ALIGNMENT(.text.application_start))
 .text.application_start
                0x0000000008006800      0x118 libcm.a(application.cpp.o)
                0x0000000008006800                application_start
 *(SORT_BY_ALIGNMENT(.text.main))
 *(SORT_BY_ALIGNMENT(.text.startup.main))
 .text.startup.main
                0x0000000008006918        0xc CMakeFiles/STM32_BLUE_PILL.dir/pxtapp/main.cpp.o
                0x0000000008006918                main
 *(SORT_BY_ALIGNMENT(.text*))
 *fill*         0x0000000008006924        0x4 
 .text._ZN6numops5mycvtEdPc
                0x0000000008006928      0x174 CMakeFiles/STM32_BLUE_PILL.dir/pxtapp/base/core.cpp.o
                0x0000000008006928                numops::mycvt(double, char*)
 *fill*         0x0000000008006a9c        0x4 
 .text._ZN5Math_12randomDoubleEv
                0x0000000008006aa0       0x54 CMakeFiles/STM32_BLUE_PILL.dir/pxtapp/base/core.cpp.o
                0x0000000008006aa0                Math_::randomDouble()
 .text._ZN5Math_4log2EPN3pxt12TValueStructE
                0x0000000008006af4       0x14 CMakeFiles/STM32_BLUE_PILL.dir/pxtapp/base/advmath.cpp.o
                0x0000000008006af4                Math_::log2(pxt::TValueStruct*)
 .text._ZN5Math_3expEPN3pxt12TValueStructE
                0x0000000008006b08       0x14 CMakeFiles/STM32_BLUE_PILL.dir/pxtapp/base/advmath.cpp.o
                0x0000000008006b08                Math_::exp(pxt::TValueStruct*)
 .text._ZN5Math_4tanhEPN3pxt12TValueStructE
                0x0000000008006b1c       0x14 CMakeFiles/STM32_BLUE_PILL.dir/pxtapp/base/advmath.cpp.o
                0x0000000008006b1c                Math_::tanh(pxt::TValueStruct*)
 .text._ZN5Math_4sinhEPN3pxt12TValueStructE
                0x0000000008006b30       0x14 CMakeFiles/STM32_BLUE_PILL.dir/pxtapp/base/advmath.cpp.o
                0x0000000008006b30                Math_::sinh(pxt::TValueStruct*)
 .text._ZN5Math_4coshEPN3pxt12TValueStructE
                0x0000000008006b44       0x14 CMakeFiles/STM32_BLUE_PILL.dir/pxtapp/base/advmath.cpp.o
                0x0000000008006b44                Math_::cosh(pxt::TValueStruct*)
 .text._ZN5Math_5atanhEPN3pxt12TValueStructE
                0x0000000008006b58       0x14 CMakeFiles/STM32_BLUE_PILL.dir/pxtapp/base/advmath.cpp.o
                0x0000000008006b58                Math_::atanh(pxt::TValueStruct*)
 .text._ZN5Math_5asinhEPN3pxt12TValueStructE
                0x0000000008006b6c       0x14 CMakeFiles/STM32_BLUE_PILL.dir/pxtapp/base/advmath.cpp.o
                0x0000000008006b6c                Math_::asinh(pxt::TValueStruct*)
 .text._ZN5Math_5acoshEPN3pxt12TValueStructE
                0x0000000008006b80       0x14 CMakeFiles/STM32_BLUE_PILL.dir/pxtapp/base/advmath.cpp.o
                0x0000000008006b80                Math_::acosh(pxt::TValueStruct*)
 .text._ZN3pxtL9readBytesEPhS0_ibi
                0x0000000008006b94       0x64 CMakeFiles/STM32_BLUE_PILL.dir/pxtapp/base/buffer.cpp.o
 .text._ZN13BufferMethods8getBytesEPN3pxt11BoxedBufferE
                0x0000000008006bf8        0x4 CMakeFiles/STM32_BLUE_PILL.dir/pxtapp/base/buffer.cpp.o
                0x0000000008006bf8                BufferMethods::getBytes(pxt::BoxedBuffer*)
 .text._ZN13BufferMethods7getByteEPN3pxt11BoxedBufferEi
                0x0000000008006bfc       0x18 CMakeFiles/STM32_BLUE_PILL.dir/pxtapp/base/buffer.cpp.o
                0x0000000008006bfc                BufferMethods::getByte(pxt::BoxedBuffer*, int)
 .text._ZN13BufferMethods7setByteEPN3pxt11BoxedBufferEii
                0x0000000008006c14       0x14 CMakeFiles/STM32_BLUE_PILL.dir/pxtapp/base/buffer.cpp.o
                0x0000000008006c14                BufferMethods::setByte(pxt::BoxedBuffer*, int, int)
 .text._ZN13BufferMethods11writeBufferEPN3pxt11BoxedBufferEiS2_ii
                0x0000000008006c28       0x50 CMakeFiles/STM32_BLUE_PILL.dir/pxtapp/base/buffer.cpp.o
                0x0000000008006c28                BufferMethods::writeBuffer(pxt::BoxedBuffer*, int, pxt::BoxedBuffer*, int, int)
 .text._ZN13BufferMethods6lengthEPN3pxt11BoxedBufferE
                0x0000000008006c78        0x4 CMakeFiles/STM32_BLUE_PILL.dir/pxtapp/base/buffer.cpp.o
                0x0000000008006c78                BufferMethods::length(pxt::BoxedBuffer*)
 .text._ZN13BufferMethods4fillEPN3pxt11BoxedBufferEiii
                0x0000000008006c7c       0x2c CMakeFiles/STM32_BLUE_PILL.dir/pxtapp/base/buffer.cpp.o
                0x0000000008006c7c                BufferMethods::fill(pxt::BoxedBuffer*, int, int, int)
 .text._ZN13BufferMethods5sliceEPN3pxt11BoxedBufferEii
                0x0000000008006ca8       0x28 CMakeFiles/STM32_BLUE_PILL.dir/pxtapp/base/buffer.cpp.o
                0x0000000008006ca8                BufferMethods::slice(pxt::BoxedBuffer*, int, int)
 .text._ZN13BufferMethods5shiftEPN3pxt11BoxedBufferEiii
                0x0000000008006cd0       0x80 CMakeFiles/STM32_BLUE_PILL.dir/pxtapp/base/buffer.cpp.o
                0x0000000008006cd0                BufferMethods::shift(pxt::BoxedBuffer*, int, int, int)
 .text._ZN13BufferMethods5toHexEPN3pxt11BoxedBufferE
                0x0000000008006d50       0x40 CMakeFiles/STM32_BLUE_PILL.dir/pxtapp/base/buffer.cpp.o
                0x0000000008006d50                BufferMethods::toHex(pxt::BoxedBuffer*)
 .text._ZN13BufferMethods6rotateEPN3pxt11BoxedBufferEiii
                0x0000000008006d90       0x74 CMakeFiles/STM32_BLUE_PILL.dir/pxtapp/base/buffer.cpp.o
                0x0000000008006d90                BufferMethods::rotate(pxt::BoxedBuffer*, int, int, int)
 .text._ZN13BufferMethods5writeEPN3pxt11BoxedBufferEiS2_
                0x0000000008006e04       0x14 CMakeFiles/STM32_BLUE_PILL.dir/pxtapp/base/buffer.cpp.o
                0x0000000008006e04                BufferMethods::write(pxt::BoxedBuffer*, int, pxt::BoxedBuffer*)
 .text._ZN7control12createBufferEi
                0x0000000008006e18        0x8 CMakeFiles/STM32_BLUE_PILL.dir/pxtapp/base/buffer.cpp.o
                0x0000000008006e18                control::createBuffer(int)
 .text._ZN3pxt13setNumberCoreEPhiNS_12NumberFormatEPNS_12TValueStructE
                0x0000000008006e20      0x108 CMakeFiles/STM32_BLUE_PILL.dir/pxtapp/base/buffer.cpp.o
                0x0000000008006e20                pxt::setNumberCore(unsigned char*, int, pxt::NumberFormat, pxt::TValueStruct*)
 .text._ZN13BufferMethods9setNumberEPN3pxt11BoxedBufferENS0_12NumberFormatEiPNS0_12TValueStructE
                0x0000000008006f28       0x1c CMakeFiles/STM32_BLUE_PILL.dir/pxtapp/base/buffer.cpp.o
                0x0000000008006f28                BufferMethods::setNumber(pxt::BoxedBuffer*, pxt::NumberFormat, int, pxt::TValueStruct*)
 .text._ZN3pxt13getNumberCoreEPhiNS_12NumberFormatE
                0x0000000008006f44      0x120 CMakeFiles/STM32_BLUE_PILL.dir/pxtapp/base/buffer.cpp.o
                0x0000000008006f44                pxt::getNumberCore(unsigned char*, int, pxt::NumberFormat)
 .text._ZN13BufferMethods9getNumberEPN3pxt11BoxedBufferENS0_12NumberFormatEi
                0x0000000008007064       0x1c CMakeFiles/STM32_BLUE_PILL.dir/pxtapp/base/buffer.cpp.o
                0x0000000008007064                BufferMethods::getNumber(pxt::BoxedBuffer*, pxt::NumberFormat, int)
 .text._ZN7control6millisEv
                0x0000000008007080        0x4 CMakeFiles/STM32_BLUE_PILL.dir/pxtapp/base/control.cpp.o
                0x0000000008007080                control::millis()
 .text._ZN7control15internalOnEventEiiPN3pxt12TValueStructEi
                0x0000000008007084        0x4 CMakeFiles/STM32_BLUE_PILL.dir/pxtapp/base/control.cpp.o
                0x0000000008007084                control::internalOnEvent(int, int, pxt::TValueStruct*, int)
 .text._ZN7control5resetEv
                0x0000000008007088        0x4 CMakeFiles/STM32_BLUE_PILL.dir/pxtapp/base/control.cpp.o
                0x0000000008007088                control::reset()
 .text._ZN7control10waitMicrosEi
                0x000000000800708c        0x8 CMakeFiles/STM32_BLUE_PILL.dir/pxtapp/base/control.cpp.o
                0x000000000800708c                control::waitMicros(int)
 .text._ZN7control13runInParallelEPN3pxt12TValueStructE
                0x0000000008007094        0x4 CMakeFiles/STM32_BLUE_PILL.dir/pxtapp/base/control.cpp.o
                0x0000000008007094                control::runInParallel(pxt::TValueStruct*)
 .text._ZN7control12waitForEventEii
                0x0000000008007098        0x4 CMakeFiles/STM32_BLUE_PILL.dir/pxtapp/base/control.cpp.o
                0x0000000008007098                control::waitForEvent(int, int)
 .text._ZN7control18deviceSerialNumberEv
                0x000000000800709c        0x4 CMakeFiles/STM32_BLUE_PILL.dir/pxtapp/base/control.cpp.o
                0x000000000800709c                control::deviceSerialNumber()
 .text._ZN7control5__logEiPN3pxt11BoxedStringE
                0x00000000080070a0       0x10 CMakeFiles/STM32_BLUE_PILL.dir/pxtapp/base/control.cpp.o
                0x00000000080070a0                control::__log(int, pxt::BoxedString*)
 .text._ZN7control10dmesgValueEPN3pxt12TValueStructE
                0x00000000080070b0        0x4 CMakeFiles/STM32_BLUE_PILL.dir/pxtapp/base/control.cpp.o
                0x00000000080070b0                control::dmesgValue(pxt::TValueStruct*)
 .text._ZN7control2gcEv
                0x00000000080070b4        0x8 CMakeFiles/STM32_BLUE_PILL.dir/pxtapp/base/control.cpp.o
                0x00000000080070b4                control::gc()
 .text._ZN7control8heapDumpEv
                0x00000000080070bc       0x14 CMakeFiles/STM32_BLUE_PILL.dir/pxtapp/base/control.cpp.o
                0x00000000080070bc                control::heapDump()
 .text._ZN7control16profilingEnabledEv
                0x00000000080070d0        0x4 CMakeFiles/STM32_BLUE_PILL.dir/pxtapp/base/control.cpp.o
                0x00000000080070d0                control::profilingEnabled()
 .text._ZN3pxtL13dtorDoNothingEv
                0x00000000080070d4        0x4 CMakeFiles/STM32_BLUE_PILL.dir/pxtapp/base/core.cpp.o
 .text._ZN3pxtL11string_sizeEPNS_11BoxedStringE
                0x00000000080070d8        0x8 CMakeFiles/STM32_BLUE_PILL.dir/pxtapp/base/core.cpp.o
 .text._ZN3pxtL11number_sizeEPNS_11BoxedNumberE
                0x00000000080070e0        0x4 CMakeFiles/STM32_BLUE_PILL.dir/pxtapp/base/core.cpp.o
 .text._ZN3pxtL11buffer_sizeEPNS_11BoxedBufferE
                0x00000000080070e4        0x8 CMakeFiles/STM32_BLUE_PILL.dir/pxtapp/base/core.cpp.o
 .text._ZN3pxt11findBindingEii
                0x00000000080070ec       0x1c CMakeFiles/STM32_BLUE_PILL.dir/pxtapp/base/core.cpp.o
                0x00000000080070ec                pxt::findBinding(int, int)
 .text._ZN3pxt10setBindingEiiPNS_12TValueStructE
                0x0000000008007108       0x4c CMakeFiles/STM32_BLUE_PILL.dir/pxtapp/base/core.cpp.o
                0x0000000008007108                pxt::setBinding(int, int, pxt::TValueStruct*)
 .text._ZN3pxt8mkStringEPKci
                0x0000000008007154       0x4c CMakeFiles/STM32_BLUE_PILL.dir/pxtapp/base/core.cpp.o
                0x0000000008007154                pxt::mkString(char const*, int)
 .text._ZN3pxt8mkBufferEPKhi
                0x00000000080071a0       0x44 CMakeFiles/STM32_BLUE_PILL.dir/pxtapp/base/core.cpp.o
                0x00000000080071a0                pxt::mkBuffer(unsigned char const*, int)
 .text._ZN3pxt9getRandomEj
                0x00000000080071e4       0x40 CMakeFiles/STM32_BLUE_PILL.dir/pxtapp/base/core.cpp.o
                0x00000000080071e4                pxt::getRandom(unsigned int)
 .text._ZN7String_7mkEmptyEv
                0x0000000008007224        0xc CMakeFiles/STM32_BLUE_PILL.dir/pxtapp/base/core.cpp.o
                0x0000000008007224                String_::mkEmpty()
 .text._ZN7String_12fromCharCodeEi
                0x0000000008007230       0x20 CMakeFiles/STM32_BLUE_PILL.dir/pxtapp/base/core.cpp.o
                0x0000000008007230                String_::fromCharCode(int)
 .text._ZN7String_6charAtEPN3pxt11BoxedStringEi
                0x0000000008007250       0x3c CMakeFiles/STM32_BLUE_PILL.dir/pxtapp/base/core.cpp.o
                0x0000000008007250                String_::charAt(pxt::BoxedString*, int)
 .text._ZN7String_6concatEPN3pxt11BoxedStringES2_
                0x000000000800728c       0x6c CMakeFiles/STM32_BLUE_PILL.dir/pxtapp/base/core.cpp.o
                0x000000000800728c                String_::concat(pxt::BoxedString*, pxt::BoxedString*)
 .text._ZN7String_7compareEPN3pxt11BoxedStringES2_
                0x00000000080072f8       0x24 CMakeFiles/STM32_BLUE_PILL.dir/pxtapp/base/core.cpp.o
                0x00000000080072f8                String_::compare(pxt::BoxedString*, pxt::BoxedString*)
 .text._ZN7String_6lengthEPN3pxt11BoxedStringE
                0x000000000800731c        0x4 CMakeFiles/STM32_BLUE_PILL.dir/pxtapp/base/core.cpp.o
                0x000000000800731c                String_::length(pxt::BoxedString*)
 .text._ZN7String_8mystrtodEPKcPPc
                0x0000000008007320      0x16c CMakeFiles/STM32_BLUE_PILL.dir/pxtapp/base/core.cpp.o
                0x0000000008007320                String_::mystrtod(char const*, char**)
 .text._ZN7String_6substrEPN3pxt11BoxedStringEii
                0x000000000800748c       0x34 CMakeFiles/STM32_BLUE_PILL.dir/pxtapp/base/core.cpp.o
                0x000000000800748c                String_::substr(pxt::BoxedString*, int, int)
 .text._ZN7String_7indexOfEPN3pxt11BoxedStringES2_i
                0x00000000080074c0       0x30 CMakeFiles/STM32_BLUE_PILL.dir/pxtapp/base/core.cpp.o
                0x00000000080074c0                String_::indexOf(pxt::BoxedString*, pxt::BoxedString*, int)
 .text._ZN7String_8includesEPN3pxt11BoxedStringES2_i
                0x00000000080074f0       0x10 CMakeFiles/STM32_BLUE_PILL.dir/pxtapp/base/core.cpp.o
                0x00000000080074f0                String_::includes(pxt::BoxedString*, pxt::BoxedString*, int)
 .text._ZN8Boolean_4bangEi
                0x0000000008007500        0x8 CMakeFiles/STM32_BLUE_PILL.dir/pxtapp/base/core.cpp.o
                0x0000000008007500                Boolean_::bang(int)
 .text._ZN3pxt10fromDoubleEd
                0x0000000008007508       0xac CMakeFiles/STM32_BLUE_PILL.dir/pxtapp/base/core.cpp.o
                0x0000000008007508                pxt::fromDouble(double)
 .text._ZN7String_8toNumberEPN3pxt11BoxedStringE
                0x00000000080075b4       0xa0 CMakeFiles/STM32_BLUE_PILL.dir/pxtapp/base/core.cpp.o
                0x00000000080075b4                String_::toNumber(pxt::BoxedString*)
 .text._ZN3pxt7fromIntEi.part.7
                0x0000000008007654       0x10 CMakeFiles/STM32_BLUE_PILL.dir/pxtapp/base/core.cpp.o
 .text._ZN7String_10charCodeAtEPN3pxt11BoxedStringEi
                0x0000000008007664       0x1c CMakeFiles/STM32_BLUE_PILL.dir/pxtapp/base/core.cpp.o
                0x0000000008007664                String_::charCodeAt(pxt::BoxedString*, int)
 .text._ZN3pxt9fromFloatEf
                0x0000000008007680       0x10 CMakeFiles/STM32_BLUE_PILL.dir/pxtapp/base/core.cpp.o
                0x0000000008007680                pxt::fromFloat(float)
 .text._ZN3pxt7fromIntEi
                0x0000000008007690       0x14 CMakeFiles/STM32_BLUE_PILL.dir/pxtapp/base/core.cpp.o
                0x0000000008007690                pxt::fromInt(int)
 .text._ZN3pxt8fromUIntEj
                0x00000000080076a4       0x1c CMakeFiles/STM32_BLUE_PILL.dir/pxtapp/base/core.cpp.o
                0x00000000080076a4                pxt::fromUInt(unsigned int)
 .text._ZN3pxt8fromBoolEb
                0x00000000080076c0        0xc CMakeFiles/STM32_BLUE_PILL.dir/pxtapp/base/core.cpp.o
                0x00000000080076c0                pxt::fromBool(bool)
 .text._ZN5Math_6randomEv
                0x00000000080076cc       0x10 CMakeFiles/STM32_BLUE_PILL.dir/pxtapp/base/core.cpp.o
                0x00000000080076cc                Math_::random()
 .text._ZN5Math_4imulEii
                0x00000000080076dc        0x8 CMakeFiles/STM32_BLUE_PILL.dir/pxtapp/base/core.cpp.o
                0x00000000080076dc                Math_::imul(int, int)
 .text._ZN5Math_4idivEii
                0x00000000080076e4        0x8 CMakeFiles/STM32_BLUE_PILL.dir/pxtapp/base/core.cpp.o
                0x00000000080076e4                Math_::idiv(int, int)
 .text._ZN6Array_2mkEv
                0x00000000080076ec       0x14 CMakeFiles/STM32_BLUE_PILL.dir/pxtapp/base/core.cpp.o
                0x00000000080076ec                Array_::mk()
 .text._ZN6Array_6lengthEPN3pxt13RefCollectionE
                0x0000000008007700        0x4 CMakeFiles/STM32_BLUE_PILL.dir/pxtapp/base/core.cpp.o
                0x0000000008007700                Array_::length(pxt::RefCollection*)
 .text._ZN6Array_9setLengthEPN3pxt13RefCollectionEi
                0x0000000008007704        0x8 CMakeFiles/STM32_BLUE_PILL.dir/pxtapp/base/core.cpp.o
                0x0000000008007704                Array_::setLength(pxt::RefCollection*, int)
 .text._ZN6Array_4pushEPN3pxt13RefCollectionEPNS0_12TValueStructE
                0x000000000800770c        0xc CMakeFiles/STM32_BLUE_PILL.dir/pxtapp/base/core.cpp.o
                0x000000000800770c                Array_::push(pxt::RefCollection*, pxt::TValueStruct*)
 .text._ZN6Array_3popEPN3pxt13RefCollectionE
                0x0000000008007718        0x8 CMakeFiles/STM32_BLUE_PILL.dir/pxtapp/base/core.cpp.o
                0x0000000008007718                Array_::pop(pxt::RefCollection*)
 .text._ZN6Array_5getAtEPN3pxt13RefCollectionEi
                0x0000000008007720       0x10 CMakeFiles/STM32_BLUE_PILL.dir/pxtapp/base/core.cpp.o
                0x0000000008007720                Array_::getAt(pxt::RefCollection*, int)
 .text._ZN6Array_5setAtEPN3pxt13RefCollectionEiPNS0_12TValueStructE
                0x0000000008007730        0x8 CMakeFiles/STM32_BLUE_PILL.dir/pxtapp/base/core.cpp.o
                0x0000000008007730                Array_::setAt(pxt::RefCollection*, int, pxt::TValueStruct*)
 .text._ZN6Array_8removeAtEPN3pxt13RefCollectionEi
                0x0000000008007738        0x8 CMakeFiles/STM32_BLUE_PILL.dir/pxtapp/base/core.cpp.o
                0x0000000008007738                Array_::removeAt(pxt::RefCollection*, int)
 .text._ZN6Array_8insertAtEPN3pxt13RefCollectionEiPNS0_12TValueStructE
                0x0000000008007740        0x8 CMakeFiles/STM32_BLUE_PILL.dir/pxtapp/base/core.cpp.o
                0x0000000008007740                Array_::insertAt(pxt::RefCollection*, int, pxt::TValueStruct*)
 .text._ZN3pxt11programSizeEv
                0x0000000008007748       0x10 CMakeFiles/STM32_BLUE_PILL.dir/pxtapp/base/core.cpp.o
                0x0000000008007748                pxt::programSize()
 .text._ZN3pxt9getConfigEii
                0x0000000008007758       0x38 CMakeFiles/STM32_BLUE_PILL.dir/pxtapp/base/core.cpp.o
                0x0000000008007758                pxt::getConfig(int, int)
 .text._ZN5pxtrt8ldlocRefEPN3pxt11RefRefLocalE
                0x0000000008007790        0x4 CMakeFiles/STM32_BLUE_PILL.dir/pxtapp/base/core.cpp.o
                0x0000000008007790                pxtrt::ldlocRef(pxt::RefRefLocal*)
 .text._ZN5pxtrt8stlocRefEPN3pxt11RefRefLocalEPNS0_12TValueStructE
                0x0000000008007794        0x4 CMakeFiles/STM32_BLUE_PILL.dir/pxtapp/base/core.cpp.o
                0x0000000008007794                pxtrt::stlocRef(pxt::RefRefLocal*, pxt::TValueStruct*)
 .text._ZN5pxtrt8mklocRefEv
                0x0000000008007798       0x14 CMakeFiles/STM32_BLUE_PILL.dir/pxtapp/base/core.cpp.o
                0x0000000008007798                pxtrt::mklocRef()
 .text._ZN5pxtrt5stcloEPN3pxt9RefActionEiPNS0_12TValueStructE
                0x00000000080077ac       0x34 CMakeFiles/STM32_BLUE_PILL.dir/pxtapp/base/core.cpp.o
                0x00000000080077ac                pxtrt::stclo(pxt::RefAction*, int, pxt::TValueStruct*)
 .text._ZN5pxtrt5panicEi
                0x00000000080077e0        0x4 CMakeFiles/STM32_BLUE_PILL.dir/pxtapp/base/core.cpp.o
                0x00000000080077e0                pxtrt::panic(int)
 .text._ZN5pxtrt11emptyToNullEPN3pxt11BoxedStringE
                0x00000000080077e4        0xc CMakeFiles/STM32_BLUE_PILL.dir/pxtapp/base/core.cpp.o
                0x00000000080077e4                pxtrt::emptyToNull(pxt::BoxedString*)
 .text._ZN5pxtrt9ptrToBoolEPN3pxt12TValueStructE
                0x00000000080077f0        0x8 CMakeFiles/STM32_BLUE_PILL.dir/pxtapp/base/core.cpp.o
                0x00000000080077f0                pxtrt::ptrToBool(pxt::TValueStruct*)
 .text._ZN5pxtrt5mkMapEv
                0x00000000080077f8       0x14 CMakeFiles/STM32_BLUE_PILL.dir/pxtapp/base/core.cpp.o
                0x00000000080077f8                pxtrt::mkMap()
 .text._ZN5pxtrt14mapGetByStringEPN3pxt6RefMapEPNS0_11BoxedStringE
                0x000000000800780c       0x20 CMakeFiles/STM32_BLUE_PILL.dir/pxtapp/base/core.cpp.o
                0x000000000800780c                pxtrt::mapGetByString(pxt::RefMap*, pxt::BoxedString*)
 .text._ZN5pxtrt12lookupMapKeyEPN3pxt11BoxedStringE
                0x000000000800782c       0x88 CMakeFiles/STM32_BLUE_PILL.dir/pxtapp/base/core.cpp.o
                0x000000000800782c                pxtrt::lookupMapKey(pxt::BoxedString*)
 .text._ZN5pxtrt6mapGetEPN3pxt6RefMapEj
                0x00000000080078b4       0x14 CMakeFiles/STM32_BLUE_PILL.dir/pxtapp/base/core.cpp.o
                0x00000000080078b4                pxtrt::mapGet(pxt::RefMap*, unsigned int)
 .text._ZN5pxtrt14mapSetByStringEPN3pxt6RefMapEPNS0_11BoxedStringEPNS0_12TValueStructE
                0x00000000080078c8       0x38 CMakeFiles/STM32_BLUE_PILL.dir/pxtapp/base/core.cpp.o
                0x00000000080078c8                pxtrt::mapSetByString(pxt::RefMap*, pxt::BoxedString*, pxt::TValueStruct*)
 .text._ZN5pxtrt6mapSetEPN3pxt6RefMapEjPNS0_12TValueStructE
                0x0000000008007900       0x14 CMakeFiles/STM32_BLUE_PILL.dir/pxtapp/base/core.cpp.o
                0x0000000008007900                pxtrt::mapSet(pxt::RefMap*, unsigned int, pxt::TValueStruct*)
 .text._ZN5pxtrt13getGlobalsPtrEv
                0x0000000008007914        0xc CMakeFiles/STM32_BLUE_PILL.dir/pxtapp/base/core.cpp.o
                0x0000000008007914                pxtrt::getGlobalsPtr()
 .text._ZN5pxtrt14runtimeWarningEPN3pxt11BoxedStringE
                0x0000000008007920        0x4 CMakeFiles/STM32_BLUE_PILL.dir/pxtapp/base/core.cpp.o
                0x0000000008007920                pxtrt::runtimeWarning(pxt::BoxedString*)
 .text._ZN3pxt7valTypeEPNS_12TValueStructE
                0x0000000008007924       0x48 CMakeFiles/STM32_BLUE_PILL.dir/pxtapp/base/core.cpp.o
                0x0000000008007924                pxt::valType(pxt::TValueStruct*)
 .text._ZN3pxt8toDoubleEPNS_12TValueStructE
                0x000000000800796c       0x60 CMakeFiles/STM32_BLUE_PILL.dir/pxtapp/base/core.cpp.o
                0x000000000800796c                pxt::toDouble(pxt::TValueStruct*)
 .text._ZN3pxt6toUIntEPNS_12TValueStructE
                0x00000000080079cc       0xc8 CMakeFiles/STM32_BLUE_PILL.dir/pxtapp/base/core.cpp.o
                0x00000000080079cc                pxt::toUInt(pxt::TValueStruct*)
 .text._ZN3pxt5toIntEPNS_12TValueStructE
                0x0000000008007a94        0x4 CMakeFiles/STM32_BLUE_PILL.dir/pxtapp/base/core.cpp.o
                0x0000000008007a94                pxt::toInt(pxt::TValueStruct*)
 .text._ZN6numops4lslsEPN3pxt12TValueStructES2_
                0x0000000008007a98       0x2c CMakeFiles/STM32_BLUE_PILL.dir/pxtapp/base/core.cpp.o
                0x0000000008007a98                numops::lsls(pxt::TValueStruct*, pxt::TValueStruct*)
 .text._ZN6numops4asrsEPN3pxt12TValueStructES2_
                0x0000000008007ac4       0x2c CMakeFiles/STM32_BLUE_PILL.dir/pxtapp/base/core.cpp.o
                0x0000000008007ac4                numops::asrs(pxt::TValueStruct*, pxt::TValueStruct*)
 .text._ZN6numops4eorsEPN3pxt12TValueStructES2_
                0x0000000008007af0       0x28 CMakeFiles/STM32_BLUE_PILL.dir/pxtapp/base/core.cpp.o
                0x0000000008007af0                numops::eors(pxt::TValueStruct*, pxt::TValueStruct*)
 .text._ZN6numops4orrsEPN3pxt12TValueStructES2_
                0x0000000008007b18       0x28 CMakeFiles/STM32_BLUE_PILL.dir/pxtapp/base/core.cpp.o
                0x0000000008007b18                numops::orrs(pxt::TValueStruct*, pxt::TValueStruct*)
 .text._ZN6numops4bnotEPN3pxt12TValueStructE
                0x0000000008007b40       0x20 CMakeFiles/STM32_BLUE_PILL.dir/pxtapp/base/core.cpp.o
                0x0000000008007b40                numops::bnot(pxt::TValueStruct*)
 .text._ZN6numops4andsEPN3pxt12TValueStructES2_
                0x0000000008007b60       0x28 CMakeFiles/STM32_BLUE_PILL.dir/pxtapp/base/core.cpp.o
                0x0000000008007b60                numops::ands(pxt::TValueStruct*, pxt::TValueStruct*)
 .text._ZN6numops4lsrsEPN3pxt12TValueStructES2_
                0x0000000008007b88       0x30 CMakeFiles/STM32_BLUE_PILL.dir/pxtapp/base/core.cpp.o
                0x0000000008007b88                numops::lsrs(pxt::TValueStruct*, pxt::TValueStruct*)
 .text._ZN3pxt7toFloatEPNS_12TValueStructE
                0x0000000008007bb8        0xc CMakeFiles/STM32_BLUE_PILL.dir/pxtapp/base/core.cpp.o
                0x0000000008007bb8                pxt::toFloat(pxt::TValueStruct*)
 .text._ZN6numops4addsEPN3pxt12TValueStructES2_
                0x0000000008007bc4       0x28 CMakeFiles/STM32_BLUE_PILL.dir/pxtapp/base/core.cpp.o
                0x0000000008007bc4                numops::adds(pxt::TValueStruct*, pxt::TValueStruct*)
 .text._ZN6numops4subsEPN3pxt12TValueStructES2_
                0x0000000008007bec       0x28 CMakeFiles/STM32_BLUE_PILL.dir/pxtapp/base/core.cpp.o
                0x0000000008007bec                numops::subs(pxt::TValueStruct*, pxt::TValueStruct*)
 .text._ZN6numops4mulsEPN3pxt12TValueStructES2_
                0x0000000008007c14       0x58 CMakeFiles/STM32_BLUE_PILL.dir/pxtapp/base/core.cpp.o
                0x0000000008007c14                numops::muls(pxt::TValueStruct*, pxt::TValueStruct*)
 .text._ZN6numops3divEPN3pxt12TValueStructES2_
                0x0000000008007c6c       0x28 CMakeFiles/STM32_BLUE_PILL.dir/pxtapp/base/core.cpp.o
                0x0000000008007c6c                numops::div(pxt::TValueStruct*, pxt::TValueStruct*)
 .text._ZN6numops3modEPN3pxt12TValueStructES2_
                0x0000000008007c94       0x60 CMakeFiles/STM32_BLUE_PILL.dir/pxtapp/base/core.cpp.o
                0x0000000008007c94                numops::mod(pxt::TValueStruct*, pxt::TValueStruct*)
 .text._ZN5Math_3powEPN3pxt12TValueStructES2_
                0x0000000008007cf4       0x28 CMakeFiles/STM32_BLUE_PILL.dir/pxtapp/base/core.cpp.o
                0x0000000008007cf4                Math_::pow(pxt::TValueStruct*, pxt::TValueStruct*)
 .text._ZN5Math_5atan2EPN3pxt12TValueStructES2_
                0x0000000008007d1c       0x28 CMakeFiles/STM32_BLUE_PILL.dir/pxtapp/base/core.cpp.o
                0x0000000008007d1c                Math_::atan2(pxt::TValueStruct*, pxt::TValueStruct*)
 .text._ZN5Math_11randomRangeEPN3pxt12TValueStructES2_
                0x0000000008007d44       0xb4 CMakeFiles/STM32_BLUE_PILL.dir/pxtapp/base/core.cpp.o
                0x0000000008007d44                Math_::randomRange(pxt::TValueStruct*, pxt::TValueStruct*)
 .text._ZN5Math_3logEPN3pxt12TValueStructE
                0x0000000008007df8       0x14 CMakeFiles/STM32_BLUE_PILL.dir/pxtapp/base/core.cpp.o
                0x0000000008007df8                Math_::log(pxt::TValueStruct*)
 .text._ZN5Math_5log10EPN3pxt12TValueStructE
                0x0000000008007e0c       0x14 CMakeFiles/STM32_BLUE_PILL.dir/pxtapp/base/core.cpp.o
                0x0000000008007e0c                Math_::log10(pxt::TValueStruct*)
 .text._ZN5Math_3tanEPN3pxt12TValueStructE
                0x0000000008007e20       0x14 CMakeFiles/STM32_BLUE_PILL.dir/pxtapp/base/core.cpp.o
                0x0000000008007e20                Math_::tan(pxt::TValueStruct*)
 .text._ZN5Math_3sinEPN3pxt12TValueStructE
                0x0000000008007e34       0x14 CMakeFiles/STM32_BLUE_PILL.dir/pxtapp/base/core.cpp.o
                0x0000000008007e34                Math_::sin(pxt::TValueStruct*)
 .text._ZN5Math_3cosEPN3pxt12TValueStructE
                0x0000000008007e48       0x14 CMakeFiles/STM32_BLUE_PILL.dir/pxtapp/base/core.cpp.o
                0x0000000008007e48                Math_::cos(pxt::TValueStruct*)
 .text._ZN5Math_4atanEPN3pxt12TValueStructE
                0x0000000008007e5c       0x14 CMakeFiles/STM32_BLUE_PILL.dir/pxtapp/base/core.cpp.o
                0x0000000008007e5c                Math_::atan(pxt::TValueStruct*)
 .text._ZN5Math_4asinEPN3pxt12TValueStructE
                0x0000000008007e70       0x14 CMakeFiles/STM32_BLUE_PILL.dir/pxtapp/base/core.cpp.o
                0x0000000008007e70                Math_::asin(pxt::TValueStruct*)
 .text._ZN5Math_4acosEPN3pxt12TValueStructE
                0x0000000008007e84       0x14 CMakeFiles/STM32_BLUE_PILL.dir/pxtapp/base/core.cpp.o
                0x0000000008007e84                Math_::acos(pxt::TValueStruct*)
 .text._ZN5Math_4sqrtEPN3pxt12TValueStructE
                0x0000000008007e98       0x14 CMakeFiles/STM32_BLUE_PILL.dir/pxtapp/base/core.cpp.o
                0x0000000008007e98                Math_::sqrt(pxt::TValueStruct*)
 .text._ZN5Math_5floorEPN3pxt12TValueStructE
                0x0000000008007eac       0x14 CMakeFiles/STM32_BLUE_PILL.dir/pxtapp/base/core.cpp.o
                0x0000000008007eac                Math_::floor(pxt::TValueStruct*)
 .text._ZN5Math_4ceilEPN3pxt12TValueStructE
                0x0000000008007ec0       0x14 CMakeFiles/STM32_BLUE_PILL.dir/pxtapp/base/core.cpp.o
                0x0000000008007ec0                Math_::ceil(pxt::TValueStruct*)
 .text._ZN5Math_5truncEPN3pxt12TValueStructE
                0x0000000008007ed4       0x14 CMakeFiles/STM32_BLUE_PILL.dir/pxtapp/base/core.cpp.o