Archive member included to satisfy reference by file (symbol)

libnewlib.a(memcpy-stub.c.o)  CMakeFiles/STM32_BLUE_PILL.dir/pxtapp/base/buffer.cpp.o (memcpy)
libnewlib.a(strcmp.S.o)       CMakeFiles/STM32_BLUE_PILL.dir/pxtapp/base/core.cpp.o (strcmp)
libnewlib.a(strlen.S.o)       CMakeFiles/STM32_BLUE_PILL.dir/pxtapp/base/core.cpp.o (strlen)
libnewlib.a(strtol.c.o)       CMakeFiles/STM32_BLUE_PILL.dir/pxtapp/base/core.cpp.o (strtol)
libnewlib.a(memcmp.c.o)       CMakeFiles/STM32_BLUE_PILL.dir/pxtapp/base/pxt.cpp.o (memcmp)
libnewlib.a(memmove.c.o)      CMakeFiles/STM32_BLUE_PILL.dir/pxtapp/base/buffer.cpp.o (memmove)
libnewlib.a(memset.c.o)       CMakeFiles/STM32_BLUE_PILL.dir/pxtapp/base/buffer.cpp.o (memset)
libnewlib.a(strstr.c.o)       CMakeFiles/STM32_BLUE_PILL.dir/pxtapp/base/core.cpp.o (strstr)
libnewlib.a(ctype_.c.o)       libnewlib.a(strtol.c.o) (_ctype_)
libnewlib.a(impure.c.o)       libnewlib.a(strtol.c.o) (_impure_ptr)
libcodal-core.a(CodalCompat.cpp.o)
                              CMakeFiles/STM32_BLUE_PILL.dir/pxtapp/base/core.cpp.o (codal::itoa(int, char*))
libcodal-core.a(CodalComponent.cpp.o)
                              CMakeFiles/STM32_BLUE_PILL.dir/pxtapp/core---stm32bluepill/codal.cpp.o (codal::CodalComponent::components)
libcodal-core.a(CodalDevice.cpp.o)
                              CMakeFiles/STM32_BLUE_PILL.dir/pxtapp/core---stm32bluepill/codal.cpp.o (vtable for codal::CodalDevice)
libcodal-core.a(CodalDmesg.cpp.o)
                              CMakeFiles/STM32_BLUE_PILL.dir/pxtapp/base/core.cpp.o (codal_dmesg)
libcodal-core.a(CodalFiber.cpp.o)
                              CMakeFiles/STM32_BLUE_PILL.dir/pxtapp/core---stm32bluepill/codal.cpp.o (codal::list_fibers(codal::Fiber**))
libcodal-core.a(CodalHeapAllocator.cpp.o)
                              CMakeFiles/STM32_BLUE_PILL.dir/pxtapp/base/gc.cpp.o (device_heap_size(unsigned char))
libcodal-core.a(CodalListener.cpp.o)
                              CMakeFiles/STM32_BLUE_PILL.dir/pxtapp/core---stm32bluepill/codal.cpp.o (codal::Listener::Listener(unsigned short, unsigned short, void (*)(codal::Event), unsigned short))
libcodal-core.a(Timer.cpp.o)  CMakeFiles/STM32_BLUE_PILL.dir/pxtapp/core---stm32bluepill/codal.cpp.o (codal::Timer::~Timer())
libcodal-core.a(MessageBus.cpp.o)
                              CMakeFiles/STM32_BLUE_PILL.dir/pxtapp/core---stm32bluepill/codal.cpp.o (codal::MessageBus::add(codal::Listener*))
libcodal-core.a(Event.cpp.o)  CMakeFiles/STM32_BLUE_PILL.dir/pxtapp/core---stm32bluepill/control.cpp.o (codal::Event::Event(unsigned short, unsigned short, codal::EventLaunchMode))
libcodal-core.a(MemberFunctionCallback.cpp.o)
                              libcodal-core.a(MessageBus.cpp.o) (codal::MemberFunctionCallback::fire(codal::Event))
liblibopencm3.a(vector.c.o)   (vector_table)
libnano-float.a(functions.c.o)
                              CMakeFiles/STM32_BLUE_PILL.dir/pxtapp/base/core.cpp.o (__wrap___aeabi_ddiv)
liblogger.a(logger.cpp.o)     CMakeFiles/STM32_BLUE_PILL.dir/pxtapp/base/pxt.cpp.o (debug_flush)
libbluepill.a(bluepill.cpp.o)
                              libcodal-core.a(Timer.cpp.o) (__cxa_pure_virtual)
libbluepill.a(led.cpp.o)      libbluepill.a(bluepill.cpp.o) (led_setup)
libbootloader.a(bootloader.c.o)
                              /Users/Luppy/stm32bluepill-makecode/pxt-maker/projects/blink/built/dockercodal/build/libraries/codal-libopencm3/CMakeFiles/hal.dir/stm32/hal/reset_handler.c.o (bootloader_start)
libbootloader.a(usb_conf.c.o)
                              libbootloader.a(bootloader.c.o) (usb_setup)
libbootloader.a(webusb.c.o)   libbootloader.a(usb_conf.c.o) (webusb_setup)
libbootloader.a(winusb.c.o)   libbootloader.a(usb_conf.c.o) (winusb_setup)
libbootloader.a(target_stm32f103.c.o)
                              libbootloader.a(bootloader.c.o) (target_set_led)
libbootloader.a(cdc.c.o)      libbootloader.a(usb_conf.c.o) (cdcadm_transmit)
libbootloader.a(hf2.c.o)      libbootloader.a(usb_conf.c.o) (hf2_setup)
libbootloader.a(usb21_standard.c.o)
                              libbootloader.a(usb_conf.c.o) (usb21_setup)
libbootloader.a(backup.c.o)   libbootloader.a(target_stm32f103.c.o) (backup_write)
libbootloader.a(ghostfat.c.o)
                              libbootloader.a(hf2.c.o) (flash_write)
libhal.a(codal_target_hal.cpp.o)
                              /Users/Luppy/stm32bluepill-makecode/pxt-maker/projects/blink/built/dockercodal/build/libraries/codal-libopencm3/CMakeFiles/hal.dir/stm32/hal/reset_handler.c.o (target_init)
libhal.a(CortexContextSwitch.s.o)
                              libcodal-core.a(CodalFiber.cpp.o) (swap_context)
libcm.a(CmI2C.cpp.o)          CMakeFiles/STM32_BLUE_PILL.dir/pxtapp/core---stm32bluepill/i2c.cpp.o (codal::_cm::I2C::I2C(codal::Pin&, codal::Pin&))
libcm.a(CmPin.cpp.o)          CMakeFiles/STM32_BLUE_PILL.dir/pxtapp/core---stm32bluepill/pins.cpp.o (codal::_cm::Pin::getDigitalValue())
[...]
Memory Configuration

Name             Origin             Length             Attributes
bootrom          0x0000000008000000 0x0000000000006800 xr
rom              0x0000000008006800 0x0000000000009800 xr
bootram          0x0000000020000000 0x0000000000001000 xrw
ram              0x0000000020001000 0x00000000000037bc xrw
bootbuf          0x00000000200047bc 0x0000000000000844 xrw
*default*        0x0000000000000000 0xffffffffffffffff

Linker script and memory map

LOAD /Users/Luppy/stm32bluepill-makecode/pxt-maker/projects/blink/built/dockercodal/build/libraries/codal-libopencm3/CMakeFiles/hal.dir/stm32/hal/reset_handler.c.o
START GROUP
LOAD CMakeFiles/STM32_BLUE_PILL.dir/pxtapp/base/advmath.cpp.o
LOAD CMakeFiles/STM32_BLUE_PILL.dir/pxtapp/base/buffer.cpp.o
LOAD CMakeFiles/STM32_BLUE_PILL.dir/pxtapp/base/control.cpp.o
LOAD CMakeFiles/STM32_BLUE_PILL.dir/pxtapp/base/core.cpp.o
LOAD CMakeFiles/STM32_BLUE_PILL.dir/pxtapp/base/gc.cpp.o
LOAD CMakeFiles/STM32_BLUE_PILL.dir/pxtapp/base/loops.cpp.o
LOAD CMakeFiles/STM32_BLUE_PILL.dir/pxtapp/base/pxt.cpp.o
LOAD CMakeFiles/STM32_BLUE_PILL.dir/pxtapp/core---stm32bluepill/codal.cpp.o
LOAD CMakeFiles/STM32_BLUE_PILL.dir/pxtapp/core---stm32bluepill/control.cpp.o
LOAD CMakeFiles/STM32_BLUE_PILL.dir/pxtapp/core---stm32bluepill/dmac.cpp.o
LOAD CMakeFiles/STM32_BLUE_PILL.dir/pxtapp/core---stm32bluepill/hf2.cpp.o
LOAD CMakeFiles/STM32_BLUE_PILL.dir/pxtapp/core---stm32bluepill/i2c.cpp.o
LOAD CMakeFiles/STM32_BLUE_PILL.dir/pxtapp/core---stm32bluepill/pins.cpp.o
LOAD CMakeFiles/STM32_BLUE_PILL.dir/pxtapp/core---stm32bluepill/pinsAnalog.cpp.o
LOAD CMakeFiles/STM32_BLUE_PILL.dir/pxtapp/core---stm32bluepill/pinsDigital.cpp.o
LOAD CMakeFiles/STM32_BLUE_PILL.dir/pxtapp/core---stm32bluepill/pinsPWM.cpp.o
LOAD CMakeFiles/STM32_BLUE_PILL.dir/pxtapp/core---stm32bluepill/platform.cpp.o
LOAD CMakeFiles/STM32_BLUE_PILL.dir/pxtapp/core---stm32bluepill/spi.cpp.o
LOAD CMakeFiles/STM32_BLUE_PILL.dir/pxtapp/core---stm32bluepill/usb.cpp.o
LOAD CMakeFiles/STM32_BLUE_PILL.dir/pxtapp/main.cpp.o
LOAD CMakeFiles/STM32_BLUE_PILL.dir/pxtapp/pointers.cpp.o
LOAD libcodal-libopencm3.a
LOAD libqfplib.a
LOAD libnewlib.a
LOAD libcodal-core.a
LOAD liblibopencm3.a
LOAD libcocoos.a
LOAD libnano-float.a
LOAD liblogger.a
LOAD libbluepill.a
LOAD libbootloader.a
LOAD libhal.a
LOAD libadcint.a
LOAD libi2cint.a
LOAD libporting.a
LOAD libsimulator.a
LOAD libspiint.a
LOAD libuartint.a
LOAD libcm.a
LOAD libmodel.a
LOAD libbme280.a
LOAD /usr/local/Cellar/arm-none-eabi-gcc/7-2018-q2-update/gcc/bin/../lib/gcc/arm-none-eabi/7.3.1/../../../../arm-none-eabi/lib/thumb/v7-m/libnosys.a
LOAD /usr/local/Cellar/arm-none-eabi-gcc/7-2018-q2-update/gcc/bin/../lib/gcc/arm-none-eabi/7.3.1/../../../../arm-none-eabi/lib/thumb/v7-m/libstdc++.a
LOAD /usr/local/Cellar/arm-none-eabi-gcc/7-2018-q2-update/gcc/bin/../lib/gcc/arm-none-eabi/7.3.1/../../../../arm-none-eabi/lib/thumb/v7-m/libsupc++.a
LOAD /usr/local/Cellar/arm-none-eabi-gcc/7-2018-q2-update/gcc/bin/../lib/gcc/arm-none-eabi/7.3.1/../../../../arm-none-eabi/lib/thumb/v7-m/libstdc++.a
LOAD /usr/local/Cellar/arm-none-eabi-gcc/7-2018-q2-update/gcc/bin/../lib/gcc/arm-none-eabi/7.3.1/../../../../arm-none-eabi/lib/thumb/v7-m/libsupc++.a
END GROUP
LOAD /usr/local/Cellar/arm-none-eabi-gcc/7-2018-q2-update/gcc/bin/../lib/gcc/arm-none-eabi/7.3.1/thumb/v7-m/libgcc.a
                0x0000000000006800                _bootrom_size = 0x6800
                0x0000000000001000                _bootram_size = 0x1000
                0x0000000000000844                _bootbuf_size = 0x844

.boot_text      0x0000000008000000     0x618c
                0x0000000008000000                _boot_text = .
 *(SORT_BY_ALIGNMENT(.vectors))
 .vectors       0x0000000008000000      0x150 liblibopencm3.a(vector.c.o)
                0x0000000008000000                vector_table
 :*reset_handler*(SORT_BY_ALIGNMENT(.text*))
 .text.reset_handler
                0x0000000008000150      0x134 /Users/Luppy/stm32bluepill-makecode/pxt-maker/projects/blink/built/dockercodal/build/libraries/codal-libopencm3/CMakeFiles/hal.dir/stm32/hal/reset_handler.c.o
                0x0000000008000150                reset_handler
 *libhal.a:*reset_handler*(SORT_BY_ALIGNMENT(.text*))
 :*codal_target_hal*(SORT_BY_ALIGNMENT(.text*))
 *libhal.a:*codal_target_hal*(SORT_BY_ALIGNMENT(.text*))
 .text._ZL10timer_tickv
                0x0000000008000284       0x80 libhal.a(codal_target_hal.cpp.o)
 .text._ZL11timer_alarmv
                0x0000000008000304       0x28 libhal.a(codal_target_hal.cpp.o)
 .text._ZL11os_schedulev.part.1
                0x000000000800032c       0x28 libhal.a(codal_target_hal.cpp.o)
 .text.target_wait.part.2
                0x0000000008000354       0x54 libhal.a(codal_target_hal.cpp.o)
 .text.target_dmesg_flush.part.3
                0x00000000080003a8       0x2c libhal.a(codal_target_hal.cpp.o)
 .text.target_init
                0x00000000080003d4       0x30 libhal.a(codal_target_hal.cpp.o)
                0x00000000080003d4                target_init
 .text.target_wait_for_event
                0x0000000008000404       0x70 libhal.a(codal_target_hal.cpp.o)
                0x0000000008000404                target_wait_for_event
 .text.target_wait
                0x0000000008000474       0x14 libhal.a(codal_target_hal.cpp.o)
                0x0000000008000474                target_wait
 .text.target_wait_us
                0x0000000008000488       0x20 libhal.a(codal_target_hal.cpp.o)
                0x0000000008000488                target_wait_us
 .text.target_reset
                0x00000000080004a8       0x14 libhal.a(codal_target_hal.cpp.o)
                0x00000000080004a8                target_reset
 .text.target_in_isr
                0x00000000080004bc       0x10 libhal.a(codal_target_hal.cpp.o)
                0x00000000080004bc                target_in_isr
 .text.target_enable_irq
                0x00000000080004cc        0x4 libhal.a(codal_target_hal.cpp.o)
                0x00000000080004cc                target_enable_irq
 .text.target_disable_irq
                0x00000000080004d0        0x4 libhal.a(codal_target_hal.cpp.o)
                0x00000000080004d0                target_disable_irq
 .text.target_seed_random
                0x00000000080004d4       0x10 libhal.a(codal_target_hal.cpp.o)
                0x00000000080004d4                target_seed_random
 .text.target_get_serial
                0x00000000080004e4       0x18 libhal.a(codal_target_hal.cpp.o)
                0x00000000080004e4                target_get_serial
 .text.target_panic
                0x00000000080004fc       0x20 libhal.a(codal_target_hal.cpp.o)
                0x00000000080004fc                target_panic
 .text.fiber_initial_stack_base
                0x000000000800051c        0x8 libhal.a(codal_target_hal.cpp.o)
                0x000000000800051c                fiber_initial_stack_base
 .text.tcb_allocate
                0x0000000008000524        0x8 libhal.a(codal_target_hal.cpp.o)
                0x0000000008000524                tcb_allocate
 .text.tcb_configure_lr
                0x000000000800052c        0x4 libhal.a(codal_target_hal.cpp.o)
                0x000000000800052c                tcb_configure_lr
 .text.tcb_configure_sp
                0x0000000008000530        0x4 libhal.a(codal_target_hal.cpp.o)
                0x0000000008000530                tcb_configure_sp
 .text.tcb_configure_stack_base
                0x0000000008000534        0x4 libhal.a(codal_target_hal.cpp.o)
                0x0000000008000534                tcb_configure_stack_base
 .text.tcb_get_stack_base
                0x0000000008000538        0x4 libhal.a(codal_target_hal.cpp.o)
                0x0000000008000538                tcb_get_stack_base
 .text.get_current_sp
                0x000000000800053c        0x4 libhal.a(codal_target_hal.cpp.o)
                0x000000000800053c                get_current_sp
 .text.tcb_get_sp
                0x0000000008000540        0x4 libhal.a(codal_target_hal.cpp.o)
                0x0000000008000540                tcb_get_sp
 .text.tcb_configure_args
                0x0000000008000544        0x8 libhal.a(codal_target_hal.cpp.o)
                0x0000000008000544                tcb_configure_args
 .text.test_codal
                0x000000000800054c       0x70 libhal.a(codal_target_hal.cpp.o)
                0x000000000800054c                test_codal
 .text._fini    0x00000000080005bc        0x4 libhal.a(codal_target_hal.cpp.o)
                0x00000000080005bc                _fini
 .text.__aeabi_atexit
                0x00000000080005c0        0x4 libhal.a(codal_target_hal.cpp.o)
                0x00000000080005c0                __aeabi_atexit
 .text.target_set_tick_callback
                0x00000000080005c4        0xc libhal.a(codal_target_hal.cpp.o)
                0x00000000080005c4                target_set_tick_callback
 .text.target_set_alarm_callback
                0x00000000080005d0        0xc libhal.a(codal_target_hal.cpp.o)
                0x00000000080005d0                target_set_alarm_callback
 .text.target_set_bootloader_callback
                0x00000000080005dc        0xc libhal.a(codal_target_hal.cpp.o)
                0x00000000080005dc                target_set_bootloader_callback
 .text.target_enable_debug
                0x00000000080005e8        0x4 libhal.a(codal_target_hal.cpp.o)
                0x00000000080005e8                target_enable_debug
 :*CortexContextSwitch*(SORT_BY_ALIGNMENT(.text*))
 *libhal.a:(SORT_BY_ALIGNMENT(.text*))
 .text          0x00000000080005ec      0x124 libhal.a(CortexContextSwitch.s.o)
                0x00000000080005ec                swap_context
                0x000000000800066e                save_context
                0x00000000080006b2                save_register_context
                0x00000000080006e2                restore_register_context
 *liblibopencm3.a:(SORT_BY_ALIGNMENT(.text*))
 .text.blocking_handler
                0x0000000008000710        0x4 liblibopencm3.a(vector.c.o)
                0x0000000008000710                exti0_isr
                0x0000000008000710                tim7_isr
                0x0000000008000710                adc1_2_isr
                0x0000000008000710                tim1_trg_com_isr
                0x0000000008000710                usb_hp_can_tx_isr
                0x0000000008000710                tim6_isr
                0x0000000008000710                usb_wakeup_isr
                0x0000000008000710                blocking_handler
                0x0000000008000710                tim5_isr
                0x0000000008000710                otg_fs_isr
                0x0000000008000710                spi1_isr
                0x0000000008000710                exti2_isr
                0x0000000008000710                dma1_channel6_isr
                0x0000000008000710                can_rx1_isr
                0x0000000008000710                dma1_channel5_isr
                0x0000000008000710                dma2_channel5_isr
                0x0000000008000710                usart1_isr
                0x0000000008000710                usage_fault_handler
                0x0000000008000710                tim8_trg_com_isr
                0x0000000008000710                can2_rx0_isr
                0x0000000008000710                tim1_brk_isr
                0x0000000008000710                can2_rx1_isr
                0x0000000008000710                tim1_cc_isr
                0x0000000008000710                sdio_isr
                0x0000000008000710                eth_isr
                0x0000000008000710                dma1_channel4_isr
                0x0000000008000710                tim8_brk_isr
                0x0000000008000710                dma2_channel4_5_isr
                0x0000000008000710                pvd_isr
                0x0000000008000710                rcc_isr
                0x0000000008000710                flash_isr
                0x0000000008000710                uart4_isr
                0x0000000008000710                exti15_10_isr
                0x0000000008000710                hard_fault_handler
                0x0000000008000710                exti1_isr
                0x0000000008000710                i2c1_ev_isr
                0x0000000008000710                dma2_channel1_isr
                0x0000000008000710                spi2_isr
                0x0000000008000710                tim8_up_isr
                0x0000000008000710                dma2_channel2_isr
                0x0000000008000710                exti3_isr
                0x0000000008000710                adc3_isr
                0x0000000008000710                tim3_isr
                0x0000000008000710                usart2_isr
                0x0000000008000710                usb_lp_can_rx0_isr
                0x0000000008000710                i2c2_er_isr
                0x0000000008000710                i2c2_ev_isr
                0x0000000008000710                uart5_isr
                0x0000000008000710                fsmc_isr
                0x0000000008000710                dma1_channel1_isr
                0x0000000008000710                exti4_isr
                0x0000000008000710                mem_manage_handler
                0x0000000008000710                can2_tx_isr
                0x0000000008000710                exti9_5_isr
                0x0000000008000710                dma2_channel3_isr
                0x0000000008000710                dma1_channel7_isr
                0x0000000008000710                tim1_up_isr
                0x0000000008000710                can2_sce_isr
                0x0000000008000710                tim4_isr
                0x0000000008000710                dma1_channel2_isr
                0x0000000008000710                i2c1_er_isr
                0x0000000008000710                can_sce_isr
                0x0000000008000710                tim8_cc_isr
                0x0000000008000710                tamper_isr
                0x0000000008000710                eth_wkup_isr
                0x0000000008000710                bus_fault_handler
                0x0000000008000710                wwdg_isr
                0x0000000008000710                dma1_channel3_isr
                0x0000000008000710                spi3_isr
                0x0000000008000710                tim2_isr
                0x0000000008000710                usart3_isr
 .text.null_handler
                0x0000000008000714        0x4 liblibopencm3.a(vector.c.o)
                0x0000000008000714                null_handler
                0x0000000008000714                sv_call_handler
                0x0000000008000714                pend_sv_handler
                0x0000000008000714                debug_monitor_handler
                0x0000000008000714                sys_tick_handler
                0x0000000008000714                nmi_handler
 .text.scb_reset_system
                0x0000000008000718       0x10 liblibopencm3.a(scb.c.o)
                0x0000000008000718                scb_reset_system
 .text.flash_unlock
                0x0000000008000728       0x18 liblibopencm3.a(flash_common_f.c.o)
                0x0000000008000728                flash_unlock
 .text.flash_lock
                0x0000000008000740       0x10 liblibopencm3.a(flash_common_f.c.o)
                0x0000000008000740                flash_lock
 .text.gpio_set
                0x0000000008000750        0x4 liblibopencm3.a(gpio_common_all.c.o)
                0x0000000008000750                gpio_set
 .text.gpio_clear
                0x0000000008000754        0x8 liblibopencm3.a(gpio_common_all.c.o)
                0x0000000008000754                gpio_clear
 .text.pwr_disable_backup_domain_write_protect
                0x000000000800075c       0x10 liblibopencm3.a(pwr_common_v1.c.o)
                0x000000000800075c                pwr_disable_backup_domain_write_protect
 .text.pwr_enable_backup_domain_write_protect
                0x000000000800076c       0x10 liblibopencm3.a(pwr_common_v1.c.o)
                0x000000000800076c                pwr_enable_backup_domain_write_protect
 .text.rcc_periph_clock_enable
                0x000000000800077c       0x1c liblibopencm3.a(rcc_common_all.c.o)
                0x000000000800077c                rcc_periph_clock_enable
 .text.rcc_periph_reset_pulse
                0x0000000008000798       0x24 liblibopencm3.a(rcc_common_all.c.o)
                0x0000000008000798                rcc_periph_reset_pulse
 .text.desig_get_unique_id_as_string
                0x00000000080007bc       0x70 liblibopencm3.a(desig.c.o)
                0x00000000080007bc                desig_get_unique_id_as_string
 .text.flash_get_status_flags
                0x000000000800082c       0x28 liblibopencm3.a(flash.c.o)
                0x000000000800082c                flash_get_status_flags
 .text.flash_program_half_word
                0x0000000008000854       0x98 liblibopencm3.a(flash.c.o)
                0x0000000008000854                flash_program_half_word
 .text.flash_erase_page
                0x00000000080008ec       0xbc liblibopencm3.a(flash.c.o)
                0x00000000080008ec                flash_erase_page
 .text.gpio_set_mode
                0x00000000080009a8       0x7c liblibopencm3.a(gpio.c.o)
                0x00000000080009a8                gpio_set_mode
 .text.rcc_is_osc_ready.part.0
                0x0000000008000a24       0x10 liblibopencm3.a(rcc.c.o)
 .text.rcc_osc_on.part.1
                0x0000000008000a34       0x10 liblibopencm3.a(rcc.c.o)
 .text.rcc_enable_rtc_clock
                0x0000000008000a44       0x10 liblibopencm3.a(rcc.c.o)
                0x0000000008000a44                rcc_enable_rtc_clock
 .text.rcc_set_rtc_clock_source
                0x0000000008000a54       0x98 liblibopencm3.a(rcc.c.o)
                0x0000000008000a54                rcc_set_rtc_clock_source
 .text.rcc_clock_setup_in_hse_8mhz_out_72mhz
                0x0000000008000aec       0xcc liblibopencm3.a(rcc.c.o)
                0x0000000008000aec                rcc_clock_setup_in_hse_8mhz_out_72mhz
 .text.st_usbfs_v1_usbd_init
                0x0000000008000bb8       0x34 liblibopencm3.a(st_usbfs_v1.c.o)
 .text.st_usbfs_copy_to_pm
                0x0000000008000bec       0x24 liblibopencm3.a(st_usbfs_v1.c.o)
                0x0000000008000bec                st_usbfs_copy_to_pm
 .text.st_usbfs_copy_from_pm
                0x0000000008000c10       0x30 liblibopencm3.a(st_usbfs_v1.c.o)
                0x0000000008000c10                st_usbfs_copy_from_pm
 .text.usbd_init
                0x0000000008000c40       0x54 liblibopencm3.a(usb.c.o)
                0x0000000008000c40                usbd_init
 .text.usbd_register_sof_callback
                0x0000000008000c94        0x4 liblibopencm3.a(usb.c.o)
                0x0000000008000c94                usbd_register_sof_callback
 .text._usbd_reset
                0x0000000008000c98       0x38 liblibopencm3.a(usb.c.o)
                0x0000000008000c98                _usbd_reset
 .text.usbd_poll
                0x0000000008000cd0        0x8 liblibopencm3.a(usb.c.o)
                0x0000000008000cd0                usbd_poll
 .text.usbd_ep_setup
                0x0000000008000cd8       0x10 liblibopencm3.a(usb.c.o)
                0x0000000008000cd8                usbd_ep_setup
 .text.usbd_ep_write_packet
                0x0000000008000ce8       0x10 liblibopencm3.a(usb.c.o)
                0x0000000008000ce8                usbd_ep_write_packet
 .text.usbd_ep_read_packet
                0x0000000008000cf8       0x10 liblibopencm3.a(usb.c.o)
                0x0000000008000cf8                usbd_ep_read_packet
 .text.usbd_ep_stall_set
                0x0000000008000d08        0x8 liblibopencm3.a(usb.c.o)
                0x0000000008000d08                usbd_ep_stall_set
 .text.usbd_ep_stall_get
                0x0000000008000d10        0x8 liblibopencm3.a(usb.c.o)
                0x0000000008000d10                usbd_ep_stall_get
 .text.usbd_ep_nak_set
                0x0000000008000d18        0x8 liblibopencm3.a(usb.c.o)
                0x0000000008000d18                usbd_ep_nak_set
 .text.usb_control_send_chunk
                0x0000000008000d20       0x54 liblibopencm3.a(usb_control.c.o)
 .text.usb_control_request_dispatch
                0x0000000008000d74       0x60 liblibopencm3.a(usb_control.c.o)
 .text.usb_control_setup_read
                0x0000000008000dd4       0x7c liblibopencm3.a(usb_control.c.o)
 .text.usb_control_recv_chunk
                0x0000000008000e50       0x48 liblibopencm3.a(usb_control.c.o)
 .text.usbd_register_control_callback
                0x0000000008000e98       0x30 liblibopencm3.a(usb_control.c.o)
                0x0000000008000e98                usbd_register_control_callback
 .text._usbd_control_setup
                0x0000000008000ec8       0x64 liblibopencm3.a(usb_control.c.o)
                0x0000000008000ec8                _usbd_control_setup
 .text._usbd_control_out
                0x0000000008000f2c       0xa0 liblibopencm3.a(usb_control.c.o)
                0x0000000008000f2c                _usbd_control_out
 .text._usbd_control_in
                0x0000000008000fcc       0x70 liblibopencm3.a(usb_control.c.o)
                0x0000000008000fcc                _usbd_control_in
 .text.usb_standard_set_configuration
                0x000000000800103c       0xa4 liblibopencm3.a(usb_standard.c.o)
 .text.usb_standard_get_configuration
                0x00000000080010e0       0x2c liblibopencm3.a(usb_standard.c.o)
 .text.usb_standard_get_interface
                0x000000000800110c       0x3c liblibopencm3.a(usb_standard.c.o)
 .text.usb_standard_device_get_status
                0x0000000008001148       0x18 liblibopencm3.a(usb_standard.c.o)
 .text.usb_standard_endpoint_get_status
                0x0000000008001160       0x2c liblibopencm3.a(usb_standard.c.o)
 .text.usb_standard_endpoint_stall
                0x000000000800118c       0x10 liblibopencm3.a(usb_standard.c.o)
 .text.usb_standard_endpoint_unstall
                0x000000000800119c       0x10 liblibopencm3.a(usb_standard.c.o)
 .text.usb_standard_set_address
                0x00000000080011ac       0x30 liblibopencm3.a(usb_standard.c.o)
 .text.usb_standard_set_interface
                0x00000000080011dc       0x54 liblibopencm3.a(usb_standard.c.o)
 .text.usb_standard_get_descriptor
                0x0000000008001230      0x294 liblibopencm3.a(usb_standard.c.o)
 .text.usb_standard_interface_get_status
                0x00000000080014c4       0x18 liblibopencm3.a(usb_standard.c.o)
 .text.usbd_register_set_config_callback
                0x00000000080014dc       0x34 liblibopencm3.a(usb_standard.c.o)
                0x00000000080014dc                usbd_register_set_config_callback
 .text._usbd_standard_request_device
                0x0000000008001510       0x58 liblibopencm3.a(usb_standard.c.o)
                0x0000000008001510                _usbd_standard_request_device
 .text._usbd_standard_request_endpoint
                0x0000000008001568       0x40 liblibopencm3.a(usb_standard.c.o)
                0x0000000008001568                _usbd_standard_request_endpoint
 .text._usbd_standard_request
                0x00000000080015a8       0x64 liblibopencm3.a(usb_standard.c.o)
                0x00000000080015a8                _usbd_standard_request
 .text.flash_set_ws
                0x000000000800160c       0x14 liblibopencm3.a(flash_common_all.c.o)
                0x000000000800160c                flash_set_ws
 .text.flash_wait_for_last_operation
                0x0000000008001620        0xc liblibopencm3.a(flash_common_f01.c.o)
                0x0000000008001620                flash_wait_for_last_operation
 .text.st_usbfs_set_address
                0x000000000800162c       0x10 liblibopencm3.a(st_usbfs_core.c.o)
                0x000000000800162c                st_usbfs_set_address
 .text.st_usbfs_set_ep_rx_bufsize
                0x000000000800163c       0x44 liblibopencm3.a(st_usbfs_core.c.o)
                0x000000000800163c                st_usbfs_set_ep_rx_bufsize
 .text.st_usbfs_ep_setup
                0x0000000008001680      0x118 liblibopencm3.a(st_usbfs_core.c.o)
                0x0000000008001680                st_usbfs_ep_setup
 .text.st_usbfs_endpoints_reset
                0x0000000008001798       0x48 liblibopencm3.a(st_usbfs_core.c.o)
                0x0000000008001798                st_usbfs_endpoints_reset
 .text.st_usbfs_ep_stall_set
                0x00000000080017e0       0xc0 liblibopencm3.a(st_usbfs_core.c.o)
                0x00000000080017e0                st_usbfs_ep_stall_set
 .text.st_usbfs_ep_stall_get
                0x00000000080018a0       0x40 liblibopencm3.a(st_usbfs_core.c.o)
                0x00000000080018a0                st_usbfs_ep_stall_get
 .text.st_usbfs_ep_nak_set
                0x00000000080018e0       0x44 liblibopencm3.a(st_usbfs_core.c.o)
                0x00000000080018e0                st_usbfs_ep_nak_set
 .text.st_usbfs_ep_write_packet
                0x0000000008001924       0x88 liblibopencm3.a(st_usbfs_core.c.o)
                0x0000000008001924                st_usbfs_ep_write_packet
 .text.st_usbfs_ep_read_packet
                0x00000000080019ac       0xb4 liblibopencm3.a(st_usbfs_core.c.o)
                0x00000000080019ac                st_usbfs_ep_read_packet
 .text.st_usbfs_poll
                0x0000000008001a60       0xe4 liblibopencm3.a(st_usbfs_core.c.o)
                0x0000000008001a60                st_usbfs_poll
 .text.nvic_enable_irq
                0x0000000008001b44       0x1c liblibopencm3.a(nvic.c.o)
                0x0000000008001b44                nvic_enable_irq
 .text.exti_set_trigger
                0x0000000008001b60       0x50 liblibopencm3.a(exti_common_all.c.o)
                0x0000000008001b60                exti_set_trigger
 .text.exti_enable_request
                0x0000000008001bb0       0x1c liblibopencm3.a(exti_common_all.c.o)
                0x0000000008001bb0                exti_enable_request
 .text.exti_reset_request
                0x0000000008001bcc        0xc liblibopencm3.a(exti_common_all.c.o)
                0x0000000008001bcc                exti_reset_request
 .text.rtc_enter_config_mode
                0x0000000008001bd8       0x18 liblibopencm3.a(rtc.c.o)
                0x0000000008001bd8                rtc_enter_config_mode
 .text.rtc_exit_config_mode
                0x0000000008001bf0       0x18 liblibopencm3.a(rtc.c.o)
                0x0000000008001bf0                rtc_exit_config_mode
 .text.rtc_set_alarm_time
                0x0000000008001c08       0x40 liblibopencm3.a(rtc.c.o)
                0x0000000008001c08                rtc_set_alarm_time
 .text.rtc_set_prescale_val
                0x0000000008001c48       0x40 liblibopencm3.a(rtc.c.o)
                0x0000000008001c48                rtc_set_prescale_val
 .text.rtc_get_counter_val
                0x0000000008001c88       0x18 liblibopencm3.a(rtc.c.o)
                0x0000000008001c88                rtc_get_counter_val
 .text.rtc_set_counter_val
                0x0000000008001ca0       0x40 liblibopencm3.a(rtc.c.o)
                0x0000000008001ca0                rtc_set_counter_val
 .text.rtc_interrupt_enable
                0x0000000008001ce0       0x5c liblibopencm3.a(rtc.c.o)
                0x0000000008001ce0                rtc_interrupt_enable
 .text.rtc_interrupt_disable
                0x0000000008001d3c       0x5c liblibopencm3.a(rtc.c.o)
                0x0000000008001d3c                rtc_interrupt_disable
 .text.rtc_clear_flag
                0x0000000008001d98       0x34 liblibopencm3.a(rtc.c.o)
                0x0000000008001d98                rtc_clear_flag
 .text.rtc_check_flag
                0x0000000008001dcc       0x30 liblibopencm3.a(rtc.c.o)
                0x0000000008001dcc                rtc_check_flag
 *libFrameworkLibOpenCM3.a:(SORT_BY_ALIGNMENT(.text*))
 *libcocoos.a:(SORT_BY_ALIGNMENT(.text*))
 .text.os_cbkSleep
                0x0000000008001dfc        0x4 libcocoos.a(os_cbk.c.o)
                0x0000000008001dfc                os_cbkSleep
 .text.os_init  0x0000000008001e00       0x34 libcocoos.a(os_kernel.c.o)
                0x0000000008001e00                os_init
 .text.os_tick  0x0000000008001e34        0x8 libcocoos.a(os_kernel.c.o)
                0x0000000008001e34                os_tick
 .text.os_running
                0x0000000008001e3c        0xc libcocoos.a(os_kernel.c.o)
                0x0000000008001e3c                os_running
 .text.os_msgQ_init
                0x0000000008001e48       0x24 libcocoos.a(os_msgqueue.c.o)
                0x0000000008001e48                os_msgQ_init
 .text.os_msgQ_create
                0x0000000008001e6c       0x50 libcocoos.a(os_msgqueue.c.o)
                0x0000000008001e6c                os_msgQ_create
 .text.os_msgQ_tick
                0x0000000008001ebc       0x60 libcocoos.a(os_msgqueue.c.o)
                0x0000000008001ebc                os_msgQ_tick
 .text.os_sem_init
                0x0000000008001f1c        0xc libcocoos.a(os_sem.c.o)
                0x0000000008001f1c                os_sem_init
 .text.sem_bin_create
                0x0000000008001f28       0x34 libcocoos.a(os_sem.c.o)
                0x0000000008001f28                sem_bin_create
 .text.os_sem_larger_than_zero
                0x0000000008001f5c       0x14 libcocoos.a(os_sem.c.o)
                0x0000000008001f5c                os_sem_larger_than_zero
 .text.os_sem_decrement
                0x0000000008001f70       0x14 libcocoos.a(os_sem.c.o)
                0x0000000008001f70                os_sem_decrement
 .text.os_sem_increment
                0x0000000008001f84       0x1c libcocoos.a(os_sem.c.o)
                0x0000000008001f84                os_sem_increment
 .text.os_task_init
                0x0000000008001fa0       0x44 libcocoos.a(os_task.c.o)
                0x0000000008001fa0                os_task_init
 .text.task_create
                0x0000000008001fe4       0xf4 libcocoos.a(os_task.c.o)
                0x0000000008001fe4                task_create
 .text.os_task_highest_prio_ready_task
                0x00000000080020d8       0x40 libcocoos.a(os_task.c.o)
                0x00000000080020d8                os_task_highest_prio_ready_task
 .text.os_task_release_waiting_task
                0x0000000008002118       0x60 libcocoos.a(os_task.c.o)
                0x0000000008002118                os_task_release_waiting_task
 .text.os_task_waiting_this_semaphore
                0x0000000008002178       0x58 libcocoos.a(os_task.c.o)
                0x0000000008002178                os_task_waiting_this_semaphore
 .text.os_task_wait_sem_set
                0x00000000080021d0       0x34 libcocoos.a(os_task.c.o)
                0x00000000080021d0                os_task_wait_sem_set
 .text.os_task_tick
                0x0000000008002204       0x98 libcocoos.a(os_task.c.o)
                0x0000000008002204                os_task_tick
 .text.os_task_signal_event
                0x000000000800229c       0x74 libcocoos.a(os_task.c.o)
                0x000000000800229c                os_task_signal_event
 .text.os_task_run
                0x0000000008002310       0x34 libcocoos.a(os_task.c.o)
                0x0000000008002310                os_task_run
 .text.os_task_internal_state_get
                0x0000000008002344       0x14 libcocoos.a(os_task.c.o)
                0x0000000008002344                os_task_internal_state_get
 .text.os_task_internal_state_set
                0x0000000008002358       0x14 libcocoos.a(os_task.c.o)
                0x0000000008002358                os_task_internal_state_set
 .text.os_on_assert
                0x000000000800236c       0x28 libcocoos.a(os_assert.c.o)
                0x000000000800236c                os_on_assert
 .text.os_event_init
                0x0000000008002394        0xc libcocoos.a(os_event.c.o)
                0x0000000008002394                os_event_init
 .text.event_create
                0x00000000080023a0       0x30 libcocoos.a(os_event.c.o)
                0x00000000080023a0                event_create
 .text.os_signal_event
                0x00000000080023d0        0xc libcocoos.a(os_event.c.o)
                0x00000000080023d0                os_signal_event
 .text.os_event_set_signaling_tid
                0x00000000080023dc       0x10 libcocoos.a(os_event.c.o)
                0x00000000080023dc                os_event_set_signaling_tid
 *libcocoOS_?.?.?.a:(SORT_BY_ALIGNMENT(.text*))
 *libgcc.a:(SORT_BY_ALIGNMENT(.text*))
 .text          0x00000000080023ec      0x378 /usr/local/Cellar/arm-none-eabi-gcc/7-2018-q2-update/gcc/bin/../lib/gcc/arm-none-eabi/7.3.1/thumb/v7-m/libgcc.a(_arm_addsubdf3.o)
                0x00000000080023ec                __aeabi_drsub
                0x00000000080023f4                __subdf3
                0x00000000080023f4                __aeabi_dsub
                0x00000000080023f8                __aeabi_dadd
                0x00000000080023f8                __adddf3
                0x0000000008002670                __aeabi_ui2d
                0x0000000008002670                __floatunsidf
                0x0000000008002690                __floatsidf
                0x0000000008002690                __aeabi_i2d
                0x00000000080026b4                __extendsfdf2
                0x00000000080026b4                __aeabi_f2d
                0x00000000080026f8                __aeabi_ul2d
                0x00000000080026f8                __floatundidf
                0x0000000008002708                __aeabi_l2d
                0x0000000008002708                __floatdidf
 .text          0x0000000008002764       0xa0 /usr/local/Cellar/arm-none-eabi-gcc/7-2018-q2-update/gcc/bin/../lib/gcc/arm-none-eabi/7.3.1/thumb/v7-m/libgcc.a(_arm_truncdfsf2.o)
                0x0000000008002764                __aeabi_d2f
                0x0000000008002764                __truncdfsf2
 .text          0x0000000008002804       0x70 /usr/local/Cellar/arm-none-eabi-gcc/7-2018-q2-update/gcc/bin/../lib/gcc/arm-none-eabi/7.3.1/thumb/v7-m/libgcc.a(_powidf2.o)
                0x0000000008002804                __powidf2
 *libqfplib.a:(SORT_BY_ALIGNMENT(.text*))
 .text          0x0000000008002874      0x4c8 libqfplib.a(qfplib.S.o)
                0x000000000800293c                qfp_fsub
                0x0000000008002942                qfp_fadd
                0x0000000008002984                qfp_fcmp
                0x00000000080029a0                qfp_fmul
                0x00000000080029b0                qfp_fdiv
                0x00000000080029f2                qfp_fdiv_fast
                0x0000000008002a42                qfp_fsqrt_fast
                0x0000000008002ab8                qfp_float2int
                0x0000000008002aba                qfp_float2fix
                0x0000000008002ae2                qfp_float2uint
                0x0000000008002ae4                qfp_float2ufix
                0x0000000008002afe                qfp_int2float
                0x0000000008002b00                qfp_fix2float
                0x0000000008002b0a                qfp_uint2float
                0x0000000008002b0c                qfp_ufix2float
                0x0000000008002ba2                qfp_fsin
                0x0000000008002be4                qfp_fcos
                0x0000000008002bee                qfp_ftan
                0x0000000008002bf6                qfp_fexp
                0x0000000008002c26                qfp_fsqrt
                0x0000000008002c60                qfp_fln
                0x0000000008002c84                qfp_fatan2
 *libnano-float.a:(SORT_BY_ALIGNMENT(.text*))
 *fill*         0x0000000008002d3c        0x4 
 .text.acos     0x0000000008002d40       0xcc libnano-float.a(functions.c.o)
                0x0000000008002d40                acos
 .text.__wrap___aeabi_ddiv
                0x0000000008002e0c       0x30 libnano-float.a(functions.c.o)
                0x0000000008002e0c                __wrap___aeabi_ddiv
 .text.__wrap___aeabi_dmul
                0x0000000008002e3c       0x30 libnano-float.a(functions.c.o)
                0x0000000008002e3c                __wrap___aeabi_dmul
 .text.__wrap___aeabi_dadd
                0x0000000008002e6c       0x30 libnano-float.a(functions.c.o)
                0x0000000008002e6c                __wrap___aeabi_dadd
 .text.__wrap___aeabi_dsub
                0x0000000008002e9c       0x30 libnano-float.a(functions.c.o)
                0x0000000008002e9c                __wrap___aeabi_dsub
 .text.__wrap___aeabi_dcmpeq
                0x0000000008002ecc       0x34 libnano-float.a(functions.c.o)
                0x0000000008002ecc                __wrap___aeabi_dcmpeq
 .text.__wrap___aeabi_dcmplt
                0x0000000008002f00       0x30 libnano-float.a(functions.c.o)
                0x0000000008002f00                __wrap___aeabi_dcmplt
 .text.__wrap___aeabi_dcmple
                0x0000000008002f30       0x34 libnano-float.a(functions.c.o)
                0x0000000008002f30                __wrap___aeabi_dcmple
 .text.__wrap___aeabi_dcmpge
                0x0000000008002f64       0x30 libnano-float.a(functions.c.o)
                0x0000000008002f64                __wrap___aeabi_dcmpge
 .text.__wrap___aeabi_dcmpgt
                0x0000000008002f94       0x34 libnano-float.a(functions.c.o)
                0x0000000008002f94                __wrap___aeabi_dcmpgt
 .text.__wrap___aeabi_dcmpun
                0x0000000008002fc8       0x34 libnano-float.a(functions.c.o)
                0x0000000008002fc8                __wrap___aeabi_dcmpun
 .text.__wrap___aeabi_d2iz
                0x0000000008002ffc       0x2c libnano-float.a(functions.c.o)
                0x0000000008002ffc                __wrap___aeabi_d2iz
 .text.__wrap___aeabi_d2uiz
                0x0000000008003028       0x38 libnano-float.a(functions.c.o)
                0x0000000008003028                __wrap___aeabi_d2uiz
 .text.sqrt     0x0000000008003060       0x1c libnano-float.a(functions.c.o)
                0x0000000008003060                sqrt
 .text.log      0x000000000800307c       0x1c libnano-float.a(functions.c.o)
                0x000000000800307c                log
 .text.exp      0x0000000008003098       0x1c libnano-float.a(functions.c.o)
                0x0000000008003098                exp
 .text.log2     0x00000000080030b4       0x28 libnano-float.a(functions.c.o)
                0x00000000080030b4                log2
 .text.log10    0x00000000080030dc       0x28 libnano-float.a(functions.c.o)
                0x00000000080030dc                log10
 .text.pow      0x0000000008003104       0x8c libnano-float.a(functions.c.o)
                0x0000000008003104                pow
 .text.sin      0x0000000008003190       0x1c libnano-float.a(functions.c.o)
                0x0000000008003190                sin
 .text.cos      0x00000000080031ac       0x34 libnano-float.a(functions.c.o)
                0x00000000080031ac                cos
 .text.tan      0x00000000080031e0       0x1c libnano-float.a(functions.c.o)
                0x00000000080031e0                tan
 .text.atan2    0x00000000080031fc       0x54 libnano-float.a(functions.c.o)
                0x00000000080031fc                atan2
 .text.atan     0x0000000008003250       0xb0 libnano-float.a(functions.c.o)
                0x0000000008003250                atan
 .text.asin     0x0000000008003300       0x94 libnano-float.a(functions.c.o)
                0x0000000008003300                asin
 .text.sinh     0x0000000008003394       0xa8 libnano-float.a(functions.c.o)
                0x0000000008003394                sinh
 .text.cosh     0x000000000800343c       0xa4 libnano-float.a(functions.c.o)
                0x000000000800343c                cosh
 .text.tanh     0x00000000080034e0       0xb8 libnano-float.a(functions.c.o)
                0x00000000080034e0                tanh
 .text.asinh    0x0000000008003598       0xa4 libnano-float.a(functions.c.o)
                0x0000000008003598                asinh
 .text.acosh    0x000000000800363c       0xac libnano-float.a(functions.c.o)
                0x000000000800363c                acosh
 .text.atanh    0x00000000080036e8       0xc8 libnano-float.a(functions.c.o)
                0x00000000080036e8                atanh
 .text.trunc    0x00000000080037b0       0x8c libnano-float.a(functions.c.o)
                0x00000000080037b0                trunc
 .text.floor    0x000000000800383c       0x88 libnano-float.a(functions.c.o)
                0x000000000800383c                floor
 .text.ceil     0x00000000080038c4       0x88 libnano-float.a(functions.c.o)
                0x00000000080038c4                ceil
 .text.fmod     0x000000000800394c      0x13c libnano-float.a(functions.c.o)
                0x000000000800394c                fmod
 *libnewlib.a:(SORT_BY_ALIGNMENT(.text*))
 .text._strtol_l.isra.0
                0x0000000008003a88       0xf4 libnewlib.a(strtol.c.o)
 .text.strtol   0x0000000008003b7c       0x14 libnewlib.a(strtol.c.o)
                0x0000000008003b7c                strtol
 .text.memcpy   0x0000000008003b90       0x1c libnewlib.a(memcpy-stub.c.o)
                0x0000000008003b90                memcpy
 .text          0x0000000008003bac       0x14 libnewlib.a(strcmp.S.o)
                0x0000000008003bac                strcmp
 .text          0x0000000008003bc0       0x10 libnewlib.a(strlen.S.o)
                0x0000000008003bc0                strlen
 .text.memcmp   0x0000000008003bd0       0x1e libnewlib.a(memcmp.c.o)
                0x0000000008003bd0                memcmp
 .text.memmove  0x0000000008003bee       0x34 libnewlib.a(memmove.c.o)
                0x0000000008003bee                memmove
 .text.memset   0x0000000008003c22       0x10 libnewlib.a(memset.c.o)
                0x0000000008003c22                memset
 .text.strstr   0x0000000008003c32       0x2c libnewlib.a(strstr.c.o)
                0x0000000008003c32                strstr
 .text.strncpy  0x0000000008003c5e       0x2a libnewlib.a(strncpy.c.o)
                0x0000000008003c5e                strncpy
 *liblogger.a:(SORT_BY_ALIGNMENT(.text*))
 .text._ZL12debug_appendPKcj
                0x0000000008003c88       0x3c liblogger.a(logger.cpp.o)
 .text.debug_print.part.3
                0x0000000008003cc4       0x14 liblogger.a(logger.cpp.o)
 .text._Z20debug_flush_internalb.part.2
                0x0000000008003cd8       0x98 liblogger.a(logger.cpp.o)
 .text.enable_log
                0x0000000008003d70        0xc liblogger.a(logger.cpp.o)
                0x0000000008003d70                enable_log
 .text.logger_add_output
                0x0000000008003d7c       0x4c liblogger.a(logger.cpp.o)
                0x0000000008003d7c                logger_add_output
 .text.debug_flush
                0x0000000008003dc8       0x14 liblogger.a(logger.cpp.o)
                0x0000000008003dc8                debug_flush
 .text.debug_force_flush
                0x0000000008003ddc       0x28 liblogger.a(logger.cpp.o)
                0x0000000008003ddc                debug_force_flush
 .text._Z11debug_printj
                0x0000000008003e04       0x88 liblogger.a(logger.cpp.o)
                0x0000000008003e04                debug_print(unsigned int)
 .text._Z11debug_printi
                0x0000000008003e8c       0x30 liblogger.a(logger.cpp.o)
                0x0000000008003e8c                debug_print(int)
 .text.debug_print
                0x0000000008003ebc        0xc liblogger.a(logger.cpp.o)
                0x0000000008003ebc                debug_print
 .text.debug_println
                0x0000000008003ec8       0x1c liblogger.a(logger.cpp.o)
                0x0000000008003ec8                debug_println
 .text._Z13debug_printlni
                0x0000000008003ee4       0x18 liblogger.a(logger.cpp.o)
                0x0000000008003ee4                debug_println(int)
 .text.debug_print_unsigned
                0x0000000008003efc        0x4 liblogger.a(logger.cpp.o)
                0x0000000008003efc                debug_print_unsigned
 .text.debug_printhex
                0x0000000008003f00       0x48 liblogger.a(logger.cpp.o)
                0x0000000008003f00                debug_printhex
 .text.debug_printhex_unsigned
                0x0000000008003f48       0x24 liblogger.a(logger.cpp.o)
                0x0000000008003f48                debug_printhex_unsigned
 *libbluepill.a:(SORT_BY_ALIGNMENT(.text*))
 .text.platform_setup
                0x0000000008003f6c       0x4c libbluepill.a(bluepill.cpp.o)
                0x0000000008003f6c                platform_setup
 .text.enable_debug
                0x0000000008003fb8       0x10 libbluepill.a(bluepill.cpp.o)
                0x0000000008003fb8                enable_debug
 .text.__cxa_pure_virtual
                0x0000000008003fc8        0x8 libbluepill.a(bluepill.cpp.o)
                0x0000000008003fc8                __cxa_pure_virtual
 .text._Znwj    0x0000000008003fd0        0x4 libbluepill.a(bluepill.cpp.o)
                0x0000000008003fd0                operator new(unsigned int)
 .text._ZdlPv   0x0000000008003fd4        0x4 libbluepill.a(bluepill.cpp.o)
                0x0000000008003fd4                operator delete(void*)
 .text.led_setup
                0x0000000008003fd8       0x20 libbluepill.a(led.cpp.o)
                0x0000000008003fd8                led_setup
 .text.led_on   0x0000000008003ff8       0x10 libbluepill.a(led.cpp.o)
                0x0000000008003ff8                led_on
 .text.led_off  0x0000000008004008       0x10 libbluepill.a(led.cpp.o)
                0x0000000008004008                led_off
 .text.led_wait
                0x0000000008004018       0x10 libbluepill.a(led.cpp.o)
                0x0000000008004018                led_wait
 .text.platform_start_timer
                0x0000000008004028      0x11c libbluepill.a(timer.cpp.o)
                0x0000000008004028                platform_start_timer
 .text.platform_set_alarm
                0x0000000008004144       0x34 libbluepill.a(timer.cpp.o)
                0x0000000008004144                platform_set_alarm
 .text.rtc_isr  0x0000000008004178       0x30 libbluepill.a(timer.cpp.o)
                0x0000000008004178                rtc_isr
 .text.rtc_alarm_isr
                0x00000000080041a8       0x30 libbluepill.a(timer.cpp.o)
                0x00000000080041a8                rtc_alarm_isr
 .text.millis   0x00000000080041d8        0x4 libbluepill.a(timer.cpp.o)
                0x00000000080041d8                millis
 *libbootloader.a:(SORT_BY_ALIGNMENT(.text*))
 .text.bootloader_poll
                0x00000000080041dc       0x48 libbootloader.a(bootloader.c.o)
                0x00000000080041dc                bootloader_poll
 .text.bootloader_start
                0x0000000008004224      0x120 libbootloader.a(bootloader.c.o)
                0x0000000008004224                bootloader_start
 .text.hf2_connected
                0x0000000008004344       0x10 libbootloader.a(usb_conf.c.o)
 .text.usb_cdc_transmit
                0x0000000008004354       0x30 libbootloader.a(usb_conf.c.o)
 .text.sof_callback
                0x0000000008004384       0x10 libbootloader.a(usb_conf.c.o)
 .text.cdc_connected
                0x0000000008004394       0x1c libbootloader.a(usb_conf.c.o)
 .text.set_aggregate_callback
                0x00000000080043b0       0x50 libbootloader.a(usb_conf.c.o)
 .text.usb_setup
                0x0000000008004400       0xac libbootloader.a(usb_conf.c.o)
                0x0000000008004400                usb_setup
 .text.get_usb_status
                0x00000000080044ac       0x2c libbootloader.a(usb_conf.c.o)
                0x00000000080044ac                get_usb_status
 .text.aggregate_register_config_callback
                0x00000000080044d8       0x3c libbootloader.a(usb_conf.c.o)
                0x00000000080044d8                aggregate_register_config_callback
 .text.aggregate_register_callback
                0x0000000008004514       0x50 libbootloader.a(usb_conf.c.o)
                0x0000000008004514                aggregate_register_callback
 .text.usb_set_serial_number
                0x0000000008004564       0x1c libbootloader.a(usb_conf.c.o)
                0x0000000008004564                usb_set_serial_number
 .text.dump_buffer
                0x0000000008004580       0x50 libbootloader.a(usb_conf.c.o)
                0x0000000008004580                dump_buffer
 .text.dump_usb_request
                0x00000000080045d0      0x178 libbootloader.a(usb_conf.c.o)
                0x00000000080045d0                dump_usb_request
 .text.aggregate_callback
                0x0000000008004748       0xc0 libbootloader.a(usb_conf.c.o)
 .text.webusb_set_config
                0x0000000008004808       0x28 libbootloader.a(webusb.c.o)
 .text.webusb_control_vendor_request
                0x0000000008004830       0xa4 libbootloader.a(webusb.c.o)
 .text.webusb_setup
                0x00000000080048d4       0x50 libbootloader.a(webusb.c.o)
                0x00000000080048d4                webusb_setup
 .text.winusb_control_vendor_request
                0x0000000008004924       0x9c libbootloader.a(winusb.c.o)
 .text.winusb_set_config
                0x00000000080049c0       0x28 libbootloader.a(winusb.c.o)
 .text.winusb_descriptor_request
                0x00000000080049e8       0x48 libbootloader.a(winusb.c.o)
 .text.winusb_setup
                0x0000000008004a30       0x5c libbootloader.a(winusb.c.o)
                0x0000000008004a30                winusb_setup
 .text.target_set_led
                0x0000000008004a8c       0x18 libbootloader.a(target_stm32f103.c.o)
                0x0000000008004a8c                target_set_led
 .text.target_gpio_setup
                0x0000000008004aa4       0x70 libbootloader.a(target_stm32f103.c.o)
                0x0000000008004aa4                target_gpio_setup
 .text.target_usb_init
                0x0000000008004b14       0x2c libbootloader.a(target_stm32f103.c.o)
                0x0000000008004b14                target_usb_init
 .text.target_manifest_app
                0x0000000008004b40       0x18 libbootloader.a(target_stm32f103.c.o)
                0x0000000008004b40                target_manifest_app
 .text.target_manifest_bootloader
                0x0000000008004b58       0x18 libbootloader.a(target_stm32f103.c.o)
                0x0000000008004b58                target_manifest_bootloader
 .text.target_get_force_bootloader
                0x0000000008004b70       0x38 libbootloader.a(target_stm32f103.c.o)
                0x0000000008004b70                target_get_force_bootloader
 .text.target_get_startup_mode
                0x0000000008004ba8       0x9c libbootloader.a(target_stm32f103.c.o)
                0x0000000008004ba8                target_get_startup_mode
 .text.target_get_serial_number
                0x0000000008004c44        0x8 libbootloader.a(target_stm32f103.c.o)
                0x0000000008004c44                target_get_serial_number
 .text.target_flash_unlock
                0x0000000008004c4c        0x4 libbootloader.a(target_stm32f103.c.o)
                0x0000000008004c4c                target_flash_unlock
 .text.target_flash_lock
                0x0000000008004c50        0x4 libbootloader.a(target_stm32f103.c.o)
                0x0000000008004c50                target_flash_lock
 .text.target_flash_program_array
                0x0000000008004c54       0xf4 libbootloader.a(target_stm32f103.c.o)
                0x0000000008004c54                target_flash_program_array
 .text.cdcacm_comm_cb
                0x0000000008004d48        0xc libbootloader.a(cdc.c.o)
 .text.cdcacm_set_config
                0x0000000008004d54       0x68 libbootloader.a(cdc.c.o)
 .text.cdcacm_control_request
                0x0000000008004dbc       0x64 libbootloader.a(cdc.c.o)
 .text.cdcadm_transmit
                0x0000000008004e20       0x54 libbootloader.a(cdc.c.o)
                0x0000000008004e20                cdcadm_transmit
 .text.cdcacm_data_rx_cb
                0x0000000008004e74       0x4c libbootloader.a(cdc.c.o)
 .text.cdc_setup
                0x0000000008004ec0       0x2c libbootloader.a(cdc.c.o)
                0x0000000008004ec0                cdc_setup
 .text.pokeSend
                0x0000000008004eec       0xb8 libbootloader.a(hf2.c.o)
 .text.hf2_set_config
                0x0000000008004fa4       0x3c libbootloader.a(hf2.c.o)
 .text.hf2_data_tx_cb
                0x0000000008004fe0       0x24 libbootloader.a(hf2.c.o)
 .text.assert.part.1
                0x0000000008005004       0x1c libbootloader.a(hf2.c.o)
 .text.hf2_data_rx_cb
                0x0000000008005020      0x390 libbootloader.a(hf2.c.o)
 .text.hf2_setup
                0x00000000080053b0       0x88 libbootloader.a(hf2.c.o)
                0x00000000080053b0                hf2_setup
 .text.usb21_set_config
                0x0000000008005438       0x28 libbootloader.a(usb21_standard.c.o)
 .text.usb21_standard_get_descriptor
                0x0000000008005460       0xe0 libbootloader.a(usb21_standard.c.o)
 .text.usb21_setup
                0x0000000008005540       0x38 libbootloader.a(usb21_standard.c.o)
                0x0000000008005540                usb21_setup
 .text.backup_write
                0x0000000008005578       0x38 libbootloader.a(backup.c.o)
                0x0000000008005578                backup_write
 .text.backup_read
                0x00000000080055b0       0x18 libbootloader.a(backup.c.o)
                0x00000000080055b0                backup_read
 .text.flushFlash
                0x00000000080055c8       0x7c libbootloader.a(ghostfat.c.o)
 .text.flash_write
                0x0000000008005644       0x48 libbootloader.a(ghostfat.c.o)
                0x0000000008005644                flash_write
                0x000000000800568c                . = ALIGN (0x4)
 :*reset_handler*(SORT_BY_ALIGNMENT(.rodata*))
 .rodata.reset_handler.str1.4
                0x000000000800568c       0x37 /Users/Luppy/stm32bluepill-makecode/pxt-maker/projects/blink/built/dockercodal/build/libraries/codal-libopencm3/CMakeFiles/hal.dir/stm32/hal/reset_handler.c.o
 *libhal.a:*reset_handler*(SORT_BY_ALIGNMENT(.rodata*))
 :*codal_target_hal*(SORT_BY_ALIGNMENT(.rodata*))
 *libhal.a:*codal_target_hal*(SORT_BY_ALIGNMENT(.rodata*))
 *fill*         0x00000000080056c3        0x1 
 .rodata._ZL10timer_tickv.str1.4
                0x00000000080056c4        0x7 libhal.a(codal_target_hal.cpp.o)
 *fill*         0x00000000080056cb        0x1 
 .rodata._ZL11timer_alarmv.str1.4
                0x00000000080056cc        0x4 libhal.a(codal_target_hal.cpp.o)
 .rodata.target_get_serial.str1.4
                0x00000000080056d0       0x16 libhal.a(codal_target_hal.cpp.o)
 *fill*         0x00000000080056e6        0x2 
 .rodata.target_panic.str1.4
                0x00000000080056e8       0x13 libhal.a(codal_target_hal.cpp.o)
 *fill*         0x00000000080056fb        0x1 
 .rodata.target_reset.str1.4
                0x00000000080056fc       0x11 libhal.a(codal_target_hal.cpp.o)
 *fill*         0x000000000800570d        0x3 
 .rodata.target_seed_random.str1.4
                0x0000000008005710       0x17 libhal.a(codal_target_hal.cpp.o)
 *fill*         0x0000000008005727        0x1 
 .rodata.target_wait.part.2.str1.4
                0x0000000008005728        0xb libhal.a(codal_target_hal.cpp.o)
 *fill*         0x0000000008005733        0x1 
 .rodata.test_codal.str1.4
                0x0000000008005734       0x3c libhal.a(codal_target_hal.cpp.o)
 :*CortexContextSwitch*(SORT_BY_ALIGNMENT(.rodata*))
 *libhal.a:(SORT_BY_ALIGNMENT(.rodata*))
 *liblibopencm3.a:(SORT_BY_ALIGNMENT(.rodata*))
 .rodata.desig_get_unique_id_as_string.str1.4
                0x0000000008005770       0x11 liblibopencm3.a(desig.c.o)
 *fill*         0x0000000008005781        0x3 
 .rodata.st_usbfs_v1_usb_driver
                0x0000000008005784       0x34 liblibopencm3.a(st_usbfs_v1.c.o)
                0x0000000008005784                st_usbfs_v1_usb_driver
 *libFrameworkLibOpenCM3.a:(SORT_BY_ALIGNMENT(.rodata*))
 *libcocoos.a:(SORT_BY_ALIGNMENT(.rodata*))
 .rodata.os_on_assert.str1.4
                0x00000000080057b8       0x1a libcocoos.a(os_assert.c.o)
 *libcocoOS_?.?.?.a:(SORT_BY_ALIGNMENT(.rodata*))
 *libgcc.a:(SORT_BY_ALIGNMENT(.rodata*))
 *libqfplib.a:(SORT_BY_ALIGNMENT(.rodata*))
 *libnano-float.a:(SORT_BY_ALIGNMENT(.rodata*))
 *libnewlib.a:(SORT_BY_ALIGNMENT(.rodata*))
 .rodata._ctype_
                0x00000000080057d2      0x101 libnewlib.a(ctype_.c.o)
                0x00000000080057d2                _ctype_
 *liblogger.a:(SORT_BY_ALIGNMENT(.rodata*))
 *fill*         0x00000000080058d3        0x1 
 .rodata._Z11debug_printi.str1.4
                0x00000000080058d4        0x6 liblogger.a(logger.cpp.o)
 *fill*         0x00000000080058da        0x2 
 .rodata._Z11debug_printj.str1.4
                0x00000000080058dc        0xb liblogger.a(logger.cpp.o)
 *fill*         0x00000000080058e7        0x1 
 .rodata.debug_println.str1.4
                0x00000000080058e8        0x3 liblogger.a(logger.cpp.o)
 *libbluepill.a:(SORT_BY_ALIGNMENT(.rodata*))
 *fill*         0x00000000080058eb        0x1 
 .rodata.platform_setup.str1.4
                0x00000000080058ec       0x13 libbluepill.a(bluepill.cpp.o)
 *fill*         0x00000000080058ff        0x1 
 .rodata.platform_set_alarm.str1.4
                0x0000000008005900        0x6 libbluepill.a(timer.cpp.o)
 *fill*         0x0000000008005906        0x2 
 .rodata.platform_start_timer.str1.4
                0x0000000008005908       0x38 libbluepill.a(timer.cpp.o)
                                         0x35 (size before relaxing)
 *libbootloader.a:(SORT_BY_ALIGNMENT(.rodata*))
 .rodata.bootloader_start.str1.4
                0x0000000008005940       0x60 libbootloader.a(bootloader.c.o)
 .rodata.aggregate_callback.str1.4
                0x00000000080059a0        0xc libbootloader.a(usb_conf.c.o)
 .rodata.aggregate_register_callback.str1.4
                0x00000000080059ac       0x26 libbootloader.a(usb_conf.c.o)
 *fill*         0x00000000080059d2        0x2 
 .rodata.aggregate_register_config_callback.str1.4
                0x00000000080059d4       0x25 libbootloader.a(usb_conf.c.o)
 *fill*         0x00000000080059f9        0x3 
 .rodata.bos_descriptor
                0x00000000080059fc        0x9 libbootloader.a(usb_conf.c.o)
 *fill*         0x0000000008005a05        0x3 
 .rodata.cdc_iface_assoc
                0x0000000008005a08        0x8 libbootloader.a(usb_conf.c.o)
 .rodata.cdcacm_functional_descriptors
                0x0000000008005a10       0x13 libbootloader.a(usb_conf.c.o)
 *fill*         0x0000000008005a23        0x1 
 .rodata.comm_endp
                0x0000000008005a24        0xf libbootloader.a(usb_conf.c.o)
 *fill*         0x0000000008005a33        0x1 
 .rodata.comm_iface
                0x0000000008005a34       0x15 libbootloader.a(usb_conf.c.o)
 *fill*         0x0000000008005a49        0x3 
 .rodata.config
                0x0000000008005a4c        0xd libbootloader.a(usb_conf.c.o)
 *fill*         0x0000000008005a59        0x3 
 .rodata.data_endp
                0x0000000008005a5c       0x1e libbootloader.a(usb_conf.c.o)
 *fill*         0x0000000008005a7a        0x2 
 .rodata.data_iface
                0x0000000008005a7c       0x15 libbootloader.a(usb_conf.c.o)
 *fill*         0x0000000008005a91        0x3 
 .rodata.dev    0x0000000008005a94       0x12 libbootloader.a(usb_conf.c.o)
 *fill*         0x0000000008005aa6        0x2 
 .rodata.dump_buffer.str1.4
                0x0000000008005aa8        0x4 libbootloader.a(usb_conf.c.o)
                                          0x9 (size before relaxing)
 .rodata.dump_usb_request.str1.4
                0x0000000008005aac       0x90 libbootloader.a(usb_conf.c.o)
 .rodata.hf2_endp
                0x0000000008005b3c       0x1e libbootloader.a(usb_conf.c.o)
 *fill*         0x0000000008005b5a        0x2 
 .rodata.hf2_iface
                0x0000000008005b5c       0x15 libbootloader.a(usb_conf.c.o)
 *fill*         0x0000000008005b71        0x3 
 .rodata.interfaces
                0x0000000008005b74       0x30 libbootloader.a(usb_conf.c.o)
 .rodata.set_aggregate_callback.str1.4
                0x0000000008005ba4       0x29 libbootloader.a(usb_conf.c.o)
 *fill*         0x0000000008005bcd        0x3 
 .rodata.set_usb_busy.str1.4
                0x0000000008005bd0        0x2 libbootloader.a(usb_conf.c.o)
 *fill*         0x0000000008005bd2        0x2 
 .rodata.str1.4
                0x0000000008005bd4       0x86 libbootloader.a(usb_conf.c.o)
 *fill*         0x0000000008005c5a        0x2 
 .rodata.usb_setup.str1.4
                0x0000000008005c5c       0x31 libbootloader.a(usb_conf.c.o)
 *fill*         0x0000000008005c8d        0x3 
 .rodata.webusb_control_vendor_request.str1.4
                0x0000000008005c90       0x3f libbootloader.a(webusb.c.o)
                                         0x43 (size before relaxing)
 *fill*         0x0000000008005ccf        0x1 
 .rodata.webusb_platform_capability_descriptor
                0x0000000008005cd0       0x18 libbootloader.a(webusb.c.o)
                0x0000000008005cd0                webusb_platform_capability_descriptor
 .rodata.webusb_set_config.str1.4
                0x0000000008005ce8       0x1d libbootloader.a(webusb.c.o)
 *fill*         0x0000000008005d05        0x3 
 .rodata.webusb_setup.str1.4
                0x0000000008005d08       0x18 libbootloader.a(webusb.c.o)
 .rodata.guid   0x0000000008005d20       0x92 libbootloader.a(winusb.c.o)
 *fill*         0x0000000008005db2        0x2 
 .rodata.microsoft_platform_capability_descriptor
                0x0000000008005db4       0x1c libbootloader.a(winusb.c.o)
                0x0000000008005db4                microsoft_platform_capability_descriptor
 .rodata.winusb_control_vendor_request.str1.4
                0x0000000008005dd0       0x17 libbootloader.a(winusb.c.o)
 *fill*         0x0000000008005de7        0x1 
 .rodata.winusb_descriptor_request.str1.4
                0x0000000008005de8        0x6 libbootloader.a(winusb.c.o)
 *fill*         0x0000000008005dee        0x2 
 .rodata.winusb_set_config.str1.4
                0x0000000008005df0       0x1d libbootloader.a(winusb.c.o)
 *fill*         0x0000000008005e0d        0x3 
 .rodata.winusb_setup.str1.4
                0x0000000008005e10       0x18 libbootloader.a(winusb.c.o)
 .rodata.winusb_string_descriptor
                0x0000000008005e28       0x12 libbootloader.a(winusb.c.o)
 *fill*         0x0000000008005e3a        0x2 
 .rodata.target_flash_program_array.str1.4
                0x0000000008005e3c       0x73 libbootloader.a(target_stm32f103.c.o)
 *fill*         0x0000000008005eaf        0x1 
 .rodata.target_get_startup_mode.str1.4
                0x0000000008005eb0       0x75 libbootloader.a(target_stm32f103.c.o)
                                         0x79 (size before relaxing)
 *fill*         0x0000000008005f25        0x3 
 .rodata.cdc_setup.str1.4
                0x0000000008005f28       0x15 libbootloader.a(cdc.c.o)
 *fill*         0x0000000008005f3d        0x3 
 .rodata.cdcacm_comm_cb.str1.4
                0x0000000008005f40        0x5 libbootloader.a(cdc.c.o)
 *fill*         0x0000000008005f45        0x3 
 .rodata.cdcacm_control_request.str1.4
                0x0000000008005f48       0x28 libbootloader.a(cdc.c.o)
                                         0x31 (size before relaxing)
 .rodata.cdcacm_set_config.str1.4
                0x0000000008005f70       0x1d libbootloader.a(cdc.c.o)
 *fill*         0x0000000008005f8d        0x3 
 .rodata.line_coding
                0x0000000008005f90        0x7 libbootloader.a(cdc.c.o)
 *fill*         0x0000000008005f97        0x1 
 .rodata.assert.part.1.str1.4
                0x0000000008005f98        0xc libbootloader.a(hf2.c.o)
 .rodata.bad_packet_message
                0x0000000008005fa4        0xb libbootloader.a(hf2.c.o)
 *fill*         0x0000000008005faf        0x1 
 .rodata.hf2_data_rx_cb.str1.4
                0x0000000008005fb0       0xe1 libbootloader.a(hf2.c.o)
                                         0xed (size before relaxing)
 *fill*         0x0000000008006091        0x3 
 .rodata.hf2_set_config.str1.4
                0x0000000008006094        0xb libbootloader.a(hf2.c.o)
 *fill*         0x000000000800609f        0x1 
 .rodata.hf2_setup.str1.4
                0x00000000080060a0       0x2d libbootloader.a(hf2.c.o)
 *fill*         0x00000000080060cd        0x3 
 .rodata.pokeSend.str1.4
                0x00000000080060d0        0xa libbootloader.a(hf2.c.o)
 *fill*         0x00000000080060da        0x2 
 .rodata.usb21_set_config.str1.4
                0x00000000080060dc       0x1c libbootloader.a(usb21_standard.c.o)
 .rodata.usb21_setup.str1.4
                0x00000000080060f8       0x17 libbootloader.a(usb21_standard.c.o)
 *fill*         0x000000000800610f        0x1 
 .rodata.usb21_standard_get_descriptor.str1.4
                0x0000000008006110       0x24 libbootloader.a(usb21_standard.c.o)
 .rodata.flushFlash.str1.4
                0x0000000008006134       0x24 libbootloader.a(ghostfat.c.o)
                                          0x9 (size before relaxing)
 .rodata.infoUf2File
                0x0000000008006134       0x55 libbootloader.a(ghostfat.c.o)
                0x0000000008006134                infoUf2File
                0x000000000800618c                . = ALIGN (0x4)
 *fill*         0x0000000008006189        0x3 
                0x000000000800618c                _boot_etext = .

.text           0x0000000008006800     0x6458
                0x0000000008006800                . = ALIGN (0x4)
                0x0000000008006800                _text = .
 *(SORT_BY_ALIGNMENT(.text.application_start))
 .text.application_start
                0x0000000008006800      0x118 libcm.a(application.cpp.o)
                0x0000000008006800                application_start
 *(SORT_BY_ALIGNMENT(.text.main))
 *(SORT_BY_ALIGNMENT(.text.startup.main))
 .text.startup.main
                0x0000000008006918        0xc CMakeFiles/STM32_BLUE_PILL.dir/pxtapp/main.cpp.o
                0x0000000008006918                main
 *(SORT_BY_ALIGNMENT(.text*))
 *fill*         0x0000000008006924        0x4 
 .text._ZN6numops5mycvtEdPc
                0x0000000008006928      0x174 CMakeFiles/STM32_BLUE_PILL.dir/pxtapp/base/core.cpp.o
                0x0000000008006928                numops::mycvt(double, char*)
 *fill*         0x0000000008006a9c        0x4 
 .text._ZN5Math_12randomDoubleEv
                0x0000000008006aa0       0x54 CMakeFiles/STM32_BLUE_PILL.dir/pxtapp/base/core.cpp.o
                0x0000000008006aa0                Math_::randomDouble()
 .text._ZN5Math_4log2EPN3pxt12TValueStructE
                0x0000000008006af4       0x14 CMakeFiles/STM32_BLUE_PILL.dir/pxtapp/base/advmath.cpp.o
                0x0000000008006af4                Math_::log2(pxt::TValueStruct*)
 .text._ZN5Math_3expEPN3pxt12TValueStructE
                0x0000000008006b08       0x14 CMakeFiles/STM32_BLUE_PILL.dir/pxtapp/base/advmath.cpp.o
                0x0000000008006b08                Math_::exp(pxt::TValueStruct*)
 .text._ZN5Math_4tanhEPN3pxt12TValueStructE
                0x0000000008006b1c       0x14 CMakeFiles/STM32_BLUE_PILL.dir/pxtapp/base/advmath.cpp.o
                0x0000000008006b1c                Math_::tanh(pxt::TValueStruct*)
 .text._ZN5Math_4sinhEPN3pxt12TValueStructE
                0x0000000008006b30       0x14 CMakeFiles/STM32_BLUE_PILL.dir/pxtapp/base/advmath.cpp.o
                0x0000000008006b30                Math_::sinh(pxt::TValueStruct*)
 .text._ZN5Math_4coshEPN3pxt12TValueStructE
                0x0000000008006b44       0x14 CMakeFiles/STM32_BLUE_PILL.dir/pxtapp/base/advmath.cpp.o
                0x0000000008006b44                Math_::cosh(pxt::TValueStruct*)
 .text._ZN5Math_5atanhEPN3pxt12TValueStructE
                0x0000000008006b58       0x14 CMakeFiles/STM32_BLUE_PILL.dir/pxtapp/base/advmath.cpp.o
                0x0000000008006b58                Math_::atanh(pxt::TValueStruct*)
 .text._ZN5Math_5asinhEPN3pxt12TValueStructE
                0x0000000008006b6c       0x14 CMakeFiles/STM32_BLUE_PILL.dir/pxtapp/base/advmath.cpp.o
                0x0000000008006b6c                Math_::asinh(pxt::TValueStruct*)
 .text._ZN5Math_5acoshEPN3pxt12TValueStructE
                0x0000000008006b80       0x14 CMakeFiles/STM32_BLUE_PILL.dir/pxtapp/base/advmath.cpp.o
                0x0000000008006b80                Math_::acosh(pxt::TValueStruct*)
 .text._ZN3pxtL9readBytesEPhS0_ibi
                0x0000000008006b94       0x64 CMakeFiles/STM32_BLUE_PILL.dir/pxtapp/base/buffer.cpp.o
 .text._ZN13BufferMethods8getBytesEPN3pxt11BoxedBufferE
                0x0000000008006bf8        0x4 CMakeFiles/STM32_BLUE_PILL.dir/pxtapp/base/buffer.cpp.o
                0x0000000008006bf8                BufferMethods::getBytes(pxt::BoxedBuffer*)
 .text._ZN13BufferMethods7getByteEPN3pxt11BoxedBufferEi
                0x0000000008006bfc       0x18 CMakeFiles/STM32_BLUE_PILL.dir/pxtapp/base/buffer.cpp.o
                0x0000000008006bfc                BufferMethods::getByte(pxt::BoxedBuffer*, int)
 .text._ZN13BufferMethods7setByteEPN3pxt11BoxedBufferEii
                0x0000000008006c14       0x14 CMakeFiles/STM32_BLUE_PILL.dir/pxtapp/base/buffer.cpp.o
                0x0000000008006c14                BufferMethods::setByte(pxt::BoxedBuffer*, int, int)
 .text._ZN13BufferMethods11writeBufferEPN3pxt11BoxedBufferEiS2_ii
                0x0000000008006c28       0x50 CMakeFiles/STM32_BLUE_PILL.dir/pxtapp/base/buffer.cpp.o
                0x0000000008006c28                BufferMethods::writeBuffer(pxt::BoxedBuffer*, int, pxt::BoxedBuffer*, int, int)
 .text._ZN13BufferMethods6lengthEPN3pxt11BoxedBufferE
                0x0000000008006c78        0x4 CMakeFiles/STM32_BLUE_PILL.dir/pxtapp/base/buffer.cpp.o
                0x0000000008006c78                BufferMethods::length(pxt::BoxedBuffer*)
 .text._ZN13BufferMethods4fillEPN3pxt11BoxedBufferEiii
                0x0000000008006c7c       0x2c CMakeFiles/STM32_BLUE_PILL.dir/pxtapp/base/buffer.cpp.o
                0x0000000008006c7c                BufferMethods::fill(pxt::BoxedBuffer*, int, int, int)
 .text._ZN13BufferMethods5sliceEPN3pxt11BoxedBufferEii
                0x0000000008006ca8       0x28 CMakeFiles/STM32_BLUE_PILL.dir/pxtapp/base/buffer.cpp.o
                0x0000000008006ca8                BufferMethods::slice(pxt::BoxedBuffer*, int, int)
 .text._ZN13BufferMethods5shiftEPN3pxt11BoxedBufferEiii
                0x0000000008006cd0       0x80 CMakeFiles/STM32_BLUE_PILL.dir/pxtapp/base/buffer.cpp.o
                0x0000000008006cd0                BufferMethods::shift(pxt::BoxedBuffer*, int, int, int)
 .text._ZN13BufferMethods5toHexEPN3pxt11BoxedBufferE
                0x0000000008006d50       0x40 CMakeFiles/STM32_BLUE_PILL.dir/pxtapp/base/buffer.cpp.o
                0x0000000008006d50                BufferMethods::toHex(pxt::BoxedBuffer*)
 .text._ZN13BufferMethods6rotateEPN3pxt11BoxedBufferEiii
                0x0000000008006d90       0x74 CMakeFiles/STM32_BLUE_PILL.dir/pxtapp/base/buffer.cpp.o
                0x0000000008006d90                BufferMethods::rotate(pxt::BoxedBuffer*, int, int, int)
 .text._ZN13BufferMethods5writeEPN3pxt11BoxedBufferEiS2_
                0x0000000008006e04       0x14 CMakeFiles/STM32_BLUE_PILL.dir/pxtapp/base/buffer.cpp.o
                0x0000000008006e04                BufferMethods::write(pxt::BoxedBuffer*, int, pxt::BoxedBuffer*)
 .text._ZN7control12createBufferEi
                0x0000000008006e18        0x8 CMakeFiles/STM32_BLUE_PILL.dir/pxtapp/base/buffer.cpp.o
                0x0000000008006e18                control::createBuffer(int)
 .text._ZN3pxt13setNumberCoreEPhiNS_12NumberFormatEPNS_12TValueStructE
                0x0000000008006e20      0x108 CMakeFiles/STM32_BLUE_PILL.dir/pxtapp/base/buffer.cpp.o
                0x0000000008006e20                pxt::setNumberCore(unsigned char*, int, pxt::NumberFormat, pxt::TValueStruct*)
 .text._ZN13BufferMethods9setNumberEPN3pxt11BoxedBufferENS0_12NumberFormatEiPNS0_12TValueStructE
                0x0000000008006f28       0x1c CMakeFiles/STM32_BLUE_PILL.dir/pxtapp/base/buffer.cpp.o
                0x0000000008006f28                BufferMethods::setNumber(pxt::BoxedBuffer*, pxt::NumberFormat, int, pxt::TValueStruct*)
 .text._ZN3pxt13getNumberCoreEPhiNS_12NumberFormatE
                0x0000000008006f44      0x120 CMakeFiles/STM32_BLUE_PILL.dir/pxtapp/base/buffer.cpp.o
                0x0000000008006f44                pxt::getNumberCore(unsigned char*, int, pxt::NumberFormat)
 .text._ZN13BufferMethods9getNumberEPN3pxt11BoxedBufferENS0_12NumberFormatEi
                0x0000000008007064       0x1c CMakeFiles/STM32_BLUE_PILL.dir/pxtapp/base/buffer.cpp.o
                0x0000000008007064                BufferMethods::getNumber(pxt::BoxedBuffer*, pxt::NumberFormat, int)
 .text._ZN7control6millisEv
                0x0000000008007080        0x4 CMakeFiles/STM32_BLUE_PILL.dir/pxtapp/base/control.cpp.o
                0x0000000008007080                control::millis()
 .text._ZN7control15internalOnEventEiiPN3pxt12TValueStructEi
                0x0000000008007084        0x4 CMakeFiles/STM32_BLUE_PILL.dir/pxtapp/base/control.cpp.o
                0x0000000008007084                control::internalOnEvent(int, int, pxt::TValueStruct*, int)
 .text._ZN7control5resetEv
                0x0000000008007088        0x4 CMakeFiles/STM32_BLUE_PILL.dir/pxtapp/base/control.cpp.o
                0x0000000008007088                control::reset()
 .text._ZN7control10waitMicrosEi
                0x000000000800708c        0x8 CMakeFiles/STM32_BLUE_PILL.dir/pxtapp/base/control.cpp.o
                0x000000000800708c                control::waitMicros(int)
 .text._ZN7control13runInParallelEPN3pxt12TValueStructE
                0x0000000008007094        0x4 CMakeFiles/STM32_BLUE_PILL.dir/pxtapp/base/control.cpp.o
                0x0000000008007094                control::runInParallel(pxt::TValueStruct*)
 .text._ZN7control12waitForEventEii
                0x0000000008007098        0x4 CMakeFiles/STM32_BLUE_PILL.dir/pxtapp/base/control.cpp.o
                0x0000000008007098                control::waitForEvent(int, int)
 .text._ZN7control18deviceSerialNumberEv
                0x000000000800709c        0x4 CMakeFiles/STM32_BLUE_PILL.dir/pxtapp/base/control.cpp.o
                0x000000000800709c                control::deviceSerialNumber()
 .text._ZN7control5__logEiPN3pxt11BoxedStringE
                0x00000000080070a0       0x10 CMakeFiles/STM32_BLUE_PILL.dir/pxtapp/base/control.cpp.o
                0x00000000080070a0                control::__log(int, pxt::BoxedString*)
 .text._ZN7control10dmesgValueEPN3pxt12TValueStructE
                0x00000000080070b0        0x4 CMakeFiles/STM32_BLUE_PILL.dir/pxtapp/base/control.cpp.o
                0x00000000080070b0                control::dmesgValue(pxt::TValueStruct*)
 .text._ZN7control2gcEv
                0x00000000080070b4        0x8 CMakeFiles/STM32_BLUE_PILL.dir/pxtapp/base/control.cpp.o
                0x00000000080070b4                control::gc()
 .text._ZN7control8heapDumpEv
                0x00000000080070bc       0x14 CMakeFiles/STM32_BLUE_PILL.dir/pxtapp/base/control.cpp.o
                0x00000000080070bc                control::heapDump()
 .text._ZN7control16profilingEnabledEv
                0x00000000080070d0        0x4 CMakeFiles/STM32_BLUE_PILL.dir/pxtapp/base/control.cpp.o
                0x00000000080070d0                control::profilingEnabled()
 .text._ZN3pxtL13dtorDoNothingEv
                0x00000000080070d4        0x4 CMakeFiles/STM32_BLUE_PILL.dir/pxtapp/base/core.cpp.o
 .text._ZN3pxtL11string_sizeEPNS_11BoxedStringE
                0x00000000080070d8        0x8 CMakeFiles/STM32_BLUE_PILL.dir/pxtapp/base/core.cpp.o
 .text._ZN3pxtL11number_sizeEPNS_11BoxedNumberE
                0x00000000080070e0        0x4 CMakeFiles/STM32_BLUE_PILL.dir/pxtapp/base/core.cpp.o
 .text._ZN3pxtL11buffer_sizeEPNS_11BoxedBufferE
                0x00000000080070e4        0x8 CMakeFiles/STM32_BLUE_PILL.dir/pxtapp/base/core.cpp.o
 .text._ZN3pxt11findBindingEii
                0x00000000080070ec       0x1c CMakeFiles/STM32_BLUE_PILL.dir/pxtapp/base/core.cpp.o
                0x00000000080070ec                pxt::findBinding(int, int)
 .text._ZN3pxt10setBindingEiiPNS_12TValueStructE
                0x0000000008007108       0x4c CMakeFiles/STM32_BLUE_PILL.dir/pxtapp/base/core.cpp.o
                0x0000000008007108                pxt::setBinding(int, int, pxt::TValueStruct*)
 .text._ZN3pxt8mkStringEPKci
                0x0000000008007154       0x4c CMakeFiles/STM32_BLUE_PILL.dir/pxtapp/base/core.cpp.o
                0x0000000008007154                pxt::mkString(char const*, int)
 .text._ZN3pxt8mkBufferEPKhi
                0x00000000080071a0       0x44 CMakeFiles/STM32_BLUE_PILL.dir/pxtapp/base/core.cpp.o
                0x00000000080071a0                pxt::mkBuffer(unsigned char const*, int)
 .text._ZN3pxt9getRandomEj
                0x00000000080071e4       0x40 CMakeFiles/STM32_BLUE_PILL.dir/pxtapp/base/core.cpp.o
                0x00000000080071e4                pxt::getRandom(unsigned int)
 .text._ZN7String_7mkEmptyEv
                0x0000000008007224        0xc CMakeFiles/STM32_BLUE_PILL.dir/pxtapp/base/core.cpp.o
                0x0000000008007224                String_::mkEmpty()
 .text._ZN7String_12fromCharCodeEi
                0x0000000008007230       0x20 CMakeFiles/STM32_BLUE_PILL.dir/pxtapp/base/core.cpp.o
                0x0000000008007230                String_::fromCharCode(int)
 .text._ZN7String_6charAtEPN3pxt11BoxedStringEi
                0x0000000008007250       0x3c CMakeFiles/STM32_BLUE_PILL.dir/pxtapp/base/core.cpp.o
                0x0000000008007250                String_::charAt(pxt::BoxedString*, int)
 .text._ZN7String_6concatEPN3pxt11BoxedStringES2_
                0x000000000800728c       0x6c CMakeFiles/STM32_BLUE_PILL.dir/pxtapp/base/core.cpp.o
                0x000000000800728c                String_::concat(pxt::BoxedString*, pxt::BoxedString*)
 .text._ZN7String_7compareEPN3pxt11BoxedStringES2_
                0x00000000080072f8       0x24 CMakeFiles/STM32_BLUE_PILL.dir/pxtapp/base/core.cpp.o
                0x00000000080072f8                String_::compare(pxt::BoxedString*, pxt::BoxedString*)
 .text._ZN7String_6lengthEPN3pxt11BoxedStringE
                0x000000000800731c        0x4 CMakeFiles/STM32_BLUE_PILL.dir/pxtapp/base/core.cpp.o
                0x000000000800731c                String_::length(pxt::BoxedString*)
 .text._ZN7String_8mystrtodEPKcPPc
                0x0000000008007320      0x16c CMakeFiles/STM32_BLUE_PILL.dir/pxtapp/base/core.cpp.o
                0x0000000008007320                String_::mystrtod(char const*, char**)
 .text._ZN7String_6substrEPN3pxt11BoxedStringEii
                0x000000000800748c       0x34 CMakeFiles/STM32_BLUE_PILL.dir/pxtapp/base/core.cpp.o
                0x000000000800748c                String_::substr(pxt::BoxedString*, int, int)
 .text._ZN7String_7indexOfEPN3pxt11BoxedStringES2_i
                0x00000000080074c0       0x30 CMakeFiles/STM32_BLUE_PILL.dir/pxtapp/base/core.cpp.o
                0x00000000080074c0                String_::indexOf(pxt::BoxedString*, pxt::BoxedString*, int)
 .text._ZN7String_8includesEPN3pxt11BoxedStringES2_i
                0x00000000080074f0       0x10 CMakeFiles/STM32_BLUE_PILL.dir/pxtapp/base/core.cpp.o
                0x00000000080074f0                String_::includes(pxt::BoxedString*, pxt::BoxedString*, int)
 .text._ZN8Boolean_4bangEi
                0x0000000008007500        0x8 CMakeFiles/STM32_BLUE_PILL.dir/pxtapp/base/core.cpp.o
                0x0000000008007500                Boolean_::bang(int)
 .text._ZN3pxt10fromDoubleEd
                0x0000000008007508       0xac CMakeFiles/STM32_BLUE_PILL.dir/pxtapp/base/core.cpp.o
                0x0000000008007508                pxt::fromDouble(double)
 .text._ZN7String_8toNumberEPN3pxt11BoxedStringE
                0x00000000080075b4       0xa0 CMakeFiles/STM32_BLUE_PILL.dir/pxtapp/base/core.cpp.o
                0x00000000080075b4                String_::toNumber(pxt::BoxedString*)
 .text._ZN3pxt7fromIntEi.part.7
                0x0000000008007654       0x10 CMakeFiles/STM32_BLUE_PILL.dir/pxtapp/base/core.cpp.o
 .text._ZN7String_10charCodeAtEPN3pxt11BoxedStringEi
                0x0000000008007664       0x1c CMakeFiles/STM32_BLUE_PILL.dir/pxtapp/base/core.cpp.o
                0x0000000008007664                String_::charCodeAt(pxt::BoxedString*, int)
 .text._ZN3pxt9fromFloatEf
                0x0000000008007680       0x10 CMakeFiles/STM32_BLUE_PILL.dir/pxtapp/base/core.cpp.o
                0x0000000008007680                pxt::fromFloat(float)
 .text._ZN3pxt7fromIntEi
                0x0000000008007690       0x14 CMakeFiles/STM32_BLUE_PILL.dir/pxtapp/base/core.cpp.o
                0x0000000008007690                pxt::fromInt(int)
 .text._ZN3pxt8fromUIntEj
                0x00000000080076a4       0x1c CMakeFiles/STM32_BLUE_PILL.dir/pxtapp/base/core.cpp.o
                0x00000000080076a4                pxt::fromUInt(unsigned int)
 .text._ZN3pxt8fromBoolEb
                0x00000000080076c0        0xc CMakeFiles/STM32_BLUE_PILL.dir/pxtapp/base/core.cpp.o
                0x00000000080076c0                pxt::fromBool(bool)
 .text._ZN5Math_6randomEv
                0x00000000080076cc       0x10 CMakeFiles/STM32_BLUE_PILL.dir/pxtapp/base/core.cpp.o
                0x00000000080076cc                Math_::random()
 .text._ZN5Math_4imulEii
                0x00000000080076dc        0x8 CMakeFiles/STM32_BLUE_PILL.dir/pxtapp/base/core.cpp.o
                0x00000000080076dc                Math_::imul(int, int)
 .text._ZN5Math_4idivEii
                0x00000000080076e4        0x8 CMakeFiles/STM32_BLUE_PILL.dir/pxtapp/base/core.cpp.o
                0x00000000080076e4                Math_::idiv(int, int)
 .text._ZN6Array_2mkEv
                0x00000000080076ec       0x14 CMakeFiles/STM32_BLUE_PILL.dir/pxtapp/base/core.cpp.o
                0x00000000080076ec                Array_::mk()
 .text._ZN6Array_6lengthEPN3pxt13RefCollectionE
                0x0000000008007700        0x4 CMakeFiles/STM32_BLUE_PILL.dir/pxtapp/base/core.cpp.o
                0x0000000008007700                Array_::length(pxt::RefCollection*)
 .text._ZN6Array_9setLengthEPN3pxt13RefCollectionEi
                0x0000000008007704        0x8 CMakeFiles/STM32_BLUE_PILL.dir/pxtapp/base/core.cpp.o
                0x0000000008007704                Array_::setLength(pxt::RefCollection*, int)
 .text._ZN6Array_4pushEPN3pxt13RefCollectionEPNS0_12TValueStructE
                0x000000000800770c        0xc CMakeFiles/STM32_BLUE_PILL.dir/pxtapp/base/core.cpp.o
                0x000000000800770c                Array_::push(pxt::RefCollection*, pxt::TValueStruct*)
 .text._ZN6Array_3popEPN3pxt13RefCollectionE
                0x0000000008007718        0x8 CMakeFiles/STM32_BLUE_PILL.dir/pxtapp/base/core.cpp.o
                0x0000000008007718                Array_::pop(pxt::RefCollection*)
 .text._ZN6Array_5getAtEPN3pxt13RefCollectionEi
                0x0000000008007720       0x10 CMakeFiles/STM32_BLUE_PILL.dir/pxtapp/base/core.cpp.o
                0x0000000008007720                Array_::getAt(pxt::RefCollection*, int)
 .text._ZN6Array_5setAtEPN3pxt13RefCollectionEiPNS0_12TValueStructE
                0x0000000008007730        0x8 CMakeFiles/STM32_BLUE_PILL.dir/pxtapp/base/core.cpp.o
                0x0000000008007730                Array_::setAt(pxt::RefCollection*, int, pxt::TValueStruct*)
 .text._ZN6Array_8removeAtEPN3pxt13RefCollectionEi
                0x0000000008007738        0x8 CMakeFiles/STM32_BLUE_PILL.dir/pxtapp/base/core.cpp.o
                0x0000000008007738                Array_::removeAt(pxt::RefCollection*, int)
 .text._ZN6Array_8insertAtEPN3pxt13RefCollectionEiPNS0_12TValueStructE
                0x0000000008007740        0x8 CMakeFiles/STM32_BLUE_PILL.dir/pxtapp/base/core.cpp.o
                0x0000000008007740                Array_::insertAt(pxt::RefCollection*, int, pxt::TValueStruct*)
 .text._ZN3pxt11programSizeEv
                0x0000000008007748       0x10 CMakeFiles/STM32_BLUE_PILL.dir/pxtapp/base/core.cpp.o
                0x0000000008007748                pxt::programSize()
 .text._ZN3pxt9getConfigEii
                0x0000000008007758       0x38 CMakeFiles/STM32_BLUE_PILL.dir/pxtapp/base/core.cpp.o
                0x0000000008007758                pxt::getConfig(int, int)
 .text._ZN5pxtrt8ldlocRefEPN3pxt11RefRefLocalE
                0x0000000008007790        0x4 CMakeFiles/STM32_BLUE_PILL.dir/pxtapp/base/core.cpp.o
                0x0000000008007790                pxtrt::ldlocRef(pxt::RefRefLocal*)
 .text._ZN5pxtrt8stlocRefEPN3pxt11RefRefLocalEPNS0_12TValueStructE
                0x0000000008007794        0x4 CMakeFiles/STM32_BLUE_PILL.dir/pxtapp/base/core.cpp.o
                0x0000000008007794                pxtrt::stlocRef(pxt::RefRefLocal*, pxt::TValueStruct*)
 .text._ZN5pxtrt8mklocRefEv
                0x0000000008007798       0x14 CMakeFiles/STM32_BLUE_PILL.dir/pxtapp/base/core.cpp.o
                0x0000000008007798                pxtrt::mklocRef()
 .text._ZN5pxtrt5stcloEPN3pxt9RefActionEiPNS0_12TValueStructE
                0x00000000080077ac       0x34 CMakeFiles/STM32_BLUE_PILL.dir/pxtapp/base/core.cpp.o
                0x00000000080077ac                pxtrt::stclo(pxt::RefAction*, int, pxt::TValueStruct*)
 .text._ZN5pxtrt5panicEi
                0x00000000080077e0        0x4 CMakeFiles/STM32_BLUE_PILL.dir/pxtapp/base/core.cpp.o
                0x00000000080077e0                pxtrt::panic(int)
 .text._ZN5pxtrt11emptyToNullEPN3pxt11BoxedStringE
                0x00000000080077e4        0xc CMakeFiles/STM32_BLUE_PILL.dir/pxtapp/base/core.cpp.o
                0x00000000080077e4                pxtrt::emptyToNull(pxt::BoxedString*)
 .text._ZN5pxtrt9ptrToBoolEPN3pxt12TValueStructE
                0x00000000080077f0        0x8 CMakeFiles/STM32_BLUE_PILL.dir/pxtapp/base/core.cpp.o
                0x00000000080077f0                pxtrt::ptrToBool(pxt::TValueStruct*)
 .text._ZN5pxtrt5mkMapEv
                0x00000000080077f8       0x14 CMakeFiles/STM32_BLUE_PILL.dir/pxtapp/base/core.cpp.o
                0x00000000080077f8                pxtrt::mkMap()
 .text._ZN5pxtrt14mapGetByStringEPN3pxt6RefMapEPNS0_11BoxedStringE
                0x000000000800780c       0x20 CMakeFiles/STM32_BLUE_PILL.dir/pxtapp/base/core.cpp.o
                0x000000000800780c                pxtrt::mapGetByString(pxt::RefMap*, pxt::BoxedString*)
 .text._ZN5pxtrt12lookupMapKeyEPN3pxt11BoxedStringE
                0x000000000800782c       0x88 CMakeFiles/STM32_BLUE_PILL.dir/pxtapp/base/core.cpp.o
                0x000000000800782c                pxtrt::lookupMapKey(pxt::BoxedString*)
 .text._ZN5pxtrt6mapGetEPN3pxt6RefMapEj
                0x00000000080078b4       0x14 CMakeFiles/STM32_BLUE_PILL.dir/pxtapp/base/core.cpp.o
                0x00000000080078b4                pxtrt::mapGet(pxt::RefMap*, unsigned int)
 .text._ZN5pxtrt14mapSetByStringEPN3pxt6RefMapEPNS0_11BoxedStringEPNS0_12TValueStructE
                0x00000000080078c8       0x38 CMakeFiles/STM32_BLUE_PILL.dir/pxtapp/base/core.cpp.o
                0x00000000080078c8                pxtrt::mapSetByString(pxt::RefMap*, pxt::BoxedString*, pxt::TValueStruct*)
 .text._ZN5pxtrt6mapSetEPN3pxt6RefMapEjPNS0_12TValueStructE
                0x0000000008007900       0x14 CMakeFiles/STM32_BLUE_PILL.dir/pxtapp/base/core.cpp.o
                0x0000000008007900                pxtrt::mapSet(pxt::RefMap*, unsigned int, pxt::TValueStruct*)
 .text._ZN5pxtrt13getGlobalsPtrEv
                0x0000000008007914        0xc CMakeFiles/STM32_BLUE_PILL.dir/pxtapp/base/core.cpp.o
                0x0000000008007914                pxtrt::getGlobalsPtr()
 .text._ZN5pxtrt14runtimeWarningEPN3pxt11BoxedStringE
                0x0000000008007920        0x4 CMakeFiles/STM32_BLUE_PILL.dir/pxtapp/base/core.cpp.o
                0x0000000008007920                pxtrt::runtimeWarning(pxt::BoxedString*)
 .text._ZN3pxt7valTypeEPNS_12TValueStructE
                0x0000000008007924       0x48 CMakeFiles/STM32_BLUE_PILL.dir/pxtapp/base/core.cpp.o
                0x0000000008007924                pxt::valType(pxt::TValueStruct*)
 .text._ZN3pxt8toDoubleEPNS_12TValueStructE
                0x000000000800796c       0x60 CMakeFiles/STM32_BLUE_PILL.dir/pxtapp/base/core.cpp.o
                0x000000000800796c                pxt::toDouble(pxt::TValueStruct*)
 .text._ZN3pxt6toUIntEPNS_12TValueStructE
                0x00000000080079cc       0xc8 CMakeFiles/STM32_BLUE_PILL.dir/pxtapp/base/core.cpp.o
                0x00000000080079cc                pxt::toUInt(pxt::TValueStruct*)
 .text._ZN3pxt5toIntEPNS_12TValueStructE
                0x0000000008007a94        0x4 CMakeFiles/STM32_BLUE_PILL.dir/pxtapp/base/core.cpp.o
                0x0000000008007a94                pxt::toInt(pxt::TValueStruct*)
 .text._ZN6numops4lslsEPN3pxt12TValueStructES2_
                0x0000000008007a98       0x2c CMakeFiles/STM32_BLUE_PILL.dir/pxtapp/base/core.cpp.o
                0x0000000008007a98                numops::lsls(pxt::TValueStruct*, pxt::TValueStruct*)
 .text._ZN6numops4asrsEPN3pxt12TValueStructES2_
                0x0000000008007ac4       0x2c CMakeFiles/STM32_BLUE_PILL.dir/pxtapp/base/core.cpp.o
                0x0000000008007ac4                numops::asrs(pxt::TValueStruct*, pxt::TValueStruct*)
 .text._ZN6numops4eorsEPN3pxt12TValueStructES2_
                0x0000000008007af0       0x28 CMakeFiles/STM32_BLUE_PILL.dir/pxtapp/base/core.cpp.o
                0x0000000008007af0                numops::eors(pxt::TValueStruct*, pxt::TValueStruct*)
 .text._ZN6numops4orrsEPN3pxt12TValueStructES2_
                0x0000000008007b18       0x28 CMakeFiles/STM32_BLUE_PILL.dir/pxtapp/base/core.cpp.o
                0x0000000008007b18                numops::orrs(pxt::TValueStruct*, pxt::TValueStruct*)
 .text._ZN6numops4bnotEPN3pxt12TValueStructE
                0x0000000008007b40       0x20 CMakeFiles/STM32_BLUE_PILL.dir/pxtapp/base/core.cpp.o
                0x0000000008007b40                numops::bnot(pxt::TValueStruct*)
 .text._ZN6numops4andsEPN3pxt12TValueStructES2_
                0x0000000008007b60       0x28 CMakeFiles/STM32_BLUE_PILL.dir/pxtapp/base/core.cpp.o
                0x0000000008007b60                numops::ands(pxt::TValueStruct*, pxt::TValueStruct*)
 .text._ZN6numops4lsrsEPN3pxt12TValueStructES2_
                0x0000000008007b88       0x30 CMakeFiles/STM32_BLUE_PILL.dir/pxtapp/base/core.cpp.o
                0x0000000008007b88                numops::lsrs(pxt::TValueStruct*, pxt::TValueStruct*)
 .text._ZN3pxt7toFloatEPNS_12TValueStructE
                0x0000000008007bb8        0xc CMakeFiles/STM32_BLUE_PILL.dir/pxtapp/base/core.cpp.o
                0x0000000008007bb8                pxt::toFloat(pxt::TValueStruct*)
 .text._ZN6numops4addsEPN3pxt12TValueStructES2_
                0x0000000008007bc4       0x28 CMakeFiles/STM32_BLUE_PILL.dir/pxtapp/base/core.cpp.o
                0x0000000008007bc4                numops::adds(pxt::TValueStruct*, pxt::TValueStruct*)
 .text._ZN6numops4subsEPN3pxt12TValueStructES2_
                0x0000000008007bec       0x28 CMakeFiles/STM32_BLUE_PILL.dir/pxtapp/base/core.cpp.o
                0x0000000008007bec                numops::subs(pxt::TValueStruct*, pxt::TValueStruct*)
 .text._ZN6numops4mulsEPN3pxt12TValueStructES2_
                0x0000000008007c14       0x58 CMakeFiles/STM32_BLUE_PILL.dir/pxtapp/base/core.cpp.o
                0x0000000008007c14                numops::muls(pxt::TValueStruct*, pxt::TValueStruct*)
 .text._ZN6numops3divEPN3pxt12TValueStructES2_
                0x0000000008007c6c       0x28 CMakeFiles/STM32_BLUE_PILL.dir/pxtapp/base/core.cpp.o
                0x0000000008007c6c                numops::div(pxt::TValueStruct*, pxt::TValueStruct*)
 .text._ZN6numops3modEPN3pxt12TValueStructES2_
                0x0000000008007c94       0x60 CMakeFiles/STM32_BLUE_PILL.dir/pxtapp/base/core.cpp.o
                0x0000000008007c94                numops::mod(pxt::TValueStruct*, pxt::TValueStruct*)
 .text._ZN5Math_3powEPN3pxt12TValueStructES2_
                0x0000000008007cf4       0x28 CMakeFiles/STM32_BLUE_PILL.dir/pxtapp/base/core.cpp.o
                0x0000000008007cf4                Math_::pow(pxt::TValueStruct*, pxt::TValueStruct*)
 .text._ZN5Math_5atan2EPN3pxt12TValueStructES2_
                0x0000000008007d1c       0x28 CMakeFiles/STM32_BLUE_PILL.dir/pxtapp/base/core.cpp.o
                0x0000000008007d1c                Math_::atan2(pxt::TValueStruct*, pxt::TValueStruct*)
 .text._ZN5Math_11randomRangeEPN3pxt12TValueStructES2_
                0x0000000008007d44       0xb4 CMakeFiles/STM32_BLUE_PILL.dir/pxtapp/base/core.cpp.o
                0x0000000008007d44                Math_::randomRange(pxt::TValueStruct*, pxt::TValueStruct*)
 .text._ZN5Math_3logEPN3pxt12TValueStructE
                0x0000000008007df8       0x14 CMakeFiles/STM32_BLUE_PILL.dir/pxtapp/base/core.cpp.o
                0x0000000008007df8                Math_::log(pxt::TValueStruct*)
 .text._ZN5Math_5log10EPN3pxt12TValueStructE
                0x0000000008007e0c       0x14 CMakeFiles/STM32_BLUE_PILL.dir/pxtapp/base/core.cpp.o
                0x0000000008007e0c                Math_::log10(pxt::TValueStruct*)
 .text._ZN5Math_3tanEPN3pxt12TValueStructE
                0x0000000008007e20       0x14 CMakeFiles/STM32_BLUE_PILL.dir/pxtapp/base/core.cpp.o
                0x0000000008007e20                Math_::tan(pxt::TValueStruct*)
 .text._ZN5Math_3sinEPN3pxt12TValueStructE
                0x0000000008007e34       0x14 CMakeFiles/STM32_BLUE_PILL.dir/pxtapp/base/core.cpp.o
                0x0000000008007e34                Math_::sin(pxt::TValueStruct*)
 .text._ZN5Math_3cosEPN3pxt12TValueStructE
                0x0000000008007e48       0x14 CMakeFiles/STM32_BLUE_PILL.dir/pxtapp/base/core.cpp.o
                0x0000000008007e48                Math_::cos(pxt::TValueStruct*)
 .text._ZN5Math_4atanEPN3pxt12TValueStructE
                0x0000000008007e5c       0x14 CMakeFiles/STM32_BLUE_PILL.dir/pxtapp/base/core.cpp.o
                0x0000000008007e5c                Math_::atan(pxt::TValueStruct*)