Archive member included to satisfy reference by file (symbol)

libnewlib.a(memcpy-stub.c.o)  CMakeFiles/STM32_BLUE_PILL.dir/pxtapp/base/buffer.cpp.o (memcpy)
libnewlib.a(strcmp.S.o)       CMakeFiles/STM32_BLUE_PILL.dir/pxtapp/base/core.cpp.o (strcmp)
libnewlib.a(strlen.S.o)       CMakeFiles/STM32_BLUE_PILL.dir/pxtapp/base/core.cpp.o (strlen)
libnewlib.a(strtol.c.o)       CMakeFiles/STM32_BLUE_PILL.dir/pxtapp/base/core.cpp.o (strtol)
libnewlib.a(memcmp.c.o)       CMakeFiles/STM32_BLUE_PILL.dir/pxtapp/base/pxt.cpp.o (memcmp)
libnewlib.a(memmove.c.o)      CMakeFiles/STM32_BLUE_PILL.dir/pxtapp/base/buffer.cpp.o (memmove)
libnewlib.a(memset.c.o)       CMakeFiles/STM32_BLUE_PILL.dir/pxtapp/base/buffer.cpp.o (memset)
libnewlib.a(strstr.c.o)       CMakeFiles/STM32_BLUE_PILL.dir/pxtapp/base/core.cpp.o (strstr)
libnewlib.a(ctype_.c.o)       libnewlib.a(strtol.c.o) (_ctype_)
libnewlib.a(impure.c.o)       libnewlib.a(strtol.c.o) (_impure_ptr)
libcodal-core.a(CodalCompat.cpp.o)
                              CMakeFiles/STM32_BLUE_PILL.dir/pxtapp/base/core.cpp.o (codal::itoa(int, char*))
libcodal-core.a(CodalComponent.cpp.o)
                              CMakeFiles/STM32_BLUE_PILL.dir/pxtapp/core---stm32bluepill/codal.cpp.o (codal::CodalComponent::components)
libcodal-core.a(CodalDevice.cpp.o)
                              CMakeFiles/STM32_BLUE_PILL.dir/pxtapp/core---stm32bluepill/codal.cpp.o (vtable for codal::CodalDevice)
libcodal-core.a(CodalDmesg.cpp.o)
                              CMakeFiles/STM32_BLUE_PILL.dir/pxtapp/base/core.cpp.o (codal_dmesg)
libcodal-core.a(CodalFiber.cpp.o)
                              CMakeFiles/STM32_BLUE_PILL.dir/pxtapp/core---stm32bluepill/codal.cpp.o (codal::list_fibers(codal::Fiber**))
libcodal-core.a(CodalHeapAllocator.cpp.o)
                              CMakeFiles/STM32_BLUE_PILL.dir/pxtapp/base/gc.cpp.o (device_heap_size(unsigned char))
libcodal-core.a(CodalListener.cpp.o)
                              CMakeFiles/STM32_BLUE_PILL.dir/pxtapp/core---stm32bluepill/codal.cpp.o (codal::Listener::Listener(unsigned short, unsigned short, void (*)(codal::Event), unsigned short))
libcodal-core.a(Timer.cpp.o)  CMakeFiles/STM32_BLUE_PILL.dir/pxtapp/core---stm32bluepill/codal.cpp.o (codal::Timer::~Timer())
libcodal-core.a(MessageBus.cpp.o)
                              CMakeFiles/STM32_BLUE_PILL.dir/pxtapp/core---stm32bluepill/codal.cpp.o (codal::MessageBus::add(codal::Listener*))
libcodal-core.a(Event.cpp.o)  CMakeFiles/STM32_BLUE_PILL.dir/pxtapp/core---stm32bluepill/control.cpp.o (codal::Event::Event(unsigned short, unsigned short, codal::EventLaunchMode))
libcodal-core.a(MemberFunctionCallback.cpp.o)
                              libcodal-core.a(MessageBus.cpp.o) (codal::MemberFunctionCallback::fire(codal::Event))
libnano-float.a(functions.c.o)
                              CMakeFiles/STM32_BLUE_PILL.dir/pxtapp/base/core.cpp.o (__wrap___aeabi_ddiv)
libstm32.a(bluepill.cpp.o)    libcodal-core.a(Timer.cpp.o) (__cxa_pure_virtual)
libstm32.a(led.cpp.o)         libstm32.a(bluepill.cpp.o) (led_setup)
libstm32.a(CmI2C.cpp.o)       CMakeFiles/STM32_BLUE_PILL.dir/pxtapp/core---stm32bluepill/i2c.cpp.o (codal::_cm::I2C::I2C(codal::Pin&, codal::Pin&))
libstm32.a(CmPin.cpp.o)       CMakeFiles/STM32_BLUE_PILL.dir/pxtapp/core---stm32bluepill/pins.cpp.o (codal::_cm::Pin::getDigitalValue())
libstm32.a(CmSPI.cpp.o)       CMakeFiles/STM32_BLUE_PILL.dir/pxtapp/core---stm32bluepill/spi.cpp.o (codal::_cm::SPI::SPI(codal::_cm::Pin&, codal::_cm::Pin&, codal::_cm::Pin&))
libstm32.a(CmTimer.cpp.o)     CMakeFiles/STM32_BLUE_PILL.dir/pxtapp/core---stm32bluepill/codal.cpp.o (codal::_cm::Timer::Timer())
libstm32.a(codal_target_hal.cpp.o)
                              libstm32.a(CmTimer.cpp.o) (target_set_tick_callback)
libstm32.a(logger.cpp.o)      libstm32.a(bluepill.cpp.o) (enable_log)
libstm32.a(CortexContextSwitch.s.o)
                              libcodal-core.a(CodalFiber.cpp.o) (swap_context)
libstm32.a(STM32BluePillIO.cpp.o)
                              libstm32.a(CmSPI.cpp.o) (PinMap_SPI_SCK)
libstm32.a(timer.cpp.o)       libstm32.a(codal_target_hal.cpp.o) (platform_start_timer)
libstm32.a(CmPinMap.cpp.o)    libstm32.a(CmSPI.cpp.o) (pinmap_peripheral)
liblibopencm3.a(nvic.c.o)     libstm32.a(timer.cpp.o) (nvic_enable_irq)
liblibopencm3.a(vector.c.o)   (reset_handler)
liblibopencm3.a(exti_common_all.c.o)
                              libstm32.a(timer.cpp.o) (exti_set_trigger)
liblibopencm3.a(gpio_common_all.c.o)
                              libstm32.a(led.cpp.o) (gpio_set)
liblibopencm3.a(pwr_common_v1.c.o)
                              libstm32.a(timer.cpp.o) (pwr_disable_backup_domain_write_protect)
liblibopencm3.a(rcc_common_all.c.o)
                              libstm32.a(led.cpp.o) (rcc_periph_clock_enable)
liblibopencm3.a(gpio.c.o)     libstm32.a(led.cpp.o) (gpio_set_mode)
liblibopencm3.a(rcc.c.o)      libstm32.a(timer.cpp.o) (rcc_enable_rtc_clock)
[...]
Memory Configuration

Name             Origin             Length             Attributes
rom              0x0000000008000000 0x0000000000010000 xr
ram              0x0000000020000000 0x0000000000005000 xrw
*default*        0x0000000000000000 0xffffffffffffffff

Linker script and memory map

START GROUP
LOAD CMakeFiles/STM32_BLUE_PILL.dir/pxtapp/base/advmath.cpp.o
LOAD CMakeFiles/STM32_BLUE_PILL.dir/pxtapp/base/buffer.cpp.o
LOAD CMakeFiles/STM32_BLUE_PILL.dir/pxtapp/base/control.cpp.o
LOAD CMakeFiles/STM32_BLUE_PILL.dir/pxtapp/base/core.cpp.o
LOAD CMakeFiles/STM32_BLUE_PILL.dir/pxtapp/base/gc.cpp.o
LOAD CMakeFiles/STM32_BLUE_PILL.dir/pxtapp/base/loops.cpp.o
LOAD CMakeFiles/STM32_BLUE_PILL.dir/pxtapp/base/pxt.cpp.o
LOAD CMakeFiles/STM32_BLUE_PILL.dir/pxtapp/core---stm32bluepill/codal.cpp.o
LOAD CMakeFiles/STM32_BLUE_PILL.dir/pxtapp/core---stm32bluepill/control.cpp.o
LOAD CMakeFiles/STM32_BLUE_PILL.dir/pxtapp/core---stm32bluepill/dmac.cpp.o
LOAD CMakeFiles/STM32_BLUE_PILL.dir/pxtapp/core---stm32bluepill/hf2.cpp.o
LOAD CMakeFiles/STM32_BLUE_PILL.dir/pxtapp/core---stm32bluepill/i2c.cpp.o
LOAD CMakeFiles/STM32_BLUE_PILL.dir/pxtapp/core---stm32bluepill/pins.cpp.o
LOAD CMakeFiles/STM32_BLUE_PILL.dir/pxtapp/core---stm32bluepill/pinsAnalog.cpp.o
LOAD CMakeFiles/STM32_BLUE_PILL.dir/pxtapp/core---stm32bluepill/pinsDigital.cpp.o
LOAD CMakeFiles/STM32_BLUE_PILL.dir/pxtapp/core---stm32bluepill/pinsPWM.cpp.o
LOAD CMakeFiles/STM32_BLUE_PILL.dir/pxtapp/core---stm32bluepill/platform.cpp.o
LOAD CMakeFiles/STM32_BLUE_PILL.dir/pxtapp/core---stm32bluepill/spi.cpp.o
LOAD CMakeFiles/STM32_BLUE_PILL.dir/pxtapp/core---stm32bluepill/usb.cpp.o
LOAD CMakeFiles/STM32_BLUE_PILL.dir/pxtapp/main.cpp.o
LOAD CMakeFiles/STM32_BLUE_PILL.dir/pxtapp/pointers.cpp.o
LOAD libcodal-libopencm3.a
LOAD libqfplib.a
LOAD libnewlib.a
LOAD libcodal-core.a
LOAD libnano-float.a
LOAD libcocoos.a
LOAD libbme280.a
LOAD libstm32.a
LOAD liblibopencm3.a
LOAD /opt/gcc-arm-none-eabi-8-2018-q4-major/bin/../lib/gcc/arm-none-eabi/8.2.1/../../../../arm-none-eabi/lib/thumb/v7-m/nofp/libnosys.a
LOAD /opt/gcc-arm-none-eabi-8-2018-q4-major/bin/../lib/gcc/arm-none-eabi/8.2.1/../../../../arm-none-eabi/lib/thumb/v7-m/nofp/libstdc++.a
LOAD /opt/gcc-arm-none-eabi-8-2018-q4-major/bin/../lib/gcc/arm-none-eabi/8.2.1/../../../../arm-none-eabi/lib/thumb/v7-m/nofp/libsupc++.a
LOAD /opt/gcc-arm-none-eabi-8-2018-q4-major/bin/../lib/gcc/arm-none-eabi/8.2.1/../../../../arm-none-eabi/lib/thumb/v7-m/nofp/libstdc++.a
LOAD /opt/gcc-arm-none-eabi-8-2018-q4-major/bin/../lib/gcc/arm-none-eabi/8.2.1/../../../../arm-none-eabi/lib/thumb/v7-m/nofp/libsupc++.a
END GROUP
LOAD /opt/gcc-arm-none-eabi-8-2018-q4-major/bin/../lib/gcc/arm-none-eabi/8.2.1/thumb/v7-m/nofp/libgcc.a

.text           0x0000000008000000     0x8e00
 *(SORT_BY_ALIGNMENT(.vectors))
 .vectors       0x0000000008000000      0x150 liblibopencm3.a(vector.c.o)
                0x0000000008000000                vector_table
 *(SORT_BY_ALIGNMENT(.text*))
 .text._ZN6numops5mycvtEdPc
                0x0000000008000150      0x16c CMakeFiles/STM32_BLUE_PILL.dir/pxtapp/base/core.cpp.o
                0x0000000008000150                numops::mycvt(double, char*)
 *fill*         0x00000000080002bc        0x4 
 .text._ZN5Math_12randomDoubleEv
                0x00000000080002c0       0x54 CMakeFiles/STM32_BLUE_PILL.dir/pxtapp/base/core.cpp.o
                0x00000000080002c0                Math_::randomDouble()
 *fill*         0x0000000008000314        0x4 
 .text.acos     0x0000000008000318       0xbc libnano-float.a(functions.c.o)
                0x0000000008000318                acos
 .text._ZN5Math_4log2EPN3pxt12TValueStructE
                0x00000000080003d4       0x14 CMakeFiles/STM32_BLUE_PILL.dir/pxtapp/base/advmath.cpp.o
                0x00000000080003d4                Math_::log2(pxt::TValueStruct*)
 .text._ZN5Math_3expEPN3pxt12TValueStructE
                0x00000000080003e8       0x14 CMakeFiles/STM32_BLUE_PILL.dir/pxtapp/base/advmath.cpp.o
                0x00000000080003e8                Math_::exp(pxt::TValueStruct*)
 .text._ZN5Math_4tanhEPN3pxt12TValueStructE
                0x00000000080003fc       0x14 CMakeFiles/STM32_BLUE_PILL.dir/pxtapp/base/advmath.cpp.o
                0x00000000080003fc                Math_::tanh(pxt::TValueStruct*)
 .text._ZN5Math_4sinhEPN3pxt12TValueStructE
                0x0000000008000410       0x14 CMakeFiles/STM32_BLUE_PILL.dir/pxtapp/base/advmath.cpp.o
                0x0000000008000410                Math_::sinh(pxt::TValueStruct*)
 .text._ZN5Math_4coshEPN3pxt12TValueStructE
                0x0000000008000424       0x14 CMakeFiles/STM32_BLUE_PILL.dir/pxtapp/base/advmath.cpp.o
                0x0000000008000424                Math_::cosh(pxt::TValueStruct*)
 .text._ZN5Math_5atanhEPN3pxt12TValueStructE
                0x0000000008000438       0x14 CMakeFiles/STM32_BLUE_PILL.dir/pxtapp/base/advmath.cpp.o
                0x0000000008000438                Math_::atanh(pxt::TValueStruct*)
 .text._ZN5Math_5asinhEPN3pxt12TValueStructE
                0x000000000800044c       0x14 CMakeFiles/STM32_BLUE_PILL.dir/pxtapp/base/advmath.cpp.o
                0x000000000800044c                Math_::asinh(pxt::TValueStruct*)
 .text._ZN5Math_5acoshEPN3pxt12TValueStructE
                0x0000000008000460       0x14 CMakeFiles/STM32_BLUE_PILL.dir/pxtapp/base/advmath.cpp.o
                0x0000000008000460                Math_::acosh(pxt::TValueStruct*)
 .text._ZN3pxtL9readBytesEPhS0_ibi
                0x0000000008000474       0x64 CMakeFiles/STM32_BLUE_PILL.dir/pxtapp/base/buffer.cpp.o
 .text._ZN13BufferMethods8getBytesEPN3pxt11BoxedBufferE
                0x00000000080004d8        0x4 CMakeFiles/STM32_BLUE_PILL.dir/pxtapp/base/buffer.cpp.o
                0x00000000080004d8                BufferMethods::getBytes(pxt::BoxedBuffer*)
 .text._ZN13BufferMethods7getByteEPN3pxt11BoxedBufferEi
                0x00000000080004dc       0x18 CMakeFiles/STM32_BLUE_PILL.dir/pxtapp/base/buffer.cpp.o
                0x00000000080004dc                BufferMethods::getByte(pxt::BoxedBuffer*, int)
 .text._ZN13BufferMethods7setByteEPN3pxt11BoxedBufferEii
                0x00000000080004f4       0x14 CMakeFiles/STM32_BLUE_PILL.dir/pxtapp/base/buffer.cpp.o
                0x00000000080004f4                BufferMethods::setByte(pxt::BoxedBuffer*, int, int)
 .text._ZN13BufferMethods11writeBufferEPN3pxt11BoxedBufferEiS2_ii
                0x0000000008000508       0x50 CMakeFiles/STM32_BLUE_PILL.dir/pxtapp/base/buffer.cpp.o
                0x0000000008000508                BufferMethods::writeBuffer(pxt::BoxedBuffer*, int, pxt::BoxedBuffer*, int, int)
 .text._ZN13BufferMethods6lengthEPN3pxt11BoxedBufferE
                0x0000000008000558        0x4 CMakeFiles/STM32_BLUE_PILL.dir/pxtapp/base/buffer.cpp.o
                0x0000000008000558                BufferMethods::length(pxt::BoxedBuffer*)
 .text._ZN13BufferMethods4fillEPN3pxt11BoxedBufferEiii
                0x000000000800055c       0x2c CMakeFiles/STM32_BLUE_PILL.dir/pxtapp/base/buffer.cpp.o
                0x000000000800055c                BufferMethods::fill(pxt::BoxedBuffer*, int, int, int)
 .text._ZN13BufferMethods5sliceEPN3pxt11BoxedBufferEii
                0x0000000008000588       0x28 CMakeFiles/STM32_BLUE_PILL.dir/pxtapp/base/buffer.cpp.o
                0x0000000008000588                BufferMethods::slice(pxt::BoxedBuffer*, int, int)
 .text._ZN13BufferMethods5shiftEPN3pxt11BoxedBufferEiii
                0x00000000080005b0       0x80 CMakeFiles/STM32_BLUE_PILL.dir/pxtapp/base/buffer.cpp.o
                0x00000000080005b0                BufferMethods::shift(pxt::BoxedBuffer*, int, int, int)
 .text._ZN13BufferMethods5toHexEPN3pxt11BoxedBufferE
                0x0000000008000630       0x40 CMakeFiles/STM32_BLUE_PILL.dir/pxtapp/base/buffer.cpp.o
                0x0000000008000630                BufferMethods::toHex(pxt::BoxedBuffer*)
 .text._ZN13BufferMethods6rotateEPN3pxt11BoxedBufferEiii
                0x0000000008000670       0x74 CMakeFiles/STM32_BLUE_PILL.dir/pxtapp/base/buffer.cpp.o
                0x0000000008000670                BufferMethods::rotate(pxt::BoxedBuffer*, int, int, int)
 .text._ZN13BufferMethods5writeEPN3pxt11BoxedBufferEiS2_
                0x00000000080006e4       0x14 CMakeFiles/STM32_BLUE_PILL.dir/pxtapp/base/buffer.cpp.o
                0x00000000080006e4                BufferMethods::write(pxt::BoxedBuffer*, int, pxt::BoxedBuffer*)
 .text._ZN7control12createBufferEi
                0x00000000080006f8        0x8 CMakeFiles/STM32_BLUE_PILL.dir/pxtapp/base/buffer.cpp.o
                0x00000000080006f8                control::createBuffer(int)
 .text._ZN3pxt13setNumberCoreEPhiNS_12NumberFormatEPNS_12TValueStructE
                0x0000000008000700      0x138 CMakeFiles/STM32_BLUE_PILL.dir/pxtapp/base/buffer.cpp.o
                0x0000000008000700                pxt::setNumberCore(unsigned char*, int, pxt::NumberFormat, pxt::TValueStruct*)
 .text._ZN13BufferMethods9setNumberEPN3pxt11BoxedBufferENS0_12NumberFormatEiPNS0_12TValueStructE
                0x0000000008000838       0x1c CMakeFiles/STM32_BLUE_PILL.dir/pxtapp/base/buffer.cpp.o
                0x0000000008000838                BufferMethods::setNumber(pxt::BoxedBuffer*, pxt::NumberFormat, int, pxt::TValueStruct*)
 .text._ZN3pxt13getNumberCoreEPhiNS_12NumberFormatE
                0x0000000008000854      0x120 CMakeFiles/STM32_BLUE_PILL.dir/pxtapp/base/buffer.cpp.o
                0x0000000008000854                pxt::getNumberCore(unsigned char*, int, pxt::NumberFormat)
 .text._ZN13BufferMethods9getNumberEPN3pxt11BoxedBufferENS0_12NumberFormatEi
                0x0000000008000974       0x1c CMakeFiles/STM32_BLUE_PILL.dir/pxtapp/base/buffer.cpp.o
                0x0000000008000974                BufferMethods::getNumber(pxt::BoxedBuffer*, pxt::NumberFormat, int)
 .text._ZN7control6millisEv
                0x0000000008000990        0x4 CMakeFiles/STM32_BLUE_PILL.dir/pxtapp/base/control.cpp.o
                0x0000000008000990                control::millis()
 .text._ZN7control15internalOnEventEiiPN3pxt12TValueStructEi
                0x0000000008000994        0x4 CMakeFiles/STM32_BLUE_PILL.dir/pxtapp/base/control.cpp.o
                0x0000000008000994                control::internalOnEvent(int, int, pxt::TValueStruct*, int)
 .text._ZN7control5resetEv
                0x0000000008000998        0x4 CMakeFiles/STM32_BLUE_PILL.dir/pxtapp/base/control.cpp.o
                0x0000000008000998                control::reset()
 .text._ZN7control10waitMicrosEi
                0x000000000800099c        0x8 CMakeFiles/STM32_BLUE_PILL.dir/pxtapp/base/control.cpp.o
                0x000000000800099c                control::waitMicros(int)
 .text._ZN7control13runInParallelEPN3pxt12TValueStructE
                0x00000000080009a4        0x4 CMakeFiles/STM32_BLUE_PILL.dir/pxtapp/base/control.cpp.o
                0x00000000080009a4                control::runInParallel(pxt::TValueStruct*)
 .text._ZN7control12waitForEventEii
                0x00000000080009a8        0x4 CMakeFiles/STM32_BLUE_PILL.dir/pxtapp/base/control.cpp.o
                0x00000000080009a8                control::waitForEvent(int, int)
 .text._ZN7control18deviceSerialNumberEv
                0x00000000080009ac        0x4 CMakeFiles/STM32_BLUE_PILL.dir/pxtapp/base/control.cpp.o
                0x00000000080009ac                control::deviceSerialNumber()
 .text._ZN7control5__logEiPN3pxt11BoxedStringE
                0x00000000080009b0       0x10 CMakeFiles/STM32_BLUE_PILL.dir/pxtapp/base/control.cpp.o
                0x00000000080009b0                control::__log(int, pxt::BoxedString*)
 .text._ZN7control10dmesgValueEPN3pxt12TValueStructE
                0x00000000080009c0        0x4 CMakeFiles/STM32_BLUE_PILL.dir/pxtapp/base/control.cpp.o
                0x00000000080009c0                control::dmesgValue(pxt::TValueStruct*)
 .text._ZN7control2gcEv
                0x00000000080009c4        0x8 CMakeFiles/STM32_BLUE_PILL.dir/pxtapp/base/control.cpp.o
                0x00000000080009c4                control::gc()
 .text._ZN7control8heapDumpEv
                0x00000000080009cc       0x14 CMakeFiles/STM32_BLUE_PILL.dir/pxtapp/base/control.cpp.o
                0x00000000080009cc                control::heapDump()
 .text._ZN7control16profilingEnabledEv
                0x00000000080009e0        0x4 CMakeFiles/STM32_BLUE_PILL.dir/pxtapp/base/control.cpp.o
                0x00000000080009e0                control::profilingEnabled()
 .text._ZN3pxtL13dtorDoNothingEv
                0x00000000080009e4        0x4 CMakeFiles/STM32_BLUE_PILL.dir/pxtapp/base/core.cpp.o
 .text._ZN3pxtL11string_sizeEPNS_11BoxedStringE
                0x00000000080009e8        0x8 CMakeFiles/STM32_BLUE_PILL.dir/pxtapp/base/core.cpp.o
 .text._ZN3pxtL11number_sizeEPNS_11BoxedNumberE
                0x00000000080009f0        0x4 CMakeFiles/STM32_BLUE_PILL.dir/pxtapp/base/core.cpp.o
 .text._ZN3pxtL11buffer_sizeEPNS_11BoxedBufferE
                0x00000000080009f4        0x8 CMakeFiles/STM32_BLUE_PILL.dir/pxtapp/base/core.cpp.o
 .text._ZN3pxt11findBindingEii
                0x00000000080009fc       0x1c CMakeFiles/STM32_BLUE_PILL.dir/pxtapp/base/core.cpp.o
                0x00000000080009fc                pxt::findBinding(int, int)
 .text._ZN3pxt10setBindingEiiPNS_12TValueStructE
                0x0000000008000a18       0x50 CMakeFiles/STM32_BLUE_PILL.dir/pxtapp/base/core.cpp.o
                0x0000000008000a18                pxt::setBinding(int, int, pxt::TValueStruct*)
 .text._ZN3pxt8mkStringEPKci
                0x0000000008000a68       0x5c CMakeFiles/STM32_BLUE_PILL.dir/pxtapp/base/core.cpp.o
                0x0000000008000a68                pxt::mkString(char const*, int)
 .text._ZN3pxt8mkBufferEPKhi
                0x0000000008000ac4       0x40 CMakeFiles/STM32_BLUE_PILL.dir/pxtapp/base/core.cpp.o
                0x0000000008000ac4                pxt::mkBuffer(unsigned char const*, int)
 .text._ZN3pxt9getRandomEj
                0x0000000008000b04       0x40 CMakeFiles/STM32_BLUE_PILL.dir/pxtapp/base/core.cpp.o
                0x0000000008000b04                pxt::getRandom(unsigned int)
 .text._ZN7String_7mkEmptyEv
                0x0000000008000b44        0xc CMakeFiles/STM32_BLUE_PILL.dir/pxtapp/base/core.cpp.o
                0x0000000008000b44                String_::mkEmpty()
 .text._ZN7String_12fromCharCodeEi
                0x0000000008000b50       0x1c CMakeFiles/STM32_BLUE_PILL.dir/pxtapp/base/core.cpp.o
                0x0000000008000b50                String_::fromCharCode(int)
 .text._ZN7String_6charAtEPN3pxt11BoxedStringEi
                0x0000000008000b6c       0x40 CMakeFiles/STM32_BLUE_PILL.dir/pxtapp/base/core.cpp.o
                0x0000000008000b6c                String_::charAt(pxt::BoxedString*, int)
 .text._ZN7String_6concatEPN3pxt11BoxedStringES2_
                0x0000000008000bac       0x6c CMakeFiles/STM32_BLUE_PILL.dir/pxtapp/base/core.cpp.o
                0x0000000008000bac                String_::concat(pxt::BoxedString*, pxt::BoxedString*)
 .text._ZN7String_7compareEPN3pxt11BoxedStringES2_
                0x0000000008000c18       0x24 CMakeFiles/STM32_BLUE_PILL.dir/pxtapp/base/core.cpp.o
                0x0000000008000c18                String_::compare(pxt::BoxedString*, pxt::BoxedString*)
 .text._ZN7String_6lengthEPN3pxt11BoxedStringE
                0x0000000008000c3c        0x4 CMakeFiles/STM32_BLUE_PILL.dir/pxtapp/base/core.cpp.o
                0x0000000008000c3c                String_::length(pxt::BoxedString*)
 .text._ZN7String_8mystrtodEPKcPPc
                0x0000000008000c40      0x16c CMakeFiles/STM32_BLUE_PILL.dir/pxtapp/base/core.cpp.o
                0x0000000008000c40                String_::mystrtod(char const*, char**)
 .text._ZN7String_6substrEPN3pxt11BoxedStringEii
                0x0000000008000dac       0x34 CMakeFiles/STM32_BLUE_PILL.dir/pxtapp/base/core.cpp.o
                0x0000000008000dac                String_::substr(pxt::BoxedString*, int, int)
 .text._ZN7String_7indexOfEPN3pxt11BoxedStringES2_i
                0x0000000008000de0       0x30 CMakeFiles/STM32_BLUE_PILL.dir/pxtapp/base/core.cpp.o
                0x0000000008000de0                String_::indexOf(pxt::BoxedString*, pxt::BoxedString*, int)
 .text._ZN7String_8includesEPN3pxt11BoxedStringES2_i
                0x0000000008000e10       0x10 CMakeFiles/STM32_BLUE_PILL.dir/pxtapp/base/core.cpp.o
                0x0000000008000e10                String_::includes(pxt::BoxedString*, pxt::BoxedString*, int)
 .text._ZN8Boolean_4bangEi
                0x0000000008000e20        0x8 CMakeFiles/STM32_BLUE_PILL.dir/pxtapp/base/core.cpp.o
                0x0000000008000e20                Boolean_::bang(int)
 .text._ZN3pxt10fromDoubleEd
                0x0000000008000e28       0xac CMakeFiles/STM32_BLUE_PILL.dir/pxtapp/base/core.cpp.o
                0x0000000008000e28                pxt::fromDouble(double)
 .text._ZN7String_8toNumberEPN3pxt11BoxedStringE
                0x0000000008000ed4       0xa4 CMakeFiles/STM32_BLUE_PILL.dir/pxtapp/base/core.cpp.o
                0x0000000008000ed4                String_::toNumber(pxt::BoxedString*)
 .text._ZN3pxt7fromIntEi.part.8
                0x0000000008000f78       0x10 CMakeFiles/STM32_BLUE_PILL.dir/pxtapp/base/core.cpp.o
 .text._ZN7String_10charCodeAtEPN3pxt11BoxedStringEi
                0x0000000008000f88       0x1c CMakeFiles/STM32_BLUE_PILL.dir/pxtapp/base/core.cpp.o
                0x0000000008000f88                String_::charCodeAt(pxt::BoxedString*, int)
 .text._ZN3pxt9fromFloatEf
                0x0000000008000fa4       0x10 CMakeFiles/STM32_BLUE_PILL.dir/pxtapp/base/core.cpp.o
                0x0000000008000fa4                pxt::fromFloat(float)
 .text._ZN3pxt7fromIntEi
                0x0000000008000fb4       0x14 CMakeFiles/STM32_BLUE_PILL.dir/pxtapp/base/core.cpp.o
                0x0000000008000fb4                pxt::fromInt(int)
 .text._ZN3pxt8fromUIntEj
                0x0000000008000fc8       0x1c CMakeFiles/STM32_BLUE_PILL.dir/pxtapp/base/core.cpp.o
                0x0000000008000fc8                pxt::fromUInt(unsigned int)
 .text._ZN3pxt8fromBoolEb
                0x0000000008000fe4        0xc CMakeFiles/STM32_BLUE_PILL.dir/pxtapp/base/core.cpp.o
                0x0000000008000fe4                pxt::fromBool(bool)
 .text._ZN5Math_6randomEv
                0x0000000008000ff0       0x10 CMakeFiles/STM32_BLUE_PILL.dir/pxtapp/base/core.cpp.o
                0x0000000008000ff0                Math_::random()
 .text._ZN5Math_4imulEii
                0x0000000008001000        0x8 CMakeFiles/STM32_BLUE_PILL.dir/pxtapp/base/core.cpp.o
                0x0000000008001000                Math_::imul(int, int)
 .text._ZN5Math_4idivEii
                0x0000000008001008        0x8 CMakeFiles/STM32_BLUE_PILL.dir/pxtapp/base/core.cpp.o
                0x0000000008001008                Math_::idiv(int, int)
 .text._ZN6Array_2mkEv
                0x0000000008001010       0x14 CMakeFiles/STM32_BLUE_PILL.dir/pxtapp/base/core.cpp.o
                0x0000000008001010                Array_::mk()
 .text._ZN6Array_6lengthEPN3pxt13RefCollectionE
                0x0000000008001024        0x4 CMakeFiles/STM32_BLUE_PILL.dir/pxtapp/base/core.cpp.o
                0x0000000008001024                Array_::length(pxt::RefCollection*)
 .text._ZN6Array_9setLengthEPN3pxt13RefCollectionEi
                0x0000000008001028        0x8 CMakeFiles/STM32_BLUE_PILL.dir/pxtapp/base/core.cpp.o
                0x0000000008001028                Array_::setLength(pxt::RefCollection*, int)
 .text._ZN6Array_4pushEPN3pxt13RefCollectionEPNS0_12TValueStructE
                0x0000000008001030        0xc CMakeFiles/STM32_BLUE_PILL.dir/pxtapp/base/core.cpp.o
                0x0000000008001030                Array_::push(pxt::RefCollection*, pxt::TValueStruct*)
 .text._ZN6Array_3popEPN3pxt13RefCollectionE
                0x000000000800103c        0x8 CMakeFiles/STM32_BLUE_PILL.dir/pxtapp/base/core.cpp.o
                0x000000000800103c                Array_::pop(pxt::RefCollection*)
 .text._ZN6Array_5getAtEPN3pxt13RefCollectionEi
                0x0000000008001044       0x10 CMakeFiles/STM32_BLUE_PILL.dir/pxtapp/base/core.cpp.o
                0x0000000008001044                Array_::getAt(pxt::RefCollection*, int)
 .text._ZN6Array_5setAtEPN3pxt13RefCollectionEiPNS0_12TValueStructE
                0x0000000008001054        0x8 CMakeFiles/STM32_BLUE_PILL.dir/pxtapp/base/core.cpp.o
                0x0000000008001054                Array_::setAt(pxt::RefCollection*, int, pxt::TValueStruct*)
 .text._ZN6Array_8removeAtEPN3pxt13RefCollectionEi
                0x000000000800105c        0x8 CMakeFiles/STM32_BLUE_PILL.dir/pxtapp/base/core.cpp.o
                0x000000000800105c                Array_::removeAt(pxt::RefCollection*, int)
 .text._ZN6Array_8insertAtEPN3pxt13RefCollectionEiPNS0_12TValueStructE
                0x0000000008001064        0x8 CMakeFiles/STM32_BLUE_PILL.dir/pxtapp/base/core.cpp.o
                0x0000000008001064                Array_::insertAt(pxt::RefCollection*, int, pxt::TValueStruct*)
 .text._ZN3pxt11programSizeEv
                0x000000000800106c       0x10 CMakeFiles/STM32_BLUE_PILL.dir/pxtapp/base/core.cpp.o
                0x000000000800106c                pxt::programSize()
 .text._ZN3pxt9getConfigEii
                0x000000000800107c       0x3c CMakeFiles/STM32_BLUE_PILL.dir/pxtapp/base/core.cpp.o
                0x000000000800107c                pxt::getConfig(int, int)
 .text._ZN5pxtrt8ldlocRefEPN3pxt11RefRefLocalE
                0x00000000080010b8        0x4 CMakeFiles/STM32_BLUE_PILL.dir/pxtapp/base/core.cpp.o
                0x00000000080010b8                pxtrt::ldlocRef(pxt::RefRefLocal*)
 .text._ZN5pxtrt8stlocRefEPN3pxt11RefRefLocalEPNS0_12TValueStructE
                0x00000000080010bc        0x4 CMakeFiles/STM32_BLUE_PILL.dir/pxtapp/base/core.cpp.o
                0x00000000080010bc                pxtrt::stlocRef(pxt::RefRefLocal*, pxt::TValueStruct*)
 .text._ZN5pxtrt8mklocRefEv
                0x00000000080010c0       0x14 CMakeFiles/STM32_BLUE_PILL.dir/pxtapp/base/core.cpp.o
                0x00000000080010c0                pxtrt::mklocRef()
 .text._ZN5pxtrt5stcloEPN3pxt9RefActionEiPNS0_12TValueStructE
                0x00000000080010d4       0x44 CMakeFiles/STM32_BLUE_PILL.dir/pxtapp/base/core.cpp.o
                0x00000000080010d4                pxtrt::stclo(pxt::RefAction*, int, pxt::TValueStruct*)
 .text._ZN5pxtrt5panicEi
                0x0000000008001118        0x4 CMakeFiles/STM32_BLUE_PILL.dir/pxtapp/base/core.cpp.o
                0x0000000008001118                pxtrt::panic(int)
 .text._ZN5pxtrt11emptyToNullEPN3pxt11BoxedStringE
                0x000000000800111c        0xc CMakeFiles/STM32_BLUE_PILL.dir/pxtapp/base/core.cpp.o
                0x000000000800111c                pxtrt::emptyToNull(pxt::BoxedString*)
 .text._ZN5pxtrt9ptrToBoolEPN3pxt12TValueStructE
                0x0000000008001128        0x8 CMakeFiles/STM32_BLUE_PILL.dir/pxtapp/base/core.cpp.o
                0x0000000008001128                pxtrt::ptrToBool(pxt::TValueStruct*)
 .text._ZN5pxtrt5mkMapEv
                0x0000000008001130       0x14 CMakeFiles/STM32_BLUE_PILL.dir/pxtapp/base/core.cpp.o
                0x0000000008001130                pxtrt::mkMap()
 .text._ZN5pxtrt14mapGetByStringEPN3pxt6RefMapEPNS0_11BoxedStringE
                0x0000000008001144       0x20 CMakeFiles/STM32_BLUE_PILL.dir/pxtapp/base/core.cpp.o
                0x0000000008001144                pxtrt::mapGetByString(pxt::RefMap*, pxt::BoxedString*)
 .text._ZN5pxtrt12lookupMapKeyEPN3pxt11BoxedStringE
                0x0000000008001164       0x90 CMakeFiles/STM32_BLUE_PILL.dir/pxtapp/base/core.cpp.o
                0x0000000008001164                pxtrt::lookupMapKey(pxt::BoxedString*)
 .text._ZN5pxtrt6mapGetEPN3pxt6RefMapEj
                0x00000000080011f4       0x14 CMakeFiles/STM32_BLUE_PILL.dir/pxtapp/base/core.cpp.o
                0x00000000080011f4                pxtrt::mapGet(pxt::RefMap*, unsigned int)
 .text._ZN5pxtrt14mapSetByStringEPN3pxt6RefMapEPNS0_11BoxedStringEPNS0_12TValueStructE
                0x0000000008001208       0x38 CMakeFiles/STM32_BLUE_PILL.dir/pxtapp/base/core.cpp.o
                0x0000000008001208                pxtrt::mapSetByString(pxt::RefMap*, pxt::BoxedString*, pxt::TValueStruct*)
 .text._ZN5pxtrt6mapSetEPN3pxt6RefMapEjPNS0_12TValueStructE
                0x0000000008001240       0x14 CMakeFiles/STM32_BLUE_PILL.dir/pxtapp/base/core.cpp.o
                0x0000000008001240                pxtrt::mapSet(pxt::RefMap*, unsigned int, pxt::TValueStruct*)
 .text._ZN5pxtrt13getGlobalsPtrEv
                0x0000000008001254        0xc CMakeFiles/STM32_BLUE_PILL.dir/pxtapp/base/core.cpp.o
                0x0000000008001254                pxtrt::getGlobalsPtr()
 .text._ZN5pxtrt14runtimeWarningEPN3pxt11BoxedStringE
                0x0000000008001260        0x4 CMakeFiles/STM32_BLUE_PILL.dir/pxtapp/base/core.cpp.o
                0x0000000008001260                pxtrt::runtimeWarning(pxt::BoxedString*)
 .text._ZN3pxt7valTypeEPNS_12TValueStructE
                0x0000000008001264       0x48 CMakeFiles/STM32_BLUE_PILL.dir/pxtapp/base/core.cpp.o
                0x0000000008001264                pxt::valType(pxt::TValueStruct*)
 .text._ZN3pxt8toDoubleEPNS_12TValueStructE.part.12
                0x00000000080012ac       0x4c CMakeFiles/STM32_BLUE_PILL.dir/pxtapp/base/core.cpp.o
 .text._ZN3pxt8toDoubleEPNS_12TValueStructE
                0x00000000080012f8        0x4 CMakeFiles/STM32_BLUE_PILL.dir/pxtapp/base/core.cpp.o
                0x00000000080012f8                pxt::toDouble(pxt::TValueStruct*)
 .text._ZN3pxt6toUIntEPNS_12TValueStructE
                0x00000000080012fc       0xcc CMakeFiles/STM32_BLUE_PILL.dir/pxtapp/base/core.cpp.o
                0x00000000080012fc                pxt::toUInt(pxt::TValueStruct*)
 .text._ZN3pxt5toIntEPNS_12TValueStructE
                0x00000000080013c8        0x4 CMakeFiles/STM32_BLUE_PILL.dir/pxtapp/base/core.cpp.o
                0x00000000080013c8                pxt::toInt(pxt::TValueStruct*)
 .text._ZN6numops4lslsEPN3pxt12TValueStructES2_
                0x00000000080013cc       0x2c CMakeFiles/STM32_BLUE_PILL.dir/pxtapp/base/core.cpp.o
                0x00000000080013cc                numops::lsls(pxt::TValueStruct*, pxt::TValueStruct*)
 .text._ZN6numops4asrsEPN3pxt12TValueStructES2_
                0x00000000080013f8       0x2c CMakeFiles/STM32_BLUE_PILL.dir/pxtapp/base/core.cpp.o
                0x00000000080013f8                numops::asrs(pxt::TValueStruct*, pxt::TValueStruct*)
 .text._ZN6numops4eorsEPN3pxt12TValueStructES2_
                0x0000000008001424       0x28 CMakeFiles/STM32_BLUE_PILL.dir/pxtapp/base/core.cpp.o
                0x0000000008001424                numops::eors(pxt::TValueStruct*, pxt::TValueStruct*)
 .text._ZN6numops4orrsEPN3pxt12TValueStructES2_
                0x000000000800144c       0x28 CMakeFiles/STM32_BLUE_PILL.dir/pxtapp/base/core.cpp.o
                0x000000000800144c                numops::orrs(pxt::TValueStruct*, pxt::TValueStruct*)
 .text._ZN6numops4bnotEPN3pxt12TValueStructE
                0x0000000008001474       0x20 CMakeFiles/STM32_BLUE_PILL.dir/pxtapp/base/core.cpp.o
                0x0000000008001474                numops::bnot(pxt::TValueStruct*)
 .text._ZN6numops4andsEPN3pxt12TValueStructES2_
                0x0000000008001494       0x28 CMakeFiles/STM32_BLUE_PILL.dir/pxtapp/base/core.cpp.o
                0x0000000008001494                numops::ands(pxt::TValueStruct*, pxt::TValueStruct*)
 .text._ZN6numops4lsrsEPN3pxt12TValueStructES2_
                0x00000000080014bc       0x30 CMakeFiles/STM32_BLUE_PILL.dir/pxtapp/base/core.cpp.o
                0x00000000080014bc                numops::lsrs(pxt::TValueStruct*, pxt::TValueStruct*)
 .text._ZN3pxt7toFloatEPNS_12TValueStructE
                0x00000000080014ec        0xc CMakeFiles/STM32_BLUE_PILL.dir/pxtapp/base/core.cpp.o
                0x00000000080014ec                pxt::toFloat(pxt::TValueStruct*)
 .text._ZN6numops4addsEPN3pxt12TValueStructES2_
                0x00000000080014f8       0x24 CMakeFiles/STM32_BLUE_PILL.dir/pxtapp/base/core.cpp.o
                0x00000000080014f8                numops::adds(pxt::TValueStruct*, pxt::TValueStruct*)
 .text._ZN6numops4subsEPN3pxt12TValueStructES2_
                0x000000000800151c       0x28 CMakeFiles/STM32_BLUE_PILL.dir/pxtapp/base/core.cpp.o
                0x000000000800151c                numops::subs(pxt::TValueStruct*, pxt::TValueStruct*)
 .text._ZN6numops4mulsEPN3pxt12TValueStructES2_
                0x0000000008001544       0x54 CMakeFiles/STM32_BLUE_PILL.dir/pxtapp/base/core.cpp.o
                0x0000000008001544                numops::muls(pxt::TValueStruct*, pxt::TValueStruct*)
 .text._ZN6numops3divEPN3pxt12TValueStructES2_
                0x0000000008001598       0x28 CMakeFiles/STM32_BLUE_PILL.dir/pxtapp/base/core.cpp.o
                0x0000000008001598                numops::div(pxt::TValueStruct*, pxt::TValueStruct*)
 .text._ZN6numops3modEPN3pxt12TValueStructES2_
                0x00000000080015c0       0x60 CMakeFiles/STM32_BLUE_PILL.dir/pxtapp/base/core.cpp.o
                0x00000000080015c0                numops::mod(pxt::TValueStruct*, pxt::TValueStruct*)
 .text._ZN5Math_3powEPN3pxt12TValueStructES2_
                0x0000000008001620       0x28 CMakeFiles/STM32_BLUE_PILL.dir/pxtapp/base/core.cpp.o
                0x0000000008001620                Math_::pow(pxt::TValueStruct*, pxt::TValueStruct*)
 .text._ZN5Math_5atan2EPN3pxt12TValueStructES2_
                0x0000000008001648       0x28 CMakeFiles/STM32_BLUE_PILL.dir/pxtapp/base/core.cpp.o
                0x0000000008001648                Math_::atan2(pxt::TValueStruct*, pxt::TValueStruct*)
 .text._ZN5Math_11randomRangeEPN3pxt12TValueStructES2_
                0x0000000008001670       0xb4 CMakeFiles/STM32_BLUE_PILL.dir/pxtapp/base/core.cpp.o
                0x0000000008001670                Math_::randomRange(pxt::TValueStruct*, pxt::TValueStruct*)
 .text._ZN5Math_3logEPN3pxt12TValueStructE
                0x0000000008001724       0x14 CMakeFiles/STM32_BLUE_PILL.dir/pxtapp/base/core.cpp.o
                0x0000000008001724                Math_::log(pxt::TValueStruct*)
 .text._ZN5Math_5log10EPN3pxt12TValueStructE
                0x0000000008001738       0x14 CMakeFiles/STM32_BLUE_PILL.dir/pxtapp/base/core.cpp.o
                0x0000000008001738                Math_::log10(pxt::TValueStruct*)
 .text._ZN5Math_3tanEPN3pxt12TValueStructE
                0x000000000800174c       0x14 CMakeFiles/STM32_BLUE_PILL.dir/pxtapp/base/core.cpp.o
                0x000000000800174c                Math_::tan(pxt::TValueStruct*)
 .text._ZN5Math_3sinEPN3pxt12TValueStructE
                0x0000000008001760       0x14 CMakeFiles/STM32_BLUE_PILL.dir/pxtapp/base/core.cpp.o
                0x0000000008001760                Math_::sin(pxt::TValueStruct*)
 .text._ZN5Math_3cosEPN3pxt12TValueStructE
                0x0000000008001774       0x14 CMakeFiles/STM32_BLUE_PILL.dir/pxtapp/base/core.cpp.o
                0x0000000008001774                Math_::cos(pxt::TValueStruct*)
 .text._ZN5Math_4atanEPN3pxt12TValueStructE
                0x0000000008001788       0x14 CMakeFiles/STM32_BLUE_PILL.dir/pxtapp/base/core.cpp.o
                0x0000000008001788                Math_::atan(pxt::TValueStruct*)
 .text._ZN5Math_4asinEPN3pxt12TValueStructE
                0x000000000800179c       0x14 CMakeFiles/STM32_BLUE_PILL.dir/pxtapp/base/core.cpp.o
                0x000000000800179c                Math_::asin(pxt::TValueStruct*)
 .text._ZN5Math_4acosEPN3pxt12TValueStructE
                0x00000000080017b0       0x14 CMakeFiles/STM32_BLUE_PILL.dir/pxtapp/base/core.cpp.o
                0x00000000080017b0                Math_::acos(pxt::TValueStruct*)
 .text._ZN5Math_4sqrtEPN3pxt12TValueStructE
                0x00000000080017c4       0x14 CMakeFiles/STM32_BLUE_PILL.dir/pxtapp/base/core.cpp.o
                0x00000000080017c4                Math_::sqrt(pxt::TValueStruct*)
 .text._ZN5Math_5floorEPN3pxt12TValueStructE
                0x00000000080017d8       0x14 CMakeFiles/STM32_BLUE_PILL.dir/pxtapp/base/core.cpp.o
                0x00000000080017d8                Math_::floor(pxt::TValueStruct*)
 .text._ZN5Math_4ceilEPN3pxt12TValueStructE
                0x00000000080017ec       0x14 CMakeFiles/STM32_BLUE_PILL.dir/pxtapp/base/core.cpp.o
                0x00000000080017ec                Math_::ceil(pxt::TValueStruct*)
 .text._ZN5Math_5truncEPN3pxt12TValueStructE
                0x0000000008001800       0x14 CMakeFiles/STM32_BLUE_PILL.dir/pxtapp/base/core.cpp.o
                0x0000000008001800                Math_::trunc(pxt::TValueStruct*)
 .text._ZN5Math_5roundEPN3pxt12TValueStructE
                0x0000000008001814       0x20 CMakeFiles/STM32_BLUE_PILL.dir/pxtapp/base/core.cpp.o
                0x0000000008001814                Math_::round(pxt::TValueStruct*)
 .text._ZN3pxt8eqq_boolEPNS_12TValueStructES1_
                0x0000000008001834       0x7c CMakeFiles/STM32_BLUE_PILL.dir/pxtapp/base/core.cpp.o
                0x0000000008001834                pxt::eqq_bool(pxt::TValueStruct*, pxt::TValueStruct*)
 .text._ZN6numops3eqqEPN3pxt12TValueStructES2_
                0x00000000080018b0       0x10 CMakeFiles/STM32_BLUE_PILL.dir/pxtapp/base/core.cpp.o
                0x00000000080018b0                numops::eqq(pxt::TValueStruct*, pxt::TValueStruct*)
 .text._ZN6numops4neqqEPN3pxt12TValueStructES2_
                0x00000000080018c0       0x10 CMakeFiles/STM32_BLUE_PILL.dir/pxtapp/base/core.cpp.o
                0x00000000080018c0                numops::neqq(pxt::TValueStruct*, pxt::TValueStruct*)
 .text._ZN3pxt7eq_boolEPNS_12TValueStructES1_
                0x00000000080018d0      0x12c CMakeFiles/STM32_BLUE_PILL.dir/pxtapp/base/core.cpp.o
                0x00000000080018d0                pxt::eq_bool(pxt::TValueStruct*, pxt::TValueStruct*)
 .text._ZN3pxt9switch_eqEPNS_12TValueStructES1_
                0x00000000080019fc        0x4 CMakeFiles/STM32_BLUE_PILL.dir/pxtapp/base/core.cpp.o
                0x00000000080019fc                pxt::switch_eq(pxt::TValueStruct*, pxt::TValueStruct*)
 .text._ZN6numops2eqEPN3pxt12TValueStructES2_
                0x0000000008001a00       0x10 CMakeFiles/STM32_BLUE_PILL.dir/pxtapp/base/core.cpp.o
                0x0000000008001a00                numops::eq(pxt::TValueStruct*, pxt::TValueStruct*)
 .text._ZN6numops3neqEPN3pxt12TValueStructES2_
                0x0000000008001a10       0x10 CMakeFiles/STM32_BLUE_PILL.dir/pxtapp/base/core.cpp.o
                0x0000000008001a10                numops::neq(pxt::TValueStruct*, pxt::TValueStruct*)
 .text._ZN6Array_7indexOfEPN3pxt13RefCollectionEPNS0_12TValueStructEi
                0x0000000008001a20       0x30 CMakeFiles/STM32_BLUE_PILL.dir/pxtapp/base/core.cpp.o
                0x0000000008001a20                Array_::indexOf(pxt::RefCollection*, pxt::TValueStruct*, int)
 .text._ZN6Array_13removeElementEPN3pxt13RefCollectionEPNS0_12TValueStructE
                0x0000000008001a50       0x1c CMakeFiles/STM32_BLUE_PILL.dir/pxtapp/base/core.cpp.o
                0x0000000008001a50                Array_::removeElement(pxt::RefCollection*, pxt::TValueStruct*)
 .text._ZN6numops6toBoolEPN3pxt12TValueStructE
                0x0000000008001a6c       0x64 CMakeFiles/STM32_BLUE_PILL.dir/pxtapp/base/core.cpp.o
                0x0000000008001a6c                numops::toBool(pxt::TValueStruct*)
 .text._ZN6numops10toBoolDecrEPN3pxt12TValueStructE
                0x0000000008001ad0       0x14 CMakeFiles/STM32_BLUE_PILL.dir/pxtapp/base/core.cpp.o
                0x0000000008001ad0                numops::toBoolDecr(pxt::TValueStruct*)
 .text._ZN6numopsL10valCompareEPN3pxt12TValueStructES2_
                0x0000000008001ae4       0xa8 CMakeFiles/STM32_BLUE_PILL.dir/pxtapp/base/core.cpp.o
 .text._ZN6numops7lt_boolEPN3pxt12TValueStructES2_
                0x0000000008001b8c       0x24 CMakeFiles/STM32_BLUE_PILL.dir/pxtapp/base/core.cpp.o
                0x0000000008001b8c                numops::lt_bool(pxt::TValueStruct*, pxt::TValueStruct*)
 .text._ZN6numops2leEPN3pxt12TValueStructES2_
                0x0000000008001bb0       0x24 CMakeFiles/STM32_BLUE_PILL.dir/pxtapp/base/core.cpp.o
                0x0000000008001bb0                numops::le(pxt::TValueStruct*, pxt::TValueStruct*)
 .text._ZN6numops2ltEPN3pxt12TValueStructES2_
                0x0000000008001bd4       0x24 CMakeFiles/STM32_BLUE_PILL.dir/pxtapp/base/core.cpp.o
                0x0000000008001bd4                numops::lt(pxt::TValueStruct*, pxt::TValueStruct*)
 .text._ZN6numops2geEPN3pxt12TValueStructES2_
                0x0000000008001bf8       0x20 CMakeFiles/STM32_BLUE_PILL.dir/pxtapp/base/core.cpp.o
                0x0000000008001bf8                numops::ge(pxt::TValueStruct*, pxt::TValueStruct*)
 .text._ZN6numops2gtEPN3pxt12TValueStructES2_
                0x0000000008001c18       0x20 CMakeFiles/STM32_BLUE_PILL.dir/pxtapp/base/core.cpp.o
                0x0000000008001c18                numops::gt(pxt::TValueStruct*, pxt::TValueStruct*)
 .text._ZN6numops8toStringEPN3pxt12TValueStructE
                0x0000000008001c38       0xfc CMakeFiles/STM32_BLUE_PILL.dir/pxtapp/base/core.cpp.o
                0x0000000008001c38                numops::toString(pxt::TValueStruct*)
 .text._ZN3pxt6typeOfEPNS_12TValueStructE
                0x0000000008001d34       0x24 CMakeFiles/STM32_BLUE_PILL.dir/pxtapp/base/core.cpp.o
                0x0000000008001d34                pxt::typeOf(pxt::TValueStruct*)
 .text._ZN3pxt8anyPrintEPNS_12TValueStructE
                0x0000000008001d58       0x80 CMakeFiles/STM32_BLUE_PILL.dir/pxtapp/base/core.cpp.o
                0x0000000008001d58                pxt::anyPrint(pxt::TValueStruct*)
 .text._ZN3pxt10failedCastEPNS_12TValueStructE
                0x0000000008001dd8       0x58 CMakeFiles/STM32_BLUE_PILL.dir/pxtapp/base/core.cpp.o
                0x0000000008001dd8                pxt::failedCast(pxt::TValueStruct*)
 .text._ZN3pxt15missingPropertyEPNS_12TValueStructE
                0x0000000008001e30       0x1c CMakeFiles/STM32_BLUE_PILL.dir/pxtapp/base/core.cpp.o
                0x0000000008001e30                pxt::missingProperty(pxt::TValueStruct*)
 .text._ZN3pxtL13getObjectSizeEPNS_9RefObjectE
                0x0000000008001e4c       0x40 CMakeFiles/STM32_BLUE_PILL.dir/pxtapp/base/gc.cpp.o
 .text._ZN3pxtL9removePtrEPNS_12TValueStructE
                0x0000000008001e8c       0x54 CMakeFiles/STM32_BLUE_PILL.dir/pxtapp/base/gc.cpp.o
 .text._ZN3pxt16RefRecord_gcsizeEPNS_9RefRecordE
                0x0000000008001ee0        0xc CMakeFiles/STM32_BLUE_PILL.dir/pxtapp/base/gc.cpp.o
                0x0000000008001ee0                pxt::RefRecord_gcsize(pxt::RefRecord*)
 .text._ZN3pxt16popThreadContextEPNS_13ThreadContextE
                0x0000000008001eec       0x6c CMakeFiles/STM32_BLUE_PILL.dir/pxtapp/base/gc.cpp.o
                0x0000000008001eec                pxt::popThreadContext(pxt::ThreadContext*)
 .text._ZN3pxt6gcScanEPNS_12TValueStructE
                0x0000000008001f58       0x38 CMakeFiles/STM32_BLUE_PILL.dir/pxtapp/base/gc.cpp.o
                0x0000000008001f58                pxt::gcScan(pxt::TValueStruct*)
 .text._ZN3pxt10gcScanManyEPPNS_12TValueStructEj
                0x0000000008001f90       0x48 CMakeFiles/STM32_BLUE_PILL.dir/pxtapp/base/gc.cpp.o
                0x0000000008001f90                pxt::gcScanMany(pxt::TValueStruct**, unsigned int)
 .text._ZN3pxt13gcScanSegmentERNS_7SegmentE
                0x0000000008001fd8       0x34 CMakeFiles/STM32_BLUE_PILL.dir/pxtapp/base/gc.cpp.o
                0x0000000008001fd8                pxt::gcScanSegment(pxt::Segment&)
 .text._ZN3pxt9gcProcessEPNS_12TValueStructE
                0x000000000800200c       0x58 CMakeFiles/STM32_BLUE_PILL.dir/pxtapp/base/gc.cpp.o
                0x000000000800200c                pxt::gcProcess(pxt::TValueStruct*)
 .text._ZN3pxt2gcEi
                0x0000000008002064      0x254 CMakeFiles/STM32_BLUE_PILL.dir/pxtapp/base/gc.cpp.o
                0x0000000008002064                pxt::gc(int)
 .text._ZN3pxtL13allocateBlockEv
                0x00000000080022b8       0xd0 CMakeFiles/STM32_BLUE_PILL.dir/pxtapp/base/gc.cpp.o
 .text.free     0x0000000008002388       0x50 CMakeFiles/STM32_BLUE_PILL.dir/pxtapp/base/gc.cpp.o
                0x0000000008002388                free
 .text._ZN3pxt10gcAllocateEi
                0x00000000080023d8      0x130 CMakeFiles/STM32_BLUE_PILL.dir/pxtapp/base/gc.cpp.o
                0x00000000080023d8                pxt::gcAllocate(int)
 .text._ZN3pxt15gcAllocateArrayEi
                0x0000000008002508       0x1c CMakeFiles/STM32_BLUE_PILL.dir/pxtapp/base/gc.cpp.o
                0x0000000008002508                pxt::gcAllocateArray(int)
 .text.app_alloc
                0x0000000008002524       0x20 CMakeFiles/STM32_BLUE_PILL.dir/pxtapp/base/gc.cpp.o
                0x0000000008002524                app_alloc
 .text.malloc   0x0000000008002544       0x28 CMakeFiles/STM32_BLUE_PILL.dir/pxtapp/base/gc.cpp.o
                0x0000000008002544                malloc
 .text.realloc  0x000000000800256c       0x74 CMakeFiles/STM32_BLUE_PILL.dir/pxtapp/base/gc.cpp.o
                0x000000000800256c                realloc
 .text._ZN3pxt17pushThreadContextEPvS0_
                0x00000000080025e0       0x84 CMakeFiles/STM32_BLUE_PILL.dir/pxtapp/base/gc.cpp.o
                0x00000000080025e0                pxt::pushThreadContext(void*, void*)
 .text._ZN3pxt10registerGCEPPNS_12TValueStructEi
                0x0000000008002664       0x34 CMakeFiles/STM32_BLUE_PILL.dir/pxtapp/base/gc.cpp.o
                0x0000000008002664                pxt::registerGC(pxt::TValueStruct**, int)
 .text._ZN3pxt13registerGCPtrEPNS_12TValueStructE
                0x0000000008002698       0x1c CMakeFiles/STM32_BLUE_PILL.dir/pxtapp/base/gc.cpp.o
                0x0000000008002698                pxt::registerGCPtr(pxt::TValueStruct*)
 .text._ZN3pxt15unregisterGCPtrEPNS_12TValueStructE
                0x00000000080026b4       0x14 CMakeFiles/STM32_BLUE_PILL.dir/pxtapp/base/gc.cpp.o
                0x00000000080026b4                pxt::unregisterGCPtr(pxt::TValueStruct*)
 .text._ZN3pxt13RefCollection4scanEPS0_
                0x00000000080026c8        0x8 CMakeFiles/STM32_BLUE_PILL.dir/pxtapp/base/gc.cpp.o
                0x00000000080026c8                pxt::RefCollection::scan(pxt::RefCollection*)
 .text._ZN3pxt9RefAction4scanEPS0_
                0x00000000080026d0        0x8 CMakeFiles/STM32_BLUE_PILL.dir/pxtapp/base/gc.cpp.o
                0x00000000080026d0                pxt::RefAction::scan(pxt::RefAction*)
 .text._ZN3pxt11RefRefLocal4scanEPS0_
                0x00000000080026d8        0x8 CMakeFiles/STM32_BLUE_PILL.dir/pxtapp/base/gc.cpp.o
                0x00000000080026d8                pxt::RefRefLocal::scan(pxt::RefRefLocal*)
 .text._ZN3pxt6RefMap4scanEPS0_
                0x00000000080026e0       0x18 CMakeFiles/STM32_BLUE_PILL.dir/pxtapp/base/gc.cpp.o
                0x00000000080026e0                pxt::RefMap::scan(pxt::RefMap*)
 .text._ZN3pxt14RefRecord_scanEPNS_9RefRecordE
                0x00000000080026f8       0x14 CMakeFiles/STM32_BLUE_PILL.dir/pxtapp/base/gc.cpp.o
                0x00000000080026f8                pxt::RefRecord_scan(pxt::RefRecord*)
 .text._ZN3pxt13RefCollection6gcsizeEPS0_
                0x000000000800270c        0x4 CMakeFiles/STM32_BLUE_PILL.dir/pxtapp/base/gc.cpp.o
                0x000000000800270c                pxt::RefCollection::gcsize(pxt::RefCollection*)
 .text._ZN3pxt9RefAction6gcsizeEPS0_
                0x0000000008002710        0xc CMakeFiles/STM32_BLUE_PILL.dir/pxtapp/base/gc.cpp.o
                0x0000000008002710                pxt::RefAction::gcsize(pxt::RefAction*)
 .text._ZN3pxt11RefRefLocal6gcsizeEPS0_
                0x000000000800271c        0x4 CMakeFiles/STM32_BLUE_PILL.dir/pxtapp/base/gc.cpp.o
                0x000000000800271c                pxt::RefRefLocal::gcsize(pxt::RefRefLocal*)
 .text._ZN3pxt6RefMap6gcsizeEPS0_
                0x0000000008002720        0x4 CMakeFiles/STM32_BLUE_PILL.dir/pxtapp/base/gc.cpp.o
                0x0000000008002720                pxt::RefMap::gcsize(pxt::RefMap*)
 .text.startup._GLOBAL__sub_I__ZN3pxt16RefRecord_gcsizeEPNS_9RefRecordE
                0x0000000008002724       0x18 CMakeFiles/STM32_BLUE_PILL.dir/pxtapp/base/gc.cpp.o
 .text._ZN5loops7foreverEPN3pxt12TValueStructE
                0x000000000800273c        0x4 CMakeFiles/STM32_BLUE_PILL.dir/pxtapp/base/loops.cpp.o
                0x000000000800273c                loops::forever(pxt::TValueStruct*)
 .text._ZN5loops5pauseEi
                0x0000000008002740        0xc CMakeFiles/STM32_BLUE_PILL.dir/pxtapp/base/loops.cpp.o
                0x0000000008002740                loops::pause(int)
 .text._ZN3pxt17RefRecord_destroyEPNS_9RefRecordE
                0x000000000800274c        0x4 CMakeFiles/STM32_BLUE_PILL.dir/pxtapp/base/pxt.cpp.o
                0x000000000800274c                pxt::RefRecord_destroy(pxt::RefRecord*)
 .text._ZN3pxt13RefCollection7destroyEPS0_
                0x0000000008002750        0x8 CMakeFiles/STM32_BLUE_PILL.dir/pxtapp/base/pxt.cpp.o
                0x0000000008002750                pxt::RefCollection::destroy(pxt::RefCollection*)
 .text._ZN3pxt6RefMap7destroyEPS0_
                0x0000000008002758        0xc CMakeFiles/STM32_BLUE_PILL.dir/pxtapp/base/pxt.cpp.o
                0x0000000008002758                pxt::RefMap::destroy(pxt::RefMap*)
 .text._ZN3pxt9RefAction5printEPS0_
                0x0000000008002764       0x28 CMakeFiles/STM32_BLUE_PILL.dir/pxtapp/base/pxt.cpp.o
                0x0000000008002764                pxt::RefAction::print(pxt::RefAction*)
 .text._ZN3pxt11RefRefLocal5printEPS0_
                0x000000000800278c       0x10 CMakeFiles/STM32_BLUE_PILL.dir/pxtapp/base/pxt.cpp.o
                0x000000000800278c                pxt::RefRefLocal::print(pxt::RefRefLocal*)
 .text._ZN3pxt6RefMap5printEPS0_
                0x000000000800279c       0x10 CMakeFiles/STM32_BLUE_PILL.dir/pxtapp/base/pxt.cpp.o
                0x000000000800279c                pxt::RefMap::print(pxt::RefMap*)
 .text._ZN3pxt9LLSegment9setLengthEj.part.7
                0x00000000080027ac       0x9c CMakeFiles/STM32_BLUE_PILL.dir/pxtapp/base/pxt.cpp.o
 .text._ZN3pxt11exec_binaryEPj.part.8
                0x0000000008002848       0x64 CMakeFiles/STM32_BLUE_PILL.dir/pxtapp/base/pxt.cpp.o
 .text._ZN3pxt9RefAction7destroyEPS0_
                0x00000000080028ac        0x4 CMakeFiles/STM32_BLUE_PILL.dir/pxtapp/base/pxt.cpp.o
                0x00000000080028ac                pxt::RefAction::destroy(pxt::RefAction*)
 .text._ZN3pxt11RefRefLocal7destroyEPS0_
                0x00000000080028b0        0x4 CMakeFiles/STM32_BLUE_PILL.dir/pxtapp/base/pxt.cpp.o
                0x00000000080028b0                pxt::RefRefLocal::destroy(pxt::RefRefLocal*)
 .text._ZN3pxt8mkActionEiPNS_9RefActionE
                0x00000000080028b4       0x5c CMakeFiles/STM32_BLUE_PILL.dir/pxtapp/base/pxt.cpp.o
                0x00000000080028b4                pxt::mkAction(int, pxt::RefAction*)
 .text._ZN3pxt15mkClassInstanceEPNS_6VTableE
                0x0000000008002910       0x44 CMakeFiles/STM32_BLUE_PILL.dir/pxtapp/base/pxt.cpp.o
                0x0000000008002910                pxt::mkClassInstance(pxt::VTable*)
 .text._ZN3pxt9RefObject9destroyVTEv
                0x0000000008002954        0xc CMakeFiles/STM32_BLUE_PILL.dir/pxtapp/base/pxt.cpp.o
                0x0000000008002954                pxt::RefObject::destroyVT()
 .text._ZN3pxt15deleteRefObjectEPNS_9RefObjectE
                0x0000000008002960        0xc CMakeFiles/STM32_BLUE_PILL.dir/pxtapp/base/pxt.cpp.o
                0x0000000008002960                pxt::deleteRefObject(pxt::RefObject*)
 .text._ZN3pxt15RefRecord_printEPNS_9RefRecordE
                0x000000000800296c       0x18 CMakeFiles/STM32_BLUE_PILL.dir/pxtapp/base/pxt.cpp.o
                0x000000000800296c                pxt::RefRecord_print(pxt::RefRecord*)
 .text._ZN3pxt9LLSegment3setEjPNS_12TValueStructE
                0x0000000008002984       0x30 CMakeFiles/STM32_BLUE_PILL.dir/pxtapp/base/pxt.cpp.o
                0x0000000008002984                pxt::LLSegment::set(unsigned int, pxt::TValueStruct*)
 .text._ZN3pxt9LLSegment3popEv
                0x00000000080029b4       0x1c CMakeFiles/STM32_BLUE_PILL.dir/pxtapp/base/pxt.cpp.o
                0x00000000080029b4                pxt::LLSegment::pop()
 .text._ZN3pxt7Segment9growByMinEt
                0x00000000080029d0       0x8c CMakeFiles/STM32_BLUE_PILL.dir/pxtapp/base/pxt.cpp.o
                0x00000000080029d0                pxt::Segment::growByMin(unsigned short)
 .text._ZN3pxt7Segment3setEjPNS_12TValueStructE
                0x0000000008002a5c       0x34 CMakeFiles/STM32_BLUE_PILL.dir/pxtapp/base/pxt.cpp.o
                0x0000000008002a5c                pxt::Segment::set(unsigned int, pxt::TValueStruct*)
 .text._ZN3pxt7Segment9setLengthEj
                0x0000000008002a90       0x20 CMakeFiles/STM32_BLUE_PILL.dir/pxtapp/base/pxt.cpp.o
                0x0000000008002a90                pxt::Segment::setLength(unsigned int)
 .text._ZN3pxt7Segment3popEv
                0x0000000008002ab0       0x1c CMakeFiles/STM32_BLUE_PILL.dir/pxtapp/base/pxt.cpp.o
                0x0000000008002ab0                pxt::Segment::pop()
 .text._ZN3pxt7Segment6removeEj
                0x0000000008002acc       0x4c CMakeFiles/STM32_BLUE_PILL.dir/pxtapp/base/pxt.cpp.o
                0x0000000008002acc                pxt::Segment::remove(unsigned int)
 .text._ZN3pxt7Segment6insertEjPNS_12TValueStructE
                0x0000000008002b18       0x44 CMakeFiles/STM32_BLUE_PILL.dir/pxtapp/base/pxt.cpp.o
                0x0000000008002b18                pxt::Segment::insert(unsigned int, pxt::TValueStruct*)
 .text._ZN3pxt7Segment5printEv
                0x0000000008002b5c       0x38 CMakeFiles/STM32_BLUE_PILL.dir/pxtapp/base/pxt.cpp.o
                0x0000000008002b5c                pxt::Segment::print()
 .text._ZN3pxt13RefCollection5printEPS0_
                0x0000000008002b94       0x20 CMakeFiles/STM32_BLUE_PILL.dir/pxtapp/base/pxt.cpp.o
                0x0000000008002b94                pxt::RefCollection::print(pxt::RefCollection*)
 .text._ZN3pxt13RefCollectionC2Ev
                0x0000000008002bb4       0x10 CMakeFiles/STM32_BLUE_PILL.dir/pxtapp/base/pxt.cpp.o
                0x0000000008002bb4                pxt::RefCollection::RefCollection()
                0x0000000008002bb4                pxt::RefCollection::RefCollection()
 .text._ZN3pxt11RefRefLocalC2Ev
                0x0000000008002bc4       0x10 CMakeFiles/STM32_BLUE_PILL.dir/pxtapp/base/pxt.cpp.o
                0x0000000008002bc4                pxt::RefRefLocal::RefRefLocal()
                0x0000000008002bc4                pxt::RefRefLocal::RefRefLocal()
 .text._ZN3pxt6RefMapC2Ev
                0x0000000008002bd4       0x14 CMakeFiles/STM32_BLUE_PILL.dir/pxtapp/base/pxt.cpp.o
                0x0000000008002bd4                pxt::RefMap::RefMap()
                0x0000000008002bd4                pxt::RefMap::RefMap()
 .text._ZN3pxt6RefMap7findIdxEPNS_11BoxedStringE
                0x0000000008002be8       0x64 CMakeFiles/STM32_BLUE_PILL.dir/pxtapp/base/pxt.cpp.o
                0x0000000008002be8                pxt::RefMap::findIdx(pxt::BoxedString*)
 .text._ZN3pxt13debugMemLeaksEv
                0x0000000008002c4c        0x4 CMakeFiles/STM32_BLUE_PILL.dir/pxtapp/base/pxt.cpp.o
                0x0000000008002c4c                pxt::debugMemLeaks()
 .text._ZN3pxt5errorENS_9PXT_PANICEi
                0x0000000008002c50       0x1c CMakeFiles/STM32_BLUE_PILL.dir/pxtapp/base/pxt.cpp.o
                0x0000000008002c50                pxt::error(pxt::PXT_PANIC, int)
 .text._ZN3pxt12templateHashEv
                0x0000000008002c6c        0xc CMakeFiles/STM32_BLUE_PILL.dir/pxtapp/base/pxt.cpp.o
                0x0000000008002c6c                pxt::templateHash()
 .text._ZN3pxt11programHashEv
                0x0000000008002c78        0xc CMakeFiles/STM32_BLUE_PILL.dir/pxtapp/base/pxt.cpp.o
                0x0000000008002c78                pxt::programHash()
 .text._ZN3pxt13getNumGlobalsEv
                0x0000000008002c84        0xc CMakeFiles/STM32_BLUE_PILL.dir/pxtapp/base/pxt.cpp.o
                0x0000000008002c84                pxt::getNumGlobals()
 .text._ZN3pxt5startEv
                0x0000000008002c90       0x18 CMakeFiles/STM32_BLUE_PILL.dir/pxtapp/base/pxt.cpp.o
                0x0000000008002c90                pxt::start()
 .text._ZN6Array_7isArrayEPN3pxt12TValueStructE
                0x0000000008002ca8       0x2c CMakeFiles/STM32_BLUE_PILL.dir/pxtapp/base/pxt.cpp.o
                0x0000000008002ca8                Array_::isArray(pxt::TValueStruct*)
 .text._ZN5pxtrt6keysOfEPN3pxt12TValueStructE
                0x0000000008002cd4       0x58 CMakeFiles/STM32_BLUE_PILL.dir/pxtapp/base/pxt.cpp.o
                0x0000000008002cd4                pxtrt::keysOf(pxt::TValueStruct*)
 .text._ZN5codal14CodalComponent4initEv
                0x0000000008002d2c        0x8 CMakeFiles/STM32_BLUE_PILL.dir/pxtapp/core---stm32bluepill/codal.cpp.o
                0x0000000008002d2c                codal::CodalComponent::init()
 .text._ZN3pxtL10runAction0EPNS_12TValueStructE
                0x0000000008002d34       0x18 CMakeFiles/STM32_BLUE_PILL.dir/pxtapp/core---stm32bluepill/codal.cpp.o
 .text._ZN3pxt13dispatchEventEN5codal5EventE
                0x0000000008002d4c       0x70 CMakeFiles/STM32_BLUE_PILL.dir/pxtapp/core---stm32bluepill/codal.cpp.o
                0x0000000008002d4c                pxt::dispatchEvent(codal::Event)
 .text._ZN3pxt9fiberDoneEPv
                0x0000000008002dbc       0x10 CMakeFiles/STM32_BLUE_PILL.dir/pxtapp/core---stm32bluepill/codal.cpp.o
                0x0000000008002dbc                pxt::fiberDone(void*)
 .text._ZN3pxt12forever_stubEPv
                0x0000000008002dcc       0x20 CMakeFiles/STM32_BLUE_PILL.dir/pxtapp/core---stm32bluepill/codal.cpp.o
                0x0000000008002dcc                pxt::forever_stub(void*)
 .text._ZN5codal3_cm5TimerD2Ev
                0x0000000008002dec       0x14 CMakeFiles/STM32_BLUE_PILL.dir/pxtapp/core---stm32bluepill/codal.cpp.o
                0x0000000008002dec                codal::_cm::Timer::~Timer()
                0x0000000008002dec                codal::_cm::Timer::~Timer()
 .text._ZN3pxt12releaseFiberEv
                0x0000000008002e00        0x4 CMakeFiles/STM32_BLUE_PILL.dir/pxtapp/core---stm32bluepill/codal.cpp.o
                0x0000000008002e00                pxt::releaseFiber()
 .text._ZN3pxt8sleep_msEj
                0x0000000008002e04        0x4 CMakeFiles/STM32_BLUE_PILL.dir/pxtapp/core---stm32bluepill/codal.cpp.o
                0x0000000008002e04                pxt::sleep_ms(unsigned int)
 .text._ZN3pxt8sleep_usEy
                0x0000000008002e08        0x4 CMakeFiles/STM32_BLUE_PILL.dir/pxtapp/core---stm32bluepill/codal.cpp.o
                0x0000000008002e08                pxt::sleep_us(unsigned long long)
 .text._ZN3pxt10runForeverEPNS_12TValueStructE
                0x0000000008002e0c       0x24 CMakeFiles/STM32_BLUE_PILL.dir/pxtapp/core---stm32bluepill/codal.cpp.o
                0x0000000008002e0c                pxt::runForever(pxt::TValueStruct*)
 .text._ZN3pxt13runInParallelEPNS_12TValueStructE
                0x0000000008002e30       0x24 CMakeFiles/STM32_BLUE_PILL.dir/pxtapp/core---stm32bluepill/codal.cpp.o
                0x0000000008002e30                pxt::runInParallel(pxt::TValueStruct*)
 .text._ZN3pxt12waitForEventEii
                0x0000000008002e54        0x8 CMakeFiles/STM32_BLUE_PILL.dir/pxtapp/core---stm32bluepill/codal.cpp.o
                0x0000000008002e54                pxt::waitForEvent(int, int)
 .text._ZN3pxt11initRuntimeEv
                0x0000000008002e5c       0xd8 CMakeFiles/STM32_BLUE_PILL.dir/pxtapp/core---stm32bluepill/codal.cpp.o
                0x0000000008002e5c                pxt::initRuntime()
 .text._ZN3pxt16afterProgramPageEv
                0x0000000008002f34       0x20 CMakeFiles/STM32_BLUE_PILL.dir/pxtapp/core---stm32bluepill/codal.cpp.o
                0x0000000008002f34                pxt::afterProgramPage()
 .text._ZN3pxt15getSerialNumberEv
                0x0000000008002f54        0x4 CMakeFiles/STM32_BLUE_PILL.dir/pxtapp/core---stm32bluepill/codal.cpp.o
                0x0000000008002f54                pxt::getSerialNumber()
 .text._ZN3pxt15current_time_msEv
                0x0000000008002f58        0x4 CMakeFiles/STM32_BLUE_PILL.dir/pxtapp/core---stm32bluepill/codal.cpp.o
                0x0000000008002f58                pxt::current_time_ms()
 .text._ZN3pxt16getThreadContextEv
                0x0000000008002f5c        0xc CMakeFiles/STM32_BLUE_PILL.dir/pxtapp/core---stm32bluepill/codal.cpp.o
                0x0000000008002f5c                pxt::getThreadContext()
 .text._ZN3pxt16setThreadContextEPNS_13ThreadContextE
                0x0000000008002f68        0xc CMakeFiles/STM32_BLUE_PILL.dir/pxtapp/core---stm32bluepill/codal.cpp.o
                0x0000000008002f68                pxt::setThreadContext(pxt::ThreadContext*)
 .text._ZN3pxt15gcProcessStacksEi
                0x0000000008002f74       0xd4 CMakeFiles/STM32_BLUE_PILL.dir/pxtapp/core---stm32bluepill/codal.cpp.o
                0x0000000008002f74                pxt::gcProcessStacks(int)
 .text.startup._GLOBAL__sub_I__ZN3pxt8devTimerE
                0x0000000008003048       0x58 CMakeFiles/STM32_BLUE_PILL.dir/pxtapp/core---stm32bluepill/codal.cpp.o
 .text._ZN3pxt15registerWithDalEiiPNS_12TValueStructEi
                0x00000000080030a0       0x64 CMakeFiles/STM32_BLUE_PILL.dir/pxtapp/core---stm32bluepill/codal.cpp.o
                0x00000000080030a0                pxt::registerWithDal(int, int, pxt::TValueStruct*, int)
 .text._ZN7control10raiseEventEii
                0x0000000008003104       0x18 CMakeFiles/STM32_BLUE_PILL.dir/pxtapp/core---stm32bluepill/control.cpp.o
                0x0000000008003104                control::raiseEvent(int, int)
 .text._ZN7control16deviceDalVersionEv
                0x000000000800311c       0x10 CMakeFiles/STM32_BLUE_PILL.dir/pxtapp/core---stm32bluepill/control.cpp.o
                0x000000000800311c                control::deviceDalVersion()
 .text._ZN7control19allocateNotifyEventEv
                0x000000000800312c        0x8 CMakeFiles/STM32_BLUE_PILL.dir/pxtapp/core---stm32bluepill/control.cpp.o
                0x000000000800312c                control::allocateNotifyEvent()
 .text._ZN7control5dmesgEPN3pxt11BoxedStringE
                0x0000000008003134        0xc CMakeFiles/STM32_BLUE_PILL.dir/pxtapp/core---stm32bluepill/control.cpp.o
                0x0000000008003134                control::dmesg(pxt::BoxedString*)
 .text._ZN7control8dmesgPtrEPN3pxt11BoxedStringEPv
                0x0000000008003140       0x10 CMakeFiles/STM32_BLUE_PILL.dir/pxtapp/core---stm32bluepill/control.cpp.o
                0x0000000008003140                control::dmesgPtr(pxt::BoxedString*, void*)
 .text._ZN4pinsL7initI2CEv.part.0
                0x0000000008003150       0x40 CMakeFiles/STM32_BLUE_PILL.dir/pxtapp/core---stm32bluepill/i2c.cpp.o
 .text._ZN4pins13i2cReadBufferEiib
                0x0000000008003190       0x4c CMakeFiles/STM32_BLUE_PILL.dir/pxtapp/core---stm32bluepill/i2c.cpp.o
                0x0000000008003190                pins::i2cReadBuffer(int, int, bool)
 .text._ZN4pins14i2cWriteBufferEiPN3pxt11BoxedBufferEb
                0x00000000080031dc       0x34 CMakeFiles/STM32_BLUE_PILL.dir/pxtapp/core---stm32bluepill/i2c.cpp.o
                0x00000000080031dc                pins::i2cWriteBuffer(int, pxt::BoxedBuffer*, bool)
 .text._ZN5codal3Pin15setServoPulseUsEm
                0x0000000008003210        0x8 CMakeFiles/STM32_BLUE_PILL.dir/pxtapp/core---stm32bluepill/pins.cpp.o
                0x0000000008003210                codal::Pin::setServoPulseUs(unsigned long)
 .text._ZN5codal3Pin17setAnalogPeriodUsEm
                0x0000000008003218        0x8 CMakeFiles/STM32_BLUE_PILL.dir/pxtapp/core---stm32bluepill/pins.cpp.o
                0x0000000008003218                codal::Pin::setAnalogPeriodUs(unsigned long)
 .text._ZN5codal3Pin8drainPinEv
                0x0000000008003220        0x8 CMakeFiles/STM32_BLUE_PILL.dir/pxtapp/core---stm32bluepill/pins.cpp.o
                0x0000000008003220                codal::Pin::drainPin()
 .text._ZN3pxt6getPinEi
                0x0000000008003228       0xbc CMakeFiles/STM32_BLUE_PILL.dir/pxtapp/core---stm32bluepill/pins.cpp.o
                0x0000000008003228                pxt::getPin(int)
 .text._ZN3pxt9getPinCfgEi
                0x00000000080032e4       0x14 CMakeFiles/STM32_BLUE_PILL.dir/pxtapp/core---stm32bluepill/pins.cpp.o
                0x00000000080032e4                pxt::getPinCfg(int)
 .text._ZN3pxt9lookupPinEi
                0x00000000080032f8       0x10 CMakeFiles/STM32_BLUE_PILL.dir/pxtapp/core---stm32bluepill/pins.cpp.o
                0x00000000080032f8                pxt::lookupPin(int)
 .text._ZN4pins12createBufferEi
                0x0000000008003308        0x8 CMakeFiles/STM32_BLUE_PILL.dir/pxtapp/core---stm32bluepill/pins.cpp.o
                0x0000000008003308                pins::createBuffer(int)
 .text._ZN4pins13pulseDurationEv
                0x0000000008003310        0xc CMakeFiles/STM32_BLUE_PILL.dir/pxtapp/core---stm32bluepill/pins.cpp.o
                0x0000000008003310                pins::pulseDuration()
 .text._ZN18AnalogInPinMethods10analogReadEPN5codal16STM32BluePillPinE
                0x000000000800331c        0x8 CMakeFiles/STM32_BLUE_PILL.dir/pxtapp/core---stm32bluepill/pinsAnalog.cpp.o
                0x000000000800331c                AnalogInPinMethods::analogRead(codal::STM32BluePillPin*)
 .text._ZN19AnalogOutPinMethods11analogWriteEPN5codal16STM32BluePillPinEi
                0x0000000008003324        0x8 CMakeFiles/STM32_BLUE_PILL.dir/pxtapp/core---stm32bluepill/pinsAnalog.cpp.o
                0x0000000008003324                AnalogOutPinMethods::analogWrite(codal::STM32BluePillPin*, int)
 .text._ZN22DigitalInOutPinMethods11digitalReadEPN5codal16STM32BluePillPinE
                0x000000000800332c       0x10 CMakeFiles/STM32_BLUE_PILL.dir/pxtapp/core---stm32bluepill/pinsDigital.cpp.o
                0x000000000800332c                DigitalInOutPinMethods::digitalRead(codal::STM32BluePillPin*)
 .text._ZN22DigitalInOutPinMethods12digitalWriteEPN5codal16STM32BluePillPinEb
                0x000000000800333c        0x8 CMakeFiles/STM32_BLUE_PILL.dir/pxtapp/core---stm32bluepill/pinsDigital.cpp.o
                0x000000000800333c                DigitalInOutPinMethods::digitalWrite(codal::STM32BluePillPin*, bool)
 .text._ZN22DigitalInOutPinMethods8onPulsedEPN5codal16STM32BluePillPinE10PulseValuePN3pxt12TValueStructE
                0x0000000008003344       0x20 CMakeFiles/STM32_BLUE_PILL.dir/pxtapp/core---stm32bluepill/pinsDigital.cpp.o
                0x0000000008003344                DigitalInOutPinMethods::onPulsed(codal::STM32BluePillPin*, PulseValue, pxt::TValueStruct*)
 .text._ZN22DigitalInOutPinMethods7onEventEPN5codal16STM32BluePillPinE8PinEventPN3pxt12TValueStructE
                0x0000000008003364       0x38 CMakeFiles/STM32_BLUE_PILL.dir/pxtapp/core---stm32bluepill/pinsDigital.cpp.o
                0x0000000008003364                DigitalInOutPinMethods::onEvent(codal::STM32BluePillPin*, PinEvent, pxt::TValueStruct*)
 .text._ZN22DigitalInOutPinMethods7pulseInEPN5codal16STM32BluePillPinE10PulseValuei
                0x000000000800339c       0x8c CMakeFiles/STM32_BLUE_PILL.dir/pxtapp/core---stm32bluepill/pinsDigital.cpp.o
                0x000000000800339c                DigitalInOutPinMethods::pulseIn(codal::STM32BluePillPin*, PulseValue, int)
 .text._ZN22DigitalInOutPinMethods7setPullEPN5codal16STM32BluePillPinE11PinPullMode
                0x0000000008003428       0x18 CMakeFiles/STM32_BLUE_PILL.dir/pxtapp/core---stm32bluepill/pinsDigital.cpp.o
                0x0000000008003428                DigitalInOutPinMethods::setPull(codal::STM32BluePillPin*, PinPullMode)
 .text._ZN17PwmOnlyPinMethods15analogSetPeriodEPN5codal16STM32BluePillPinEi
                0x0000000008003440        0x4 CMakeFiles/STM32_BLUE_PILL.dir/pxtapp/core---stm32bluepill/pinsPWM.cpp.o
                0x0000000008003440                PwmOnlyPinMethods::analogSetPeriod(codal::STM32BluePillPin*, int)
 .text._ZN17PwmOnlyPinMethods10servoWriteEPN5codal16STM32BluePillPinEi
                0x0000000008003444       0x14 CMakeFiles/STM32_BLUE_PILL.dir/pxtapp/core---stm32bluepill/pinsPWM.cpp.o
                0x0000000008003444                PwmOnlyPinMethods::servoWrite(codal::STM32BluePillPin*, int)
 .text._ZN17PwmOnlyPinMethods13servoSetPulseEPN5codal16STM32BluePillPinEi
                0x0000000008003458        0x4 CMakeFiles/STM32_BLUE_PILL.dir/pxtapp/core---stm32bluepill/pinsPWM.cpp.o
                0x0000000008003458                PwmOnlyPinMethods::servoSetPulse(codal::STM32BluePillPin*, int)
 .text._ZN3pxt13platform_initEv
                0x000000000800345c       0x1c CMakeFiles/STM32_BLUE_PILL.dir/pxtapp/core---stm32bluepill/platform.cpp.o
                0x000000000800345c                pxt::platform_init()
 .text._Z14cpu_clock_initv
                0x0000000008003478        0x4 CMakeFiles/STM32_BLUE_PILL.dir/pxtapp/core---stm32bluepill/platform.cpp.o
                0x0000000008003478                cpu_clock_init()
 .text._ZN4pinsL7initSPIEv.part.0
                0x000000000800347c       0x54 CMakeFiles/STM32_BLUE_PILL.dir/pxtapp/core---stm32bluepill/spi.cpp.o
 .text._ZN4pins8spiWriteEi
                0x00000000080034d0       0x28 CMakeFiles/STM32_BLUE_PILL.dir/pxtapp/core---stm32bluepill/spi.cpp.o
                0x00000000080034d0                pins::spiWrite(int)
 .text._ZN4pins11spiTransferEPN3pxt11BoxedBufferES2_
                0x00000000080034f8       0x40 CMakeFiles/STM32_BLUE_PILL.dir/pxtapp/core---stm32bluepill/spi.cpp.o
                0x00000000080034f8                pins::spiTransfer(pxt::BoxedBuffer*, pxt::BoxedBuffer*)
 .text._ZN4pins12spiFrequencyEi
                0x0000000008003538       0x28 CMakeFiles/STM32_BLUE_PILL.dir/pxtapp/core---stm32bluepill/spi.cpp.o
                0x0000000008003538                pins::spiFrequency(int)
 .text._ZN4pins7spiModeEi
                0x0000000008003560       0x2c CMakeFiles/STM32_BLUE_PILL.dir/pxtapp/core---stm32bluepill/spi.cpp.o
                0x0000000008003560                pins::spiMode(int)
 .text._ZN3pxt8usb_initEv
                0x000000000800358c        0x4 CMakeFiles/STM32_BLUE_PILL.dir/pxtapp/core---stm32bluepill/usb.cpp.o
                0x000000000800358c                pxt::usb_init()
 .text._ZN3pxt10sendSerialEPKci
                0x0000000008003590       0x10 CMakeFiles/STM32_BLUE_PILL.dir/pxtapp/core---stm32bluepill/usb.cpp.o
                0x0000000008003590                pxt::sendSerial(char const*, int)
 .text._ZN3pxt9dumpDmesgEv
                0x00000000080035a0       0x3c CMakeFiles/STM32_BLUE_PILL.dir/pxtapp/core---stm32bluepill/usb.cpp.o
                0x00000000080035a0                pxt::dumpDmesg()
 .text.startup.main
                0x00000000080035dc        0xc CMakeFiles/STM32_BLUE_PILL.dir/pxtapp/main.cpp.o
                0x00000000080035dc                main
 .text._ZN3pxt4incrEPNS_12TValueStructE
                0x00000000080035e8        0x4 CMakeFiles/STM32_BLUE_PILL.dir/pxtapp/pointers.cpp.o
                0x00000000080035e8                pxt::incr(pxt::TValueStruct*)
 .text._ZN3pxt4decrEPNS_12TValueStructE
                0x00000000080035ec        0x4 CMakeFiles/STM32_BLUE_PILL.dir/pxtapp/pointers.cpp.o
                0x00000000080035ec                pxt::decr(pxt::TValueStruct*)
 .text._ZN3pxt12ptrOfLiteralEi
                0x00000000080035f0       0x10 CMakeFiles/STM32_BLUE_PILL.dir/pxtapp/pointers.cpp.o
                0x00000000080035f0                pxt::ptrOfLiteral(int)
 .text._ZN3pxt16startPerfCounterENS_12PerfCountersE
                0x0000000008003600        0x4 CMakeFiles/STM32_BLUE_PILL.dir/pxtapp/pointers.cpp.o
                0x0000000008003600                pxt::startPerfCounter(pxt::PerfCounters)
 .text._ZN3pxt15stopPerfCounterENS_12PerfCountersE
                0x0000000008003604        0x4 CMakeFiles/STM32_BLUE_PILL.dir/pxtapp/pointers.cpp.o
                0x0000000008003604                pxt::stopPerfCounter(pxt::PerfCounters)
 .text._ZN3pxt16dumpPerfCountersEv
                0x0000000008003608        0x4 CMakeFiles/STM32_BLUE_PILL.dir/pxtapp/pointers.cpp.o
                0x0000000008003608                pxt::dumpPerfCounters()
 .text._strtol_l.isra.0
                0x000000000800360c       0xf0 libnewlib.a(strtol.c.o)
 .text.strtol   0x00000000080036fc       0x14 libnewlib.a(strtol.c.o)
                0x00000000080036fc                strtol
 .text._ZN5codal14string_reverseEPc
                0x0000000008003710       0x2c libcodal-core.a(CodalCompat.cpp.o)
                0x0000000008003710                codal::string_reverse(char*)
 .text._ZN5codal4itoaEiPc
                0x000000000800373c       0x64 libcodal-core.a(CodalCompat.cpp.o)
                0x000000000800373c                codal::itoa(int, char*)
 .text._ZN5codal11seed_randomEm
                0x00000000080037a0        0xc libcodal-core.a(CodalCompat.cpp.o)
                0x00000000080037a0                codal::seed_random(unsigned long)
 .text._ZN5codal14CodalComponent16periodicCallbackEv
                0x00000000080037ac        0x4 libcodal-core.a(CodalComponent.cpp.o)
                0x00000000080037ac                codal::CodalComponent::periodicCallback()
 .text._ZN5codal14CodalComponent12idleCallbackEv
                0x00000000080037b0        0x4 libcodal-core.a(CodalComponent.cpp.o)
                0x00000000080037b0                codal::CodalComponent::idleCallback()
 .text._ZN5codal10EventModel3addEPNS_8ListenerE
                0x00000000080037b4        0x8 libcodal-core.a(CodalComponent.cpp.o)
                0x00000000080037b4                codal::EventModel::add(codal::Listener*)
 .text._Z18component_callbackN5codal5EventE
                0x00000000080037bc       0x74 libcodal-core.a(CodalComponent.cpp.o)
                0x00000000080037bc                component_callback(codal::Event)
 .text._ZN5codal14CodalComponent12addComponentEv
                0x0000000008003830       0xd8 libcodal-core.a(CodalComponent.cpp.o)
                0x0000000008003830                codal::CodalComponent::addComponent()
 .text._ZN5codal14CodalComponent15removeComponentEv
                0x0000000008003908       0x28 libcodal-core.a(CodalComponent.cpp.o)
                0x0000000008003908                codal::CodalComponent::removeComponent()
 .text._ZN5codal11CodalDevice10getVersionEv
                0x0000000008003930        0x8 libcodal-core.a(CodalDevice.cpp.o)
                0x0000000008003930                codal::CodalDevice::getVersion()
 .text._ZN5codal11CodalDevice5sleepEm
                0x0000000008003938        0x8 libcodal-core.a(CodalDevice.cpp.o)
                0x0000000008003938                codal::CodalDevice::sleep(unsigned long)
 .text._ZN5codal11CodalDevice10seedRandomEm
                0x0000000008003940        0x8 libcodal-core.a(CodalDevice.cpp.o)
                0x0000000008003940                codal::CodalDevice::seedRandom(unsigned long)
 .text._ZN5codal11CodalDevice5panicEi
                0x0000000008003948        0x8 libcodal-core.a(CodalDevice.cpp.o)
                0x0000000008003948                codal::CodalDevice::panic(int)
 .text._ZN5codal11CodalDevice15getSerialNumberEv
                0x0000000008003950        0x4 libcodal-core.a(CodalDevice.cpp.o)
                0x0000000008003950                codal::CodalDevice::getSerialNumber()
 .text._ZN5codal11CodalDevice4waitEm
                0x0000000008003954        0x8 libcodal-core.a(CodalDevice.cpp.o)
                0x0000000008003954                codal::CodalDevice::wait(unsigned long)
 .text._ZN5codal11CodalDevice5resetEv
                0x000000000800395c        0x4 libcodal-core.a(CodalDevice.cpp.o)
                0x000000000800395c                codal::CodalDevice::reset()
 .text._ZL9logwritenPKci
                0x0000000008003960       0x74 libcodal-core.a(CodalDmesg.cpp.o)
 .text._ZL11logwritenummbb
                0x00000000080039d4       0x88 libcodal-core.a(CodalDmesg.cpp.o)
 .text.codal_dmesg_set_flush_fn
                0x0000000008003a5c        0xc libcodal-core.a(CodalDmesg.cpp.o)
                0x0000000008003a5c                codal_dmesg_set_flush_fn
 .text.codal_vdmesg
                0x0000000008003a68       0xd4 libcodal-core.a(CodalDmesg.cpp.o)
                0x0000000008003a68                codal_vdmesg
 .text.codal_dmesg
                0x0000000008003b3c       0x20 libcodal-core.a(CodalDmesg.cpp.o)
                0x0000000008003b3c                codal_dmesg
 .text._ZN5codal10EventModel6removeEPNS_8ListenerE
                0x0000000008003b5c        0x8 libcodal-core.a(CodalFiber.cpp.o)
                0x0000000008003b5c                codal::EventModel::remove(codal::Listener*)
 .text._ZL15get_fibers_fromPPPN5codal5FiberEPiS1_
                0x0000000008003b64       0x34 libcodal-core.a(CodalFiber.cpp.o)
 .text._ZN5codal11list_fibersEPPNS_5FiberE
                0x0000000008003b98       0x5c libcodal-core.a(CodalFiber.cpp.o)
                0x0000000008003b98                codal::list_fibers(codal::Fiber**)
 .text._ZN5codal11queue_fiberEPNS_5FiberEPS1_
                0x0000000008003bf4       0x38 libcodal-core.a(CodalFiber.cpp.o)
                0x0000000008003bf4                codal::queue_fiber(codal::Fiber*, codal::Fiber**)
 .text._ZN5codal13dequeue_fiberEPNS_5FiberE
                0x0000000008003c2c       0x34 libcodal-core.a(CodalFiber.cpp.o)
                0x0000000008003c2c                codal::dequeue_fiber(codal::Fiber*)
 .text._ZN5codal14scheduler_tickENS_5EventE
                0x0000000008003c60       0x44 libcodal-core.a(CodalFiber.cpp.o)
                0x0000000008003c60                codal::scheduler_tick(codal::Event)
 .text._ZN5codal15scheduler_eventENS_5EventE
                0x0000000008003ca4       0xe4 libcodal-core.a(CodalFiber.cpp.o)
                0x0000000008003ca4                codal::scheduler_event(codal::Event)
 .text._Z15getFiberContextv
                0x0000000008003d88       0x50 libcodal-core.a(CodalFiber.cpp.o)
                0x0000000008003d88                getFiberContext()
 .text._ZL10handle_fobv
                0x0000000008003dd8       0x34 libcodal-core.a(CodalFiber.cpp.o)
 .text._Z14__create_fibermmmi.part.2
                0x0000000008003e0c       0x58 libcodal-core.a(CodalFiber.cpp.o)
 .text._ZN5codal14scheduler_initERNS_10EventModelE
                0x0000000008003e64      0x138 libcodal-core.a(CodalFiber.cpp.o)
                0x0000000008003e64                codal::scheduler_init(codal::EventModel&)
 .text._ZN5codal23fiber_scheduler_runningEv
                0x0000000008003f9c       0x10 libcodal-core.a(CodalFiber.cpp.o)
                0x0000000008003f9c                codal::fiber_scheduler_running()
 .text._ZN5codal19fiber_wake_on_eventEtt
                0x0000000008003fac       0x98 libcodal-core.a(CodalFiber.cpp.o)
                0x0000000008003fac                codal::fiber_wake_on_event(unsigned short, unsigned short)
 .text._ZN5codal12create_fiberEPFvPvES0_S2_
                0x0000000008004044       0x2c libcodal-core.a(CodalFiber.cpp.o)
                0x0000000008004044                codal::create_fiber(void (*)(void*), void*, void (*)(void*))
 .text._ZN5codal24scheduler_runqueue_emptyEv
                0x0000000008004070       0x10 libcodal-core.a(CodalFiber.cpp.o)
                0x0000000008004070                codal::scheduler_runqueue_empty()
 .text._ZN5codal4idleEv
                0x0000000008004080       0x48 libcodal-core.a(CodalFiber.cpp.o)
                0x0000000008004080                codal::idle()
 .text._ZN5codal8scheduleEv.part.6
                0x00000000080040c8      0x184 libcodal-core.a(CodalFiber.cpp.o)
 .text._ZN5codal8scheduleEv
                0x000000000800424c       0x14 libcodal-core.a(CodalFiber.cpp.o)
                0x000000000800424c                codal::schedule()
 .text._ZN5codal11fiber_sleepEm
                0x0000000008004260       0x48 libcodal-core.a(CodalFiber.cpp.o)
                0x0000000008004260                codal::fiber_sleep(unsigned long)
 .text._ZN5codal20fiber_wait_for_eventEtt
                0x00000000080042a8       0x2c libcodal-core.a(CodalFiber.cpp.o)
                0x00000000080042a8                codal::fiber_wait_for_event(unsigned short, unsigned short)
 .text._ZN5codal13release_fiberEv
                0x00000000080042d4       0x7c libcodal-core.a(CodalFiber.cpp.o)
                0x00000000080042d4                codal::release_fiber()
 .text._ZN5codal16launch_new_fiberEPFvvES1_
                0x0000000008004350       0x10 libcodal-core.a(CodalFiber.cpp.o)
                0x0000000008004350                codal::launch_new_fiber(void (*)(), void (*)())
 .text._ZN5codal13release_fiberEPv
                0x0000000008004360       0x14 libcodal-core.a(CodalFiber.cpp.o)
                0x0000000008004360                codal::release_fiber(void*)
 .text._ZN5codal6invokeEPFvPvES0_
                0x0000000008004374       0xa0 libcodal-core.a(CodalFiber.cpp.o)
                0x0000000008004374                codal::invoke(void (*)(void*), void*)
 .text._ZN5codal22launch_new_fiber_paramEPFvPvES2_S0_
                0x0000000008004414       0x28 libcodal-core.a(CodalFiber.cpp.o)
                0x0000000008004414                codal::launch_new_fiber_param(void (*)(void*), void (*)(void*), void*)
 .text._ZN5codal9idle_taskEv
                0x000000000800443c       0x18 libcodal-core.a(CodalFiber.cpp.o)
                0x000000000800443c                codal::idle_task()
 .text._Z18device_create_heapmm
                0x0000000008004454       0x3c libcodal-core.a(CodalHeapAllocator.cpp.o)
                0x0000000008004454                device_create_heap(unsigned long, unsigned long)
 .text._Z16device_heap_sizeh
                0x0000000008004490       0x24 libcodal-core.a(CodalHeapAllocator.cpp.o)
                0x0000000008004490                device_heap_size(unsigned char)
 .text._Z16device_malloc_injR14HeapDefinition
                0x00000000080044b4       0x90 libcodal-core.a(CodalHeapAllocator.cpp.o)
                0x00000000080044b4                device_malloc_in(unsigned int, HeapDefinition&)
 .text.device_malloc
                0x0000000008004544       0x5c libcodal-core.a(CodalHeapAllocator.cpp.o)
                0x0000000008004544                device_malloc
 .text.device_free
                0x00000000080045a0       0x40 libcodal-core.a(CodalHeapAllocator.cpp.o)
                0x00000000080045a0                device_free
 .text.calloc   0x00000000080045e0       0x20 libcodal-core.a(CodalHeapAllocator.cpp.o)
                0x00000000080045e0                calloc
 .text.device_realloc
                0x0000000008004600       0x30 libcodal-core.a(CodalHeapAllocator.cpp.o)
                0x0000000008004600                device_realloc
 .text._ZN5codal8ListenerC2EttPFvNS_5EventEEt
                0x0000000008004630       0x30 libcodal-core.a(CodalListener.cpp.o)
                0x0000000008004630                codal::Listener::Listener(unsigned short, unsigned short, void (*)(codal::Event), unsigned short)
                0x0000000008004630                codal::Listener::Listener(unsigned short, unsigned short, void (*)(codal::Event), unsigned short)
 .text._ZN5codal8ListenerD2Ev
                0x0000000008004660       0x18 libcodal-core.a(CodalListener.cpp.o)
                0x0000000008004660                codal::Listener::~Listener()
                0x0000000008004660                codal::Listener::~Listener()
 .text._ZN5codal8Listener5queueENS_5EventE
                0x0000000008004678       0x68 libcodal-core.a(CodalListener.cpp.o)
                0x0000000008004678                codal::Listener::queue(codal::Event)
 .text._ZN5codal5Timer17disableInterruptsEv
                0x00000000080046e0        0xc libcodal-core.a(Timer.cpp.o)
                0x00000000080046e0                codal::Timer::disableInterrupts()
 .text._ZN5codal5Timer16enableInterruptsEv
                0x00000000080046ec        0xc libcodal-core.a(Timer.cpp.o)
                0x00000000080046ec                codal::Timer::enableInterrupts()
 .text._ZN5codal5TimerC2Ev
                0x00000000080046f8       0x30 libcodal-core.a(Timer.cpp.o)
                0x00000000080046f8                codal::Timer::Timer()
                0x00000000080046f8                codal::Timer::Timer()
 .text._ZN5codal5Timer8setEventEmttb
                0x0000000008004728       0xb8 libcodal-core.a(Timer.cpp.o)
                0x0000000008004728                codal::Timer::setEvent(unsigned long, unsigned short, unsigned short, bool)
 .text._ZN5codal5Timer4syncEm
                0x00000000080047e0       0x30 libcodal-core.a(Timer.cpp.o)
                0x00000000080047e0                codal::Timer::sync(unsigned long)
 .text._ZN5codal5Timer7triggerEv
                0x0000000008004810       0xd4 libcodal-core.a(Timer.cpp.o)
                0x0000000008004810                codal::Timer::trigger()
 .text._ZN5codal5TimerD2Ev
                0x00000000080048e4        0x4 libcodal-core.a(Timer.cpp.o)
                0x00000000080048e4                codal::Timer::~Timer()
                0x00000000080048e4                codal::Timer::~Timer()
 .text._ZN5codal25system_timer_current_timeEv
                0x00000000080048e8       0x1c libcodal-core.a(Timer.cpp.o)
                0x00000000080048e8                codal::system_timer_current_time()
 .text._ZN5codal28system_timer_current_time_usEv
                0x0000000008004904       0x1c libcodal-core.a(Timer.cpp.o)
                0x0000000008004904                codal::system_timer_current_time_us()
 .text._ZN5codal27system_timer_event_every_usEmtt
                0x0000000008004920       0x2c libcodal-core.a(Timer.cpp.o)
                0x0000000008004920                codal::system_timer_event_every_us(unsigned long, unsigned short, unsigned short)
 .text._ZN5codal10EventModel4sendENS_5EventE
                0x000000000800494c       0x14 libcodal-core.a(MessageBus.cpp.o)
                0x000000000800494c                codal::EventModel::send(codal::Event)
 .text._ZN5codal10MessageBus9elementAtEi
                0x0000000008004960       0x18 libcodal-core.a(MessageBus.cpp.o)
                0x0000000008004960                codal::MessageBus::elementAt(int)
 .text._ZN5codal14CodalComponentD2Ev
                0x0000000008004978       0x18 libcodal-core.a(MessageBus.cpp.o)
                0x0000000008004978                codal::CodalComponent::~CodalComponent()
                0x0000000008004978                codal::CodalComponent::~CodalComponent()
 .text._ZN5codal14CodalComponentD0Ev
                0x0000000008004990       0x20 libcodal-core.a(MessageBus.cpp.o)
                0x0000000008004990                codal::CodalComponent::~CodalComponent()
 .text._ZN5codal22MemberFunctionCallback10methodCallINS_10MessageBusEEEvPvPmNS_5EventE
                0x00000000080049b0       0x30 libcodal-core.a(MessageBus.cpp.o)
                0x00000000080049b0                void codal::MemberFunctionCallback::methodCall<codal::MessageBus>(void*, unsigned long*, codal::Event)
 .text._ZN5codal10MessageBus6removeEPNS_8ListenerE
                0x00000000080049e0       0x88 libcodal-core.a(MessageBus.cpp.o)
                0x00000000080049e0                codal::MessageBus::remove(codal::Listener*)
 .text._ZN5codal10MessageBus3addEPNS_8ListenerE
                0x0000000008004a68       0xe8 libcodal-core.a(MessageBus.cpp.o)
                0x0000000008004a68                codal::MessageBus::add(codal::Listener*)
 .text._Z14async_callbackPv
                0x0000000008004b50       0x7c libcodal-core.a(MessageBus.cpp.o)
                0x0000000008004b50                async_callback(void*)
 .text._ZN5codal10MessageBus12dequeueEventEv
                0x0000000008004bcc       0x24 libcodal-core.a(MessageBus.cpp.o)
                0x0000000008004bcc                codal::MessageBus::dequeueEvent()
 .text._ZN5codal10MessageBus21deleteMarkedListenersEv
                0x0000000008004bf0       0x54 libcodal-core.a(MessageBus.cpp.o)
                0x0000000008004bf0                codal::MessageBus::deleteMarkedListeners()
 .text._ZN5codal10MessageBus7processERNS_5EventEb
                0x0000000008004c44       0x9c libcodal-core.a(MessageBus.cpp.o)
                0x0000000008004c44                codal::MessageBus::process(codal::Event&, bool)
 .text._ZN5codal10MessageBus10queueEventERNS_5EventE
                0x0000000008004ce0       0x64 libcodal-core.a(MessageBus.cpp.o)
                0x0000000008004ce0                codal::MessageBus::queueEvent(codal::Event&)
 .text._ZN5codal10MessageBus4sendENS_5EventE
                0x0000000008004d44       0x18 libcodal-core.a(MessageBus.cpp.o)
                0x0000000008004d44                codal::MessageBus::send(codal::Event)
 .text._ZN5codal10MessageBus4idleENS_5EventE
                0x0000000008004d5c       0x44 libcodal-core.a(MessageBus.cpp.o)
                0x0000000008004d5c                codal::MessageBus::idle(codal::Event)
 .text._ZN5codal19allocateNotifyEventEv
                0x0000000008004da0       0x10 libcodal-core.a(MessageBus.cpp.o)
                0x0000000008004da0                codal::allocateNotifyEvent()
 .text._ZN5codal8ListenerC2INS_10MessageBusEEEttPT_MS3_FvNS_5EventEEt
                0x0000000008004db0       0x64 libcodal-core.a(MessageBus.cpp.o)
                0x0000000008004db0                codal::Listener::Listener<codal::MessageBus>(unsigned short, unsigned short, codal::MessageBus*, void (codal::MessageBus::*)(codal::Event), unsigned short)
                0x0000000008004db0                codal::Listener::Listener<codal::MessageBus>(unsigned short, unsigned short, codal::MessageBus*, void (codal::MessageBus::*)(codal::Event), unsigned short)
 .text._ZN5codal10MessageBusC2Ev
                0x0000000008004e14       0x94 libcodal-core.a(MessageBus.cpp.o)
                0x0000000008004e14                codal::MessageBus::MessageBus()
                0x0000000008004e14                codal::MessageBus::MessageBus()
 .text._ZN5codal10MessageBusD2Ev
                0x0000000008004ea8       0x64 libcodal-core.a(MessageBus.cpp.o)
                0x0000000008004ea8                codal::MessageBus::~MessageBus()
                0x0000000008004ea8                codal::MessageBus::~MessageBus()
 .text._ZThn8_N5codal10MessageBusD1Ev
                0x0000000008004f0c        0x8 libcodal-core.a(MessageBus.cpp.o)
                0x0000000008004f0c                non-virtual thunk to codal::MessageBus::~MessageBus()
 .text._ZN5codal10MessageBusD0Ev
                0x0000000008004f14       0x14 libcodal-core.a(MessageBus.cpp.o)
                0x0000000008004f14                codal::MessageBus::~MessageBus()
 .text._ZThn8_N5codal10MessageBusD0Ev
                0x0000000008004f28        0x8 libcodal-core.a(MessageBus.cpp.o)
                0x0000000008004f28                non-virtual thunk to codal::MessageBus::~MessageBus()
 .text._ZN5codal5EventC2EttNS_15EventLaunchModeE.part.0
                0x0000000008004f30       0x2c libcodal-core.a(Event.cpp.o)
 .text._ZN5codal5EventC2EttNS_15EventLaunchModeE
                0x0000000008004f5c       0x1c libcodal-core.a(Event.cpp.o)
                0x0000000008004f5c                codal::Event::Event(unsigned short, unsigned short, codal::EventLaunchMode)
                0x0000000008004f5c                codal::Event::Event(unsigned short, unsigned short, codal::EventLaunchMode)
 .text._ZN5codal5EventC2EttmNS_15EventLaunchModeE
                0x0000000008004f78       0x18 libcodal-core.a(Event.cpp.o)
                0x0000000008004f78                codal::Event::Event(unsigned short, unsigned short, unsigned long, codal::EventLaunchMode)
                0x0000000008004f78                codal::Event::Event(unsigned short, unsigned short, unsigned long, codal::EventLaunchMode)
 .text._ZN5codal5EventC2Ev
                0x0000000008004f90       0x14 libcodal-core.a(Event.cpp.o)
                0x0000000008004f90                codal::Event::Event()
                0x0000000008004f90                codal::Event::Event()
 .text._ZN5codal14EventQueueItemC2ENS_5EventE
                0x0000000008004fa4       0x24 libcodal-core.a(Event.cpp.o)
                0x0000000008004fa4                codal::EventQueueItem::EventQueueItem(codal::Event)
                0x0000000008004fa4                codal::EventQueueItem::EventQueueItem(codal::Event)
 .text._ZN5codal22MemberFunctionCallback4fireENS_5EventE
                0x0000000008004fc8       0x20 libcodal-core.a(MemberFunctionCallback.cpp.o)
                0x0000000008004fc8                codal::MemberFunctionCallback::fire(codal::Event)
 .text._ZN5codal22MemberFunctionCallbackeqERKS0_
                0x0000000008004fe8       0x20 libcodal-core.a(MemberFunctionCallback.cpp.o)
                0x0000000008004fe8                codal::MemberFunctionCallback::operator==(codal::MemberFunctionCallback const&)
 .text.__wrap___aeabi_ddiv
                0x0000000008005008       0x30 libnano-float.a(functions.c.o)
                0x0000000008005008                __wrap___aeabi_ddiv
 .text.__wrap___aeabi_dmul
                0x0000000008005038       0x30 libnano-float.a(functions.c.o)
                0x0000000008005038                __wrap___aeabi_dmul
 .text.__wrap___aeabi_dcmpeq
                0x0000000008005068       0x34 libnano-float.a(functions.c.o)
                0x0000000008005068                __wrap___aeabi_dcmpeq
 .text.__wrap___aeabi_dcmplt
                0x000000000800509c       0x30 libnano-float.a(functions.c.o)
                0x000000000800509c                __wrap___aeabi_dcmplt
 .text.__wrap___aeabi_dcmple
                0x00000000080050cc       0x34 libnano-float.a(functions.c.o)
                0x00000000080050cc                __wrap___aeabi_dcmple
 .text.__wrap___aeabi_dcmpge
                0x0000000008005100       0x30 libnano-float.a(functions.c.o)
                0x0000000008005100                __wrap___aeabi_dcmpge
 .text.__wrap___aeabi_dcmpgt
                0x0000000008005130       0x34 libnano-float.a(functions.c.o)
                0x0000000008005130                __wrap___aeabi_dcmpgt
 .text.__wrap___aeabi_dcmpun
                0x0000000008005164       0x34 libnano-float.a(functions.c.o)
                0x0000000008005164                __wrap___aeabi_dcmpun
 .text.__wrap___aeabi_d2iz
                0x0000000008005198       0x2c libnano-float.a(functions.c.o)
                0x0000000008005198                __wrap___aeabi_d2iz
 .text.__wrap___aeabi_d2uiz
                0x00000000080051c4       0x38 libnano-float.a(functions.c.o)
                0x00000000080051c4                __wrap___aeabi_d2uiz
 .text.sqrt     0x00000000080051fc       0x1c libnano-float.a(functions.c.o)
                0x00000000080051fc                sqrt
 .text.log      0x0000000008005218       0x1c libnano-float.a(functions.c.o)
                0x0000000008005218                log
 .text.exp      0x0000000008005234       0x1c libnano-float.a(functions.c.o)
                0x0000000008005234                exp
 .text.log2     0x0000000008005250       0x28 libnano-float.a(functions.c.o)
                0x0000000008005250                log2
 .text.log10    0x0000000008005278       0x28 libnano-float.a(functions.c.o)
                0x0000000008005278                log10
 .text.pow      0x00000000080052a0       0x8c libnano-float.a(functions.c.o)
                0x00000000080052a0                pow
 .text.sin      0x000000000800532c       0x1c libnano-float.a(functions.c.o)
                0x000000000800532c                sin
 .text.cos      0x0000000008005348       0x34 libnano-float.a(functions.c.o)
                0x0000000008005348                cos
 .text.tan      0x000000000800537c       0x1c libnano-float.a(functions.c.o)
                0x000000000800537c                tan
 .text.atan2    0x0000000008005398       0x54 libnano-float.a(functions.c.o)
                0x0000000008005398                atan2
 .text.atan     0x00000000080053ec       0xa8 libnano-float.a(functions.c.o)
                0x00000000080053ec                atan
 .text.asin     0x0000000008005494       0x8c libnano-float.a(functions.c.o)
                0x0000000008005494                asin
 .text.sinh     0x0000000008005520       0xa0 libnano-float.a(functions.c.o)
                0x0000000008005520                sinh
 .text.cosh     0x00000000080055c0       0xa0 libnano-float.a(functions.c.o)
                0x00000000080055c0                cosh
 .text.tanh     0x0000000008005660       0xb0 libnano-float.a(functions.c.o)
                0x0000000008005660                tanh
 .text.asinh    0x0000000008005710       0xa0 libnano-float.a(functions.c.o)
                0x0000000008005710                asinh
 .text.acosh    0x00000000080057b0       0xac libnano-float.a(functions.c.o)
                0x00000000080057b0                acosh
 .text.atanh    0x000000000800585c       0xb8 libnano-float.a(functions.c.o)
                0x000000000800585c                atanh
 .text.trunc    0x0000000008005914       0x8c libnano-float.a(functions.c.o)
                0x0000000008005914                trunc
 .text.floor    0x00000000080059a0       0x88 libnano-float.a(functions.c.o)
                0x00000000080059a0                floor
 .text.ceil     0x0000000008005a28       0x88 libnano-float.a(functions.c.o)
                0x0000000008005a28                ceil
 .text.fmod     0x0000000008005ab0      0x144 libnano-float.a(functions.c.o)
                0x0000000008005ab0                fmod
 .text.platform_setup
                0x0000000008005bf4       0x54 libstm32.a(bluepill.cpp.o)
                0x0000000008005bf4                platform_setup
 .text.enable_debug
                0x0000000008005c48       0x10 libstm32.a(bluepill.cpp.o)