Archive member included to satisfy reference by file (symbol)

libnewlib.a(memcpy-stub.c.o)  CMakeFiles/STM32_BLUE_PILL.dir/pxtapp/base/buffer.cpp.o (memcpy)
libnewlib.a(strcmp.S.o)       CMakeFiles/STM32_BLUE_PILL.dir/pxtapp/base/core.cpp.o (strcmp)
libnewlib.a(strlen.S.o)       CMakeFiles/STM32_BLUE_PILL.dir/pxtapp/base/core.cpp.o (strlen)
libnewlib.a(malloc.c.o)       CMakeFiles/STM32_BLUE_PILL.dir/pxtapp/base/gc.cpp.o (malloc)
libnewlib.a(nano-mallocr.c.o)
                              libnewlib.a(malloc.c.o) (_malloc_r)
libnewlib.a(realloc.c.o)      CMakeFiles/STM32_BLUE_PILL.dir/pxtapp/core---stm32bluepill/pins.cpp.o (realloc)
libnewlib.a(strtol.c.o)       CMakeFiles/STM32_BLUE_PILL.dir/pxtapp/base/core.cpp.o (strtol)
libnewlib.a(memcmp.c.o)       CMakeFiles/STM32_BLUE_PILL.dir/pxtapp/base/pxt.cpp.o (memcmp)
libnewlib.a(memmove.c.o)      CMakeFiles/STM32_BLUE_PILL.dir/pxtapp/base/buffer.cpp.o (memmove)
libnewlib.a(memset.c.o)       CMakeFiles/STM32_BLUE_PILL.dir/pxtapp/base/buffer.cpp.o (memset)
libnewlib.a(strstr.c.o)       CMakeFiles/STM32_BLUE_PILL.dir/pxtapp/base/core.cpp.o (strstr)
libnewlib.a(fiprintf.c.o)     libnewlib.a(nano-mallocr.c.o) (fiprintf)
libnewlib.a(vfiprintf.c.o)    libnewlib.a(fiprintf.c.o) (vfiprintf)
libnewlib.a(s_trunc.c.o)      CMakeFiles/STM32_BLUE_PILL.dir/pxtapp/base/core.cpp.o (trunc)
libnewlib.a(e_sqrt.c.o)       CMakeFiles/STM32_BLUE_PILL.dir/pxtapp/base/core.cpp.o (sqrt)
libnewlib.a(s_ceil.c.o)       CMakeFiles/STM32_BLUE_PILL.dir/pxtapp/base/core.cpp.o (ceil)
libnewlib.a(s_floor.c.o)      CMakeFiles/STM32_BLUE_PILL.dir/pxtapp/base/core.cpp.o (floor)
libnewlib.a(e_acos.c.o)       CMakeFiles/STM32_BLUE_PILL.dir/pxtapp/base/core.cpp.o (acos)
libnewlib.a(e_asin.c.o)       CMakeFiles/STM32_BLUE_PILL.dir/pxtapp/base/core.cpp.o (asin)
libnewlib.a(e_atan2.c.o)      CMakeFiles/STM32_BLUE_PILL.dir/pxtapp/base/core.cpp.o (atan2)
libnewlib.a(e_fmod.c.o)       CMakeFiles/STM32_BLUE_PILL.dir/pxtapp/base/core.cpp.o (fmod)
libnewlib.a(e_log.c.o)        CMakeFiles/STM32_BLUE_PILL.dir/pxtapp/base/core.cpp.o (log)
libnewlib.a(e_log10.c.o)      CMakeFiles/STM32_BLUE_PILL.dir/pxtapp/base/core.cpp.o (log10)
libnewlib.a(e_pow.c.o)        CMakeFiles/STM32_BLUE_PILL.dir/pxtapp/base/core.cpp.o (pow)
libnewlib.a(s_atan.c.o)       CMakeFiles/STM32_BLUE_PILL.dir/pxtapp/base/core.cpp.o (atan)
libnewlib.a(s_cos.c.o)        CMakeFiles/STM32_BLUE_PILL.dir/pxtapp/base/core.cpp.o (cos)
libnewlib.a(s_sin.c.o)        CMakeFiles/STM32_BLUE_PILL.dir/pxtapp/base/core.cpp.o (sin)
libnewlib.a(s_tan.c.o)        CMakeFiles/STM32_BLUE_PILL.dir/pxtapp/base/core.cpp.o (tan)
libnewlib.a(ctype_.c.o)       libnewlib.a(strtol.c.o) (_ctype_)
libnewlib.a(mlock.c.o)        libnewlib.a(nano-mallocr.c.o) (__malloc_lock)
libnewlib.a(strnlen.c.o)      libnewlib.a(vfiprintf.c.o) (strnlen)
libnewlib.a(fputc.c.o)        libnewlib.a(vfiprintf.c.o) (fputc)
libnewlib.a(ultoa_invert.c.o)
                              libnewlib.a(vfiprintf.c.o) (__ultoa_invert)
libnewlib.a(s_scalbn.c.o)     libnewlib.a(e_pow.c.o) (scalbn)
libnewlib.a(e_rem_pio2.c.o)   libnewlib.a(s_cos.c.o) (__ieee754_rem_pio2)
libnewlib.a(k_cos.c.o)        libnewlib.a(s_cos.c.o) (__kernel_cos)
libnewlib.a(k_rem_pio2.c.o)   libnewlib.a(e_rem_pio2.c.o) (__kernel_rem_pio2)
libnewlib.a(k_sin.c.o)        libnewlib.a(s_cos.c.o) (__kernel_sin)
libnewlib.a(k_tan.c.o)        libnewlib.a(s_tan.c.o) (__kernel_tan)
libcodal-core.a(CodalCompat.cpp.o)
                              CMakeFiles/STM32_BLUE_PILL.dir/pxtapp/base/core.cpp.o (codal::itoa(int, char*))
libcodal-core.a(CodalComponent.cpp.o)
                              CMakeFiles/STM32_BLUE_PILL.dir/pxtapp/core---stm32bluepill/codal.cpp.o (codal::CodalComponent::components)
libcodal-core.a(CodalDevice.cpp.o)
                              CMakeFiles/STM32_BLUE_PILL.dir/pxtapp/core---stm32bluepill/codal.cpp.o (vtable for codal::CodalDevice)
libcodal-core.a(CodalDmesg.cpp.o)
                              CMakeFiles/STM32_BLUE_PILL.dir/pxtapp/base/core.cpp.o (codal_dmesg)
libcodal-core.a(CodalFiber.cpp.o)
                              CMakeFiles/STM32_BLUE_PILL.dir/pxtapp/core---stm32bluepill/codal.cpp.o (codal::scheduler_init(codal::EventModel&))
libcodal-core.a(CodalListener.cpp.o)
                              CMakeFiles/STM32_BLUE_PILL.dir/pxtapp/core---stm32bluepill/codal.cpp.o (codal::Listener::Listener(unsigned short, unsigned short, void (*)(codal::Event), unsigned short))
libcodal-core.a(Timer.cpp.o)  CMakeFiles/STM32_BLUE_PILL.dir/pxtapp/core---stm32bluepill/codal.cpp.o (codal::Timer::~Timer())
libcodal-core.a(MessageBus.cpp.o)
                              CMakeFiles/STM32_BLUE_PILL.dir/pxtapp/core---stm32bluepill/codal.cpp.o (codal::MessageBus::add(codal::Listener*))
libcodal-core.a(Event.cpp.o)  CMakeFiles/STM32_BLUE_PILL.dir/pxtapp/core---stm32bluepill/control.cpp.o (codal::Event::Event(unsigned short, unsigned short, codal::EventLaunchMode))
libcodal-core.a(CodalHeapAllocator.cpp.o)
[...]
Memory Configuration

Name             Origin             Length             Attributes
rom              0x0000000008000000 0x0000000000010000 xr
ram              0x0000000020000000 0x0000000000005000 xrw
*default*        0x0000000000000000 0xffffffffffffffff

Linker script and memory map

START GROUP
LOAD CMakeFiles/STM32_BLUE_PILL.dir/pxtapp/base/advmath.cpp.o
LOAD CMakeFiles/STM32_BLUE_PILL.dir/pxtapp/base/buffer.cpp.o
LOAD CMakeFiles/STM32_BLUE_PILL.dir/pxtapp/base/control.cpp.o
LOAD CMakeFiles/STM32_BLUE_PILL.dir/pxtapp/base/core.cpp.o
LOAD CMakeFiles/STM32_BLUE_PILL.dir/pxtapp/base/gc.cpp.o
LOAD CMakeFiles/STM32_BLUE_PILL.dir/pxtapp/base/loops.cpp.o
LOAD CMakeFiles/STM32_BLUE_PILL.dir/pxtapp/base/pxt.cpp.o
LOAD CMakeFiles/STM32_BLUE_PILL.dir/pxtapp/core---stm32bluepill/codal.cpp.o
LOAD CMakeFiles/STM32_BLUE_PILL.dir/pxtapp/core---stm32bluepill/control.cpp.o
LOAD CMakeFiles/STM32_BLUE_PILL.dir/pxtapp/core---stm32bluepill/dmac.cpp.o
LOAD CMakeFiles/STM32_BLUE_PILL.dir/pxtapp/core---stm32bluepill/hf2.cpp.o
LOAD CMakeFiles/STM32_BLUE_PILL.dir/pxtapp/core---stm32bluepill/i2c.cpp.o
LOAD CMakeFiles/STM32_BLUE_PILL.dir/pxtapp/core---stm32bluepill/pins.cpp.o
LOAD CMakeFiles/STM32_BLUE_PILL.dir/pxtapp/core---stm32bluepill/pinsAnalog.cpp.o
LOAD CMakeFiles/STM32_BLUE_PILL.dir/pxtapp/core---stm32bluepill/pinsDigital.cpp.o
LOAD CMakeFiles/STM32_BLUE_PILL.dir/pxtapp/core---stm32bluepill/pinsPWM.cpp.o
LOAD CMakeFiles/STM32_BLUE_PILL.dir/pxtapp/core---stm32bluepill/platform.cpp.o
LOAD CMakeFiles/STM32_BLUE_PILL.dir/pxtapp/core---stm32bluepill/spi.cpp.o
LOAD CMakeFiles/STM32_BLUE_PILL.dir/pxtapp/core---stm32bluepill/usb.cpp.o
LOAD CMakeFiles/STM32_BLUE_PILL.dir/pxtapp/main.cpp.o
LOAD CMakeFiles/STM32_BLUE_PILL.dir/pxtapp/pointers.cpp.o
LOAD libcodal-libopencm3.a
LOAD libnewlib.a
LOAD libcodal-core.a
LOAD libcocoos.a
LOAD libbme280.a
LOAD libstm32.a
LOAD liblibopencm3.a
LOAD /usr/bin/../lib/gcc/arm-none-eabi/6.2.1/../../../../arm-none-eabi/lib/thumb/v7-m/libnosys.a
LOAD /usr/bin/../lib/gcc/arm-none-eabi/6.2.1/../../../../arm-none-eabi/lib/thumb/v7-m/libstdc++.a
LOAD /usr/bin/../lib/gcc/arm-none-eabi/6.2.1/../../../../arm-none-eabi/lib/thumb/v7-m/libsupc++.a
LOAD /usr/bin/../lib/gcc/arm-none-eabi/6.2.1/../../../../arm-none-eabi/lib/thumb/v7-m/libstdc++.a
LOAD /usr/bin/../lib/gcc/arm-none-eabi/6.2.1/../../../../arm-none-eabi/lib/thumb/v7-m/libsupc++.a
END GROUP

.text           0x0000000008000000     0xa7ec
 *(SORT(.vectors))
 .vectors       0x0000000008000000      0x150 liblibopencm3.a(vector.c.o)
                0x0000000008000000                vector_table
 *(SORT(.text*))
 .text._ZN6numops5mycvtEdPc
                0x0000000008000150      0x174 CMakeFiles/STM32_BLUE_PILL.dir/pxtapp/base/core.cpp.o
                0x0000000008000150                numops::mycvt(double, char*)
 *fill*         0x00000000080002c4        0x4 
 .text._ZN5Math_12randomDoubleEv
                0x00000000080002c8       0x54 CMakeFiles/STM32_BLUE_PILL.dir/pxtapp/base/core.cpp.o
                0x00000000080002c8                Math_::randomDouble()
 *fill*         0x000000000800031c        0x4 
 .text.ceil     0x0000000008000320      0x108 libnewlib.a(s_ceil.c.o)
                0x0000000008000320                ceil
 .text.floor    0x0000000008000428      0x108 libnewlib.a(s_floor.c.o)
                0x0000000008000428                floor
 .text.__ieee754_acos
                0x0000000008000530      0x4a0 libnewlib.a(e_acos.c.o)
                0x0000000008000530                acos
                0x0000000008000530                __ieee754_acos
 .text.__ieee754_asin
                0x00000000080009d0      0x3f8 libnewlib.a(e_asin.c.o)
                0x00000000080009d0                __ieee754_asin
                0x00000000080009d0                asin
 .text.__ieee754_atan2
                0x0000000008000dc8      0x1bc libnewlib.a(e_atan2.c.o)
                0x0000000008000dc8                __ieee754_atan2
                0x0000000008000dc8                atan2
 *fill*         0x0000000008000f84        0x4 
 .text.__ieee754_log
                0x0000000008000f88      0x3a8 libnewlib.a(e_log.c.o)
                0x0000000008000f88                log
                0x0000000008000f88                __ieee754_log
 .text.__ieee754_log10
                0x0000000008001330      0x104 libnewlib.a(e_log10.c.o)
                0x0000000008001330                __ieee754_log10
                0x0000000008001330                log10
 *fill*         0x0000000008001434        0x4 
 .text.__ieee754_pow
                0x0000000008001438      0x9f4 libnewlib.a(e_pow.c.o)
                0x0000000008001438                __ieee754_pow
                0x0000000008001438                pow
 *fill*         0x0000000008001e2c        0x4 
 .text.atan     0x0000000008001e30      0x32c libnewlib.a(s_atan.c.o)
                0x0000000008001e30                atan
 *fill*         0x000000000800215c        0x4 
 .text.scalbn   0x0000000008002160      0x10c libnewlib.a(s_scalbn.c.o)
                0x0000000008002160                scalbn
 *fill*         0x000000000800226c        0x4 
 .text.__ieee754_rem_pio2
                0x0000000008002270      0x3e0 libnewlib.a(e_rem_pio2.c.o)
                0x0000000008002270                __ieee754_rem_pio2
                0x0000000008002270                rem_pio2
 .text.__kernel_cos
                0x0000000008002650      0x1bc libnewlib.a(k_cos.c.o)
                0x0000000008002650                __kernel_cos
 *fill*         0x000000000800280c        0x4 
 .text.__kernel_sin
                0x0000000008002810      0x16c libnewlib.a(k_sin.c.o)
                0x0000000008002810                __kernel_sin
 *fill*         0x000000000800297c        0x4 
 .text.__kernel_tan
                0x0000000008002980      0x388 libnewlib.a(k_tan.c.o)
                0x0000000008002980                __kernel_tan
 .text._ZN5Math_4log2EPN3pxt12TValueStructE
                0x0000000008002d08        0x8 CMakeFiles/STM32_BLUE_PILL.dir/pxtapp/base/advmath.cpp.o
                0x0000000008002d08                Math_::log2(pxt::TValueStruct*)
 .text._ZN5Math_3expEPN3pxt12TValueStructE
                0x0000000008002d10        0x8 CMakeFiles/STM32_BLUE_PILL.dir/pxtapp/base/advmath.cpp.o
                0x0000000008002d10                Math_::exp(pxt::TValueStruct*)
 .text._ZN5Math_4tanhEPN3pxt12TValueStructE
                0x0000000008002d18        0x8 CMakeFiles/STM32_BLUE_PILL.dir/pxtapp/base/advmath.cpp.o
                0x0000000008002d18                Math_::tanh(pxt::TValueStruct*)
 .text._ZN5Math_4sinhEPN3pxt12TValueStructE
                0x0000000008002d20        0x8 CMakeFiles/STM32_BLUE_PILL.dir/pxtapp/base/advmath.cpp.o
                0x0000000008002d20                Math_::sinh(pxt::TValueStruct*)
 .text._ZN5Math_4coshEPN3pxt12TValueStructE
                0x0000000008002d28        0x8 CMakeFiles/STM32_BLUE_PILL.dir/pxtapp/base/advmath.cpp.o
                0x0000000008002d28                Math_::cosh(pxt::TValueStruct*)
 .text._ZN5Math_5atanhEPN3pxt12TValueStructE
                0x0000000008002d30        0x8 CMakeFiles/STM32_BLUE_PILL.dir/pxtapp/base/advmath.cpp.o
                0x0000000008002d30                Math_::atanh(pxt::TValueStruct*)
 .text._ZN5Math_5asinhEPN3pxt12TValueStructE
                0x0000000008002d38        0x8 CMakeFiles/STM32_BLUE_PILL.dir/pxtapp/base/advmath.cpp.o
                0x0000000008002d38                Math_::asinh(pxt::TValueStruct*)
 .text._ZN5Math_5acoshEPN3pxt12TValueStructE
                0x0000000008002d40        0x8 CMakeFiles/STM32_BLUE_PILL.dir/pxtapp/base/advmath.cpp.o
                0x0000000008002d40                Math_::acosh(pxt::TValueStruct*)
 .text._ZN3pxtL9readBytesEPhS0_ibi
                0x0000000008002d48       0x6c CMakeFiles/STM32_BLUE_PILL.dir/pxtapp/base/buffer.cpp.o
 .text._ZN13BufferMethods8getBytesEPN3pxt11BoxedBufferE
                0x0000000008002db4        0x4 CMakeFiles/STM32_BLUE_PILL.dir/pxtapp/base/buffer.cpp.o
                0x0000000008002db4                BufferMethods::getBytes(pxt::BoxedBuffer*)
 .text._ZN13BufferMethods7getByteEPN3pxt11BoxedBufferEi
                0x0000000008002db8       0x18 CMakeFiles/STM32_BLUE_PILL.dir/pxtapp/base/buffer.cpp.o
                0x0000000008002db8                BufferMethods::getByte(pxt::BoxedBuffer*, int)
 .text._ZN13BufferMethods7setByteEPN3pxt11BoxedBufferEii
                0x0000000008002dd0       0x14 CMakeFiles/STM32_BLUE_PILL.dir/pxtapp/base/buffer.cpp.o
                0x0000000008002dd0                BufferMethods::setByte(pxt::BoxedBuffer*, int, int)
 .text._ZN13BufferMethods11writeBufferEPN3pxt11BoxedBufferEiS2_ii
                0x0000000008002de4       0x54 CMakeFiles/STM32_BLUE_PILL.dir/pxtapp/base/buffer.cpp.o
                0x0000000008002de4                BufferMethods::writeBuffer(pxt::BoxedBuffer*, int, pxt::BoxedBuffer*, int, int)
 .text._ZN13BufferMethods6lengthEPN3pxt11BoxedBufferE
                0x0000000008002e38        0x4 CMakeFiles/STM32_BLUE_PILL.dir/pxtapp/base/buffer.cpp.o
                0x0000000008002e38                BufferMethods::length(pxt::BoxedBuffer*)
 .text._ZN13BufferMethods4fillEPN3pxt11BoxedBufferEiii
                0x0000000008002e3c       0x2c CMakeFiles/STM32_BLUE_PILL.dir/pxtapp/base/buffer.cpp.o
                0x0000000008002e3c                BufferMethods::fill(pxt::BoxedBuffer*, int, int, int)
 .text._ZN13BufferMethods5sliceEPN3pxt11BoxedBufferEii
                0x0000000008002e68       0x28 CMakeFiles/STM32_BLUE_PILL.dir/pxtapp/base/buffer.cpp.o
                0x0000000008002e68                BufferMethods::slice(pxt::BoxedBuffer*, int, int)
 .text._ZN13BufferMethods5shiftEPN3pxt11BoxedBufferEiii
                0x0000000008002e90       0x80 CMakeFiles/STM32_BLUE_PILL.dir/pxtapp/base/buffer.cpp.o
                0x0000000008002e90                BufferMethods::shift(pxt::BoxedBuffer*, int, int, int)
 .text._ZN13BufferMethods5toHexEPN3pxt11BoxedBufferE
                0x0000000008002f10       0x40 CMakeFiles/STM32_BLUE_PILL.dir/pxtapp/base/buffer.cpp.o
                0x0000000008002f10                BufferMethods::toHex(pxt::BoxedBuffer*)
 .text._ZN13BufferMethods6rotateEPN3pxt11BoxedBufferEiii
                0x0000000008002f50       0x70 CMakeFiles/STM32_BLUE_PILL.dir/pxtapp/base/buffer.cpp.o
                0x0000000008002f50                BufferMethods::rotate(pxt::BoxedBuffer*, int, int, int)
 .text._ZN13BufferMethods5writeEPN3pxt11BoxedBufferEiS2_
                0x0000000008002fc0       0x14 CMakeFiles/STM32_BLUE_PILL.dir/pxtapp/base/buffer.cpp.o
                0x0000000008002fc0                BufferMethods::write(pxt::BoxedBuffer*, int, pxt::BoxedBuffer*)
 .text._ZN7control12createBufferEi
                0x0000000008002fd4        0x8 CMakeFiles/STM32_BLUE_PILL.dir/pxtapp/base/buffer.cpp.o
                0x0000000008002fd4                control::createBuffer(int)
 .text._ZN3pxt13setNumberCoreEPhiNS_12NumberFormatEPNS_12TValueStructE
                0x0000000008002fdc      0x148 CMakeFiles/STM32_BLUE_PILL.dir/pxtapp/base/buffer.cpp.o
                0x0000000008002fdc                pxt::setNumberCore(unsigned char*, int, pxt::NumberFormat, pxt::TValueStruct*)
 .text._ZN13BufferMethods9setNumberEPN3pxt11BoxedBufferENS0_12NumberFormatEiPNS0_12TValueStructE
                0x0000000008003124       0x1c CMakeFiles/STM32_BLUE_PILL.dir/pxtapp/base/buffer.cpp.o
                0x0000000008003124                BufferMethods::setNumber(pxt::BoxedBuffer*, pxt::NumberFormat, int, pxt::TValueStruct*)
 .text._ZN3pxt13getNumberCoreEPhiNS_12NumberFormatE
                0x0000000008003140      0x120 CMakeFiles/STM32_BLUE_PILL.dir/pxtapp/base/buffer.cpp.o
                0x0000000008003140                pxt::getNumberCore(unsigned char*, int, pxt::NumberFormat)
 .text._ZN13BufferMethods9getNumberEPN3pxt11BoxedBufferENS0_12NumberFormatEi
                0x0000000008003260       0x1c CMakeFiles/STM32_BLUE_PILL.dir/pxtapp/base/buffer.cpp.o
                0x0000000008003260                BufferMethods::getNumber(pxt::BoxedBuffer*, pxt::NumberFormat, int)
 .text._ZN7control6millisEv
                0x000000000800327c        0x4 CMakeFiles/STM32_BLUE_PILL.dir/pxtapp/base/control.cpp.o
                0x000000000800327c                control::millis()
 .text._ZN7control15internalOnEventEiiPN3pxt12TValueStructEi
                0x0000000008003280        0x4 CMakeFiles/STM32_BLUE_PILL.dir/pxtapp/base/control.cpp.o
                0x0000000008003280                control::internalOnEvent(int, int, pxt::TValueStruct*, int)
 .text._ZN7control5resetEv
                0x0000000008003284        0x4 CMakeFiles/STM32_BLUE_PILL.dir/pxtapp/base/control.cpp.o
                0x0000000008003284                control::reset()
 .text._ZN7control10waitMicrosEi
                0x0000000008003288        0x8 CMakeFiles/STM32_BLUE_PILL.dir/pxtapp/base/control.cpp.o
                0x0000000008003288                control::waitMicros(int)
 .text._ZN7control13runInParallelEPN3pxt12TValueStructE
                0x0000000008003290        0x4 CMakeFiles/STM32_BLUE_PILL.dir/pxtapp/base/control.cpp.o
                0x0000000008003290                control::runInParallel(pxt::TValueStruct*)
 .text._ZN7control12waitForEventEii
                0x0000000008003294        0x4 CMakeFiles/STM32_BLUE_PILL.dir/pxtapp/base/control.cpp.o
                0x0000000008003294                control::waitForEvent(int, int)
 .text._ZN7control18deviceSerialNumberEv
                0x0000000008003298        0x4 CMakeFiles/STM32_BLUE_PILL.dir/pxtapp/base/control.cpp.o
                0x0000000008003298                control::deviceSerialNumber()
 .text._ZN7control5__logEiPN3pxt11BoxedStringE
                0x000000000800329c       0x10 CMakeFiles/STM32_BLUE_PILL.dir/pxtapp/base/control.cpp.o
                0x000000000800329c                control::__log(int, pxt::BoxedString*)
 .text._ZN7control10dmesgValueEPN3pxt12TValueStructE
                0x00000000080032ac        0x4 CMakeFiles/STM32_BLUE_PILL.dir/pxtapp/base/control.cpp.o
                0x00000000080032ac                control::dmesgValue(pxt::TValueStruct*)
 .text._ZN7control2gcEv
                0x00000000080032b0        0x8 CMakeFiles/STM32_BLUE_PILL.dir/pxtapp/base/control.cpp.o
                0x00000000080032b0                control::gc()
 .text._ZN7control16profilingEnabledEv
                0x00000000080032b8        0x4 CMakeFiles/STM32_BLUE_PILL.dir/pxtapp/base/control.cpp.o
                0x00000000080032b8                control::profilingEnabled()
 .text._ZN3pxtL13dtorDoNothingEv
                0x00000000080032bc        0x4 CMakeFiles/STM32_BLUE_PILL.dir/pxtapp/base/core.cpp.o
 .text._ZN3pxtL11string_sizeEPNS_11BoxedStringE
                0x00000000080032c0        0x8 CMakeFiles/STM32_BLUE_PILL.dir/pxtapp/base/core.cpp.o
 .text._ZN3pxtL11number_sizeEPNS_11BoxedNumberE
                0x00000000080032c8        0x4 CMakeFiles/STM32_BLUE_PILL.dir/pxtapp/base/core.cpp.o
 .text._ZN3pxtL11buffer_sizeEPNS_11BoxedBufferE
                0x00000000080032cc        0x8 CMakeFiles/STM32_BLUE_PILL.dir/pxtapp/base/core.cpp.o
 .text._ZN3pxt11findBindingEii
                0x00000000080032d4       0x1c CMakeFiles/STM32_BLUE_PILL.dir/pxtapp/base/core.cpp.o
                0x00000000080032d4                pxt::findBinding(int, int)
 .text._ZN3pxt10setBindingEiiPNS_12TValueStructE
                0x00000000080032f0       0x4c CMakeFiles/STM32_BLUE_PILL.dir/pxtapp/base/core.cpp.o
                0x00000000080032f0                pxt::setBinding(int, int, pxt::TValueStruct*)
 .text._ZN3pxt8mkStringEPKci
                0x000000000800333c       0x48 CMakeFiles/STM32_BLUE_PILL.dir/pxtapp/base/core.cpp.o
                0x000000000800333c                pxt::mkString(char const*, int)
 .text._ZN3pxt8mkBufferEPKhi
                0x0000000008003384       0x40 CMakeFiles/STM32_BLUE_PILL.dir/pxtapp/base/core.cpp.o
                0x0000000008003384                pxt::mkBuffer(unsigned char const*, int)
 .text._ZN3pxt9getRandomEj
                0x00000000080033c4       0x40 CMakeFiles/STM32_BLUE_PILL.dir/pxtapp/base/core.cpp.o
                0x00000000080033c4                pxt::getRandom(unsigned int)
 .text._ZN7String_7mkEmptyEv
                0x0000000008003404        0xc CMakeFiles/STM32_BLUE_PILL.dir/pxtapp/base/core.cpp.o
                0x0000000008003404                String_::mkEmpty()
 .text._ZN7String_12fromCharCodeEi
                0x0000000008003410       0x20 CMakeFiles/STM32_BLUE_PILL.dir/pxtapp/base/core.cpp.o
                0x0000000008003410                String_::fromCharCode(int)
 .text._ZN7String_6charAtEPN3pxt11BoxedStringEi
                0x0000000008003430       0x3c CMakeFiles/STM32_BLUE_PILL.dir/pxtapp/base/core.cpp.o
                0x0000000008003430                String_::charAt(pxt::BoxedString*, int)
 .text._ZN7String_6concatEPN3pxt11BoxedStringES2_
                0x000000000800346c       0x70 CMakeFiles/STM32_BLUE_PILL.dir/pxtapp/base/core.cpp.o
                0x000000000800346c                String_::concat(pxt::BoxedString*, pxt::BoxedString*)
 .text._ZN7String_7compareEPN3pxt11BoxedStringES2_
                0x00000000080034dc       0x24 CMakeFiles/STM32_BLUE_PILL.dir/pxtapp/base/core.cpp.o
                0x00000000080034dc                String_::compare(pxt::BoxedString*, pxt::BoxedString*)
 .text._ZN7String_6lengthEPN3pxt11BoxedStringE
                0x0000000008003500        0x4 CMakeFiles/STM32_BLUE_PILL.dir/pxtapp/base/core.cpp.o
                0x0000000008003500                String_::length(pxt::BoxedString*)
 .text._ZN7String_8mystrtodEPKcPPc
                0x0000000008003504      0x174 CMakeFiles/STM32_BLUE_PILL.dir/pxtapp/base/core.cpp.o
                0x0000000008003504                String_::mystrtod(char const*, char**)
 .text._ZN7String_6substrEPN3pxt11BoxedStringEii
                0x0000000008003678       0x34 CMakeFiles/STM32_BLUE_PILL.dir/pxtapp/base/core.cpp.o
                0x0000000008003678                String_::substr(pxt::BoxedString*, int, int)
 .text._ZN7String_7indexOfEPN3pxt11BoxedStringES2_i
                0x00000000080036ac       0x30 CMakeFiles/STM32_BLUE_PILL.dir/pxtapp/base/core.cpp.o
                0x00000000080036ac                String_::indexOf(pxt::BoxedString*, pxt::BoxedString*, int)
 .text._ZN7String_8includesEPN3pxt11BoxedStringES2_i
                0x00000000080036dc       0x10 CMakeFiles/STM32_BLUE_PILL.dir/pxtapp/base/core.cpp.o
                0x00000000080036dc                String_::includes(pxt::BoxedString*, pxt::BoxedString*, int)
 .text._ZN8Boolean_4bangEi
                0x00000000080036ec        0x8 CMakeFiles/STM32_BLUE_PILL.dir/pxtapp/base/core.cpp.o
                0x00000000080036ec                Boolean_::bang(int)
 .text._ZN3pxt10fromDoubleEd
                0x00000000080036f4       0xac CMakeFiles/STM32_BLUE_PILL.dir/pxtapp/base/core.cpp.o
                0x00000000080036f4                pxt::fromDouble(double)
 .text._ZN7String_8toNumberEPN3pxt11BoxedStringE
                0x00000000080037a0       0xa4 CMakeFiles/STM32_BLUE_PILL.dir/pxtapp/base/core.cpp.o
                0x00000000080037a0                String_::toNumber(pxt::BoxedString*)
 .text._ZN3pxt7fromIntEi.part.5
                0x0000000008003844       0x10 CMakeFiles/STM32_BLUE_PILL.dir/pxtapp/base/core.cpp.o
 .text._ZN7String_10charCodeAtEPN3pxt11BoxedStringEi
                0x0000000008003854       0x1c CMakeFiles/STM32_BLUE_PILL.dir/pxtapp/base/core.cpp.o
                0x0000000008003854                String_::charCodeAt(pxt::BoxedString*, int)
 .text._ZN3pxt9fromFloatEf
                0x0000000008003870       0x10 CMakeFiles/STM32_BLUE_PILL.dir/pxtapp/base/core.cpp.o
                0x0000000008003870                pxt::fromFloat(float)
 .text._ZN3pxt7fromIntEi
                0x0000000008003880       0x14 CMakeFiles/STM32_BLUE_PILL.dir/pxtapp/base/core.cpp.o
                0x0000000008003880                pxt::fromInt(int)
 .text._ZN3pxt8fromUIntEj
                0x0000000008003894       0x1c CMakeFiles/STM32_BLUE_PILL.dir/pxtapp/base/core.cpp.o
                0x0000000008003894                pxt::fromUInt(unsigned int)
 .text._ZN3pxt8fromBoolEb
                0x00000000080038b0        0xc CMakeFiles/STM32_BLUE_PILL.dir/pxtapp/base/core.cpp.o
                0x00000000080038b0                pxt::fromBool(bool)
 .text._ZN5Math_6randomEv
                0x00000000080038bc       0x10 CMakeFiles/STM32_BLUE_PILL.dir/pxtapp/base/core.cpp.o
                0x00000000080038bc                Math_::random()
 .text._ZN5Math_4imulEii
                0x00000000080038cc        0x8 CMakeFiles/STM32_BLUE_PILL.dir/pxtapp/base/core.cpp.o
                0x00000000080038cc                Math_::imul(int, int)
 .text._ZN5Math_4idivEii
                0x00000000080038d4        0x8 CMakeFiles/STM32_BLUE_PILL.dir/pxtapp/base/core.cpp.o
                0x00000000080038d4                Math_::idiv(int, int)
 .text._ZN6Array_2mkEv
                0x00000000080038dc       0x14 CMakeFiles/STM32_BLUE_PILL.dir/pxtapp/base/core.cpp.o
                0x00000000080038dc                Array_::mk()
 .text._ZN6Array_6lengthEPN3pxt13RefCollectionE
                0x00000000080038f0        0x4 CMakeFiles/STM32_BLUE_PILL.dir/pxtapp/base/core.cpp.o
                0x00000000080038f0                Array_::length(pxt::RefCollection*)
 .text._ZN6Array_9setLengthEPN3pxt13RefCollectionEi
                0x00000000080038f4        0x8 CMakeFiles/STM32_BLUE_PILL.dir/pxtapp/base/core.cpp.o
                0x00000000080038f4                Array_::setLength(pxt::RefCollection*, int)
 .text._ZN6Array_4pushEPN3pxt13RefCollectionEPNS0_12TValueStructE
                0x00000000080038fc        0x4 CMakeFiles/STM32_BLUE_PILL.dir/pxtapp/base/core.cpp.o
                0x00000000080038fc                Array_::push(pxt::RefCollection*, pxt::TValueStruct*)
 .text._ZN6Array_3popEPN3pxt13RefCollectionE
                0x0000000008003900        0x4 CMakeFiles/STM32_BLUE_PILL.dir/pxtapp/base/core.cpp.o
                0x0000000008003900                Array_::pop(pxt::RefCollection*)
 .text._ZN6Array_5getAtEPN3pxt13RefCollectionEi
                0x0000000008003904        0x4 CMakeFiles/STM32_BLUE_PILL.dir/pxtapp/base/core.cpp.o
                0x0000000008003904                Array_::getAt(pxt::RefCollection*, int)
 .text._ZN6Array_5setAtEPN3pxt13RefCollectionEiPNS0_12TValueStructE
                0x0000000008003908        0x4 CMakeFiles/STM32_BLUE_PILL.dir/pxtapp/base/core.cpp.o
                0x0000000008003908                Array_::setAt(pxt::RefCollection*, int, pxt::TValueStruct*)
 .text._ZN6Array_8removeAtEPN3pxt13RefCollectionEi
                0x000000000800390c        0x4 CMakeFiles/STM32_BLUE_PILL.dir/pxtapp/base/core.cpp.o
                0x000000000800390c                Array_::removeAt(pxt::RefCollection*, int)
 .text._ZN6Array_8insertAtEPN3pxt13RefCollectionEiPNS0_12TValueStructE
                0x0000000008003910        0x4 CMakeFiles/STM32_BLUE_PILL.dir/pxtapp/base/core.cpp.o
                0x0000000008003910                Array_::insertAt(pxt::RefCollection*, int, pxt::TValueStruct*)
 .text._ZN6Array_7indexOfEPN3pxt13RefCollectionEPNS0_12TValueStructEi
                0x0000000008003914        0x4 CMakeFiles/STM32_BLUE_PILL.dir/pxtapp/base/core.cpp.o
                0x0000000008003914                Array_::indexOf(pxt::RefCollection*, pxt::TValueStruct*, int)
 .text._ZN6Array_13removeElementEPN3pxt13RefCollectionEPNS0_12TValueStructE
                0x0000000008003918        0x4 CMakeFiles/STM32_BLUE_PILL.dir/pxtapp/base/core.cpp.o
                0x0000000008003918                Array_::removeElement(pxt::RefCollection*, pxt::TValueStruct*)
 .text._ZN3pxt11programSizeEv
                0x000000000800391c       0x10 CMakeFiles/STM32_BLUE_PILL.dir/pxtapp/base/core.cpp.o
                0x000000000800391c                pxt::programSize()
 .text._ZN3pxt9getConfigEii
                0x000000000800392c       0x38 CMakeFiles/STM32_BLUE_PILL.dir/pxtapp/base/core.cpp.o
                0x000000000800392c                pxt::getConfig(int, int)
 .text._ZN5pxtrt8ldlocRefEPN3pxt11RefRefLocalE
                0x0000000008003964        0x4 CMakeFiles/STM32_BLUE_PILL.dir/pxtapp/base/core.cpp.o
                0x0000000008003964                pxtrt::ldlocRef(pxt::RefRefLocal*)
 .text._ZN5pxtrt8stlocRefEPN3pxt11RefRefLocalEPNS0_12TValueStructE
                0x0000000008003968        0x4 CMakeFiles/STM32_BLUE_PILL.dir/pxtapp/base/core.cpp.o
                0x0000000008003968                pxtrt::stlocRef(pxt::RefRefLocal*, pxt::TValueStruct*)
 .text._ZN5pxtrt8mklocRefEv
                0x000000000800396c       0x14 CMakeFiles/STM32_BLUE_PILL.dir/pxtapp/base/core.cpp.o
                0x000000000800396c                pxtrt::mklocRef()
 .text._ZN5pxtrt5stcloEPN3pxt9RefActionEiPNS0_12TValueStructE
                0x0000000008003980       0x34 CMakeFiles/STM32_BLUE_PILL.dir/pxtapp/base/core.cpp.o
                0x0000000008003980                pxtrt::stclo(pxt::RefAction*, int, pxt::TValueStruct*)
 .text._ZN5pxtrt5panicEi
                0x00000000080039b4        0x4 CMakeFiles/STM32_BLUE_PILL.dir/pxtapp/base/core.cpp.o
                0x00000000080039b4                pxtrt::panic(int)
 .text._ZN5pxtrt11emptyToNullEPN3pxt11BoxedStringE
                0x00000000080039b8        0xc CMakeFiles/STM32_BLUE_PILL.dir/pxtapp/base/core.cpp.o
                0x00000000080039b8                pxtrt::emptyToNull(pxt::BoxedString*)
 .text._ZN5pxtrt9ptrToBoolEPN3pxt12TValueStructE
                0x00000000080039c4        0x8 CMakeFiles/STM32_BLUE_PILL.dir/pxtapp/base/core.cpp.o
                0x00000000080039c4                pxtrt::ptrToBool(pxt::TValueStruct*)
 .text._ZN5pxtrt5mkMapEv
                0x00000000080039cc       0x14 CMakeFiles/STM32_BLUE_PILL.dir/pxtapp/base/core.cpp.o
                0x00000000080039cc                pxtrt::mkMap()
 .text._ZN5pxtrt14mapGetByStringEPN3pxt6RefMapEPNS0_11BoxedStringE
                0x00000000080039e0       0x1c CMakeFiles/STM32_BLUE_PILL.dir/pxtapp/base/core.cpp.o
                0x00000000080039e0                pxtrt::mapGetByString(pxt::RefMap*, pxt::BoxedString*)
 .text._ZN5pxtrt12lookupMapKeyEPN3pxt11BoxedStringE
                0x00000000080039fc       0x8c CMakeFiles/STM32_BLUE_PILL.dir/pxtapp/base/core.cpp.o
                0x00000000080039fc                pxtrt::lookupMapKey(pxt::BoxedString*)
 .text._ZN5pxtrt6mapGetEPN3pxt6RefMapEj
                0x0000000008003a88       0x14 CMakeFiles/STM32_BLUE_PILL.dir/pxtapp/base/core.cpp.o
                0x0000000008003a88                pxtrt::mapGet(pxt::RefMap*, unsigned int)
 .text._ZN5pxtrt14mapSetByStringEPN3pxt6RefMapEPNS0_11BoxedStringEPNS0_12TValueStructE
                0x0000000008003a9c       0x34 CMakeFiles/STM32_BLUE_PILL.dir/pxtapp/base/core.cpp.o
                0x0000000008003a9c                pxtrt::mapSetByString(pxt::RefMap*, pxt::BoxedString*, pxt::TValueStruct*)
 .text._ZN5pxtrt6mapSetEPN3pxt6RefMapEjPNS0_12TValueStructE
                0x0000000008003ad0       0x14 CMakeFiles/STM32_BLUE_PILL.dir/pxtapp/base/core.cpp.o
                0x0000000008003ad0                pxtrt::mapSet(pxt::RefMap*, unsigned int, pxt::TValueStruct*)
 .text._ZN5pxtrt13getGlobalsPtrEv
                0x0000000008003ae4        0xc CMakeFiles/STM32_BLUE_PILL.dir/pxtapp/base/core.cpp.o
                0x0000000008003ae4                pxtrt::getGlobalsPtr()
 .text._ZN5pxtrt14runtimeWarningEPN3pxt11BoxedStringE
                0x0000000008003af0        0x4 CMakeFiles/STM32_BLUE_PILL.dir/pxtapp/base/core.cpp.o
                0x0000000008003af0                pxtrt::runtimeWarning(pxt::BoxedString*)
 .text._ZN3pxt7valTypeEPNS_12TValueStructE
                0x0000000008003af4       0x4c CMakeFiles/STM32_BLUE_PILL.dir/pxtapp/base/core.cpp.o
                0x0000000008003af4                pxt::valType(pxt::TValueStruct*)
 .text._ZN3pxt8toDoubleEPNS_12TValueStructE
                0x0000000008003b40       0x50 CMakeFiles/STM32_BLUE_PILL.dir/pxtapp/base/core.cpp.o
                0x0000000008003b40                pxt::toDouble(pxt::TValueStruct*)
 .text._ZN3pxt6toUIntEPNS_12TValueStructE
                0x0000000008003b90       0xd0 CMakeFiles/STM32_BLUE_PILL.dir/pxtapp/base/core.cpp.o
                0x0000000008003b90                pxt::toUInt(pxt::TValueStruct*)
 .text._ZN3pxt5toIntEPNS_12TValueStructE
                0x0000000008003c60        0x4 CMakeFiles/STM32_BLUE_PILL.dir/pxtapp/base/core.cpp.o
                0x0000000008003c60                pxt::toInt(pxt::TValueStruct*)
 .text._ZN6numops4lslsEPN3pxt12TValueStructES2_
                0x0000000008003c64       0x2c CMakeFiles/STM32_BLUE_PILL.dir/pxtapp/base/core.cpp.o
                0x0000000008003c64                numops::lsls(pxt::TValueStruct*, pxt::TValueStruct*)
 .text._ZN6numops4asrsEPN3pxt12TValueStructES2_
                0x0000000008003c90       0x2c CMakeFiles/STM32_BLUE_PILL.dir/pxtapp/base/core.cpp.o
                0x0000000008003c90                numops::asrs(pxt::TValueStruct*, pxt::TValueStruct*)
 .text._ZN6numops4eorsEPN3pxt12TValueStructES2_
                0x0000000008003cbc       0x28 CMakeFiles/STM32_BLUE_PILL.dir/pxtapp/base/core.cpp.o
                0x0000000008003cbc                numops::eors(pxt::TValueStruct*, pxt::TValueStruct*)
 .text._ZN6numops4orrsEPN3pxt12TValueStructES2_
                0x0000000008003ce4       0x28 CMakeFiles/STM32_BLUE_PILL.dir/pxtapp/base/core.cpp.o
                0x0000000008003ce4                numops::orrs(pxt::TValueStruct*, pxt::TValueStruct*)
 .text._ZN6numops4bnotEPN3pxt12TValueStructE
                0x0000000008003d0c       0x20 CMakeFiles/STM32_BLUE_PILL.dir/pxtapp/base/core.cpp.o
                0x0000000008003d0c                numops::bnot(pxt::TValueStruct*)
 .text._ZN6numops4andsEPN3pxt12TValueStructES2_
                0x0000000008003d2c       0x28 CMakeFiles/STM32_BLUE_PILL.dir/pxtapp/base/core.cpp.o
                0x0000000008003d2c                numops::ands(pxt::TValueStruct*, pxt::TValueStruct*)
 .text._ZN6numops4lsrsEPN3pxt12TValueStructES2_
                0x0000000008003d54       0x30 CMakeFiles/STM32_BLUE_PILL.dir/pxtapp/base/core.cpp.o
                0x0000000008003d54                numops::lsrs(pxt::TValueStruct*, pxt::TValueStruct*)
 .text._ZN3pxt7toFloatEPNS_12TValueStructE
                0x0000000008003d84        0xc CMakeFiles/STM32_BLUE_PILL.dir/pxtapp/base/core.cpp.o
                0x0000000008003d84                pxt::toFloat(pxt::TValueStruct*)
 .text._ZN6numops4addsEPN3pxt12TValueStructES2_
                0x0000000008003d90       0x28 CMakeFiles/STM32_BLUE_PILL.dir/pxtapp/base/core.cpp.o
                0x0000000008003d90                numops::adds(pxt::TValueStruct*, pxt::TValueStruct*)
 .text._ZN6numops4subsEPN3pxt12TValueStructES2_
                0x0000000008003db8       0x28 CMakeFiles/STM32_BLUE_PILL.dir/pxtapp/base/core.cpp.o
                0x0000000008003db8                numops::subs(pxt::TValueStruct*, pxt::TValueStruct*)
 .text._ZN6numops4mulsEPN3pxt12TValueStructES2_
                0x0000000008003de0       0x58 CMakeFiles/STM32_BLUE_PILL.dir/pxtapp/base/core.cpp.o
                0x0000000008003de0                numops::muls(pxt::TValueStruct*, pxt::TValueStruct*)
 .text._ZN6numops3divEPN3pxt12TValueStructES2_
                0x0000000008003e38       0x28 CMakeFiles/STM32_BLUE_PILL.dir/pxtapp/base/core.cpp.o
                0x0000000008003e38                numops::div(pxt::TValueStruct*, pxt::TValueStruct*)
 .text._ZN6numops3modEPN3pxt12TValueStructES2_
                0x0000000008003e60       0x64 CMakeFiles/STM32_BLUE_PILL.dir/pxtapp/base/core.cpp.o
                0x0000000008003e60                numops::mod(pxt::TValueStruct*, pxt::TValueStruct*)
 .text._ZN5Math_3powEPN3pxt12TValueStructES2_
                0x0000000008003ec4       0x28 CMakeFiles/STM32_BLUE_PILL.dir/pxtapp/base/core.cpp.o
                0x0000000008003ec4                Math_::pow(pxt::TValueStruct*, pxt::TValueStruct*)
 .text._ZN5Math_5atan2EPN3pxt12TValueStructES2_
                0x0000000008003eec       0x28 CMakeFiles/STM32_BLUE_PILL.dir/pxtapp/base/core.cpp.o
                0x0000000008003eec                Math_::atan2(pxt::TValueStruct*, pxt::TValueStruct*)
 .text._ZN5Math_11randomRangeEPN3pxt12TValueStructES2_
                0x0000000008003f14       0xb0 CMakeFiles/STM32_BLUE_PILL.dir/pxtapp/base/core.cpp.o
                0x0000000008003f14                Math_::randomRange(pxt::TValueStruct*, pxt::TValueStruct*)
 .text._ZN5Math_3logEPN3pxt12TValueStructE
                0x0000000008003fc4       0x14 CMakeFiles/STM32_BLUE_PILL.dir/pxtapp/base/core.cpp.o
                0x0000000008003fc4                Math_::log(pxt::TValueStruct*)
 .text._ZN5Math_5log10EPN3pxt12TValueStructE
                0x0000000008003fd8       0x14 CMakeFiles/STM32_BLUE_PILL.dir/pxtapp/base/core.cpp.o
                0x0000000008003fd8                Math_::log10(pxt::TValueStruct*)
 .text._ZN5Math_3tanEPN3pxt12TValueStructE
                0x0000000008003fec       0x14 CMakeFiles/STM32_BLUE_PILL.dir/pxtapp/base/core.cpp.o
                0x0000000008003fec                Math_::tan(pxt::TValueStruct*)
 .text._ZN5Math_3sinEPN3pxt12TValueStructE
                0x0000000008004000       0x14 CMakeFiles/STM32_BLUE_PILL.dir/pxtapp/base/core.cpp.o
                0x0000000008004000                Math_::sin(pxt::TValueStruct*)
 .text._ZN5Math_3cosEPN3pxt12TValueStructE
                0x0000000008004014       0x14 CMakeFiles/STM32_BLUE_PILL.dir/pxtapp/base/core.cpp.o
                0x0000000008004014                Math_::cos(pxt::TValueStruct*)
 .text._ZN5Math_4atanEPN3pxt12TValueStructE
                0x0000000008004028       0x14 CMakeFiles/STM32_BLUE_PILL.dir/pxtapp/base/core.cpp.o
                0x0000000008004028                Math_::atan(pxt::TValueStruct*)
 .text._ZN5Math_4asinEPN3pxt12TValueStructE
                0x000000000800403c       0x14 CMakeFiles/STM32_BLUE_PILL.dir/pxtapp/base/core.cpp.o
                0x000000000800403c                Math_::asin(pxt::TValueStruct*)
 .text._ZN5Math_4acosEPN3pxt12TValueStructE
                0x0000000008004050       0x14 CMakeFiles/STM32_BLUE_PILL.dir/pxtapp/base/core.cpp.o
                0x0000000008004050                Math_::acos(pxt::TValueStruct*)
 .text._ZN5Math_4sqrtEPN3pxt12TValueStructE
                0x0000000008004064       0x14 CMakeFiles/STM32_BLUE_PILL.dir/pxtapp/base/core.cpp.o
                0x0000000008004064                Math_::sqrt(pxt::TValueStruct*)
 .text._ZN5Math_5floorEPN3pxt12TValueStructE
                0x0000000008004078       0x14 CMakeFiles/STM32_BLUE_PILL.dir/pxtapp/base/core.cpp.o
                0x0000000008004078                Math_::floor(pxt::TValueStruct*)
 .text._ZN5Math_4ceilEPN3pxt12TValueStructE
                0x000000000800408c       0x14 CMakeFiles/STM32_BLUE_PILL.dir/pxtapp/base/core.cpp.o
                0x000000000800408c                Math_::ceil(pxt::TValueStruct*)
 .text._ZN5Math_5truncEPN3pxt12TValueStructE
                0x00000000080040a0       0x14 CMakeFiles/STM32_BLUE_PILL.dir/pxtapp/base/core.cpp.o
                0x00000000080040a0                Math_::trunc(pxt::TValueStruct*)
 .text._ZN5Math_5roundEPN3pxt12TValueStructE
                0x00000000080040b4       0x20 CMakeFiles/STM32_BLUE_PILL.dir/pxtapp/base/core.cpp.o
                0x00000000080040b4                Math_::round(pxt::TValueStruct*)
 .text._ZN3pxt8eqq_boolEPNS_12TValueStructES1_
                0x00000000080040d4       0x84 CMakeFiles/STM32_BLUE_PILL.dir/pxtapp/base/core.cpp.o
                0x00000000080040d4                pxt::eqq_bool(pxt::TValueStruct*, pxt::TValueStruct*)
 .text._ZN6numops3eqqEPN3pxt12TValueStructES2_
                0x0000000008004158       0x10 CMakeFiles/STM32_BLUE_PILL.dir/pxtapp/base/core.cpp.o
                0x0000000008004158                numops::eqq(pxt::TValueStruct*, pxt::TValueStruct*)
 .text._ZN6numops4neqqEPN3pxt12TValueStructES2_
                0x0000000008004168       0x10 CMakeFiles/STM32_BLUE_PILL.dir/pxtapp/base/core.cpp.o
                0x0000000008004168                numops::neqq(pxt::TValueStruct*, pxt::TValueStruct*)
 .text._ZN3pxt7eq_boolEPNS_12TValueStructES1_
                0x0000000008004178      0x134 CMakeFiles/STM32_BLUE_PILL.dir/pxtapp/base/core.cpp.o
                0x0000000008004178                pxt::eq_bool(pxt::TValueStruct*, pxt::TValueStruct*)
 .text._ZN3pxt9switch_eqEPNS_12TValueStructES1_
                0x00000000080042ac        0x4 CMakeFiles/STM32_BLUE_PILL.dir/pxtapp/base/core.cpp.o
                0x00000000080042ac                pxt::switch_eq(pxt::TValueStruct*, pxt::TValueStruct*)
 .text._ZN6numops2eqEPN3pxt12TValueStructES2_
                0x00000000080042b0       0x10 CMakeFiles/STM32_BLUE_PILL.dir/pxtapp/base/core.cpp.o
                0x00000000080042b0                numops::eq(pxt::TValueStruct*, pxt::TValueStruct*)
 .text._ZN6numops3neqEPN3pxt12TValueStructES2_
                0x00000000080042c0       0x10 CMakeFiles/STM32_BLUE_PILL.dir/pxtapp/base/core.cpp.o
                0x00000000080042c0                numops::neq(pxt::TValueStruct*, pxt::TValueStruct*)
 .text._ZN6numops6toBoolEPN3pxt12TValueStructE
                0x00000000080042d0       0x68 CMakeFiles/STM32_BLUE_PILL.dir/pxtapp/base/core.cpp.o
                0x00000000080042d0                numops::toBool(pxt::TValueStruct*)
 .text._ZN6numops10toBoolDecrEPN3pxt12TValueStructE
                0x0000000008004338       0x14 CMakeFiles/STM32_BLUE_PILL.dir/pxtapp/base/core.cpp.o
                0x0000000008004338                numops::toBoolDecr(pxt::TValueStruct*)
 .text._ZN6numopsL10valCompareEPN3pxt12TValueStructES2_
                0x000000000800434c       0xa8 CMakeFiles/STM32_BLUE_PILL.dir/pxtapp/base/core.cpp.o
 .text._ZN6numops7lt_boolEPN3pxt12TValueStructES2_
                0x00000000080043f4       0x24 CMakeFiles/STM32_BLUE_PILL.dir/pxtapp/base/core.cpp.o
                0x00000000080043f4                numops::lt_bool(pxt::TValueStruct*, pxt::TValueStruct*)
 .text._ZN6numops2leEPN3pxt12TValueStructES2_
                0x0000000008004418       0x24 CMakeFiles/STM32_BLUE_PILL.dir/pxtapp/base/core.cpp.o
                0x0000000008004418                numops::le(pxt::TValueStruct*, pxt::TValueStruct*)
 .text._ZN6numops2ltEPN3pxt12TValueStructES2_
                0x000000000800443c       0x24 CMakeFiles/STM32_BLUE_PILL.dir/pxtapp/base/core.cpp.o
                0x000000000800443c                numops::lt(pxt::TValueStruct*, pxt::TValueStruct*)
 .text._ZN6numops2geEPN3pxt12TValueStructES2_
                0x0000000008004460       0x20 CMakeFiles/STM32_BLUE_PILL.dir/pxtapp/base/core.cpp.o
                0x0000000008004460                numops::ge(pxt::TValueStruct*, pxt::TValueStruct*)
 .text._ZN6numops2gtEPN3pxt12TValueStructES2_
                0x0000000008004480       0x20 CMakeFiles/STM32_BLUE_PILL.dir/pxtapp/base/core.cpp.o
                0x0000000008004480                numops::gt(pxt::TValueStruct*, pxt::TValueStruct*)
 .text._ZN6numops8toStringEPN3pxt12TValueStructE
                0x00000000080044a0      0x100 CMakeFiles/STM32_BLUE_PILL.dir/pxtapp/base/core.cpp.o
                0x00000000080044a0                numops::toString(pxt::TValueStruct*)
 .text._ZN3pxt6typeOfEPNS_12TValueStructE
                0x00000000080045a0       0x50 CMakeFiles/STM32_BLUE_PILL.dir/pxtapp/base/core.cpp.o
                0x00000000080045a0                pxt::typeOf(pxt::TValueStruct*)
 .text._ZN3pxt8anyPrintEPNS_12TValueStructE
                0x00000000080045f0       0x7c CMakeFiles/STM32_BLUE_PILL.dir/pxtapp/base/core.cpp.o
                0x00000000080045f0                pxt::anyPrint(pxt::TValueStruct*)
 .text._ZN3pxt10failedCastEPNS_12TValueStructE
                0x000000000800466c       0x58 CMakeFiles/STM32_BLUE_PILL.dir/pxtapp/base/core.cpp.o
                0x000000000800466c                pxt::failedCast(pxt::TValueStruct*)
 .text._ZN3pxt15missingPropertyEPNS_12TValueStructE
                0x00000000080046c4       0x1c CMakeFiles/STM32_BLUE_PILL.dir/pxtapp/base/core.cpp.o
                0x00000000080046c4                pxt::missingProperty(pxt::TValueStruct*)
 .text._ZN3pxtL9removePtrEPNS_12TValueStructE
                0x00000000080046e0       0x54 CMakeFiles/STM32_BLUE_PILL.dir/pxtapp/base/gc.cpp.o
 .text._ZN3pxtL13allocateBlockEv
                0x0000000008004734       0x2c CMakeFiles/STM32_BLUE_PILL.dir/pxtapp/base/gc.cpp.o
 .text._ZN3pxtL5sweepEi
                0x0000000008004760      0x128 CMakeFiles/STM32_BLUE_PILL.dir/pxtapp/base/gc.cpp.o
 .text._ZN3pxtL7processEPNS_12TValueStructE
                0x0000000008004888       0x54 CMakeFiles/STM32_BLUE_PILL.dir/pxtapp/base/gc.cpp.o
 .text._ZN3pxtL4markEv
                0x00000000080048dc       0x98 CMakeFiles/STM32_BLUE_PILL.dir/pxtapp/base/gc.cpp.o
 .text._ZN3pxt16RefRecord_gcsizeEPNS_9RefRecordE
                0x0000000008004974        0xc CMakeFiles/STM32_BLUE_PILL.dir/pxtapp/base/gc.cpp.o
                0x0000000008004974                pxt::RefRecord_gcsize(pxt::RefRecord*)
 .text._ZN3pxt16popThreadContextEPNS_13ThreadContextE
                0x0000000008004980       0x64 CMakeFiles/STM32_BLUE_PILL.dir/pxtapp/base/gc.cpp.o
                0x0000000008004980                pxt::popThreadContext(pxt::ThreadContext*)
 .text._ZN3pxt17pushThreadContextEPv
                0x00000000080049e4       0x5c CMakeFiles/STM32_BLUE_PILL.dir/pxtapp/base/gc.cpp.o
                0x00000000080049e4                pxt::pushThreadContext(void*)
 .text._ZN3pxt6gcScanEPNS_12TValueStructE
                0x0000000008004a40       0x2c CMakeFiles/STM32_BLUE_PILL.dir/pxtapp/base/gc.cpp.o
                0x0000000008004a40                pxt::gcScan(pxt::TValueStruct*)
 .text._ZN3pxt10gcScanManyEPPNS_12TValueStructEj
                0x0000000008004a6c       0x40 CMakeFiles/STM32_BLUE_PILL.dir/pxtapp/base/gc.cpp.o
                0x0000000008004a6c                pxt::gcScanMany(pxt::TValueStruct**, unsigned int)
 .text._ZN3pxt2gcEi
                0x0000000008004aac       0x14 CMakeFiles/STM32_BLUE_PILL.dir/pxtapp/base/gc.cpp.o
                0x0000000008004aac                pxt::gc(int)
 .text._ZN3pxt10gcAllocateEi
                0x0000000008004ac0       0xb8 CMakeFiles/STM32_BLUE_PILL.dir/pxtapp/base/gc.cpp.o
                0x0000000008004ac0                pxt::gcAllocate(int)
 .text._ZN3pxt10registerGCEPPNS_12TValueStructEi
                0x0000000008004b78       0x2c CMakeFiles/STM32_BLUE_PILL.dir/pxtapp/base/gc.cpp.o
                0x0000000008004b78                pxt::registerGC(pxt::TValueStruct**, int)
 .text._ZN3pxt13registerGCPtrEPNS_12TValueStructE
                0x0000000008004ba4       0x1c CMakeFiles/STM32_BLUE_PILL.dir/pxtapp/base/gc.cpp.o
                0x0000000008004ba4                pxt::registerGCPtr(pxt::TValueStruct*)
 .text._ZN3pxt15unregisterGCPtrEPNS_12TValueStructE
                0x0000000008004bc0       0x14 CMakeFiles/STM32_BLUE_PILL.dir/pxtapp/base/gc.cpp.o
                0x0000000008004bc0                pxt::unregisterGCPtr(pxt::TValueStruct*)
 .text._ZN3pxt13RefCollection4scanEPS0_
                0x0000000008004bd4        0x8 CMakeFiles/STM32_BLUE_PILL.dir/pxtapp/base/gc.cpp.o
                0x0000000008004bd4                pxt::RefCollection::scan(pxt::RefCollection*)
 .text._ZN3pxt9RefAction4scanEPS0_
                0x0000000008004bdc        0x8 CMakeFiles/STM32_BLUE_PILL.dir/pxtapp/base/gc.cpp.o
                0x0000000008004bdc                pxt::RefAction::scan(pxt::RefAction*)
 .text._ZN3pxt11RefRefLocal4scanEPS0_
                0x0000000008004be4        0x8 CMakeFiles/STM32_BLUE_PILL.dir/pxtapp/base/gc.cpp.o
                0x0000000008004be4                pxt::RefRefLocal::scan(pxt::RefRefLocal*)
 .text._ZN3pxt6RefMap4scanEPS0_
                0x0000000008004bec       0x18 CMakeFiles/STM32_BLUE_PILL.dir/pxtapp/base/gc.cpp.o
                0x0000000008004bec                pxt::RefMap::scan(pxt::RefMap*)
 .text._ZN3pxt14RefRecord_scanEPNS_9RefRecordE
                0x0000000008004c04       0x14 CMakeFiles/STM32_BLUE_PILL.dir/pxtapp/base/gc.cpp.o
                0x0000000008004c04                pxt::RefRecord_scan(pxt::RefRecord*)
 .text._ZN3pxt13RefCollection6gcsizeEPS0_
                0x0000000008004c18        0x4 CMakeFiles/STM32_BLUE_PILL.dir/pxtapp/base/gc.cpp.o
                0x0000000008004c18                pxt::RefCollection::gcsize(pxt::RefCollection*)
 .text._ZN3pxt9RefAction6gcsizeEPS0_
                0x0000000008004c1c        0xc CMakeFiles/STM32_BLUE_PILL.dir/pxtapp/base/gc.cpp.o
                0x0000000008004c1c                pxt::RefAction::gcsize(pxt::RefAction*)
 .text._ZN3pxt11RefRefLocal6gcsizeEPS0_
                0x0000000008004c28        0x4 CMakeFiles/STM32_BLUE_PILL.dir/pxtapp/base/gc.cpp.o
                0x0000000008004c28                pxt::RefRefLocal::gcsize(pxt::RefRefLocal*)
 .text._ZN3pxt6RefMap6gcsizeEPS0_
                0x0000000008004c2c        0x4 CMakeFiles/STM32_BLUE_PILL.dir/pxtapp/base/gc.cpp.o
                0x0000000008004c2c                pxt::RefMap::gcsize(pxt::RefMap*)
 .text.startup._GLOBAL__sub_I__ZN3pxt16RefRecord_gcsizeEPNS_9RefRecordE
                0x0000000008004c30       0x1c CMakeFiles/STM32_BLUE_PILL.dir/pxtapp/base/gc.cpp.o
 .text._ZN5loops7foreverEPN3pxt12TValueStructE
                0x0000000008004c4c        0x4 CMakeFiles/STM32_BLUE_PILL.dir/pxtapp/base/loops.cpp.o
                0x0000000008004c4c                loops::forever(pxt::TValueStruct*)
 .text._ZN5loops5pauseEi
                0x0000000008004c50        0xc CMakeFiles/STM32_BLUE_PILL.dir/pxtapp/base/loops.cpp.o
                0x0000000008004c50                loops::pause(int)
 .text._ZN3pxt11RefRefLocal7destroyEPS0_
                0x0000000008004c5c        0x4 CMakeFiles/STM32_BLUE_PILL.dir/pxtapp/base/pxt.cpp.o
                0x0000000008004c5c                pxt::RefRefLocal::destroy(pxt::RefRefLocal*)
 .text._ZN3pxt9RefAction5printEPS0_
                0x0000000008004c60       0x28 CMakeFiles/STM32_BLUE_PILL.dir/pxtapp/base/pxt.cpp.o
                0x0000000008004c60                pxt::RefAction::print(pxt::RefAction*)
 .text._ZN3pxt11RefRefLocal5printEPS0_
                0x0000000008004c88       0x10 CMakeFiles/STM32_BLUE_PILL.dir/pxtapp/base/pxt.cpp.o
                0x0000000008004c88                pxt::RefRefLocal::print(pxt::RefRefLocal*)
 .text._ZN3pxt6RefMap5printEPS0_
                0x0000000008004c98       0x10 CMakeFiles/STM32_BLUE_PILL.dir/pxtapp/base/pxt.cpp.o
                0x0000000008004c98                pxt::RefMap::print(pxt::RefMap*)
 .text._ZN3pxt13RefCollection7destroyEPS0_
                0x0000000008004ca8       0x14 CMakeFiles/STM32_BLUE_PILL.dir/pxtapp/base/pxt.cpp.o
                0x0000000008004ca8                pxt::RefCollection::destroy(pxt::RefCollection*)
 .text._ZN3pxt6RefMap7destroyEPS0_
                0x0000000008004cbc       0x20 CMakeFiles/STM32_BLUE_PILL.dir/pxtapp/base/pxt.cpp.o
                0x0000000008004cbc                pxt::RefMap::destroy(pxt::RefMap*)
 .text._ZN3pxt8checkStrEbPKc.part.5
                0x0000000008004cdc       0x1c CMakeFiles/STM32_BLUE_PILL.dir/pxtapp/base/pxt.cpp.o
 .text._ZN3pxt17RefRecord_destroyEPNS_9RefRecordE
                0x0000000008004cf8        0x4 CMakeFiles/STM32_BLUE_PILL.dir/pxtapp/base/pxt.cpp.o
                0x0000000008004cf8                pxt::RefRecord_destroy(pxt::RefRecord*)
 .text._ZN3pxt9RefAction7destroyEPS0_
                0x0000000008004cfc        0x4 CMakeFiles/STM32_BLUE_PILL.dir/pxtapp/base/pxt.cpp.o
                0x0000000008004cfc                pxt::RefAction::destroy(pxt::RefAction*)
 .text._ZN3pxt8mkActionEiPNS_9RefActionE
                0x0000000008004d00       0x5c CMakeFiles/STM32_BLUE_PILL.dir/pxtapp/base/pxt.cpp.o
                0x0000000008004d00                pxt::mkAction(int, pxt::RefAction*)
 .text._ZN3pxt15mkClassInstanceEPNS_6VTableE
                0x0000000008004d5c       0x44 CMakeFiles/STM32_BLUE_PILL.dir/pxtapp/base/pxt.cpp.o
                0x0000000008004d5c                pxt::mkClassInstance(pxt::VTable*)
 .text._ZN3pxt9RefObject9destroyVTEv
                0x0000000008004da0        0xc CMakeFiles/STM32_BLUE_PILL.dir/pxtapp/base/pxt.cpp.o
                0x0000000008004da0                pxt::RefObject::destroyVT()
 .text._ZN3pxt15deleteRefObjectEPNS_9RefObjectE
                0x0000000008004dac        0xc CMakeFiles/STM32_BLUE_PILL.dir/pxtapp/base/pxt.cpp.o
                0x0000000008004dac                pxt::deleteRefObject(pxt::RefObject*)
 .text._ZN3pxt15RefRecord_printEPNS_9RefRecordE
                0x0000000008004db8       0x18 CMakeFiles/STM32_BLUE_PILL.dir/pxtapp/base/pxt.cpp.o
                0x0000000008004db8                pxt::RefRecord_print(pxt::RefRecord*)
 .text._ZN3pxt7Segment3getEj
                0x0000000008004dd0       0x10 CMakeFiles/STM32_BLUE_PILL.dir/pxtapp/base/pxt.cpp.o
                0x0000000008004dd0                pxt::Segment::get(unsigned int)
 .text._ZN3pxt7Segment12growthFactorEt
                0x0000000008004de0       0x44 CMakeFiles/STM32_BLUE_PILL.dir/pxtapp/base/pxt.cpp.o
                0x0000000008004de0                pxt::Segment::growthFactor(unsigned short)
 .text._ZN3pxt7Segment6growByEt
                0x0000000008004e24       0x4c CMakeFiles/STM32_BLUE_PILL.dir/pxtapp/base/pxt.cpp.o
                0x0000000008004e24                pxt::Segment::growBy(unsigned short)
 .text._ZN3pxt7Segment9growByMinEt
                0x0000000008004e70       0x1c CMakeFiles/STM32_BLUE_PILL.dir/pxtapp/base/pxt.cpp.o
                0x0000000008004e70                pxt::Segment::growByMin(unsigned short)
 .text._ZN3pxt7Segment3setEjPNS_12TValueStructE
                0x0000000008004e8c       0x40 CMakeFiles/STM32_BLUE_PILL.dir/pxtapp/base/pxt.cpp.o
                0x0000000008004e8c                pxt::Segment::set(unsigned int, pxt::TValueStruct*)
 .text._ZN3pxt7Segment6setRefEjPNS_12TValueStructE
                0x0000000008004ecc        0x4 CMakeFiles/STM32_BLUE_PILL.dir/pxtapp/base/pxt.cpp.o
                0x0000000008004ecc                pxt::Segment::setRef(unsigned int, pxt::TValueStruct*)
 .text._ZN3pxt7Segment9setLengthEj
                0x0000000008004ed0       0x20 CMakeFiles/STM32_BLUE_PILL.dir/pxtapp/base/pxt.cpp.o
                0x0000000008004ed0                pxt::Segment::setLength(unsigned int)
 .text._ZN3pxt7Segment4pushEPNS_12TValueStructE
                0x0000000008004ef0        0x8 CMakeFiles/STM32_BLUE_PILL.dir/pxtapp/base/pxt.cpp.o
                0x0000000008004ef0                pxt::Segment::push(pxt::TValueStruct*)
 .text._ZN3pxt7Segment3popEv
                0x0000000008004ef8       0x1c CMakeFiles/STM32_BLUE_PILL.dir/pxtapp/base/pxt.cpp.o
                0x0000000008004ef8                pxt::Segment::pop()
 .text._ZN3pxt7Segment6removeEj
                0x0000000008004f14       0x4c CMakeFiles/STM32_BLUE_PILL.dir/pxtapp/base/pxt.cpp.o
                0x0000000008004f14                pxt::Segment::remove(unsigned int)
 .text._ZN3pxt7Segment6insertEjPNS_12TValueStructE
                0x0000000008004f60       0x44 CMakeFiles/STM32_BLUE_PILL.dir/pxtapp/base/pxt.cpp.o
                0x0000000008004f60                pxt::Segment::insert(unsigned int, pxt::TValueStruct*)
 .text._ZN3pxt7Segment5printEv
                0x0000000008004fa4       0x38 CMakeFiles/STM32_BLUE_PILL.dir/pxtapp/base/pxt.cpp.o
                0x0000000008004fa4                pxt::Segment::print()
 .text._ZN3pxt13RefCollection5printEPS0_
                0x0000000008004fdc       0x20 CMakeFiles/STM32_BLUE_PILL.dir/pxtapp/base/pxt.cpp.o
                0x0000000008004fdc                pxt::RefCollection::print(pxt::RefCollection*)
 .text._ZN3pxt13RefCollection4pushEPNS_12TValueStructE
                0x0000000008004ffc        0xc CMakeFiles/STM32_BLUE_PILL.dir/pxtapp/base/pxt.cpp.o
                0x0000000008004ffc                pxt::RefCollection::push(pxt::TValueStruct*)
 .text._ZN3pxt13RefCollection3popEv
                0x0000000008005008       0x1c CMakeFiles/STM32_BLUE_PILL.dir/pxtapp/base/pxt.cpp.o
                0x0000000008005008                pxt::RefCollection::pop()
 .text._ZN3pxt13RefCollection5getAtEi
                0x0000000008005024       0x10 CMakeFiles/STM32_BLUE_PILL.dir/pxtapp/base/pxt.cpp.o
                0x0000000008005024                pxt::RefCollection::getAt(int)
 .text._ZN3pxt13RefCollection8removeAtEi
                0x0000000008005034        0x8 CMakeFiles/STM32_BLUE_PILL.dir/pxtapp/base/pxt.cpp.o
                0x0000000008005034                pxt::RefCollection::removeAt(int)
 .text._ZN3pxt13RefCollection8insertAtEiPNS_12TValueStructE
                0x000000000800503c        0x8 CMakeFiles/STM32_BLUE_PILL.dir/pxtapp/base/pxt.cpp.o
                0x000000000800503c                pxt::RefCollection::insertAt(int, pxt::TValueStruct*)
 .text._ZN3pxt13RefCollection5setAtEiPNS_12TValueStructE
                0x0000000008005044        0x8 CMakeFiles/STM32_BLUE_PILL.dir/pxtapp/base/pxt.cpp.o
                0x0000000008005044                pxt::RefCollection::setAt(int, pxt::TValueStruct*)
 .text._ZN3pxt13RefCollection7indexOfEPNS_12TValueStructEi
                0x000000000800504c       0x44 CMakeFiles/STM32_BLUE_PILL.dir/pxtapp/base/pxt.cpp.o
                0x000000000800504c                pxt::RefCollection::indexOf(pxt::TValueStruct*, int)
 .text._ZN3pxt13RefCollection13removeElementEPNS_12TValueStructE
                0x0000000008005090       0x1c CMakeFiles/STM32_BLUE_PILL.dir/pxtapp/base/pxt.cpp.o
                0x0000000008005090                pxt::RefCollection::removeElement(pxt::TValueStruct*)
 .text._ZN3pxt13RefCollectionC2Ev
                0x00000000080050ac       0x14 CMakeFiles/STM32_BLUE_PILL.dir/pxtapp/base/pxt.cpp.o
                0x00000000080050ac                pxt::RefCollection::RefCollection()
                0x00000000080050ac                pxt::RefCollection::RefCollection()
 .text._ZN3pxt11RefRefLocalC2Ev
                0x00000000080050c0       0x10 CMakeFiles/STM32_BLUE_PILL.dir/pxtapp/base/pxt.cpp.o
                0x00000000080050c0                pxt::RefRefLocal::RefRefLocal()
                0x00000000080050c0                pxt::RefRefLocal::RefRefLocal()
 .text._ZN3pxt6RefMapC2Ev
                0x00000000080050d0       0x18 CMakeFiles/STM32_BLUE_PILL.dir/pxtapp/base/pxt.cpp.o
                0x00000000080050d0                pxt::RefMap::RefMap()
                0x00000000080050d0                pxt::RefMap::RefMap()
 .text._ZN3pxt6RefMap7findIdxEPNS_11BoxedStringE
                0x00000000080050e8       0x68 CMakeFiles/STM32_BLUE_PILL.dir/pxtapp/base/pxt.cpp.o
                0x00000000080050e8                pxt::RefMap::findIdx(pxt::BoxedString*)
 .text._ZN3pxt13debugMemLeaksEv
                0x0000000008005150        0x4 CMakeFiles/STM32_BLUE_PILL.dir/pxtapp/base/pxt.cpp.o
                0x0000000008005150                pxt::debugMemLeaks()
 .text._ZN3pxt5errorENS_9PXT_PANICEi
                0x0000000008005154       0x1c CMakeFiles/STM32_BLUE_PILL.dir/pxtapp/base/pxt.cpp.o
                0x0000000008005154                pxt::error(pxt::PXT_PANIC, int)
 .text._ZN3pxt8allocateEt
                0x0000000008005170       0x18 CMakeFiles/STM32_BLUE_PILL.dir/pxtapp/base/pxt.cpp.o
                0x0000000008005170                pxt::allocate(unsigned short)
 .text._ZN3pxt12templateHashEv
                0x0000000008005188        0xc CMakeFiles/STM32_BLUE_PILL.dir/pxtapp/base/pxt.cpp.o
                0x0000000008005188                pxt::templateHash()
 .text._ZN3pxt11programHashEv
                0x0000000008005194        0xc CMakeFiles/STM32_BLUE_PILL.dir/pxtapp/base/pxt.cpp.o
                0x0000000008005194                pxt::programHash()
 .text._ZN3pxt13getNumGlobalsEv
                0x00000000080051a0        0xc CMakeFiles/STM32_BLUE_PILL.dir/pxtapp/base/pxt.cpp.o
                0x00000000080051a0                pxt::getNumGlobals()
 .text._ZN3pxt11exec_binaryEPj
                0x00000000080051ac       0xdc CMakeFiles/STM32_BLUE_PILL.dir/pxtapp/base/pxt.cpp.o
                0x00000000080051ac                pxt::exec_binary(unsigned int*)
 .text._ZN3pxt5startEv
                0x0000000008005288       0x28 CMakeFiles/STM32_BLUE_PILL.dir/pxtapp/base/pxt.cpp.o
                0x0000000008005288                pxt::start()
 .text._ZN6Array_7isArrayEPN3pxt12TValueStructE
                0x00000000080052b0       0x28 CMakeFiles/STM32_BLUE_PILL.dir/pxtapp/base/pxt.cpp.o
                0x00000000080052b0                Array_::isArray(pxt::TValueStruct*)
 .text._ZN5pxtrt6keysOfEPN3pxt12TValueStructE
                0x00000000080052d8       0x68 CMakeFiles/STM32_BLUE_PILL.dir/pxtapp/base/pxt.cpp.o
                0x00000000080052d8                pxtrt::keysOf(pxt::TValueStruct*)
 .text._ZN5codal14CodalComponent4initEv
                0x0000000008005340        0x8 CMakeFiles/STM32_BLUE_PILL.dir/pxtapp/core---stm32bluepill/codal.cpp.o
                0x0000000008005340                codal::CodalComponent::init()
 .text._ZN3pxtL10runAction0EPNS_12TValueStructE
                0x0000000008005348       0x18 CMakeFiles/STM32_BLUE_PILL.dir/pxtapp/core---stm32bluepill/codal.cpp.o
 .text._ZN3pxt13dispatchEventEN5codal5EventE
                0x0000000008005360       0x6c CMakeFiles/STM32_BLUE_PILL.dir/pxtapp/core---stm32bluepill/codal.cpp.o
                0x0000000008005360                pxt::dispatchEvent(codal::Event)
 .text._ZN3pxt9fiberDoneEPv
                0x00000000080053cc       0x10 CMakeFiles/STM32_BLUE_PILL.dir/pxtapp/core---stm32bluepill/codal.cpp.o
                0x00000000080053cc                pxt::fiberDone(void*)
 .text._ZN3pxt12forever_stubEPv
                0x00000000080053dc       0x20 CMakeFiles/STM32_BLUE_PILL.dir/pxtapp/core---stm32bluepill/codal.cpp.o
                0x00000000080053dc                pxt::forever_stub(void*)
 .text._ZN5codal3_cm5TimerD2Ev
                0x00000000080053fc       0x14 CMakeFiles/STM32_BLUE_PILL.dir/pxtapp/core---stm32bluepill/codal.cpp.o
                0x00000000080053fc                codal::_cm::Timer::~Timer()
                0x00000000080053fc                codal::_cm::Timer::~Timer()
 .text._ZN3pxt12releaseFiberEv
                0x0000000008005410        0x4 CMakeFiles/STM32_BLUE_PILL.dir/pxtapp/core---stm32bluepill/codal.cpp.o
                0x0000000008005410                pxt::releaseFiber()
 .text._ZN3pxt8sleep_msEj
                0x0000000008005414        0x4 CMakeFiles/STM32_BLUE_PILL.dir/pxtapp/core---stm32bluepill/codal.cpp.o
                0x0000000008005414                pxt::sleep_ms(unsigned int)
 .text._ZN3pxt8sleep_usEy
                0x0000000008005418        0x4 CMakeFiles/STM32_BLUE_PILL.dir/pxtapp/core---stm32bluepill/codal.cpp.o
                0x0000000008005418                pxt::sleep_us(unsigned long long)
 .text._ZN3pxt10runForeverEPNS_12TValueStructE
                0x000000000800541c       0x24 CMakeFiles/STM32_BLUE_PILL.dir/pxtapp/core---stm32bluepill/codal.cpp.o
                0x000000000800541c                pxt::runForever(pxt::TValueStruct*)
 .text._ZN3pxt13runInParallelEPNS_12TValueStructE
                0x0000000008005440       0x24 CMakeFiles/STM32_BLUE_PILL.dir/pxtapp/core---stm32bluepill/codal.cpp.o
                0x0000000008005440                pxt::runInParallel(pxt::TValueStruct*)
 .text._ZN3pxt12waitForEventEii
                0x0000000008005464        0x8 CMakeFiles/STM32_BLUE_PILL.dir/pxtapp/core---stm32bluepill/codal.cpp.o
                0x0000000008005464                pxt::waitForEvent(int, int)
 .text._ZN3pxt11initRuntimeEv
                0x000000000800546c      0x110 CMakeFiles/STM32_BLUE_PILL.dir/pxtapp/core---stm32bluepill/codal.cpp.o
                0x000000000800546c                pxt::initRuntime()
 .text._ZN3pxt16afterProgramPageEv
                0x000000000800557c       0x20 CMakeFiles/STM32_BLUE_PILL.dir/pxtapp/core---stm32bluepill/codal.cpp.o
                0x000000000800557c                pxt::afterProgramPage()
 .text._ZN3pxt15getSerialNumberEv
                0x000000000800559c        0x4 CMakeFiles/STM32_BLUE_PILL.dir/pxtapp/core---stm32bluepill/codal.cpp.o
                0x000000000800559c                pxt::getSerialNumber()
 .text._ZN3pxt15current_time_msEv
                0x00000000080055a0        0x4 CMakeFiles/STM32_BLUE_PILL.dir/pxtapp/core---stm32bluepill/codal.cpp.o
                0x00000000080055a0                pxt::current_time_ms()
 .text._ZN3pxt16getThreadContextEv
                0x00000000080055a4        0xc CMakeFiles/STM32_BLUE_PILL.dir/pxtapp/core---stm32bluepill/codal.cpp.o
                0x00000000080055a4                pxt::getThreadContext()
 .text._ZN3pxt16setThreadContextEPNS_13ThreadContextE
                0x00000000080055b0        0xc CMakeFiles/STM32_BLUE_PILL.dir/pxtapp/core---stm32bluepill/codal.cpp.o
                0x00000000080055b0                pxt::setThreadContext(pxt::ThreadContext*)
 .text._ZN3pxt15getCurrentFiberEv
                0x00000000080055bc        0xc CMakeFiles/STM32_BLUE_PILL.dir/pxtapp/core---stm32bluepill/codal.cpp.o
                0x00000000080055bc                pxt::getCurrentFiber()
 .text._ZN3pxt16threadAddressForEPNS_13ThreadContextEPv
                0x00000000080055c8       0x24 CMakeFiles/STM32_BLUE_PILL.dir/pxtapp/core---stm32bluepill/codal.cpp.o
                0x00000000080055c8                pxt::threadAddressFor(pxt::ThreadContext*, void*)
 .text.startup._GLOBAL__sub_I__ZN3pxt8devTimerE
                0x00000000080055ec       0x58 CMakeFiles/STM32_BLUE_PILL.dir/pxtapp/core---stm32bluepill/codal.cpp.o
 .text._ZN3pxt15registerWithDalEiiPNS_12TValueStructEi
                0x0000000008005644       0x68 CMakeFiles/STM32_BLUE_PILL.dir/pxtapp/core---stm32bluepill/codal.cpp.o
                0x0000000008005644                pxt::registerWithDal(int, int, pxt::TValueStruct*, int)
 .text._ZN7control10raiseEventEii
                0x00000000080056ac       0x18 CMakeFiles/STM32_BLUE_PILL.dir/pxtapp/core---stm32bluepill/control.cpp.o
                0x00000000080056ac                control::raiseEvent(int, int)
 .text._ZN7control16deviceDalVersionEv
                0x00000000080056c4       0x10 CMakeFiles/STM32_BLUE_PILL.dir/pxtapp/core---stm32bluepill/control.cpp.o
                0x00000000080056c4                control::deviceDalVersion()
 .text._ZN7control19allocateNotifyEventEv
                0x00000000080056d4        0x8 CMakeFiles/STM32_BLUE_PILL.dir/pxtapp/core---stm32bluepill/control.cpp.o
                0x00000000080056d4                control::allocateNotifyEvent()
 .text._ZN7control5dmesgEPN3pxt11BoxedStringE
                0x00000000080056dc        0xc CMakeFiles/STM32_BLUE_PILL.dir/pxtapp/core---stm32bluepill/control.cpp.o
                0x00000000080056dc                control::dmesg(pxt::BoxedString*)
 .text._ZN7control8dmesgPtrEPN3pxt11BoxedStringEPv
                0x00000000080056e8       0x10 CMakeFiles/STM32_BLUE_PILL.dir/pxtapp/core---stm32bluepill/control.cpp.o
                0x00000000080056e8                control::dmesgPtr(pxt::BoxedString*, void*)
 .text._ZN4pinsL7initI2CEv.part.0
                0x00000000080056f8       0x40 CMakeFiles/STM32_BLUE_PILL.dir/pxtapp/core---stm32bluepill/i2c.cpp.o
 .text._ZN4pins13i2cReadBufferEiib
                0x0000000008005738       0x48 CMakeFiles/STM32_BLUE_PILL.dir/pxtapp/core---stm32bluepill/i2c.cpp.o
                0x0000000008005738                pins::i2cReadBuffer(int, int, bool)
 .text._ZN4pins14i2cWriteBufferEiPN3pxt11BoxedBufferEb
                0x0000000008005780       0x34 CMakeFiles/STM32_BLUE_PILL.dir/pxtapp/core---stm32bluepill/i2c.cpp.o
                0x0000000008005780                pins::i2cWriteBuffer(int, pxt::BoxedBuffer*, bool)
 .text._ZN5codal3Pin15setServoPulseUsEm
                0x00000000080057b4        0x8 CMakeFiles/STM32_BLUE_PILL.dir/pxtapp/core---stm32bluepill/pins.cpp.o
                0x00000000080057b4                codal::Pin::setServoPulseUs(unsigned long)
 .text._ZN5codal3Pin17setAnalogPeriodUsEm
                0x00000000080057bc        0x8 CMakeFiles/STM32_BLUE_PILL.dir/pxtapp/core---stm32bluepill/pins.cpp.o
                0x00000000080057bc                codal::Pin::setAnalogPeriodUs(unsigned long)
 .text._ZN5codal3Pin8drainPinEv
                0x00000000080057c4        0x8 CMakeFiles/STM32_BLUE_PILL.dir/pxtapp/core---stm32bluepill/pins.cpp.o
                0x00000000080057c4                codal::Pin::drainPin()
 .text._ZN3pxt6getPinEi
                0x00000000080057cc       0xbc CMakeFiles/STM32_BLUE_PILL.dir/pxtapp/core---stm32bluepill/pins.cpp.o
                0x00000000080057cc                pxt::getPin(int)
 .text._ZN3pxt9getPinCfgEi
                0x0000000008005888       0x14 CMakeFiles/STM32_BLUE_PILL.dir/pxtapp/core---stm32bluepill/pins.cpp.o
                0x0000000008005888                pxt::getPinCfg(int)
 .text._ZN3pxt9lookupPinEi
                0x000000000800589c       0x10 CMakeFiles/STM32_BLUE_PILL.dir/pxtapp/core---stm32bluepill/pins.cpp.o
                0x000000000800589c                pxt::lookupPin(int)
 .text._ZN4pins12createBufferEi
                0x00000000080058ac        0x8 CMakeFiles/STM32_BLUE_PILL.dir/pxtapp/core---stm32bluepill/pins.cpp.o
                0x00000000080058ac                pins::createBuffer(int)
 .text._ZN4pins13pulseDurationEv
                0x00000000080058b4        0xc CMakeFiles/STM32_BLUE_PILL.dir/pxtapp/core---stm32bluepill/pins.cpp.o
                0x00000000080058b4                pins::pulseDuration()
 .text._ZN18AnalogInPinMethods10analogReadEPN5codal16STM32BluePillPinE
                0x00000000080058c0        0x8 CMakeFiles/STM32_BLUE_PILL.dir/pxtapp/core---stm32bluepill/pinsAnalog.cpp.o
                0x00000000080058c0                AnalogInPinMethods::analogRead(codal::STM32BluePillPin*)
 .text._ZN19AnalogOutPinMethods11analogWriteEPN5codal16STM32BluePillPinEi
                0x00000000080058c8        0x8 CMakeFiles/STM32_BLUE_PILL.dir/pxtapp/core---stm32bluepill/pinsAnalog.cpp.o
                0x00000000080058c8                AnalogOutPinMethods::analogWrite(codal::STM32BluePillPin*, int)
 .text._ZN22DigitalInOutPinMethods11digitalReadEPN5codal16STM32BluePillPinE
                0x00000000080058d0       0x10 CMakeFiles/STM32_BLUE_PILL.dir/pxtapp/core---stm32bluepill/pinsDigital.cpp.o
                0x00000000080058d0                DigitalInOutPinMethods::digitalRead(codal::STM32BluePillPin*)
 .text._ZN22DigitalInOutPinMethods12digitalWriteEPN5codal16STM32BluePillPinEb
                0x00000000080058e0        0x8 CMakeFiles/STM32_BLUE_PILL.dir/pxtapp/core---stm32bluepill/pinsDigital.cpp.o
                0x00000000080058e0                DigitalInOutPinMethods::digitalWrite(codal::STM32BluePillPin*, bool)
 .text._ZN22DigitalInOutPinMethods8onPulsedEPN5codal16STM32BluePillPinE10PulseValuePN3pxt12TValueStructE
                0x00000000080058e8       0x20 CMakeFiles/STM32_BLUE_PILL.dir/pxtapp/core---stm32bluepill/pinsDigital.cpp.o
                0x00000000080058e8                DigitalInOutPinMethods::onPulsed(codal::STM32BluePillPin*, PulseValue, pxt::TValueStruct*)
 .text._ZN22DigitalInOutPinMethods7onEventEPN5codal16STM32BluePillPinE8PinEventPN3pxt12TValueStructE
                0x0000000008005908       0x38 CMakeFiles/STM32_BLUE_PILL.dir/pxtapp/core---stm32bluepill/pinsDigital.cpp.o
                0x0000000008005908                DigitalInOutPinMethods::onEvent(codal::STM32BluePillPin*, PinEvent, pxt::TValueStruct*)
 .text._ZN22DigitalInOutPinMethods7pulseInEPN5codal16STM32BluePillPinE10PulseValuei
                0x0000000008005940       0x80 CMakeFiles/STM32_BLUE_PILL.dir/pxtapp/core---stm32bluepill/pinsDigital.cpp.o
                0x0000000008005940                DigitalInOutPinMethods::pulseIn(codal::STM32BluePillPin*, PulseValue, int)
 .text._ZN22DigitalInOutPinMethods7setPullEPN5codal16STM32BluePillPinE11PinPullMode
                0x00000000080059c0       0x18 CMakeFiles/STM32_BLUE_PILL.dir/pxtapp/core---stm32bluepill/pinsDigital.cpp.o
                0x00000000080059c0                DigitalInOutPinMethods::setPull(codal::STM32BluePillPin*, PinPullMode)
 .text._ZN17PwmOnlyPinMethods15analogSetPeriodEPN5codal16STM32BluePillPinEi
                0x00000000080059d8        0x4 CMakeFiles/STM32_BLUE_PILL.dir/pxtapp/core---stm32bluepill/pinsPWM.cpp.o
                0x00000000080059d8                PwmOnlyPinMethods::analogSetPeriod(codal::STM32BluePillPin*, int)
 .text._ZN17PwmOnlyPinMethods10servoWriteEPN5codal16STM32BluePillPinEi
                0x00000000080059dc       0x14 CMakeFiles/STM32_BLUE_PILL.dir/pxtapp/core---stm32bluepill/pinsPWM.cpp.o
                0x00000000080059dc                PwmOnlyPinMethods::servoWrite(codal::STM32BluePillPin*, int)
 .text._ZN17PwmOnlyPinMethods13servoSetPulseEPN5codal16STM32BluePillPinEi
                0x00000000080059f0        0x4 CMakeFiles/STM32_BLUE_PILL.dir/pxtapp/core---stm32bluepill/pinsPWM.cpp.o
                0x00000000080059f0                PwmOnlyPinMethods::servoSetPulse(codal::STM32BluePillPin*, int)
 .text._ZN3pxt13platform_initEv
                0x00000000080059f4       0x1c CMakeFiles/STM32_BLUE_PILL.dir/pxtapp/core---stm32bluepill/platform.cpp.o
                0x00000000080059f4                pxt::platform_init()
 .text._Z14cpu_clock_initv
                0x0000000008005a10        0x4 CMakeFiles/STM32_BLUE_PILL.dir/pxtapp/core---stm32bluepill/platform.cpp.o
                0x0000000008005a10                cpu_clock_init()
 .text._ZN4pinsL7initSPIEv.part.0
                0x0000000008005a14       0x54 CMakeFiles/STM32_BLUE_PILL.dir/pxtapp/core---stm32bluepill/spi.cpp.o
 .text._ZN4pins8spiWriteEi
                0x0000000008005a68       0x28 CMakeFiles/STM32_BLUE_PILL.dir/pxtapp/core---stm32bluepill/spi.cpp.o
                0x0000000008005a68                pins::spiWrite(int)
 .text._ZN4pins11spiTransferEPN3pxt11BoxedBufferES2_
                0x0000000008005a90       0x44 CMakeFiles/STM32_BLUE_PILL.dir/pxtapp/core---stm32bluepill/spi.cpp.o
                0x0000000008005a90                pins::spiTransfer(pxt::BoxedBuffer*, pxt::BoxedBuffer*)
 .text._ZN4pins12spiFrequencyEi
                0x0000000008005ad4       0x28 CMakeFiles/STM32_BLUE_PILL.dir/pxtapp/core---stm32bluepill/spi.cpp.o
                0x0000000008005ad4                pins::spiFrequency(int)
 .text._ZN4pins7spiModeEi
                0x0000000008005afc       0x2c CMakeFiles/STM32_BLUE_PILL.dir/pxtapp/core---stm32bluepill/spi.cpp.o
                0x0000000008005afc                pins::spiMode(int)
 .text._ZN3pxt8usb_initEv
                0x0000000008005b28        0x4 CMakeFiles/STM32_BLUE_PILL.dir/pxtapp/core---stm32bluepill/usb.cpp.o
                0x0000000008005b28                pxt::usb_init()
 .text._ZN3pxt10sendSerialEPKci
                0x0000000008005b2c       0x10 CMakeFiles/STM32_BLUE_PILL.dir/pxtapp/core---stm32bluepill/usb.cpp.o
                0x0000000008005b2c                pxt::sendSerial(char const*, int)
 .text._ZN3pxt9dumpDmesgEv
                0x0000000008005b3c       0x3c CMakeFiles/STM32_BLUE_PILL.dir/pxtapp/core---stm32bluepill/usb.cpp.o
                0x0000000008005b3c                pxt::dumpDmesg()
 .text.startup.main
                0x0000000008005b78        0xc CMakeFiles/STM32_BLUE_PILL.dir/pxtapp/main.cpp.o
                0x0000000008005b78                main
 .text._ZN3pxt4incrEPNS_12TValueStructE
                0x0000000008005b84        0x4 CMakeFiles/STM32_BLUE_PILL.dir/pxtapp/pointers.cpp.o
                0x0000000008005b84                pxt::incr(pxt::TValueStruct*)
 .text._ZN3pxt4decrEPNS_12TValueStructE
                0x0000000008005b88        0x4 CMakeFiles/STM32_BLUE_PILL.dir/pxtapp/pointers.cpp.o
                0x0000000008005b88                pxt::decr(pxt::TValueStruct*)
 .text._ZN3pxt12ptrOfLiteralEi
                0x0000000008005b8c       0x10 CMakeFiles/STM32_BLUE_PILL.dir/pxtapp/pointers.cpp.o
                0x0000000008005b8c                pxt::ptrOfLiteral(int)
 .text._ZN3pxt16startPerfCounterENS_12PerfCountersE
                0x0000000008005b9c        0x4 CMakeFiles/STM32_BLUE_PILL.dir/pxtapp/pointers.cpp.o
                0x0000000008005b9c                pxt::startPerfCounter(pxt::PerfCounters)
 .text._ZN3pxt15stopPerfCounterENS_12PerfCountersE
                0x0000000008005ba0        0x4 CMakeFiles/STM32_BLUE_PILL.dir/pxtapp/pointers.cpp.o
                0x0000000008005ba0                pxt::stopPerfCounter(pxt::PerfCounters)
 .text._ZN3pxt16dumpPerfCountersEv
                0x0000000008005ba4        0x4 CMakeFiles/STM32_BLUE_PILL.dir/pxtapp/pointers.cpp.o
                0x0000000008005ba4                pxt::dumpPerfCounters()
 .text.malloc   0x0000000008005ba8       0x10 libnewlib.a(malloc.c.o)
                0x0000000008005ba8                malloc
 .text.free     0x0000000008005bb8       0x10 libnewlib.a(malloc.c.o)
                0x0000000008005bb8                free
 .text._malloc_r
                0x0000000008005bc8       0xbc libnewlib.a(nano-mallocr.c.o)
                0x0000000008005bc8                _malloc_r
 .text._free_r  0x0000000008005c84       0x98 libnewlib.a(nano-mallocr.c.o)
                0x0000000008005c84                _free_r
 .text.realloc  0x0000000008005d1c       0x10 libnewlib.a(realloc.c.o)
                0x0000000008005d1c                realloc
 .text._strtol_l.isra.0
                0x0000000008005d2c       0xf4 libnewlib.a(strtol.c.o)
 .text.strtol   0x0000000008005e20       0x14 libnewlib.a(strtol.c.o)
                0x0000000008005e20                strtol
 .text.trunc    0x0000000008005e34       0x64 libnewlib.a(s_trunc.c.o)
                0x0000000008005e34                trunc
 .text.__ieee754_sqrt
                0x0000000008005e98      0x158 libnewlib.a(e_sqrt.c.o)
                0x0000000008005e98                sqrt
                0x0000000008005e98                __ieee754_sqrt
 .text.__ieee754_fmod
                0x0000000008005ff0      0x20c libnewlib.a(e_fmod.c.o)
                0x0000000008005ff0                __ieee754_fmod
                0x0000000008005ff0                fmod
 .text.cos      0x00000000080061fc       0x6c libnewlib.a(s_cos.c.o)
                0x00000000080061fc                cos
 .text.sin      0x0000000008006268       0x74 libnewlib.a(s_sin.c.o)
                0x0000000008006268                sin
 .text.tan      0x00000000080062dc       0x54 libnewlib.a(s_tan.c.o)
                0x00000000080062dc                tan
 .text.__kernel_rem_pio2
                0x0000000008006330      0x6a8 libnewlib.a(k_rem_pio2.c.o)
                0x0000000008006330                __kernel_rem_pio2
 .text._ZN5codal14string_reverseEPc
                0x00000000080069d8       0x2c libcodal-core.a(CodalCompat.cpp.o)
                0x00000000080069d8                codal::string_reverse(char*)
 .text._ZN5codal4itoaEiPc
                0x0000000008006a04       0x60 libcodal-core.a(CodalCompat.cpp.o)
                0x0000000008006a04                codal::itoa(int, char*)
 .text._ZN5codal11seed_randomEm
                0x0000000008006a64        0xc libcodal-core.a(CodalCompat.cpp.o)
                0x0000000008006a64                codal::seed_random(unsigned long)
 .text._ZN5codal14CodalComponent16periodicCallbackEv
                0x0000000008006a70        0x4 libcodal-core.a(CodalComponent.cpp.o)
                0x0000000008006a70                codal::CodalComponent::periodicCallback()
 .text._ZN5codal14CodalComponent12idleCallbackEv
                0x0000000008006a74        0x4 libcodal-core.a(CodalComponent.cpp.o)
                0x0000000008006a74                codal::CodalComponent::idleCallback()
 .text._ZN5codal10EventModel3addEPNS_8ListenerE
                0x0000000008006a78        0x8 libcodal-core.a(CodalComponent.cpp.o)
                0x0000000008006a78                codal::EventModel::add(codal::Listener*)
 .text._Z18component_callbackN5codal5EventE
                0x0000000008006a80       0x78 libcodal-core.a(CodalComponent.cpp.o)
                0x0000000008006a80                component_callback(codal::Event)
 .text._ZN5codal14CodalComponent12addComponentEv
                0x0000000008006af8       0xe0 libcodal-core.a(CodalComponent.cpp.o)
                0x0000000008006af8                codal::CodalComponent::addComponent()
 .text._ZN5codal14CodalComponent15removeComponentEv
                0x0000000008006bd8       0x34 libcodal-core.a(CodalComponent.cpp.o)
                0x0000000008006bd8                codal::CodalComponent::removeComponent()
 .text._ZN5codal11CodalDevice10getVersionEv
                0x0000000008006c0c        0x8 libcodal-core.a(CodalDevice.cpp.o)
                0x0000000008006c0c                codal::CodalDevice::getVersion()
 .text._ZN5codal11CodalDevice5sleepEm
                0x0000000008006c14        0x8 libcodal-core.a(CodalDevice.cpp.o)
                0x0000000008006c14                codal::CodalDevice::sleep(unsigned long)
 .text._ZN5codal11CodalDevice10seedRandomEm
                0x0000000008006c1c        0x8 libcodal-core.a(CodalDevice.cpp.o)
                0x0000000008006c1c                codal::CodalDevice::seedRandom(unsigned long)
 .text._ZN5codal11CodalDevice5panicEi
                0x0000000008006c24        0x8 libcodal-core.a(CodalDevice.cpp.o)
                0x0000000008006c24                codal::CodalDevice::panic(int)
 .text._ZN5codal11CodalDevice15getSerialNumberEv
                0x0000000008006c2c        0x4 libcodal-core.a(CodalDevice.cpp.o)
                0x0000000008006c2c                codal::CodalDevice::getSerialNumber()
 .text._ZN5codal11CodalDevice4waitEm
                0x0000000008006c30        0x8 libcodal-core.a(CodalDevice.cpp.o)
                0x0000000008006c30                codal::CodalDevice::wait(unsigned long)
 .text._ZN5codal11CodalDevice5resetEv
                0x0000000008006c38        0x4 libcodal-core.a(CodalDevice.cpp.o)
                0x0000000008006c38                codal::CodalDevice::reset()
 .text._ZL9logwritenPKci
                0x0000000008006c3c       0x80 libcodal-core.a(CodalDmesg.cpp.o)
 .text._ZL11logwritenummbb
                0x0000000008006cbc       0x74 libcodal-core.a(CodalDmesg.cpp.o)
 .text.codal_dmesg_set_flush_fn
                0x0000000008006d30        0xc libcodal-core.a(CodalDmesg.cpp.o)
                0x0000000008006d30                codal_dmesg_set_flush_fn
 .text.codal_vdmesg
                0x0000000008006d3c       0xdc libcodal-core.a(CodalDmesg.cpp.o)
                0x0000000008006d3c                codal_vdmesg
 .text.codal_dmesg
                0x0000000008006e18       0x20 libcodal-core.a(CodalDmesg.cpp.o)
                0x0000000008006e18                codal_dmesg
 .text._ZN5codal10EventModel6removeEPNS_8ListenerE
                0x0000000008006e38        0x8 libcodal-core.a(CodalFiber.cpp.o)
                0x0000000008006e38                codal::EventModel::remove(codal::Listener*)
 .text._ZN5codal11queue_fiberEPNS_5FiberEPS1_
                0x0000000008006e40       0x38 libcodal-core.a(CodalFiber.cpp.o)
                0x0000000008006e40                codal::queue_fiber(codal::Fiber*, codal::Fiber**)
 .text._ZN5codal13dequeue_fiberEPNS_5FiberE
                0x0000000008006e78       0x34 libcodal-core.a(CodalFiber.cpp.o)
                0x0000000008006e78                codal::dequeue_fiber(codal::Fiber*)
 .text._ZN5codal14scheduler_tickENS_5EventE
                0x0000000008006eac       0x44 libcodal-core.a(CodalFiber.cpp.o)
                0x0000000008006eac                codal::scheduler_tick(codal::Event)
 .text._ZN5codal15scheduler_eventENS_5EventE
                0x0000000008006ef0       0xe0 libcodal-core.a(CodalFiber.cpp.o)
                0x0000000008006ef0                codal::scheduler_event(codal::Event)
 .text._Z15getFiberContextv
                0x0000000008006fd0       0x50 libcodal-core.a(CodalFiber.cpp.o)
                0x0000000008006fd0                getFiberContext()
 .text._ZL10handle_fobv
                0x0000000008007020       0x34 libcodal-core.a(CodalFiber.cpp.o)
 .text._ZN5codal14scheduler_initERNS_10EventModelE
                0x0000000008007054      0x138 libcodal-core.a(CodalFiber.cpp.o)
                0x0000000008007054                codal::scheduler_init(codal::EventModel&)
 .text._ZN5codal23fiber_scheduler_runningEv
                0x000000000800718c       0x10 libcodal-core.a(CodalFiber.cpp.o)
                0x000000000800718c                codal::fiber_scheduler_running()
 .text._ZN5codal19fiber_wake_on_eventEtt
                0x000000000800719c       0x98 libcodal-core.a(CodalFiber.cpp.o)
                0x000000000800719c                codal::fiber_wake_on_event(unsigned short, unsigned short)
 .text._Z14__create_fibermmmi
                0x0000000008007234       0x68 libcodal-core.a(CodalFiber.cpp.o)
                0x0000000008007234                __create_fiber(unsigned long, unsigned long, unsigned long, int)
 .text._ZN5codal12create_fiberEPFvPvES0_S2_
                0x000000000800729c       0x24 libcodal-core.a(CodalFiber.cpp.o)
                0x000000000800729c                codal::create_fiber(void (*)(void*), void*, void (*)(void*))
 .text._ZN5codal24scheduler_runqueue_emptyEv
                0x00000000080072c0       0x10 libcodal-core.a(CodalFiber.cpp.o)
                0x00000000080072c0                codal::scheduler_runqueue_empty()
 .text._ZN5codal4idleEv
                0x00000000080072d0       0x48 libcodal-core.a(CodalFiber.cpp.o)
                0x00000000080072d0                codal::idle()
 .text._ZN5codal8scheduleEv.part.2
                0x0000000008007318      0x18c libcodal-core.a(CodalFiber.cpp.o)
 .text._ZN5codal8scheduleEv
                0x00000000080074a4       0x14 libcodal-core.a(CodalFiber.cpp.o)
                0x00000000080074a4                codal::schedule()
 .text._ZN5codal11fiber_sleepEm
                0x00000000080074b8       0x48 libcodal-core.a(CodalFiber.cpp.o)
                0x00000000080074b8                codal::fiber_sleep(unsigned long)
 .text._ZN5codal20fiber_wait_for_eventEtt
                0x0000000008007500       0x24 libcodal-core.a(CodalFiber.cpp.o)
                0x0000000008007500                codal::fiber_wait_for_event(unsigned short, unsigned short)
 .text._ZN5codal13release_fiberEv
                0x0000000008007524       0x7c libcodal-core.a(CodalFiber.cpp.o)
                0x0000000008007524                codal::release_fiber()
 .text._ZN5codal16launch_new_fiberEPFvvES1_
                0x00000000080075a0       0x10 libcodal-core.a(CodalFiber.cpp.o)
                0x00000000080075a0                codal::launch_new_fiber(void (*)(), void (*)())
 .text._ZN5codal13release_fiberEPv
                0x00000000080075b0       0x14 libcodal-core.a(CodalFiber.cpp.o)
                0x00000000080075b0                codal::release_fiber(void*)
 .text._ZN5codal6invokeEPFvPvES0_
                0x00000000080075c4       0x9c libcodal-core.a(CodalFiber.cpp.o)
                0x00000000080075c4                codal::invoke(void (*)(void*), void*)
 .text._ZN5codal22launch_new_fiber_paramEPFvPvES2_S0_
                0x0000000008007660       0x28 libcodal-core.a(CodalFiber.cpp.o)
                0x0000000008007660                codal::launch_new_fiber_param(void (*)(void*), void (*)(void*), void*)
 .text._ZN5codal9idle_taskEv
                0x0000000008007688       0x18 libcodal-core.a(CodalFiber.cpp.o)
                0x0000000008007688                codal::idle_task()
 .text._ZN5codal8ListenerC2EttPFvNS_5EventEEt
                0x00000000080076a0       0x30 libcodal-core.a(CodalListener.cpp.o)
                0x00000000080076a0                codal::Listener::Listener(unsigned short, unsigned short, void (*)(codal::Event), unsigned short)
                0x00000000080076a0                codal::Listener::Listener(unsigned short, unsigned short, void (*)(codal::Event), unsigned short)
 .text._ZN5codal8ListenerD2Ev
                0x00000000080076d0       0x14 libcodal-core.a(CodalListener.cpp.o)
                0x00000000080076d0                codal::Listener::~Listener()
                0x00000000080076d0                codal::Listener::~Listener()
 .text._ZN5codal8Listener5queueENS_5EventE
                0x00000000080076e4       0x68 libcodal-core.a(CodalListener.cpp.o)
                0x00000000080076e4                codal::Listener::queue(codal::Event)
 .text._ZN5codal5Timer17disableInterruptsEv
                0x000000000800774c        0xc libcodal-core.a(Timer.cpp.o)
                0x000000000800774c                codal::Timer::disableInterrupts()
 .text._ZN5codal5Timer16enableInterruptsEv
                0x0000000008007758        0xc libcodal-core.a(Timer.cpp.o)
                0x0000000008007758                codal::Timer::enableInterrupts()
 .text._ZN5codal5TimerC2Ev
                0x0000000008007764       0x30 libcodal-core.a(Timer.cpp.o)
                0x0000000008007764                codal::Timer::Timer()
                0x0000000008007764                codal::Timer::Timer()
 .text._ZN5codal5Timer8setEventEmttb
                0x0000000008007794       0xb8 libcodal-core.a(Timer.cpp.o)
                0x0000000008007794                codal::Timer::setEvent(unsigned long, unsigned short, unsigned short, bool)
 .text._ZN5codal5Timer4syncEm
                0x000000000800784c       0x30 libcodal-core.a(Timer.cpp.o)
                0x000000000800784c                codal::Timer::sync(unsigned long)
 .text._ZN5codal5Timer7triggerEv
                0x000000000800787c       0xe0 libcodal-core.a(Timer.cpp.o)
                0x000000000800787c                codal::Timer::trigger()
 .text._ZN5codal5TimerD2Ev
                0x000000000800795c        0x4 libcodal-core.a(Timer.cpp.o)
                0x000000000800795c                codal::Timer::~Timer()
                0x000000000800795c                codal::Timer::~Timer()
 .text._ZN5codal25system_timer_current_timeEv
                0x0000000008007960       0x1c libcodal-core.a(Timer.cpp.o)
                0x0000000008007960                codal::system_timer_current_time()
 .text._ZN5codal28system_timer_current_time_usEv
                0x000000000800797c       0x1c libcodal-core.a(Timer.cpp.o)
                0x000000000800797c                codal::system_timer_current_time_us()
 .text._ZN5codal27system_timer_event_every_usEmtt
                0x0000000008007998       0x2c libcodal-core.a(Timer.cpp.o)
                0x0000000008007998                codal::system_timer_event_every_us(unsigned long, unsigned short, unsigned short)
 .text._ZN5codal10EventModel4sendENS_5EventE
                0x00000000080079c4       0x14 libcodal-core.a(MessageBus.cpp.o)
                0x00000000080079c4                codal::EventModel::send(codal::Event)
 .text._ZN5codal10MessageBus9elementAtEi
                0x00000000080079d8       0x18 libcodal-core.a(MessageBus.cpp.o)
                0x00000000080079d8                codal::MessageBus::elementAt(int)
 .text._ZN5codal14CodalComponentD2Ev
                0x00000000080079f0       0x18 libcodal-core.a(MessageBus.cpp.o)
                0x00000000080079f0                codal::CodalComponent::~CodalComponent()
                0x00000000080079f0                codal::CodalComponent::~CodalComponent()
 .text._ZN5codal14CodalComponentD0Ev
                0x0000000008007a08       0x20 libcodal-core.a(MessageBus.cpp.o)
                0x0000000008007a08                codal::CodalComponent::~CodalComponent()
 .text._ZN5codal22MemberFunctionCallback10methodCallINS_10MessageBusEEEvPvPmNS_5EventE
                0x0000000008007a28       0x3c libcodal-core.a(MessageBus.cpp.o)
                0x0000000008007a28                void codal::MemberFunctionCallback::methodCall<codal::MessageBus>(void*, unsigned long*, codal::Event)
 .text._ZN5codal10MessageBus6removeEPNS_8ListenerE
                0x0000000008007a64       0x7c libcodal-core.a(MessageBus.cpp.o)
                0x0000000008007a64                codal::MessageBus::remove(codal::Listener*)
 .text._ZN5codal10MessageBus3addEPNS_8ListenerE
                0x0000000008007ae0       0xf8 libcodal-core.a(MessageBus.cpp.o)
                0x0000000008007ae0                codal::MessageBus::add(codal::Listener*)
 .text._Z14async_callbackPv
                0x0000000008007bd8       0x84 libcodal-core.a(MessageBus.cpp.o)
                0x0000000008007bd8                async_callback(void*)
 .text._ZN5codal10MessageBus12dequeueEventEv
                0x0000000008007c5c       0x24 libcodal-core.a(MessageBus.cpp.o)
                0x0000000008007c5c                codal::MessageBus::dequeueEvent()
 .text._ZN5codal10MessageBus21deleteMarkedListenersEv
                0x0000000008007c80       0x54 libcodal-core.a(MessageBus.cpp.o)
                0x0000000008007c80                codal::MessageBus::deleteMarkedListeners()
 .text._ZN5codal10MessageBus7processERNS_5EventEb
                0x0000000008007cd4       0x98 libcodal-core.a(MessageBus.cpp.o)
                0x0000000008007cd4                codal::MessageBus::process(codal::Event&, bool)
 .text._ZN5codal10MessageBus10queueEventERNS_5EventE
                0x0000000008007d6c       0x60 libcodal-core.a(MessageBus.cpp.o)
                0x0000000008007d6c                codal::MessageBus::queueEvent(codal::Event&)
 .text._ZN5codal10MessageBus4sendENS_5EventE
                0x0000000008007dcc       0x18 libcodal-core.a(MessageBus.cpp.o)
                0x0000000008007dcc                codal::MessageBus::send(codal::Event)
 .text._ZN5codal10MessageBus4idleENS_5EventE
                0x0000000008007de4       0x44 libcodal-core.a(MessageBus.cpp.o)
                0x0000000008007de4                codal::MessageBus::idle(codal::Event)
 .text._ZN5codal19allocateNotifyEventEv
                0x0000000008007e28       0x10 libcodal-core.a(MessageBus.cpp.o)
                0x0000000008007e28                codal::allocateNotifyEvent()
 .text._ZN5codal8ListenerC2INS_10MessageBusEEEttPT_MS3_FvNS_5EventEEt
                0x0000000008007e38       0x64 libcodal-core.a(MessageBus.cpp.o)
                0x0000000008007e38                codal::Listener::Listener<codal::MessageBus>(unsigned short, unsigned short, codal::MessageBus*, void (codal::MessageBus::*)(codal::Event), unsigned short)
                0x0000000008007e38                codal::Listener::Listener<codal::MessageBus>(unsigned short, unsigned short, codal::MessageBus*, void (codal::MessageBus::*)(codal::Event), unsigned short)
 .text._ZN5codal10MessageBusC2Ev
                0x0000000008007e9c       0x94 libcodal-core.a(MessageBus.cpp.o)
                0x0000000008007e9c                codal::MessageBus::MessageBus()
                0x0000000008007e9c                codal::MessageBus::MessageBus()
 .text._ZN5codal10MessageBusD2Ev
                0x0000000008007f30       0x64 libcodal-core.a(MessageBus.cpp.o)
                0x0000000008007f30                codal::MessageBus::~MessageBus()
                0x0000000008007f30                codal::MessageBus::~MessageBus()
 .text._ZThn8_N5codal10MessageBusD1Ev
                0x0000000008007f94        0x8 libcodal-core.a(MessageBus.cpp.o)
                0x0000000008007f94                non-virtual thunk to codal::MessageBus::~MessageBus()
 .text._ZN5codal10MessageBusD0Ev
                0x0000000008007f9c       0x14 libcodal-core.a(MessageBus.cpp.o)
                0x0000000008007f9c                codal::MessageBus::~MessageBus()
 .text._ZThn8_N5codal10MessageBusD0Ev
                0x0000000008007fb0        0x8 libcodal-core.a(MessageBus.cpp.o)
                0x0000000008007fb0                non-virtual thunk to codal::MessageBus::~MessageBus()
 .text._ZN5codal5EventC2EttmNS_15EventLaunchModeE.part.1
                0x0000000008007fb8       0x2c libcodal-core.a(Event.cpp.o)
 .text._ZN5codal5EventC2EttNS_15EventLaunchModeE
                0x0000000008007fe4       0x1c libcodal-core.a(Event.cpp.o)
                0x0000000008007fe4                codal::Event::Event(unsigned short, unsigned short, codal::EventLaunchMode)
                0x0000000008007fe4                codal::Event::Event(unsigned short, unsigned short, codal::EventLaunchMode)
 .text._ZN5codal5EventC2EttmNS_15EventLaunchModeE
                0x0000000008008000       0x18 libcodal-core.a(Event.cpp.o)
                0x0000000008008000                codal::Event::Event(unsigned short, unsigned short, unsigned long, codal::EventLaunchMode)
                0x0000000008008000                codal::Event::Event(unsigned short, unsigned short, unsigned long, codal::EventLaunchMode)
 .text._ZN5codal5EventC2Ev
                0x0000000008008018       0x14 libcodal-core.a(Event.cpp.o)
                0x0000000008008018                codal::Event::Event()
                0x0000000008008018                codal::Event::Event()
 .text._ZN5codal14EventQueueItemC2ENS_5EventE
                0x000000000800802c       0x24 libcodal-core.a(Event.cpp.o)
                0x000000000800802c                codal::EventQueueItem::EventQueueItem(codal::Event)
                0x000000000800802c                codal::EventQueueItem::EventQueueItem(codal::Event)
 .text.calloc   0x0000000008008050       0x20 libcodal-core.a(CodalHeapAllocator.cpp.o)
                0x0000000008008050                calloc
 .text._ZN5codal22MemberFunctionCallback4fireENS_5EventE
                0x0000000008008070       0x1c libcodal-core.a(MemberFunctionCallback.cpp.o)
                0x0000000008008070                codal::MemberFunctionCallback::fire(codal::Event)
 .text._ZN5codal22MemberFunctionCallbackeqERKS0_
                0x000000000800808c       0x20 libcodal-core.a(MemberFunctionCallback.cpp.o)
                0x000000000800808c                codal::MemberFunctionCallback::operator==(codal::MemberFunctionCallback const&)
 .text.platform_setup
                0x00000000080080ac       0x4c libstm32.a(bluepill.cpp.o)
                0x00000000080080ac                platform_setup
 .text.enable_debug
                0x00000000080080f8       0x10 libstm32.a(bluepill.cpp.o)
                0x00000000080080f8                enable_debug
 .text.__cxa_pure_virtual
                0x0000000008008108        0x8 libstm32.a(bluepill.cpp.o)
                0x0000000008008108                __cxa_pure_virtual