Archive member included to satisfy reference by file (symbol)

libnewlib.a(memcpy-stub.c.o)  CMakeFiles/STM32_BLUE_PILL.dir/pxtapp/base/buffer.cpp.o (memcpy)
libnewlib.a(strcmp.S.o)       CMakeFiles/STM32_BLUE_PILL.dir/pxtapp/base/core.cpp.o (strcmp)
libnewlib.a(strlen.S.o)       CMakeFiles/STM32_BLUE_PILL.dir/pxtapp/base/core.cpp.o (strlen)
libnewlib.a(strtol.c.o)       CMakeFiles/STM32_BLUE_PILL.dir/pxtapp/base/core.cpp.o (strtol)
libnewlib.a(memcmp.c.o)       CMakeFiles/STM32_BLUE_PILL.dir/pxtapp/base/pxt.cpp.o (memcmp)
libnewlib.a(memmove.c.o)      CMakeFiles/STM32_BLUE_PILL.dir/pxtapp/base/buffer.cpp.o (memmove)
libnewlib.a(memset.c.o)       CMakeFiles/STM32_BLUE_PILL.dir/pxtapp/base/buffer.cpp.o (memset)
libnewlib.a(strstr.c.o)       CMakeFiles/STM32_BLUE_PILL.dir/pxtapp/base/core.cpp.o (strstr)
libnewlib.a(ctype_.c.o)       libnewlib.a(strtol.c.o) (_ctype_)
libnewlib.a(impure.c.o)       libnewlib.a(strtol.c.o) (_impure_ptr)
libcodal-core.a(CodalCompat.cpp.o)
                              CMakeFiles/STM32_BLUE_PILL.dir/pxtapp/base/core.cpp.o (codal::itoa(int, char*))
libcodal-core.a(CodalComponent.cpp.o)
                              CMakeFiles/STM32_BLUE_PILL.dir/pxtapp/core---stm32bluepill/codal.cpp.o (codal::CodalComponent::components)
libcodal-core.a(CodalDevice.cpp.o)
                              CMakeFiles/STM32_BLUE_PILL.dir/pxtapp/core---stm32bluepill/codal.cpp.o (vtable for codal::CodalDevice)
libcodal-core.a(CodalDmesg.cpp.o)
                              CMakeFiles/STM32_BLUE_PILL.dir/pxtapp/base/core.cpp.o (codal_dmesg)
libcodal-core.a(CodalFiber.cpp.o)
                              CMakeFiles/STM32_BLUE_PILL.dir/pxtapp/core---stm32bluepill/codal.cpp.o (codal::list_fibers(codal::Fiber**))
libcodal-core.a(CodalHeapAllocator.cpp.o)
                              CMakeFiles/STM32_BLUE_PILL.dir/pxtapp/base/gc.cpp.o (device_heap_size(unsigned char))
libcodal-core.a(CodalListener.cpp.o)
                              CMakeFiles/STM32_BLUE_PILL.dir/pxtapp/core---stm32bluepill/codal.cpp.o (codal::Listener::Listener(unsigned short, unsigned short, void (*)(codal::Event), unsigned short))
libcodal-core.a(Timer.cpp.o)  CMakeFiles/STM32_BLUE_PILL.dir/pxtapp/core---stm32bluepill/codal.cpp.o (codal::Timer::~Timer())
libcodal-core.a(MessageBus.cpp.o)
                              CMakeFiles/STM32_BLUE_PILL.dir/pxtapp/core---stm32bluepill/codal.cpp.o (codal::MessageBus::add(codal::Listener*))
libcodal-core.a(Event.cpp.o)  CMakeFiles/STM32_BLUE_PILL.dir/pxtapp/core---stm32bluepill/control.cpp.o (codal::Event::Event(unsigned short, unsigned short, codal::EventLaunchMode))
libcodal-core.a(MemberFunctionCallback.cpp.o)
                              libcodal-core.a(MessageBus.cpp.o) (codal::MemberFunctionCallback::fire(codal::Event))
liblibopencm3.a(vector.c.o)   (vector_table)
libnano-float.a(functions.c.o)
                              CMakeFiles/STM32_BLUE_PILL.dir/pxtapp/base/core.cpp.o (__wrap___aeabi_ddiv)
liblogger.a(logger.cpp.o)     CMakeFiles/STM32_BLUE_PILL.dir/pxtapp/base/pxt.cpp.o (debug_flush)
libbluepill.a(bluepill.cpp.o)
                              libcodal-core.a(Timer.cpp.o) (__cxa_pure_virtual)
libbluepill.a(led.cpp.o)      libbluepill.a(bluepill.cpp.o) (led_setup)
libbaseloader.a(baseloader.c.o)
                              (base_vector_table)
libbootloader.a(bootloader.c.o)
                              /Users/Luppy/stm32bluepill-makecode/pxt-maker/libs/stm32bluepill/built/codal/build/libraries/codal-libopencm3/CMakeFiles/hal.dir/stm32/hal/reset_handler.c.o (bootloader_start)
libbootloader.a(ghostfat.c.o)
                              libbootloader.a(bootloader.c.o) (flashBuf)
libbootloader.a(usb_conf.c.o)
                              libbootloader.a(bootloader.c.o) (usb_setup)
libbootloader.a(webusb.c.o)   libbootloader.a(usb_conf.c.o) (webusb_setup)
libbootloader.a(winusb.c.o)   libbootloader.a(usb_conf.c.o) (winusb_setup)
libbootloader.a(target_stm32f103.c.o)
                              libbootloader.a(bootloader.c.o) (boot_target_get_startup_mode)
libbootloader.a(cdc.c.o)      libbootloader.a(usb_conf.c.o) (cdcadm_transmit)
libbootloader.a(hf2.c.o)      libbootloader.a(usb_conf.c.o) (hf2_setup)
libbootloader.a(usb21_standard.c.o)
                              libbootloader.a(usb_conf.c.o) (usb21_setup)
libbootloader.a(backup.c.o)   libbootloader.a(target_stm32f103.c.o) (backup_write)
libhal.a(codal_target_hal.cpp.o)
                              /Users/Luppy/stm32bluepill-makecode/pxt-maker/libs/stm32bluepill/built/codal/build/libraries/codal-libopencm3/CMakeFiles/hal.dir/stm32/hal/reset_handler.c.o (target_init)
libhal.a(CortexContextSwitch.s.o)
                              libcodal-core.a(CodalFiber.cpp.o) (swap_context)
libcm.a(CmI2C.cpp.o)          CMakeFiles/STM32_BLUE_PILL.dir/pxtapp/core---stm32bluepill/i2c.cpp.o (codal::_cm::I2C::I2C(codal::Pin&, codal::Pin&))
[...]
Memory Configuration

Name             Origin             Length             Attributes
bootrom          0x0000000008000000 0x0000000000007400 xr
rom              0x0000000008007400 0x0000000000008c00 xr
bootram          0x0000000020000000 0x0000000000001000 xrw
ram              0x0000000020001000 0x00000000000037bc xrw
bootbuf          0x00000000200047bc 0x0000000000000844 xrw
*default*        0x0000000000000000 0xffffffffffffffff

Linker script and memory map

LOAD /Users/Luppy/stm32bluepill-makecode/pxt-maker/libs/stm32bluepill/built/codal/build/libraries/codal-libopencm3/CMakeFiles/hal.dir/stm32/hal/reset_handler.c.o
START GROUP
LOAD CMakeFiles/STM32_BLUE_PILL.dir/pxtapp/base/advmath.cpp.o
LOAD CMakeFiles/STM32_BLUE_PILL.dir/pxtapp/base/buffer.cpp.o
LOAD CMakeFiles/STM32_BLUE_PILL.dir/pxtapp/base/control.cpp.o
LOAD CMakeFiles/STM32_BLUE_PILL.dir/pxtapp/base/core.cpp.o
LOAD CMakeFiles/STM32_BLUE_PILL.dir/pxtapp/base/gc.cpp.o
LOAD CMakeFiles/STM32_BLUE_PILL.dir/pxtapp/base/loops.cpp.o
LOAD CMakeFiles/STM32_BLUE_PILL.dir/pxtapp/base/pxt.cpp.o
LOAD CMakeFiles/STM32_BLUE_PILL.dir/pxtapp/core---stm32bluepill/codal.cpp.o
LOAD CMakeFiles/STM32_BLUE_PILL.dir/pxtapp/core---stm32bluepill/control.cpp.o
LOAD CMakeFiles/STM32_BLUE_PILL.dir/pxtapp/core---stm32bluepill/dmac.cpp.o
LOAD CMakeFiles/STM32_BLUE_PILL.dir/pxtapp/core---stm32bluepill/hf2.cpp.o
LOAD CMakeFiles/STM32_BLUE_PILL.dir/pxtapp/core---stm32bluepill/i2c.cpp.o
LOAD CMakeFiles/STM32_BLUE_PILL.dir/pxtapp/core---stm32bluepill/pins.cpp.o
LOAD CMakeFiles/STM32_BLUE_PILL.dir/pxtapp/core---stm32bluepill/pinsAnalog.cpp.o
LOAD CMakeFiles/STM32_BLUE_PILL.dir/pxtapp/core---stm32bluepill/pinsDigital.cpp.o
LOAD CMakeFiles/STM32_BLUE_PILL.dir/pxtapp/core---stm32bluepill/pinsPWM.cpp.o
LOAD CMakeFiles/STM32_BLUE_PILL.dir/pxtapp/core---stm32bluepill/platform.cpp.o
LOAD CMakeFiles/STM32_BLUE_PILL.dir/pxtapp/core---stm32bluepill/spi.cpp.o
LOAD CMakeFiles/STM32_BLUE_PILL.dir/pxtapp/core---stm32bluepill/usb.cpp.o
LOAD CMakeFiles/STM32_BLUE_PILL.dir/pxtapp/main.cpp.o
LOAD CMakeFiles/STM32_BLUE_PILL.dir/pxtapp/pointers.cpp.o
LOAD libcodal-libopencm3.a
LOAD libqfplib.a
LOAD libnewlib.a
LOAD libcodal-core.a
LOAD liblibopencm3.a
LOAD libcocoos.a
LOAD libnano-float.a
LOAD liblogger.a
LOAD libbluepill.a
LOAD libbaseloader.a
LOAD libbootloader.a
LOAD libhal.a
LOAD libadcint.a
LOAD libi2cint.a
LOAD libporting.a
LOAD libsimulator.a
LOAD libspiint.a
LOAD libuartint.a
LOAD libcm.a
LOAD libmodel.a
LOAD libbme280.a
LOAD /usr/local/Cellar/arm-none-eabi-gcc/7-2018-q2-update/gcc/bin/../lib/gcc/arm-none-eabi/7.3.1/../../../../arm-none-eabi/lib/thumb/v7-m/libnosys.a
LOAD /usr/local/Cellar/arm-none-eabi-gcc/7-2018-q2-update/gcc/bin/../lib/gcc/arm-none-eabi/7.3.1/../../../../arm-none-eabi/lib/thumb/v7-m/libstdc++.a
LOAD /usr/local/Cellar/arm-none-eabi-gcc/7-2018-q2-update/gcc/bin/../lib/gcc/arm-none-eabi/7.3.1/../../../../arm-none-eabi/lib/thumb/v7-m/libsupc++.a
LOAD /usr/local/Cellar/arm-none-eabi-gcc/7-2018-q2-update/gcc/bin/../lib/gcc/arm-none-eabi/7.3.1/../../../../arm-none-eabi/lib/thumb/v7-m/libstdc++.a
LOAD /usr/local/Cellar/arm-none-eabi-gcc/7-2018-q2-update/gcc/bin/../lib/gcc/arm-none-eabi/7.3.1/../../../../arm-none-eabi/lib/thumb/v7-m/libsupc++.a
END GROUP
LOAD /usr/local/Cellar/arm-none-eabi-gcc/7-2018-q2-update/gcc/bin/../lib/gcc/arm-none-eabi/7.3.1/thumb/v7-m/libgcc.a
                0x0000000000007400                _bootrom_size = 0x7400
                0x0000000000001000                _bootram_size = 0x1000
                0x0000000000000844                _bootbuf_size = 0x844

.boot_text      0x0000000008000000     0x6bd4
                0x0000000008000000                _boot_text = .
 *(SORT_BY_ALIGNMENT(.vectors))
 .vectors       0x0000000008000000      0x150 liblibopencm3.a(vector.c.o)
                0x0000000008000000                vector_table
 *(SORT_BY_ALIGNMENT(.base_vectors))
 .base_vectors  0x0000000008000150       0x18 libbaseloader.a(baseloader.c.o)
                0x0000000008000150                base_vector_table
 *libbaseloader.a:(SORT_BY_ALIGNMENT(.text*))
 .text.baseloader_start
                0x0000000008000168      0x5d0 libbaseloader.a(baseloader.c.o)
                0x0000000008000168                baseloader_start
 .text.baseloader_fetch
                0x0000000008000738       0xd0 libbaseloader.a(baseloader.c.o)
                0x0000000008000738                baseloader_fetch
                0x0000000008000808                . = ALIGN (0x4)
 *libbaseloader.a:(SORT_BY_ALIGNMENT(.rodata*))
                0x0000000008000808                . = ALIGN (0x4)
                0x0000000008000808                _base_etext = .
 *(SORT_BY_ALIGNMENT(.text.blocking_handler*))
 .text.blocking_handler
                0x0000000008000808        0x4 liblibopencm3.a(vector.c.o)
                0x0000000008000808                exti0_isr
                0x0000000008000808                tim7_isr
                0x0000000008000808                adc1_2_isr
                0x0000000008000808                tim1_trg_com_isr
                0x0000000008000808                usb_hp_can_tx_isr
                0x0000000008000808                tim6_isr
                0x0000000008000808                usb_wakeup_isr
                0x0000000008000808                blocking_handler
                0x0000000008000808                tim5_isr
                0x0000000008000808                otg_fs_isr
                0x0000000008000808                spi1_isr
                0x0000000008000808                exti2_isr
                0x0000000008000808                dma1_channel6_isr
                0x0000000008000808                can_rx1_isr
                0x0000000008000808                dma1_channel5_isr
                0x0000000008000808                dma2_channel5_isr
                0x0000000008000808                usart1_isr
                0x0000000008000808                usage_fault_handler
                0x0000000008000808                tim8_trg_com_isr
                0x0000000008000808                can2_rx0_isr
                0x0000000008000808                tim1_brk_isr
                0x0000000008000808                can2_rx1_isr
                0x0000000008000808                tim1_cc_isr
                0x0000000008000808                sdio_isr
                0x0000000008000808                eth_isr
                0x0000000008000808                dma1_channel4_isr
                0x0000000008000808                tim8_brk_isr
                0x0000000008000808                dma2_channel4_5_isr
                0x0000000008000808                pvd_isr
                0x0000000008000808                rcc_isr
                0x0000000008000808                flash_isr
                0x0000000008000808                uart4_isr
                0x0000000008000808                exti15_10_isr
                0x0000000008000808                hard_fault_handler
                0x0000000008000808                exti1_isr
                0x0000000008000808                i2c1_ev_isr
                0x0000000008000808                dma2_channel1_isr
                0x0000000008000808                spi2_isr
                0x0000000008000808                tim8_up_isr
                0x0000000008000808                dma2_channel2_isr
                0x0000000008000808                exti3_isr
                0x0000000008000808                adc3_isr
                0x0000000008000808                tim3_isr
                0x0000000008000808                usart2_isr
                0x0000000008000808                usb_lp_can_rx0_isr
                0x0000000008000808                i2c2_er_isr
                0x0000000008000808                i2c2_ev_isr
                0x0000000008000808                uart5_isr
                0x0000000008000808                fsmc_isr
                0x0000000008000808                dma1_channel1_isr
                0x0000000008000808                exti4_isr
                0x0000000008000808                mem_manage_handler
                0x0000000008000808                can2_tx_isr
                0x0000000008000808                exti9_5_isr
                0x0000000008000808                dma2_channel3_isr
                0x0000000008000808                dma1_channel7_isr
                0x0000000008000808                tim1_up_isr
                0x0000000008000808                can2_sce_isr
                0x0000000008000808                tim4_isr
                0x0000000008000808                dma1_channel2_isr
                0x0000000008000808                i2c1_er_isr
                0x0000000008000808                can_sce_isr
                0x0000000008000808                tim8_cc_isr
                0x0000000008000808                tamper_isr
                0x0000000008000808                eth_wkup_isr
                0x0000000008000808                bus_fault_handler
                0x0000000008000808                wwdg_isr
                0x0000000008000808                dma1_channel3_isr
                0x0000000008000808                spi3_isr
                0x0000000008000808                tim2_isr
                0x0000000008000808                usart3_isr
 *(SORT_BY_ALIGNMENT(.text.null_handler*))
 .text.null_handler
                0x000000000800080c        0x4 liblibopencm3.a(vector.c.o)
                0x000000000800080c                null_handler
                0x000000000800080c                sv_call_handler
                0x000000000800080c                pend_sv_handler
                0x000000000800080c                debug_monitor_handler
                0x000000000800080c                sys_tick_handler
                0x000000000800080c                nmi_handler
 *(SORT_BY_ALIGNMENT(.text.*_isr))
 .text.target_in_isr
                0x0000000008000810       0x10 libhal.a(codal_target_hal.cpp.o)
                0x0000000008000810                target_in_isr
 .text.rtc_isr  0x0000000008000820       0x30 libbluepill.a(timer.cpp.o)
                0x0000000008000820                rtc_isr
 .text.rtc_alarm_isr
                0x0000000008000850       0x30 libbluepill.a(timer.cpp.o)
                0x0000000008000850                rtc_alarm_isr
 :*reset_handler*(SORT_BY_ALIGNMENT(.text*))
 .text.reset_handler
                0x0000000008000880      0x134 /Users/Luppy/stm32bluepill-makecode/pxt-maker/libs/stm32bluepill/built/codal/build/libraries/codal-libopencm3/CMakeFiles/hal.dir/stm32/hal/reset_handler.c.o
                0x0000000008000880                reset_handler
 :*codal_target_hal*(SORT_BY_ALIGNMENT(.text*))
 *libhal.a:*codal_target_hal*(SORT_BY_ALIGNMENT(.text*))
 .text._ZL10timer_tickv
                0x00000000080009b4       0x80 libhal.a(codal_target_hal.cpp.o)
 .text._ZL11timer_alarmv
                0x0000000008000a34       0x28 libhal.a(codal_target_hal.cpp.o)
 .text.target_wait.part.1
                0x0000000008000a5c       0x70 libhal.a(codal_target_hal.cpp.o)
 .text.target_init
                0x0000000008000acc       0x30 libhal.a(codal_target_hal.cpp.o)
                0x0000000008000acc                target_init
 .text.target_wait_for_event
                0x0000000008000afc       0x10 libhal.a(codal_target_hal.cpp.o)
                0x0000000008000afc                target_wait_for_event
 .text.target_wait
                0x0000000008000b0c       0x14 libhal.a(codal_target_hal.cpp.o)
                0x0000000008000b0c                target_wait
 .text.target_wait_us
                0x0000000008000b20       0x20 libhal.a(codal_target_hal.cpp.o)
                0x0000000008000b20                target_wait_us
 .text.target_reset
                0x0000000008000b40       0x14 libhal.a(codal_target_hal.cpp.o)
                0x0000000008000b40                target_reset
 .text.target_enable_irq
                0x0000000008000b54        0x4 libhal.a(codal_target_hal.cpp.o)
                0x0000000008000b54                target_enable_irq
 .text.target_disable_irq
                0x0000000008000b58        0x4 libhal.a(codal_target_hal.cpp.o)
                0x0000000008000b58                target_disable_irq
 .text.target_seed_random
                0x0000000008000b5c       0x10 libhal.a(codal_target_hal.cpp.o)
                0x0000000008000b5c                target_seed_random
 .text.target_get_serial
                0x0000000008000b6c       0x18 libhal.a(codal_target_hal.cpp.o)
                0x0000000008000b6c                target_get_serial
 .text.target_panic
                0x0000000008000b84       0x20 libhal.a(codal_target_hal.cpp.o)
                0x0000000008000b84                target_panic
 .text.fiber_initial_stack_base
                0x0000000008000ba4        0x8 libhal.a(codal_target_hal.cpp.o)
                0x0000000008000ba4                fiber_initial_stack_base
 .text.tcb_allocate
                0x0000000008000bac        0x8 libhal.a(codal_target_hal.cpp.o)
                0x0000000008000bac                tcb_allocate
 .text.tcb_configure_lr
                0x0000000008000bb4        0x4 libhal.a(codal_target_hal.cpp.o)
                0x0000000008000bb4                tcb_configure_lr
 .text.tcb_configure_sp
                0x0000000008000bb8        0x4 libhal.a(codal_target_hal.cpp.o)
                0x0000000008000bb8                tcb_configure_sp
 .text.tcb_configure_stack_base
                0x0000000008000bbc        0x4 libhal.a(codal_target_hal.cpp.o)
                0x0000000008000bbc                tcb_configure_stack_base
 .text.tcb_get_stack_base
                0x0000000008000bc0        0x4 libhal.a(codal_target_hal.cpp.o)
                0x0000000008000bc0                tcb_get_stack_base
 .text.get_current_sp
                0x0000000008000bc4        0x4 libhal.a(codal_target_hal.cpp.o)
                0x0000000008000bc4                get_current_sp
 .text.tcb_get_sp
                0x0000000008000bc8        0x4 libhal.a(codal_target_hal.cpp.o)
                0x0000000008000bc8                tcb_get_sp
 .text.tcb_configure_args
                0x0000000008000bcc        0x8 libhal.a(codal_target_hal.cpp.o)
                0x0000000008000bcc                tcb_configure_args
 .text.test_codal
                0x0000000008000bd4       0x70 libhal.a(codal_target_hal.cpp.o)
                0x0000000008000bd4                test_codal
 .text._fini    0x0000000008000c44        0x4 libhal.a(codal_target_hal.cpp.o)
                0x0000000008000c44                _fini
 .text.__aeabi_atexit
                0x0000000008000c48        0x4 libhal.a(codal_target_hal.cpp.o)
                0x0000000008000c48                __aeabi_atexit
 .text.target_set_tick_callback
                0x0000000008000c4c        0xc libhal.a(codal_target_hal.cpp.o)
                0x0000000008000c4c                target_set_tick_callback
 .text.target_set_alarm_callback
                0x0000000008000c58        0xc libhal.a(codal_target_hal.cpp.o)
                0x0000000008000c58                target_set_alarm_callback
 .text.target_set_bootloader_callback
                0x0000000008000c64        0xc libhal.a(codal_target_hal.cpp.o)
                0x0000000008000c64                target_set_bootloader_callback
 .text.target_enable_debug
                0x0000000008000c70        0x4 libhal.a(codal_target_hal.cpp.o)
                0x0000000008000c70                target_enable_debug
 :*CortexContextSwitch*(SORT_BY_ALIGNMENT(.text*))
 *libhal.a:(SORT_BY_ALIGNMENT(.text*))
 .text          0x0000000008000c74      0x124 libhal.a(CortexContextSwitch.s.o)
                0x0000000008000c74                swap_context
                0x0000000008000cf6                save_context
                0x0000000008000d3a                save_register_context
                0x0000000008000d6a                restore_register_context
 *liblibopencm3.a:(SORT_BY_ALIGNMENT(.text*))
 .text.scb_reset_system
                0x0000000008000d98       0x10 liblibopencm3.a(scb.c.o)
                0x0000000008000d98                scb_reset_system
 .text.gpio_set
                0x0000000008000da8        0x4 liblibopencm3.a(gpio_common_all.c.o)
                0x0000000008000da8                gpio_set
 .text.gpio_clear
                0x0000000008000dac        0x8 liblibopencm3.a(gpio_common_all.c.o)
                0x0000000008000dac                gpio_clear
 .text.pwr_disable_backup_domain_write_protect
                0x0000000008000db4       0x10 liblibopencm3.a(pwr_common_v1.c.o)
                0x0000000008000db4                pwr_disable_backup_domain_write_protect
 .text.pwr_enable_backup_domain_write_protect
                0x0000000008000dc4       0x10 liblibopencm3.a(pwr_common_v1.c.o)
                0x0000000008000dc4                pwr_enable_backup_domain_write_protect
 .text.rcc_periph_clock_enable
                0x0000000008000dd4       0x1c liblibopencm3.a(rcc_common_all.c.o)
                0x0000000008000dd4                rcc_periph_clock_enable
 .text.rcc_periph_reset_pulse
                0x0000000008000df0       0x24 liblibopencm3.a(rcc_common_all.c.o)
                0x0000000008000df0                rcc_periph_reset_pulse
 .text.desig_get_unique_id_as_string
                0x0000000008000e14       0x70 liblibopencm3.a(desig.c.o)
                0x0000000008000e14                desig_get_unique_id_as_string
 .text.gpio_set_mode
                0x0000000008000e84       0x7c liblibopencm3.a(gpio.c.o)
                0x0000000008000e84                gpio_set_mode
 .text.rcc_is_osc_ready.part.0
                0x0000000008000f00       0x10 liblibopencm3.a(rcc.c.o)
 .text.rcc_osc_on.part.1
                0x0000000008000f10       0x10 liblibopencm3.a(rcc.c.o)
 .text.rcc_enable_rtc_clock
                0x0000000008000f20       0x10 liblibopencm3.a(rcc.c.o)
                0x0000000008000f20                rcc_enable_rtc_clock
 .text.rcc_set_rtc_clock_source
                0x0000000008000f30       0x98 liblibopencm3.a(rcc.c.o)
                0x0000000008000f30                rcc_set_rtc_clock_source
 .text.rcc_clock_setup_in_hse_8mhz_out_72mhz
                0x0000000008000fc8       0xcc liblibopencm3.a(rcc.c.o)
                0x0000000008000fc8                rcc_clock_setup_in_hse_8mhz_out_72mhz
 .text.st_usbfs_v1_usbd_init
                0x0000000008001094       0x34 liblibopencm3.a(st_usbfs_v1.c.o)
 .text.st_usbfs_copy_to_pm
                0x00000000080010c8       0x24 liblibopencm3.a(st_usbfs_v1.c.o)
                0x00000000080010c8                st_usbfs_copy_to_pm
 .text.st_usbfs_copy_from_pm
                0x00000000080010ec       0x30 liblibopencm3.a(st_usbfs_v1.c.o)
                0x00000000080010ec                st_usbfs_copy_from_pm
 .text.usbd_init
                0x000000000800111c       0x54 liblibopencm3.a(usb.c.o)
                0x000000000800111c                usbd_init
 .text.usbd_register_sof_callback
                0x0000000008001170        0x4 liblibopencm3.a(usb.c.o)
                0x0000000008001170                usbd_register_sof_callback
 .text._usbd_reset
                0x0000000008001174       0x38 liblibopencm3.a(usb.c.o)
                0x0000000008001174                _usbd_reset
 .text.usbd_poll
                0x00000000080011ac        0x8 liblibopencm3.a(usb.c.o)
                0x00000000080011ac                usbd_poll
 .text.usbd_ep_setup
                0x00000000080011b4       0x10 liblibopencm3.a(usb.c.o)
                0x00000000080011b4                usbd_ep_setup
 .text.usbd_ep_write_packet
                0x00000000080011c4       0x10 liblibopencm3.a(usb.c.o)
                0x00000000080011c4                usbd_ep_write_packet
 .text.usbd_ep_read_packet
                0x00000000080011d4       0x10 liblibopencm3.a(usb.c.o)
                0x00000000080011d4                usbd_ep_read_packet
 .text.usbd_ep_stall_set
                0x00000000080011e4        0x8 liblibopencm3.a(usb.c.o)
                0x00000000080011e4                usbd_ep_stall_set
 .text.usbd_ep_stall_get
                0x00000000080011ec        0x8 liblibopencm3.a(usb.c.o)
                0x00000000080011ec                usbd_ep_stall_get
 .text.usbd_ep_nak_set
                0x00000000080011f4        0x8 liblibopencm3.a(usb.c.o)
                0x00000000080011f4                usbd_ep_nak_set
 .text.usb_control_send_chunk
                0x00000000080011fc       0x54 liblibopencm3.a(usb_control.c.o)
 .text.usb_control_request_dispatch
                0x0000000008001250       0x60 liblibopencm3.a(usb_control.c.o)
 .text.usb_control_setup_read
                0x00000000080012b0       0x7c liblibopencm3.a(usb_control.c.o)
 .text.usb_control_recv_chunk
                0x000000000800132c       0x48 liblibopencm3.a(usb_control.c.o)
 .text.usbd_register_control_callback
                0x0000000008001374       0x30 liblibopencm3.a(usb_control.c.o)
                0x0000000008001374                usbd_register_control_callback
 .text._usbd_control_setup
                0x00000000080013a4       0x64 liblibopencm3.a(usb_control.c.o)
                0x00000000080013a4                _usbd_control_setup
 .text._usbd_control_out
                0x0000000008001408       0xa0 liblibopencm3.a(usb_control.c.o)
                0x0000000008001408                _usbd_control_out
 .text._usbd_control_in
                0x00000000080014a8       0x70 liblibopencm3.a(usb_control.c.o)
                0x00000000080014a8                _usbd_control_in
 .text.usb_standard_set_configuration
                0x0000000008001518       0xa4 liblibopencm3.a(usb_standard.c.o)
 .text.usb_standard_get_configuration
                0x00000000080015bc       0x2c liblibopencm3.a(usb_standard.c.o)
 .text.usb_standard_get_interface
                0x00000000080015e8       0x3c liblibopencm3.a(usb_standard.c.o)
 .text.usb_standard_device_get_status
                0x0000000008001624       0x18 liblibopencm3.a(usb_standard.c.o)
 .text.usb_standard_endpoint_get_status
                0x000000000800163c       0x2c liblibopencm3.a(usb_standard.c.o)
 .text.usb_standard_endpoint_stall
                0x0000000008001668       0x10 liblibopencm3.a(usb_standard.c.o)
 .text.usb_standard_endpoint_unstall
                0x0000000008001678       0x10 liblibopencm3.a(usb_standard.c.o)
 .text.usb_standard_set_address
                0x0000000008001688       0x30 liblibopencm3.a(usb_standard.c.o)
 .text.usb_standard_set_interface
                0x00000000080016b8       0x54 liblibopencm3.a(usb_standard.c.o)
 .text.usb_standard_get_descriptor
                0x000000000800170c      0x294 liblibopencm3.a(usb_standard.c.o)
 .text.usb_standard_interface_get_status
                0x00000000080019a0       0x18 liblibopencm3.a(usb_standard.c.o)
 .text.usbd_register_set_config_callback
                0x00000000080019b8       0x34 liblibopencm3.a(usb_standard.c.o)
                0x00000000080019b8                usbd_register_set_config_callback
 .text._usbd_standard_request_device
                0x00000000080019ec       0x58 liblibopencm3.a(usb_standard.c.o)
                0x00000000080019ec                _usbd_standard_request_device
 .text._usbd_standard_request_endpoint
                0x0000000008001a44       0x40 liblibopencm3.a(usb_standard.c.o)
                0x0000000008001a44                _usbd_standard_request_endpoint
 .text._usbd_standard_request
                0x0000000008001a84       0x64 liblibopencm3.a(usb_standard.c.o)
                0x0000000008001a84                _usbd_standard_request
 .text.flash_set_ws
                0x0000000008001ae8       0x14 liblibopencm3.a(flash_common_all.c.o)
                0x0000000008001ae8                flash_set_ws
 .text.st_usbfs_set_address
                0x0000000008001afc       0x10 liblibopencm3.a(st_usbfs_core.c.o)
                0x0000000008001afc                st_usbfs_set_address
 .text.st_usbfs_set_ep_rx_bufsize
                0x0000000008001b0c       0x44 liblibopencm3.a(st_usbfs_core.c.o)
                0x0000000008001b0c                st_usbfs_set_ep_rx_bufsize
 .text.st_usbfs_ep_setup
                0x0000000008001b50      0x118 liblibopencm3.a(st_usbfs_core.c.o)
                0x0000000008001b50                st_usbfs_ep_setup
 .text.st_usbfs_endpoints_reset
                0x0000000008001c68       0x48 liblibopencm3.a(st_usbfs_core.c.o)
                0x0000000008001c68                st_usbfs_endpoints_reset
 .text.st_usbfs_ep_stall_set
                0x0000000008001cb0       0xc0 liblibopencm3.a(st_usbfs_core.c.o)
                0x0000000008001cb0                st_usbfs_ep_stall_set
 .text.st_usbfs_ep_stall_get
                0x0000000008001d70       0x40 liblibopencm3.a(st_usbfs_core.c.o)
                0x0000000008001d70                st_usbfs_ep_stall_get
 .text.st_usbfs_ep_nak_set
                0x0000000008001db0       0x44 liblibopencm3.a(st_usbfs_core.c.o)
                0x0000000008001db0                st_usbfs_ep_nak_set
 .text.st_usbfs_ep_write_packet
                0x0000000008001df4       0x88 liblibopencm3.a(st_usbfs_core.c.o)
                0x0000000008001df4                st_usbfs_ep_write_packet
 .text.st_usbfs_ep_read_packet
                0x0000000008001e7c       0xb4 liblibopencm3.a(st_usbfs_core.c.o)
                0x0000000008001e7c                st_usbfs_ep_read_packet
 .text.st_usbfs_poll
                0x0000000008001f30       0xe4 liblibopencm3.a(st_usbfs_core.c.o)
                0x0000000008001f30                st_usbfs_poll
 .text.nvic_enable_irq
                0x0000000008002014       0x1c liblibopencm3.a(nvic.c.o)
                0x0000000008002014                nvic_enable_irq
 .text.exti_set_trigger
                0x0000000008002030       0x50 liblibopencm3.a(exti_common_all.c.o)
                0x0000000008002030                exti_set_trigger
 .text.exti_enable_request
                0x0000000008002080       0x1c liblibopencm3.a(exti_common_all.c.o)
                0x0000000008002080                exti_enable_request
 .text.exti_reset_request
                0x000000000800209c        0xc liblibopencm3.a(exti_common_all.c.o)
                0x000000000800209c                exti_reset_request
 .text.rtc_enter_config_mode
                0x00000000080020a8       0x18 liblibopencm3.a(rtc.c.o)
                0x00000000080020a8                rtc_enter_config_mode
 .text.rtc_exit_config_mode
                0x00000000080020c0       0x18 liblibopencm3.a(rtc.c.o)
                0x00000000080020c0                rtc_exit_config_mode
 .text.rtc_set_alarm_time
                0x00000000080020d8       0x40 liblibopencm3.a(rtc.c.o)
                0x00000000080020d8                rtc_set_alarm_time
 .text.rtc_set_prescale_val
                0x0000000008002118       0x40 liblibopencm3.a(rtc.c.o)
                0x0000000008002118                rtc_set_prescale_val
 .text.rtc_get_counter_val
                0x0000000008002158       0x18 liblibopencm3.a(rtc.c.o)
                0x0000000008002158                rtc_get_counter_val
 .text.rtc_set_counter_val
                0x0000000008002170       0x40 liblibopencm3.a(rtc.c.o)
                0x0000000008002170                rtc_set_counter_val
 .text.rtc_interrupt_enable
                0x00000000080021b0       0x5c liblibopencm3.a(rtc.c.o)
                0x00000000080021b0                rtc_interrupt_enable
 .text.rtc_interrupt_disable
                0x000000000800220c       0x5c liblibopencm3.a(rtc.c.o)
                0x000000000800220c                rtc_interrupt_disable
 .text.rtc_clear_flag
                0x0000000008002268       0x34 liblibopencm3.a(rtc.c.o)
                0x0000000008002268                rtc_clear_flag
 .text.rtc_check_flag
                0x000000000800229c       0x30 liblibopencm3.a(rtc.c.o)
                0x000000000800229c                rtc_check_flag
 *libFrameworkLibOpenCM3.a:(SORT_BY_ALIGNMENT(.text*))
 *libcocoos.a:(SORT_BY_ALIGNMENT(.text*))
 .text.os_cbkSleep
                0x00000000080022cc        0x4 libcocoos.a(os_cbk.c.o)
                0x00000000080022cc                os_cbkSleep
 .text.os_init  0x00000000080022d0       0x34 libcocoos.a(os_kernel.c.o)
                0x00000000080022d0                os_init
 .text.os_tick  0x0000000008002304        0x8 libcocoos.a(os_kernel.c.o)
                0x0000000008002304                os_tick
 .text.os_running
                0x000000000800230c        0xc libcocoos.a(os_kernel.c.o)
                0x000000000800230c                os_running
 .text.os_msgQ_init
                0x0000000008002318       0x24 libcocoos.a(os_msgqueue.c.o)
                0x0000000008002318                os_msgQ_init
 .text.os_msgQ_tick
                0x000000000800233c       0x60 libcocoos.a(os_msgqueue.c.o)
                0x000000000800233c                os_msgQ_tick
 .text.os_sem_init
                0x000000000800239c        0xc libcocoos.a(os_sem.c.o)
                0x000000000800239c                os_sem_init
 .text.os_task_init
                0x00000000080023a8       0x44 libcocoos.a(os_task.c.o)
                0x00000000080023a8                os_task_init
 .text.os_task_highest_prio_ready_task
                0x00000000080023ec       0x40 libcocoos.a(os_task.c.o)
                0x00000000080023ec                os_task_highest_prio_ready_task
 .text.os_task_tick
                0x000000000800242c       0x98 libcocoos.a(os_task.c.o)
                0x000000000800242c                os_task_tick
 .text.os_task_signal_event
                0x00000000080024c4       0x74 libcocoos.a(os_task.c.o)
                0x00000000080024c4                os_task_signal_event
 .text.os_task_run
                0x0000000008002538       0x34 libcocoos.a(os_task.c.o)
                0x0000000008002538                os_task_run
 .text.os_on_assert
                0x000000000800256c       0x28 libcocoos.a(os_assert.c.o)
                0x000000000800256c                os_on_assert
 .text.os_event_init
                0x0000000008002594        0xc libcocoos.a(os_event.c.o)
                0x0000000008002594                os_event_init
 .text.os_signal_event
                0x00000000080025a0        0xc libcocoos.a(os_event.c.o)
                0x00000000080025a0                os_signal_event
 .text.os_event_set_signaling_tid
                0x00000000080025ac       0x10 libcocoos.a(os_event.c.o)
                0x00000000080025ac                os_event_set_signaling_tid
 *libcocoOS_?.?.?.a:(SORT_BY_ALIGNMENT(.text*))
 *libgcc.a:(SORT_BY_ALIGNMENT(.text*))
 .text          0x00000000080025bc      0x378 /usr/local/Cellar/arm-none-eabi-gcc/7-2018-q2-update/gcc/bin/../lib/gcc/arm-none-eabi/7.3.1/thumb/v7-m/libgcc.a(_arm_addsubdf3.o)
                0x00000000080025bc                __aeabi_drsub
                0x00000000080025c4                __subdf3
                0x00000000080025c4                __aeabi_dsub
                0x00000000080025c8                __aeabi_dadd
                0x00000000080025c8                __adddf3
                0x0000000008002840                __aeabi_ui2d
                0x0000000008002840                __floatunsidf
                0x0000000008002860                __floatsidf
                0x0000000008002860                __aeabi_i2d
                0x0000000008002884                __extendsfdf2
                0x0000000008002884                __aeabi_f2d
                0x00000000080028c8                __aeabi_ul2d
                0x00000000080028c8                __floatundidf
                0x00000000080028d8                __aeabi_l2d
                0x00000000080028d8                __floatdidf
 .text          0x0000000008002934       0xa0 /usr/local/Cellar/arm-none-eabi-gcc/7-2018-q2-update/gcc/bin/../lib/gcc/arm-none-eabi/7.3.1/thumb/v7-m/libgcc.a(_arm_truncdfsf2.o)
                0x0000000008002934                __aeabi_d2f
                0x0000000008002934                __truncdfsf2
 .text          0x00000000080029d4       0x70 /usr/local/Cellar/arm-none-eabi-gcc/7-2018-q2-update/gcc/bin/../lib/gcc/arm-none-eabi/7.3.1/thumb/v7-m/libgcc.a(_powidf2.o)
                0x00000000080029d4                __powidf2
 *libqfplib.a:(SORT_BY_ALIGNMENT(.text*))
 .text          0x0000000008002a44      0x4c8 libqfplib.a(qfplib.S.o)
                0x0000000008002b0c                qfp_fsub
                0x0000000008002b12                qfp_fadd
                0x0000000008002b54                qfp_fcmp
                0x0000000008002b70                qfp_fmul
                0x0000000008002b80                qfp_fdiv
                0x0000000008002bc2                qfp_fdiv_fast
                0x0000000008002c12                qfp_fsqrt_fast
                0x0000000008002c88                qfp_float2int
                0x0000000008002c8a                qfp_float2fix
                0x0000000008002cb2                qfp_float2uint
                0x0000000008002cb4                qfp_float2ufix
                0x0000000008002cce                qfp_int2float
                0x0000000008002cd0                qfp_fix2float
                0x0000000008002cda                qfp_uint2float
                0x0000000008002cdc                qfp_ufix2float
                0x0000000008002d72                qfp_fsin
                0x0000000008002db4                qfp_fcos
                0x0000000008002dbe                qfp_ftan
                0x0000000008002dc6                qfp_fexp
                0x0000000008002df6                qfp_fsqrt
                0x0000000008002e30                qfp_fln
                0x0000000008002e54                qfp_fatan2
 *libnano-float.a:(SORT_BY_ALIGNMENT(.text*))
 *fill*         0x0000000008002f0c        0x4 
 .text.acos     0x0000000008002f10       0xcc libnano-float.a(functions.c.o)
                0x0000000008002f10                acos
 .text.__wrap___aeabi_ddiv
                0x0000000008002fdc       0x30 libnano-float.a(functions.c.o)
                0x0000000008002fdc                __wrap___aeabi_ddiv
 .text.__wrap___aeabi_dmul
                0x000000000800300c       0x30 libnano-float.a(functions.c.o)
                0x000000000800300c                __wrap___aeabi_dmul
 .text.__wrap___aeabi_dadd
                0x000000000800303c       0x30 libnano-float.a(functions.c.o)
                0x000000000800303c                __wrap___aeabi_dadd
 .text.__wrap___aeabi_dsub
                0x000000000800306c       0x30 libnano-float.a(functions.c.o)
                0x000000000800306c                __wrap___aeabi_dsub
 .text.__wrap___aeabi_dcmpeq
                0x000000000800309c       0x34 libnano-float.a(functions.c.o)
                0x000000000800309c                __wrap___aeabi_dcmpeq
 .text.__wrap___aeabi_dcmplt
                0x00000000080030d0       0x30 libnano-float.a(functions.c.o)
                0x00000000080030d0                __wrap___aeabi_dcmplt
 .text.__wrap___aeabi_dcmple
                0x0000000008003100       0x34 libnano-float.a(functions.c.o)
                0x0000000008003100                __wrap___aeabi_dcmple
 .text.__wrap___aeabi_dcmpge
                0x0000000008003134       0x30 libnano-float.a(functions.c.o)
                0x0000000008003134                __wrap___aeabi_dcmpge
 .text.__wrap___aeabi_dcmpgt
                0x0000000008003164       0x34 libnano-float.a(functions.c.o)
                0x0000000008003164                __wrap___aeabi_dcmpgt
 .text.__wrap___aeabi_dcmpun
                0x0000000008003198       0x34 libnano-float.a(functions.c.o)
                0x0000000008003198                __wrap___aeabi_dcmpun
 .text.__wrap___aeabi_d2iz
                0x00000000080031cc       0x2c libnano-float.a(functions.c.o)
                0x00000000080031cc                __wrap___aeabi_d2iz
 .text.__wrap___aeabi_d2uiz
                0x00000000080031f8       0x38 libnano-float.a(functions.c.o)
                0x00000000080031f8                __wrap___aeabi_d2uiz
 .text.sqrt     0x0000000008003230       0x1c libnano-float.a(functions.c.o)
                0x0000000008003230                sqrt
 .text.log      0x000000000800324c       0x1c libnano-float.a(functions.c.o)
                0x000000000800324c                log
 .text.exp      0x0000000008003268       0x1c libnano-float.a(functions.c.o)
                0x0000000008003268                exp
 .text.log2     0x0000000008003284       0x28 libnano-float.a(functions.c.o)
                0x0000000008003284                log2
 .text.log10    0x00000000080032ac       0x28 libnano-float.a(functions.c.o)
                0x00000000080032ac                log10
 .text.pow      0x00000000080032d4       0x8c libnano-float.a(functions.c.o)
                0x00000000080032d4                pow
 .text.sin      0x0000000008003360       0x1c libnano-float.a(functions.c.o)
                0x0000000008003360                sin
 .text.cos      0x000000000800337c       0x34 libnano-float.a(functions.c.o)
                0x000000000800337c                cos
 .text.tan      0x00000000080033b0       0x1c libnano-float.a(functions.c.o)
                0x00000000080033b0                tan
 .text.atan2    0x00000000080033cc       0x54 libnano-float.a(functions.c.o)
                0x00000000080033cc                atan2
 .text.atan     0x0000000008003420       0xb0 libnano-float.a(functions.c.o)
                0x0000000008003420                atan
 .text.asin     0x00000000080034d0       0x94 libnano-float.a(functions.c.o)
                0x00000000080034d0                asin
 .text.sinh     0x0000000008003564       0xa8 libnano-float.a(functions.c.o)
                0x0000000008003564                sinh
 .text.cosh     0x000000000800360c       0xa4 libnano-float.a(functions.c.o)
                0x000000000800360c                cosh
 .text.tanh     0x00000000080036b0       0xb8 libnano-float.a(functions.c.o)
                0x00000000080036b0                tanh
 .text.asinh    0x0000000008003768       0xa4 libnano-float.a(functions.c.o)
                0x0000000008003768                asinh
 .text.acosh    0x000000000800380c       0xac libnano-float.a(functions.c.o)
                0x000000000800380c                acosh
 .text.atanh    0x00000000080038b8       0xc8 libnano-float.a(functions.c.o)
                0x00000000080038b8                atanh
 .text.trunc    0x0000000008003980       0x8c libnano-float.a(functions.c.o)
                0x0000000008003980                trunc
 .text.floor    0x0000000008003a0c       0x88 libnano-float.a(functions.c.o)
                0x0000000008003a0c                floor
 .text.ceil     0x0000000008003a94       0x88 libnano-float.a(functions.c.o)
                0x0000000008003a94                ceil
 .text.fmod     0x0000000008003b1c      0x13c libnano-float.a(functions.c.o)
                0x0000000008003b1c                fmod
 *libnewlib.a:(SORT_BY_ALIGNMENT(.text*))
 .text._strtol_l.isra.0
                0x0000000008003c58       0xec libnewlib.a(strtol.c.o)
 .text.strtol   0x0000000008003d44       0x14 libnewlib.a(strtol.c.o)
                0x0000000008003d44                strtol
 .text.memcpy   0x0000000008003d58       0x1c libnewlib.a(memcpy-stub.c.o)
                0x0000000008003d58                memcpy
 .text          0x0000000008003d74       0x14 libnewlib.a(strcmp.S.o)
                0x0000000008003d74                strcmp
 .text          0x0000000008003d88       0x10 libnewlib.a(strlen.S.o)
                0x0000000008003d88                strlen
 .text.memcmp   0x0000000008003d98       0x1e libnewlib.a(memcmp.c.o)
                0x0000000008003d98                memcmp
 .text.memmove  0x0000000008003db6       0x32 libnewlib.a(memmove.c.o)
                0x0000000008003db6                memmove
 .text.memset   0x0000000008003de8       0x10 libnewlib.a(memset.c.o)
                0x0000000008003de8                memset
 .text.strstr   0x0000000008003df8       0x2e libnewlib.a(strstr.c.o)
                0x0000000008003df8                strstr
 .text.strncpy  0x0000000008003e26       0x2a libnewlib.a(strncpy.c.o)
                0x0000000008003e26                strncpy
 *liblogger.a:(SORT_BY_ALIGNMENT(.text*))
 .text._ZL12debug_appendPKcj
                0x0000000008003e50       0x58 liblogger.a(logger.cpp.o)
 .text.debug_print.part.3
                0x0000000008003ea8       0x14 liblogger.a(logger.cpp.o)
 .text._Z20debug_flush_internalb.part.2
                0x0000000008003ebc       0xa0 liblogger.a(logger.cpp.o)
 .text.enable_log
                0x0000000008003f5c        0xc liblogger.a(logger.cpp.o)
                0x0000000008003f5c                enable_log
 .text.logger_add_output
                0x0000000008003f68       0x4c liblogger.a(logger.cpp.o)
                0x0000000008003f68                logger_add_output
 .text.debug_flush
                0x0000000008003fb4       0x24 liblogger.a(logger.cpp.o)
                0x0000000008003fb4                debug_flush
 .text.debug_force_flush
                0x0000000008003fd8       0x38 liblogger.a(logger.cpp.o)
                0x0000000008003fd8                debug_force_flush
 .text._Z11debug_printj
                0x0000000008004010       0x88 liblogger.a(logger.cpp.o)
                0x0000000008004010                debug_print(unsigned int)
 .text._Z11debug_printi
                0x0000000008004098       0x30 liblogger.a(logger.cpp.o)
                0x0000000008004098                debug_print(int)
 .text.debug_print
                0x00000000080040c8        0xc liblogger.a(logger.cpp.o)
                0x00000000080040c8                debug_print
 .text.debug_println
                0x00000000080040d4       0x1c liblogger.a(logger.cpp.o)
                0x00000000080040d4                debug_println
 .text._Z13debug_printlni
                0x00000000080040f0       0x18 liblogger.a(logger.cpp.o)
                0x00000000080040f0                debug_println(int)
 .text.debug_print_int
                0x0000000008004108        0x4 liblogger.a(logger.cpp.o)
                0x0000000008004108                debug_print_int
 .text.debug_print_unsigned
                0x000000000800410c        0x4 liblogger.a(logger.cpp.o)
                0x000000000800410c                debug_print_unsigned
 .text.debug_printhex
                0x0000000008004110       0x48 liblogger.a(logger.cpp.o)
                0x0000000008004110                debug_printhex
 .text.debug_printhex_unsigned
                0x0000000008004158       0x24 liblogger.a(logger.cpp.o)
                0x0000000008004158                debug_printhex_unsigned
 *libbluepill.a:(SORT_BY_ALIGNMENT(.text*))
 .text.platform_setup
                0x000000000800417c       0x4c libbluepill.a(bluepill.cpp.o)
                0x000000000800417c                platform_setup
 .text.enable_debug
                0x00000000080041c8       0x10 libbluepill.a(bluepill.cpp.o)
                0x00000000080041c8                enable_debug
 .text.__cxa_pure_virtual
                0x00000000080041d8        0x8 libbluepill.a(bluepill.cpp.o)
                0x00000000080041d8                __cxa_pure_virtual
 .text._Znwj    0x00000000080041e0        0x4 libbluepill.a(bluepill.cpp.o)
                0x00000000080041e0                operator new(unsigned int)
 .text._ZdlPv   0x00000000080041e4        0x4 libbluepill.a(bluepill.cpp.o)
                0x00000000080041e4                operator delete(void*)
 .text.led_setup
                0x00000000080041e8       0x20 libbluepill.a(led.cpp.o)
                0x00000000080041e8                led_setup
 .text.led_on   0x0000000008004208       0x10 libbluepill.a(led.cpp.o)
                0x0000000008004208                led_on
 .text.led_off  0x0000000008004218       0x10 libbluepill.a(led.cpp.o)
                0x0000000008004218                led_off
 .text.led_wait
                0x0000000008004228       0x10 libbluepill.a(led.cpp.o)
                0x0000000008004228                led_wait
 .text.platform_start_timer
                0x0000000008004238      0x11c libbluepill.a(timer.cpp.o)
                0x0000000008004238                platform_start_timer
 .text.platform_set_alarm
                0x0000000008004354       0x34 libbluepill.a(timer.cpp.o)
                0x0000000008004354                platform_set_alarm
 .text.millis   0x0000000008004388        0x4 libbluepill.a(timer.cpp.o)
                0x0000000008004388                millis
 *libbootloader.a:(SORT_BY_ALIGNMENT(.text*))
 .text.poll_restart_callback
                0x000000000800438c       0x20 libbootloader.a(bootloader.c.o)
                0x000000000800438c                poll_restart_callback
 .text.bootloader_poll
                0x00000000080043ac       0x30 libbootloader.a(bootloader.c.o)
                0x00000000080043ac                bootloader_poll
 .text.prepare_baseloader
                0x00000000080043dc      0x25c libbootloader.a(bootloader.c.o)
                0x00000000080043dc                prepare_baseloader
 .text.bootloader_start
                0x0000000008004638      0x170 libbootloader.a(bootloader.c.o)
                0x0000000008004638                bootloader_start
 .text.bootloader_set_restart_callback
                0x00000000080047a8        0xc libbootloader.a(bootloader.c.o)
                0x00000000080047a8                bootloader_set_restart_callback
 .text.flash_flush
                0x00000000080047b4       0xc0 libbootloader.a(ghostfat.c.o)
                0x00000000080047b4                flash_flush
 .text.flash_write
                0x0000000008004874       0xe4 libbootloader.a(ghostfat.c.o)
                0x0000000008004874                flash_write
 .text.hf2_connected
                0x0000000008004958       0x10 libbootloader.a(usb_conf.c.o)
 .text.usb_cdc_transmit
                0x0000000008004968       0x30 libbootloader.a(usb_conf.c.o)
 .text.sof_callback
                0x0000000008004998       0x10 libbootloader.a(usb_conf.c.o)
 .text.cdc_connected
                0x00000000080049a8       0x1c libbootloader.a(usb_conf.c.o)
 .text.set_aggregate_callback
                0x00000000080049c4       0x50 libbootloader.a(usb_conf.c.o)
 .text.usb_setup
                0x0000000008004a14       0xac libbootloader.a(usb_conf.c.o)
                0x0000000008004a14                usb_setup
 .text.get_usb_status
                0x0000000008004ac0       0x2c libbootloader.a(usb_conf.c.o)
                0x0000000008004ac0                get_usb_status
 .text.aggregate_register_config_callback
                0x0000000008004aec       0x3c libbootloader.a(usb_conf.c.o)
                0x0000000008004aec                aggregate_register_config_callback
 .text.aggregate_register_callback
                0x0000000008004b28       0x50 libbootloader.a(usb_conf.c.o)
                0x0000000008004b28                aggregate_register_callback
 .text.usb_set_serial_number
                0x0000000008004b78       0x1c libbootloader.a(usb_conf.c.o)
                0x0000000008004b78                usb_set_serial_number
 .text.dump_buffer
                0x0000000008004b94       0x50 libbootloader.a(usb_conf.c.o)
                0x0000000008004b94                dump_buffer
 .text.dump_usb_request
                0x0000000008004be4      0x178 libbootloader.a(usb_conf.c.o)
                0x0000000008004be4                dump_usb_request
 .text.aggregate_callback
                0x0000000008004d5c       0xc0 libbootloader.a(usb_conf.c.o)
 .text.webusb_set_config
                0x0000000008004e1c       0x28 libbootloader.a(webusb.c.o)
 .text.webusb_control_vendor_request
                0x0000000008004e44       0xa4 libbootloader.a(webusb.c.o)
 .text.webusb_setup
                0x0000000008004ee8       0x50 libbootloader.a(webusb.c.o)
                0x0000000008004ee8                webusb_setup
 .text.winusb_control_vendor_request
                0x0000000008004f38       0x9c libbootloader.a(winusb.c.o)
 .text.winusb_set_config
                0x0000000008004fd4       0x28 libbootloader.a(winusb.c.o)
 .text.winusb_descriptor_request
                0x0000000008004ffc       0x48 libbootloader.a(winusb.c.o)
 .text.winusb_setup
                0x0000000008005044       0x5c libbootloader.a(winusb.c.o)
                0x0000000008005044                winusb_setup
 .text.boot_target_get_startup_mode.part.0
                0x00000000080050a0      0x11c libbootloader.a(target_stm32f103.c.o)
 .text.boot_target_get_startup_mode
                0x00000000080051bc       0x10 libbootloader.a(target_stm32f103.c.o)
                0x00000000080051bc                boot_target_get_startup_mode
 .text.boot_target_set_led
                0x00000000080051cc       0x18 libbootloader.a(target_stm32f103.c.o)
                0x00000000080051cc                boot_target_set_led
 .text.boot_target_gpio_setup
                0x00000000080051e4       0x70 libbootloader.a(target_stm32f103.c.o)
                0x00000000080051e4                boot_target_gpio_setup
 .text.boot_target_usb_init
                0x0000000008005254       0x2c libbootloader.a(target_stm32f103.c.o)
                0x0000000008005254                boot_target_usb_init
 .text.boot_target_set_restart_callback
                0x0000000008005280       0x24 libbootloader.a(target_stm32f103.c.o)
                0x0000000008005280                boot_target_set_restart_callback
 .text.boot_target_manifest_app
                0x00000000080052a4       0x20 libbootloader.a(target_stm32f103.c.o)
                0x00000000080052a4                boot_target_manifest_app
 .text.boot_target_manifest_baseloader
                0x00000000080052c4       0x20 libbootloader.a(target_stm32f103.c.o)
                0x00000000080052c4                boot_target_manifest_baseloader
 .text.boot_target_manifest_bootloader
                0x00000000080052e4       0x20 libbootloader.a(target_stm32f103.c.o)
                0x00000000080052e4                boot_target_manifest_bootloader
 .text.boot_target_get_serial_number
                0x0000000008005304        0x8 libbootloader.a(target_stm32f103.c.o)
                0x0000000008005304                boot_target_get_serial_number
 .text.cdcacm_comm_cb
                0x000000000800530c        0xc libbootloader.a(cdc.c.o)
 .text.cdcacm_set_config
                0x0000000008005318       0x68 libbootloader.a(cdc.c.o)
 .text.cdcacm_control_request
                0x0000000008005380       0x64 libbootloader.a(cdc.c.o)
 .text.cdcadm_transmit
                0x00000000080053e4       0x54 libbootloader.a(cdc.c.o)
                0x00000000080053e4                cdcadm_transmit
 .text.cdcacm_data_rx_cb
                0x0000000008005438       0x4c libbootloader.a(cdc.c.o)
 .text.cdc_setup
                0x0000000008005484       0x2c libbootloader.a(cdc.c.o)
                0x0000000008005484                cdc_setup
 .text.hf2_set_config
                0x00000000080054b0       0x40 libbootloader.a(hf2.c.o)
 .text.pokeSend
                0x00000000080054f0       0xdc libbootloader.a(hf2.c.o)
 .text.assert.part.0
                0x00000000080055cc       0x1c libbootloader.a(hf2.c.o)
 .text.hf2_data_rx_cb
                0x00000000080055e8      0x63c libbootloader.a(hf2.c.o)
 .text.hf2_data_tx_cb
                0x0000000008005c24       0x50 libbootloader.a(hf2.c.o)
 .text.hf2_setup
                0x0000000008005c74       0x84 libbootloader.a(hf2.c.o)
                0x0000000008005c74                hf2_setup
 .text.usb21_set_config
                0x0000000008005cf8       0x28 libbootloader.a(usb21_standard.c.o)
 .text.usb21_standard_get_descriptor
                0x0000000008005d20       0xe0 libbootloader.a(usb21_standard.c.o)
 .text.usb21_setup
                0x0000000008005e00       0x38 libbootloader.a(usb21_standard.c.o)
                0x0000000008005e00                usb21_setup
 .text.backup_write
                0x0000000008005e38       0x38 libbootloader.a(backup.c.o)
                0x0000000008005e38                backup_write
 .text.backup_read
                0x0000000008005e70       0x18 libbootloader.a(backup.c.o)
                0x0000000008005e70                backup_read
                0x0000000008005e88                . = ALIGN (0x4)
 *(SORT_BY_ALIGNMENT(.rodata.blocking_handler*))
 *(SORT_BY_ALIGNMENT(.rodata.null_handler*))
 *(SORT_BY_ALIGNMENT(.rodata.*_isr))
 :*reset_handler*(SORT_BY_ALIGNMENT(.rodata*))
 .rodata.reset_handler.str1.4
                0x0000000008005e88       0x37 /Users/Luppy/stm32bluepill-makecode/pxt-maker/libs/stm32bluepill/built/codal/build/libraries/codal-libopencm3/CMakeFiles/hal.dir/stm32/hal/reset_handler.c.o
 :*codal_target_hal*(SORT_BY_ALIGNMENT(.rodata*))
 *libhal.a:*codal_target_hal*(SORT_BY_ALIGNMENT(.rodata*))
 *fill*         0x0000000008005ebf        0x1 
 .rodata._ZL10timer_tickv.str1.4
                0x0000000008005ec0        0x7 libhal.a(codal_target_hal.cpp.o)
 *fill*         0x0000000008005ec7        0x1 
 .rodata._ZL11timer_alarmv.str1.4
                0x0000000008005ec8        0x4 libhal.a(codal_target_hal.cpp.o)
 .rodata.target_get_serial.str1.4
                0x0000000008005ecc       0x16 libhal.a(codal_target_hal.cpp.o)
 *fill*         0x0000000008005ee2        0x2 
 .rodata.target_panic.str1.4
                0x0000000008005ee4       0x13 libhal.a(codal_target_hal.cpp.o)
 *fill*         0x0000000008005ef7        0x1 
 .rodata.target_reset.str1.4
                0x0000000008005ef8       0x11 libhal.a(codal_target_hal.cpp.o)
 *fill*         0x0000000008005f09        0x3 
 .rodata.target_seed_random.str1.4
                0x0000000008005f0c       0x17 libhal.a(codal_target_hal.cpp.o)
 *fill*         0x0000000008005f23        0x1 
 .rodata.target_wait.part.1.str1.4
                0x0000000008005f24        0xb libhal.a(codal_target_hal.cpp.o)
 *fill*         0x0000000008005f2f        0x1 
 .rodata.test_codal.str1.4
                0x0000000008005f30       0x3c libhal.a(codal_target_hal.cpp.o)
 :*CortexContextSwitch*(SORT_BY_ALIGNMENT(.rodata*))
 *libhal.a:(SORT_BY_ALIGNMENT(.rodata*))
 *liblibopencm3.a:(SORT_BY_ALIGNMENT(.rodata*))
 .rodata.desig_get_unique_id_as_string.str1.4
                0x0000000008005f6c       0x11 liblibopencm3.a(desig.c.o)
 *fill*         0x0000000008005f7d        0x3 
 .rodata.st_usbfs_v1_usb_driver
                0x0000000008005f80       0x34 liblibopencm3.a(st_usbfs_v1.c.o)
                0x0000000008005f80                st_usbfs_v1_usb_driver
 *libFrameworkLibOpenCM3.a:(SORT_BY_ALIGNMENT(.rodata*))
 *libcocoos.a:(SORT_BY_ALIGNMENT(.rodata*))
 .rodata.os_on_assert.str1.4
                0x0000000008005fb4       0x1a libcocoos.a(os_assert.c.o)
 *libcocoOS_?.?.?.a:(SORT_BY_ALIGNMENT(.rodata*))
 *libgcc.a:(SORT_BY_ALIGNMENT(.rodata*))
 *libqfplib.a:(SORT_BY_ALIGNMENT(.rodata*))
 *libnano-float.a:(SORT_BY_ALIGNMENT(.rodata*))
 *libnewlib.a:(SORT_BY_ALIGNMENT(.rodata*))
 .rodata._ctype_
                0x0000000008005fce      0x101 libnewlib.a(ctype_.c.o)
                0x0000000008005fce                _ctype_
 *liblogger.a:(SORT_BY_ALIGNMENT(.rodata*))
 *fill*         0x00000000080060cf        0x1 
 .rodata._Z11debug_printi.str1.4
                0x00000000080060d0        0x6 liblogger.a(logger.cpp.o)
 *fill*         0x00000000080060d6        0x2 
 .rodata._Z11debug_printj.str1.4
                0x00000000080060d8        0xb liblogger.a(logger.cpp.o)
 *fill*         0x00000000080060e3        0x1 
 .rodata._ZL12debug_appendPKcj.str1.4
                0x00000000080060e4        0xa liblogger.a(logger.cpp.o)
 *fill*         0x00000000080060ee        0x2 
 .rodata.debug_println.str1.4
                0x00000000080060f0        0x3 liblogger.a(logger.cpp.o)
 *libbluepill.a:(SORT_BY_ALIGNMENT(.rodata*))
 *fill*         0x00000000080060f3        0x1 
 .rodata.platform_setup.str1.4
                0x00000000080060f4       0x13 libbluepill.a(bluepill.cpp.o)
 *fill*         0x0000000008006107        0x1 
 .rodata.platform_set_alarm.str1.4
                0x0000000008006108        0x6 libbluepill.a(timer.cpp.o)
 *fill*         0x000000000800610e        0x2 
 .rodata.platform_start_timer.str1.4
                0x0000000008006110       0x38 libbluepill.a(timer.cpp.o)
                                         0x35 (size before relaxing)
 *libbootloader.a:(SORT_BY_ALIGNMENT(.rodata*))
 .rodata.bootloader_start.str1.4
                0x0000000008006148       0x79 libbootloader.a(bootloader.c.o)
 *fill*         0x00000000080061c1        0x3 
 .rodata.poll_restart_callback.str1.4
                0x00000000080061c4       0x11 libbootloader.a(bootloader.c.o)
 *fill*         0x00000000080061d5        0x3 
 .rodata.prepare_baseloader.str1.4
                0x00000000080061d8       0xef libbootloader.a(bootloader.c.o)
                                         0xff (size before relaxing)
 *fill*         0x00000000080062c7        0x1 
 .rodata.flash_flush.str1.4
                0x00000000080062c8       0x1d libbootloader.a(ghostfat.c.o)
                                         0x25 (size before relaxing)
 *fill*         0x00000000080062e5        0x3 
 .rodata.flash_write.str1.4
                0x00000000080062e8       0x26 libbootloader.a(ghostfat.c.o)
                                         0x37 (size before relaxing)
 *fill*         0x000000000800630e        0x2 
 .rodata.infoUf2File
                0x0000000008006310       0x55 libbootloader.a(ghostfat.c.o)
                0x0000000008006310                infoUf2File
 *fill*         0x0000000008006365        0x3 
 .rodata.aggregate_callback.str1.4
                0x0000000008006368        0xc libbootloader.a(usb_conf.c.o)
 .rodata.aggregate_register_callback.str1.4
                0x0000000008006374       0x26 libbootloader.a(usb_conf.c.o)
 *fill*         0x000000000800639a        0x2 
 .rodata.aggregate_register_config_callback.str1.4
                0x000000000800639c       0x25 libbootloader.a(usb_conf.c.o)
 *fill*         0x00000000080063c1        0x3 
 .rodata.bos_descriptor
                0x00000000080063c4        0x9 libbootloader.a(usb_conf.c.o)
 *fill*         0x00000000080063cd        0x3 
 .rodata.cdc_iface_assoc
                0x00000000080063d0        0x8 libbootloader.a(usb_conf.c.o)
 .rodata.cdcacm_functional_descriptors
                0x00000000080063d8       0x13 libbootloader.a(usb_conf.c.o)
 *fill*         0x00000000080063eb        0x1 
 .rodata.comm_endp
                0x00000000080063ec        0xf libbootloader.a(usb_conf.c.o)
 *fill*         0x00000000080063fb        0x1 
 .rodata.comm_iface
                0x00000000080063fc       0x15 libbootloader.a(usb_conf.c.o)
 *fill*         0x0000000008006411        0x3 
 .rodata.config
                0x0000000008006414        0xd libbootloader.a(usb_conf.c.o)
 *fill*         0x0000000008006421        0x3 
 .rodata.data_endp
                0x0000000008006424       0x1e libbootloader.a(usb_conf.c.o)
 *fill*         0x0000000008006442        0x2 
 .rodata.data_iface
                0x0000000008006444       0x15 libbootloader.a(usb_conf.c.o)
 *fill*         0x0000000008006459        0x3 
 .rodata.dev    0x000000000800645c       0x12 libbootloader.a(usb_conf.c.o)
 *fill*         0x000000000800646e        0x2 
 .rodata.dump_buffer.str1.4
                0x0000000008006470        0x4 libbootloader.a(usb_conf.c.o)
                                          0x9 (size before relaxing)
 .rodata.dump_usb_request.str1.4
                0x0000000008006474       0x88 libbootloader.a(usb_conf.c.o)
                                         0x90 (size before relaxing)
 .rodata.hf2_endp
                0x00000000080064fc       0x1e libbootloader.a(usb_conf.c.o)
 *fill*         0x000000000800651a        0x2 
 .rodata.hf2_iface
                0x000000000800651c       0x15 libbootloader.a(usb_conf.c.o)
 *fill*         0x0000000008006531        0x3 
 .rodata.interfaces
                0x0000000008006534       0x30 libbootloader.a(usb_conf.c.o)
 .rodata.set_aggregate_callback.str1.4
                0x0000000008006564       0x29 libbootloader.a(usb_conf.c.o)
 .rodata.set_usb_busy.str1.4
                0x000000000800658d       0x29 libbootloader.a(usb_conf.c.o)
                                          0x2 (size before relaxing)
 *fill*         0x000000000800658d        0x3 
 .rodata.str1.4
                0x0000000008006590       0x86 libbootloader.a(usb_conf.c.o)
 *fill*         0x0000000008006616        0x2 
 .rodata.usb_setup.str1.4
                0x0000000008006618       0x31 libbootloader.a(usb_conf.c.o)
 *fill*         0x0000000008006649        0x3 
 .rodata.webusb_control_vendor_request.str1.4
                0x000000000800664c       0x3f libbootloader.a(webusb.c.o)
                                         0x43 (size before relaxing)
 *fill*         0x000000000800668b        0x1 
 .rodata.webusb_platform_capability_descriptor
                0x000000000800668c       0x18 libbootloader.a(webusb.c.o)
                0x000000000800668c                webusb_platform_capability_descriptor
 .rodata.webusb_set_config.str1.4
                0x00000000080066a4       0x1d libbootloader.a(webusb.c.o)
 *fill*         0x00000000080066c1        0x3 
 .rodata.webusb_setup.str1.4
                0x00000000080066c4       0x18 libbootloader.a(webusb.c.o)
 .rodata.guid   0x00000000080066dc       0x92 libbootloader.a(winusb.c.o)
 *fill*         0x000000000800676e        0x2 
 .rodata.microsoft_platform_capability_descriptor
                0x0000000008006770       0x1c libbootloader.a(winusb.c.o)
                0x0000000008006770                microsoft_platform_capability_descriptor
 .rodata.winusb_control_vendor_request.str1.4
                0x000000000800678c       0x17 libbootloader.a(winusb.c.o)
 *fill*         0x00000000080067a3        0x1 
 .rodata.winusb_descriptor_request.str1.4
                0x00000000080067a4        0x6 libbootloader.a(winusb.c.o)
 *fill*         0x00000000080067aa        0x2 
 .rodata.winusb_set_config.str1.4
                0x00000000080067ac       0x1d libbootloader.a(winusb.c.o)
 *fill*         0x00000000080067c9        0x3 
 .rodata.winusb_setup.str1.4
                0x00000000080067cc       0x18 libbootloader.a(winusb.c.o)
 .rodata.winusb_string_descriptor
                0x00000000080067e4       0x12 libbootloader.a(winusb.c.o)
 *fill*         0x00000000080067f6        0x2 
 .rodata.boot_target_get_startup_mode.part.0.str1.4
                0x00000000080067f8       0xa1 libbootloader.a(target_stm32f103.c.o)
                                         0xa5 (size before relaxing)
 *fill*         0x0000000008006899        0x3 
 .rodata.boot_target_manifest_app.str1.4
                0x000000000800689c        0x9 libbootloader.a(target_stm32f103.c.o)
 *fill*         0x00000000080068a5        0x3 
 .rodata.boot_target_manifest_baseloader.str1.4
                0x00000000080068a8       0x10 libbootloader.a(target_stm32f103.c.o)
 .rodata.boot_target_manifest_bootloader.str1.4
                0x00000000080068b8       0x10 libbootloader.a(target_stm32f103.c.o)
 .rodata.boot_target_set_restart_callback.str1.4
                0x00000000080068c8       0x16 libbootloader.a(target_stm32f103.c.o)
 *fill*         0x00000000080068de        0x2 
 .rodata.cdc_setup.str1.4
                0x00000000080068e0       0x15 libbootloader.a(cdc.c.o)
 *fill*         0x00000000080068f5        0x3 
 .rodata.cdcacm_comm_cb.str1.4
                0x00000000080068f8        0x5 libbootloader.a(cdc.c.o)
 *fill*         0x00000000080068fd        0x3 
 .rodata.cdcacm_control_request.str1.4
                0x0000000008006900       0x28 libbootloader.a(cdc.c.o)
                                         0x31 (size before relaxing)
 .rodata.cdcacm_set_config.str1.4
                0x0000000008006928       0x1d libbootloader.a(cdc.c.o)
 *fill*         0x0000000008006945        0x3 
 .rodata.line_coding
                0x0000000008006948        0x7 libbootloader.a(cdc.c.o)
 *fill*         0x000000000800694f        0x1 
 .rodata.assert.part.0.str1.4
                0x0000000008006950        0xc libbootloader.a(hf2.c.o)
 .rodata.bad_packet_message
                0x000000000800695c        0xb libbootloader.a(hf2.c.o)
 *fill*         0x0000000008006967        0x1 
 .rodata.hf2_data_rx_cb.str1.4
                0x0000000008006968      0x1c4 libbootloader.a(hf2.c.o)
                                        0x1e4 (size before relaxing)
 .rodata.hf2_set_config.str1.4
                0x0000000008006b2c        0xf libbootloader.a(hf2.c.o)
 *fill*         0x0000000008006b3b        0x1 
 .rodata.hf2_setup.str1.4
                0x0000000008006b3c       0x2d libbootloader.a(hf2.c.o)
 *fill*         0x0000000008006b69        0x3 
 .rodata.pokeSend.str1.4
                0x0000000008006b6c       0x10 libbootloader.a(hf2.c.o)
                                         0x11 (size before relaxing)
 .rodata.usb21_set_config.str1.4
                0x0000000008006b7c       0x1c libbootloader.a(usb21_standard.c.o)
 .rodata.usb21_setup.str1.4
                0x0000000008006b98       0x17 libbootloader.a(usb21_standard.c.o)
 *fill*         0x0000000008006baf        0x1 
 .rodata.usb21_standard_get_descriptor.str1.4
                0x0000000008006bb0       0x24 libbootloader.a(usb21_standard.c.o)
                0x0000000008006bd4                . = ALIGN (0x4)
                0x0000000008006bd4                _boot_etext = .

.text           0x0000000008007400     0x66d8
                0x0000000008007400                . = ALIGN (0x4)
                0x0000000008007400                _text = .
 *(SORT_BY_ALIGNMENT(.text.application_start))
 .text.application_start
                0x0000000008007400      0x118 libcm.a(application.cpp.o)
                0x0000000008007400                application_start
 *(SORT_BY_ALIGNMENT(.text.main))
 *(SORT_BY_ALIGNMENT(.text.startup.main))
 .text.startup.main
                0x0000000008007518        0xc CMakeFiles/STM32_BLUE_PILL.dir/pxtapp/main.cpp.o
                0x0000000008007518                main
 *(SORT_BY_ALIGNMENT(.text*))
 *fill*         0x0000000008007524        0x4 
 .text._ZN6numops5mycvtEdPc
                0x0000000008007528      0x174 CMakeFiles/STM32_BLUE_PILL.dir/pxtapp/base/core.cpp.o
                0x0000000008007528                numops::mycvt(double, char*)
 *fill*         0x000000000800769c        0x4 
 .text._ZN5Math_12randomDoubleEv
                0x00000000080076a0       0x54 CMakeFiles/STM32_BLUE_PILL.dir/pxtapp/base/core.cpp.o
                0x00000000080076a0                Math_::randomDouble()
 .text._ZN5Math_4log2EPN3pxt12TValueStructE
                0x00000000080076f4       0x14 CMakeFiles/STM32_BLUE_PILL.dir/pxtapp/base/advmath.cpp.o
                0x00000000080076f4                Math_::log2(pxt::TValueStruct*)
 .text._ZN5Math_3expEPN3pxt12TValueStructE
                0x0000000008007708       0x14 CMakeFiles/STM32_BLUE_PILL.dir/pxtapp/base/advmath.cpp.o
                0x0000000008007708                Math_::exp(pxt::TValueStruct*)
 .text._ZN5Math_4tanhEPN3pxt12TValueStructE
                0x000000000800771c       0x14 CMakeFiles/STM32_BLUE_PILL.dir/pxtapp/base/advmath.cpp.o
                0x000000000800771c                Math_::tanh(pxt::TValueStruct*)
 .text._ZN5Math_4sinhEPN3pxt12TValueStructE
                0x0000000008007730       0x14 CMakeFiles/STM32_BLUE_PILL.dir/pxtapp/base/advmath.cpp.o
                0x0000000008007730                Math_::sinh(pxt::TValueStruct*)
 .text._ZN5Math_4coshEPN3pxt12TValueStructE
                0x0000000008007744       0x14 CMakeFiles/STM32_BLUE_PILL.dir/pxtapp/base/advmath.cpp.o
                0x0000000008007744                Math_::cosh(pxt::TValueStruct*)
 .text._ZN5Math_5atanhEPN3pxt12TValueStructE
                0x0000000008007758       0x14 CMakeFiles/STM32_BLUE_PILL.dir/pxtapp/base/advmath.cpp.o
                0x0000000008007758                Math_::atanh(pxt::TValueStruct*)
 .text._ZN5Math_5asinhEPN3pxt12TValueStructE
                0x000000000800776c       0x14 CMakeFiles/STM32_BLUE_PILL.dir/pxtapp/base/advmath.cpp.o
                0x000000000800776c                Math_::asinh(pxt::TValueStruct*)
 .text._ZN5Math_5acoshEPN3pxt12TValueStructE
                0x0000000008007780       0x14 CMakeFiles/STM32_BLUE_PILL.dir/pxtapp/base/advmath.cpp.o
                0x0000000008007780                Math_::acosh(pxt::TValueStruct*)
 .text._ZN3pxtL9readBytesEPhS0_ibi
                0x0000000008007794       0x64 CMakeFiles/STM32_BLUE_PILL.dir/pxtapp/base/buffer.cpp.o
 .text._ZN13BufferMethods8getBytesEPN3pxt11BoxedBufferE
                0x00000000080077f8        0x4 CMakeFiles/STM32_BLUE_PILL.dir/pxtapp/base/buffer.cpp.o
                0x00000000080077f8                BufferMethods::getBytes(pxt::BoxedBuffer*)
 .text._ZN13BufferMethods7getByteEPN3pxt11BoxedBufferEi
                0x00000000080077fc       0x18 CMakeFiles/STM32_BLUE_PILL.dir/pxtapp/base/buffer.cpp.o
                0x00000000080077fc                BufferMethods::getByte(pxt::BoxedBuffer*, int)
 .text._ZN13BufferMethods7setByteEPN3pxt11BoxedBufferEii
                0x0000000008007814       0x14 CMakeFiles/STM32_BLUE_PILL.dir/pxtapp/base/buffer.cpp.o
                0x0000000008007814                BufferMethods::setByte(pxt::BoxedBuffer*, int, int)
 .text._ZN13BufferMethods11writeBufferEPN3pxt11BoxedBufferEiS2_ii
                0x0000000008007828       0x50 CMakeFiles/STM32_BLUE_PILL.dir/pxtapp/base/buffer.cpp.o
                0x0000000008007828                BufferMethods::writeBuffer(pxt::BoxedBuffer*, int, pxt::BoxedBuffer*, int, int)
 .text._ZN13BufferMethods6lengthEPN3pxt11BoxedBufferE
                0x0000000008007878        0x4 CMakeFiles/STM32_BLUE_PILL.dir/pxtapp/base/buffer.cpp.o
                0x0000000008007878                BufferMethods::length(pxt::BoxedBuffer*)
 .text._ZN13BufferMethods4fillEPN3pxt11BoxedBufferEiii
                0x000000000800787c       0x2c CMakeFiles/STM32_BLUE_PILL.dir/pxtapp/base/buffer.cpp.o
                0x000000000800787c                BufferMethods::fill(pxt::BoxedBuffer*, int, int, int)
 .text._ZN13BufferMethods5sliceEPN3pxt11BoxedBufferEii
                0x00000000080078a8       0x28 CMakeFiles/STM32_BLUE_PILL.dir/pxtapp/base/buffer.cpp.o
                0x00000000080078a8                BufferMethods::slice(pxt::BoxedBuffer*, int, int)
 .text._ZN13BufferMethods5shiftEPN3pxt11BoxedBufferEiii
                0x00000000080078d0       0x80 CMakeFiles/STM32_BLUE_PILL.dir/pxtapp/base/buffer.cpp.o
                0x00000000080078d0                BufferMethods::shift(pxt::BoxedBuffer*, int, int, int)
 .text._ZN13BufferMethods5toHexEPN3pxt11BoxedBufferE
                0x0000000008007950       0x40 CMakeFiles/STM32_BLUE_PILL.dir/pxtapp/base/buffer.cpp.o
                0x0000000008007950                BufferMethods::toHex(pxt::BoxedBuffer*)
 .text._ZN13BufferMethods6rotateEPN3pxt11BoxedBufferEiii
                0x0000000008007990       0x74 CMakeFiles/STM32_BLUE_PILL.dir/pxtapp/base/buffer.cpp.o
                0x0000000008007990                BufferMethods::rotate(pxt::BoxedBuffer*, int, int, int)
 .text._ZN13BufferMethods5writeEPN3pxt11BoxedBufferEiS2_
                0x0000000008007a04       0x14 CMakeFiles/STM32_BLUE_PILL.dir/pxtapp/base/buffer.cpp.o
                0x0000000008007a04                BufferMethods::write(pxt::BoxedBuffer*, int, pxt::BoxedBuffer*)
 .text._ZN7control12createBufferEi
                0x0000000008007a18        0x8 CMakeFiles/STM32_BLUE_PILL.dir/pxtapp/base/buffer.cpp.o
                0x0000000008007a18                control::createBuffer(int)
 .text._ZN3pxt13setNumberCoreEPhiNS_12NumberFormatEPNS_12TValueStructE
                0x0000000008007a20      0x108 CMakeFiles/STM32_BLUE_PILL.dir/pxtapp/base/buffer.cpp.o
                0x0000000008007a20                pxt::setNumberCore(unsigned char*, int, pxt::NumberFormat, pxt::TValueStruct*)
 .text._ZN13BufferMethods9setNumberEPN3pxt11BoxedBufferENS0_12NumberFormatEiPNS0_12TValueStructE
                0x0000000008007b28       0x1c CMakeFiles/STM32_BLUE_PILL.dir/pxtapp/base/buffer.cpp.o
                0x0000000008007b28                BufferMethods::setNumber(pxt::BoxedBuffer*, pxt::NumberFormat, int, pxt::TValueStruct*)
 .text._ZN3pxt13getNumberCoreEPhiNS_12NumberFormatE
                0x0000000008007b44      0x120 CMakeFiles/STM32_BLUE_PILL.dir/pxtapp/base/buffer.cpp.o
                0x0000000008007b44                pxt::getNumberCore(unsigned char*, int, pxt::NumberFormat)
 .text._ZN13BufferMethods9getNumberEPN3pxt11BoxedBufferENS0_12NumberFormatEi
                0x0000000008007c64       0x1c CMakeFiles/STM32_BLUE_PILL.dir/pxtapp/base/buffer.cpp.o
                0x0000000008007c64                BufferMethods::getNumber(pxt::BoxedBuffer*, pxt::NumberFormat, int)
 .text._ZN7control6millisEv
                0x0000000008007c80        0x4 CMakeFiles/STM32_BLUE_PILL.dir/pxtapp/base/control.cpp.o
                0x0000000008007c80                control::millis()
 .text._ZN7control15internalOnEventEiiPN3pxt12TValueStructEi
                0x0000000008007c84        0x4 CMakeFiles/STM32_BLUE_PILL.dir/pxtapp/base/control.cpp.o
                0x0000000008007c84                control::internalOnEvent(int, int, pxt::TValueStruct*, int)
 .text._ZN7control5resetEv
                0x0000000008007c88        0x4 CMakeFiles/STM32_BLUE_PILL.dir/pxtapp/base/control.cpp.o
                0x0000000008007c88                control::reset()
 .text._ZN7control10waitMicrosEi
                0x0000000008007c8c        0x8 CMakeFiles/STM32_BLUE_PILL.dir/pxtapp/base/control.cpp.o
                0x0000000008007c8c                control::waitMicros(int)
 .text._ZN7control13runInParallelEPN3pxt12TValueStructE
                0x0000000008007c94        0x4 CMakeFiles/STM32_BLUE_PILL.dir/pxtapp/base/control.cpp.o
                0x0000000008007c94                control::runInParallel(pxt::TValueStruct*)
 .text._ZN7control12waitForEventEii
                0x0000000008007c98        0x4 CMakeFiles/STM32_BLUE_PILL.dir/pxtapp/base/control.cpp.o
                0x0000000008007c98                control::waitForEvent(int, int)
 .text._ZN7control18deviceSerialNumberEv
                0x0000000008007c9c        0x4 CMakeFiles/STM32_BLUE_PILL.dir/pxtapp/base/control.cpp.o
                0x0000000008007c9c                control::deviceSerialNumber()
 .text._ZN7control5__logEiPN3pxt11BoxedStringE
                0x0000000008007ca0       0x10 CMakeFiles/STM32_BLUE_PILL.dir/pxtapp/base/control.cpp.o
                0x0000000008007ca0                control::__log(int, pxt::BoxedString*)
 .text._ZN7control10dmesgValueEPN3pxt12TValueStructE
                0x0000000008007cb0        0x4 CMakeFiles/STM32_BLUE_PILL.dir/pxtapp/base/control.cpp.o
                0x0000000008007cb0                control::dmesgValue(pxt::TValueStruct*)
 .text._ZN7control2gcEv
                0x0000000008007cb4        0x8 CMakeFiles/STM32_BLUE_PILL.dir/pxtapp/base/control.cpp.o
                0x0000000008007cb4                control::gc()
 .text._ZN7control8heapDumpEv
                0x0000000008007cbc       0x14 CMakeFiles/STM32_BLUE_PILL.dir/pxtapp/base/control.cpp.o
                0x0000000008007cbc                control::heapDump()
 .text._ZN7control16profilingEnabledEv
                0x0000000008007cd0        0x4 CMakeFiles/STM32_BLUE_PILL.dir/pxtapp/base/control.cpp.o
                0x0000000008007cd0                control::profilingEnabled()
 .text._ZN3pxtL13dtorDoNothingEv
                0x0000000008007cd4        0x4 CMakeFiles/STM32_BLUE_PILL.dir/pxtapp/base/core.cpp.o
 .text._ZN3pxtL11string_sizeEPNS_11BoxedStringE
                0x0000000008007cd8        0x8 CMakeFiles/STM32_BLUE_PILL.dir/pxtapp/base/core.cpp.o
 .text._ZN3pxtL11number_sizeEPNS_11BoxedNumberE
                0x0000000008007ce0        0x4 CMakeFiles/STM32_BLUE_PILL.dir/pxtapp/base/core.cpp.o
 .text._ZN3pxtL11buffer_sizeEPNS_11BoxedBufferE
                0x0000000008007ce4        0x8 CMakeFiles/STM32_BLUE_PILL.dir/pxtapp/base/core.cpp.o
 .text._ZN3pxt11findBindingEii
                0x0000000008007cec       0x1c CMakeFiles/STM32_BLUE_PILL.dir/pxtapp/base/core.cpp.o
                0x0000000008007cec                pxt::findBinding(int, int)
 .text._ZN3pxt10setBindingEiiPNS_12TValueStructE
                0x0000000008007d08       0x4c CMakeFiles/STM32_BLUE_PILL.dir/pxtapp/base/core.cpp.o
                0x0000000008007d08                pxt::setBinding(int, int, pxt::TValueStruct*)
 .text._ZN3pxt8mkStringEPKci
                0x0000000008007d54       0x4c CMakeFiles/STM32_BLUE_PILL.dir/pxtapp/base/core.cpp.o
                0x0000000008007d54                pxt::mkString(char const*, int)
 .text._ZN3pxt8mkBufferEPKhi
                0x0000000008007da0       0x44 CMakeFiles/STM32_BLUE_PILL.dir/pxtapp/base/core.cpp.o
                0x0000000008007da0                pxt::mkBuffer(unsigned char const*, int)
 .text._ZN3pxt9getRandomEj
                0x0000000008007de4       0x40 CMakeFiles/STM32_BLUE_PILL.dir/pxtapp/base/core.cpp.o
                0x0000000008007de4                pxt::getRandom(unsigned int)
 .text._ZN7String_7mkEmptyEv
                0x0000000008007e24        0xc CMakeFiles/STM32_BLUE_PILL.dir/pxtapp/base/core.cpp.o
                0x0000000008007e24                String_::mkEmpty()
 .text._ZN7String_12fromCharCodeEi
                0x0000000008007e30       0x20 CMakeFiles/STM32_BLUE_PILL.dir/pxtapp/base/core.cpp.o
                0x0000000008007e30                String_::fromCharCode(int)
 .text._ZN7String_6charAtEPN3pxt11BoxedStringEi
                0x0000000008007e50       0x3c CMakeFiles/STM32_BLUE_PILL.dir/pxtapp/base/core.cpp.o
                0x0000000008007e50                String_::charAt(pxt::BoxedString*, int)
 .text._ZN7String_6concatEPN3pxt11BoxedStringES2_
                0x0000000008007e8c       0x6c CMakeFiles/STM32_BLUE_PILL.dir/pxtapp/base/core.cpp.o
                0x0000000008007e8c                String_::concat(pxt::BoxedString*, pxt::BoxedString*)
 .text._ZN7String_7compareEPN3pxt11BoxedStringES2_
                0x0000000008007ef8       0x24 CMakeFiles/STM32_BLUE_PILL.dir/pxtapp/base/core.cpp.o
                0x0000000008007ef8                String_::compare(pxt::BoxedString*, pxt::BoxedString*)
 .text._ZN7String_6lengthEPN3pxt11BoxedStringE
                0x0000000008007f1c        0x4 CMakeFiles/STM32_BLUE_PILL.dir/pxtapp/base/core.cpp.o
                0x0000000008007f1c                String_::length(pxt::BoxedString*)
 .text._ZN7String_8mystrtodEPKcPPc
                0x0000000008007f20      0x16c CMakeFiles/STM32_BLUE_PILL.dir/pxtapp/base/core.cpp.o
                0x0000000008007f20                String_::mystrtod(char const*, char**)
 .text._ZN7String_6substrEPN3pxt11BoxedStringEii
                0x000000000800808c       0x34 CMakeFiles/STM32_BLUE_PILL.dir/pxtapp/base/core.cpp.o
                0x000000000800808c                String_::substr(pxt::BoxedString*, int, int)
 .text._ZN7String_7indexOfEPN3pxt11BoxedStringES2_i
                0x00000000080080c0       0x30 CMakeFiles/STM32_BLUE_PILL.dir/pxtapp/base/core.cpp.o
                0x00000000080080c0                String_::indexOf(pxt::BoxedString*, pxt::BoxedString*, int)
 .text._ZN7String_8includesEPN3pxt11BoxedStringES2_i
                0x00000000080080f0       0x10 CMakeFiles/STM32_BLUE_PILL.dir/pxtapp/base/core.cpp.o
                0x00000000080080f0                String_::includes(pxt::BoxedString*, pxt::BoxedString*, int)
 .text._ZN8Boolean_4bangEi
                0x0000000008008100        0x8 CMakeFiles/STM32_BLUE_PILL.dir/pxtapp/base/core.cpp.o
                0x0000000008008100                Boolean_::bang(int)
 .text._ZN3pxt10fromDoubleEd
                0x0000000008008108       0xac CMakeFiles/STM32_BLUE_PILL.dir/pxtapp/base/core.cpp.o
                0x0000000008008108                pxt::fromDouble(double)
 .text._ZN7String_8toNumberEPN3pxt11BoxedStringE
                0x00000000080081b4       0xa0 CMakeFiles/STM32_BLUE_PILL.dir/pxtapp/base/core.cpp.o
                0x00000000080081b4                String_::toNumber(pxt::BoxedString*)
 .text._ZN3pxt7fromIntEi.part.7
                0x0000000008008254       0x10 CMakeFiles/STM32_BLUE_PILL.dir/pxtapp/base/core.cpp.o
 .text._ZN7String_10charCodeAtEPN3pxt11BoxedStringEi
                0x0000000008008264       0x1c CMakeFiles/STM32_BLUE_PILL.dir/pxtapp/base/core.cpp.o
                0x0000000008008264                String_::charCodeAt(pxt::BoxedString*, int)
 .text._ZN3pxt9fromFloatEf
                0x0000000008008280       0x10 CMakeFiles/STM32_BLUE_PILL.dir/pxtapp/base/core.cpp.o
                0x0000000008008280                pxt::fromFloat(float)
 .text._ZN3pxt7fromIntEi
                0x0000000008008290       0x14 CMakeFiles/STM32_BLUE_PILL.dir/pxtapp/base/core.cpp.o
                0x0000000008008290                pxt::fromInt(int)
 .text._ZN3pxt8fromUIntEj
                0x00000000080082a4       0x1c CMakeFiles/STM32_BLUE_PILL.dir/pxtapp/base/core.cpp.o
                0x00000000080082a4                pxt::fromUInt(unsigned int)
 .text._ZN3pxt8fromBoolEb
                0x00000000080082c0        0xc CMakeFiles/STM32_BLUE_PILL.dir/pxtapp/base/core.cpp.o
                0x00000000080082c0                pxt::fromBool(bool)
 .text._ZN5Math_6randomEv
                0x00000000080082cc       0x10 CMakeFiles/STM32_BLUE_PILL.dir/pxtapp/base/core.cpp.o
                0x00000000080082cc                Math_::random()
 .text._ZN5Math_4imulEii
                0x00000000080082dc        0x8 CMakeFiles/STM32_BLUE_PILL.dir/pxtapp/base/core.cpp.o
                0x00000000080082dc                Math_::imul(int, int)
 .text._ZN5Math_4idivEii
                0x00000000080082e4        0x8 CMakeFiles/STM32_BLUE_PILL.dir/pxtapp/base/core.cpp.o
                0x00000000080082e4                Math_::idiv(int, int)
 .text._ZN6Array_2mkEv
                0x00000000080082ec       0x14 CMakeFiles/STM32_BLUE_PILL.dir/pxtapp/base/core.cpp.o
                0x00000000080082ec                Array_::mk()
 .text._ZN6Array_6lengthEPN3pxt13RefCollectionE
                0x0000000008008300        0x4 CMakeFiles/STM32_BLUE_PILL.dir/pxtapp/base/core.cpp.o
                0x0000000008008300                Array_::length(pxt::RefCollection*)
 .text._ZN6Array_9setLengthEPN3pxt13RefCollectionEi
                0x0000000008008304        0x8 CMakeFiles/STM32_BLUE_PILL.dir/pxtapp/base/core.cpp.o
                0x0000000008008304                Array_::setLength(pxt::RefCollection*, int)
 .text._ZN6Array_4pushEPN3pxt13RefCollectionEPNS0_12TValueStructE
                0x000000000800830c        0xc CMakeFiles/STM32_BLUE_PILL.dir/pxtapp/base/core.cpp.o
                0x000000000800830c                Array_::push(pxt::RefCollection*, pxt::TValueStruct*)
 .text._ZN6Array_3popEPN3pxt13RefCollectionE
                0x0000000008008318        0x8 CMakeFiles/STM32_BLUE_PILL.dir/pxtapp/base/core.cpp.o
                0x0000000008008318                Array_::pop(pxt::RefCollection*)
 .text._ZN6Array_5getAtEPN3pxt13RefCollectionEi
                0x0000000008008320       0x10 CMakeFiles/STM32_BLUE_PILL.dir/pxtapp/base/core.cpp.o
                0x0000000008008320                Array_::getAt(pxt::RefCollection*, int)
 .text._ZN6Array_5setAtEPN3pxt13RefCollectionEiPNS0_12TValueStructE
                0x0000000008008330        0x8 CMakeFiles/STM32_BLUE_PILL.dir/pxtapp/base/core.cpp.o
                0x0000000008008330                Array_::setAt(pxt::RefCollection*, int, pxt::TValueStruct*)
 .text._ZN6Array_8removeAtEPN3pxt13RefCollectionEi
                0x0000000008008338        0x8 CMakeFiles/STM32_BLUE_PILL.dir/pxtapp/base/core.cpp.o
                0x0000000008008338                Array_::removeAt(pxt::RefCollection*, int)
 .text._ZN6Array_8insertAtEPN3pxt13RefCollectionEiPNS0_12TValueStructE
                0x0000000008008340        0x8 CMakeFiles/STM32_BLUE_PILL.dir/pxtapp/base/core.cpp.o
                0x0000000008008340                Array_::insertAt(pxt::RefCollection*, int, pxt::TValueStruct*)
 .text._ZN3pxt11programSizeEv
                0x0000000008008348       0x10 CMakeFiles/STM32_BLUE_PILL.dir/pxtapp/base/core.cpp.o
                0x0000000008008348                pxt::programSize()
 .text._ZN3pxt9getConfigEii
                0x0000000008008358       0x38 CMakeFiles/STM32_BLUE_PILL.dir/pxtapp/base/core.cpp.o
                0x0000000008008358                pxt::getConfig(int, int)
 .text._ZN5pxtrt8ldlocRefEPN3pxt11RefRefLocalE
                0x0000000008008390        0x4 CMakeFiles/STM32_BLUE_PILL.dir/pxtapp/base/core.cpp.o
                0x0000000008008390                pxtrt::ldlocRef(pxt::RefRefLocal*)
 .text._ZN5pxtrt8stlocRefEPN3pxt11RefRefLocalEPNS0_12TValueStructE
                0x0000000008008394        0x4 CMakeFiles/STM32_BLUE_PILL.dir/pxtapp/base/core.cpp.o
                0x0000000008008394                pxtrt::stlocRef(pxt::RefRefLocal*, pxt::TValueStruct*)
 .text._ZN5pxtrt8mklocRefEv
                0x0000000008008398       0x14 CMakeFiles/STM32_BLUE_PILL.dir/pxtapp/base/core.cpp.o
                0x0000000008008398                pxtrt::mklocRef()
 .text._ZN5pxtrt5stcloEPN3pxt9RefActionEiPNS0_12TValueStructE
                0x00000000080083ac       0x34 CMakeFiles/STM32_BLUE_PILL.dir/pxtapp/base/core.cpp.o
                0x00000000080083ac                pxtrt::stclo(pxt::RefAction*, int, pxt::TValueStruct*)
 .text._ZN5pxtrt5panicEi
                0x00000000080083e0        0x4 CMakeFiles/STM32_BLUE_PILL.dir/pxtapp/base/core.cpp.o
                0x00000000080083e0                pxtrt::panic(int)
 .text._ZN5pxtrt11emptyToNullEPN3pxt11BoxedStringE
                0x00000000080083e4        0xc CMakeFiles/STM32_BLUE_PILL.dir/pxtapp/base/core.cpp.o
                0x00000000080083e4                pxtrt::emptyToNull(pxt::BoxedString*)
 .text._ZN5pxtrt9ptrToBoolEPN3pxt12TValueStructE
                0x00000000080083f0        0x8 CMakeFiles/STM32_BLUE_PILL.dir/pxtapp/base/core.cpp.o
                0x00000000080083f0                pxtrt::ptrToBool(pxt::TValueStruct*)
 .text._ZN5pxtrt5mkMapEv
                0x00000000080083f8       0x14 CMakeFiles/STM32_BLUE_PILL.dir/pxtapp/base/core.cpp.o
                0x00000000080083f8                pxtrt::mkMap()
 .text._ZN5pxtrt14mapGetByStringEPN3pxt6RefMapEPNS0_11BoxedStringE
                0x000000000800840c       0x20 CMakeFiles/STM32_BLUE_PILL.dir/pxtapp/base/core.cpp.o
                0x000000000800840c                pxtrt::mapGetByString(pxt::RefMap*, pxt::BoxedString*)
 .text._ZN5pxtrt12lookupMapKeyEPN3pxt11BoxedStringE
                0x000000000800842c       0x88 CMakeFiles/STM32_BLUE_PILL.dir/pxtapp/base/core.cpp.o
                0x000000000800842c                pxtrt::lookupMapKey(pxt::BoxedString*)
 .text._ZN5pxtrt6mapGetEPN3pxt6RefMapEj
                0x00000000080084b4       0x14 CMakeFiles/STM32_BLUE_PILL.dir/pxtapp/base/core.cpp.o
                0x00000000080084b4                pxtrt::mapGet(pxt::RefMap*, unsigned int)
 .text._ZN5pxtrt14mapSetByStringEPN3pxt6RefMapEPNS0_11BoxedStringEPNS0_12TValueStructE
                0x00000000080084c8       0x38 CMakeFiles/STM32_BLUE_PILL.dir/pxtapp/base/core.cpp.o
                0x00000000080084c8                pxtrt::mapSetByString(pxt::RefMap*, pxt::BoxedString*, pxt::TValueStruct*)
 .text._ZN5pxtrt6mapSetEPN3pxt6RefMapEjPNS0_12TValueStructE
                0x0000000008008500       0x14 CMakeFiles/STM32_BLUE_PILL.dir/pxtapp/base/core.cpp.o
                0x0000000008008500                pxtrt::mapSet(pxt::RefMap*, unsigned int, pxt::TValueStruct*)
 .text._ZN5pxtrt13getGlobalsPtrEv
                0x0000000008008514        0xc CMakeFiles/STM32_BLUE_PILL.dir/pxtapp/base/core.cpp.o
                0x0000000008008514                pxtrt::getGlobalsPtr()
 .text._ZN5pxtrt14runtimeWarningEPN3pxt11BoxedStringE
                0x0000000008008520        0x4 CMakeFiles/STM32_BLUE_PILL.dir/pxtapp/base/core.cpp.o
                0x0000000008008520                pxtrt::runtimeWarning(pxt::BoxedString*)
 .text._ZN3pxt7valTypeEPNS_12TValueStructE
                0x0000000008008524       0x48 CMakeFiles/STM32_BLUE_PILL.dir/pxtapp/base/core.cpp.o
                0x0000000008008524                pxt::valType(pxt::TValueStruct*)
 .text._ZN3pxt8toDoubleEPNS_12TValueStructE
                0x000000000800856c       0x60 CMakeFiles/STM32_BLUE_PILL.dir/pxtapp/base/core.cpp.o
                0x000000000800856c                pxt::toDouble(pxt::TValueStruct*)
 .text._ZN3pxt6toUIntEPNS_12TValueStructE
                0x00000000080085cc       0xc8 CMakeFiles/STM32_BLUE_PILL.dir/pxtapp/base/core.cpp.o
                0x00000000080085cc                pxt::toUInt(pxt::TValueStruct*)
 .text._ZN3pxt5toIntEPNS_12TValueStructE
                0x0000000008008694        0x4 CMakeFiles/STM32_BLUE_PILL.dir/pxtapp/base/core.cpp.o
                0x0000000008008694                pxt::toInt(pxt::TValueStruct*)
 .text._ZN6numops4lslsEPN3pxt12TValueStructES2_
                0x0000000008008698       0x2c CMakeFiles/STM32_BLUE_PILL.dir/pxtapp/base/core.cpp.o
                0x0000000008008698                numops::lsls(pxt::TValueStruct*, pxt::TValueStruct*)
 .text._ZN6numops4asrsEPN3pxt12TValueStructES2_
                0x00000000080086c4       0x2c CMakeFiles/STM32_BLUE_PILL.dir/pxtapp/base/core.cpp.o
                0x00000000080086c4                numops::asrs(pxt::TValueStruct*, pxt::TValueStruct*)
 .text._ZN6numops4eorsEPN3pxt12TValueStructES2_
                0x00000000080086f0       0x28 CMakeFiles/STM32_BLUE_PILL.dir/pxtapp/base/core.cpp.o
                0x00000000080086f0                numops::eors(pxt::TValueStruct*, pxt::TValueStruct*)
 .text._ZN6numops4orrsEPN3pxt12TValueStructES2_
                0x0000000008008718       0x28 CMakeFiles/STM32_BLUE_PILL.dir/pxtapp/base/core.cpp.o
                0x0000000008008718                numops::orrs(pxt::TValueStruct*, pxt::TValueStruct*)
 .text._ZN6numops4bnotEPN3pxt12TValueStructE
                0x0000000008008740       0x20 CMakeFiles/STM32_BLUE_PILL.dir/pxtapp/base/core.cpp.o
                0x0000000008008740                numops::bnot(pxt::TValueStruct*)
 .text._ZN6numops4andsEPN3pxt12TValueStructES2_
                0x0000000008008760       0x28 CMakeFiles/STM32_BLUE_PILL.dir/pxtapp/base/core.cpp.o
                0x0000000008008760                numops::ands(pxt::TValueStruct*, pxt::TValueStruct*)
 .text._ZN6numops4lsrsEPN3pxt12TValueStructES2_
                0x0000000008008788       0x30 CMakeFiles/STM32_BLUE_PILL.dir/pxtapp/base/core.cpp.o
                0x0000000008008788                numops::lsrs(pxt::TValueStruct*, pxt::TValueStruct*)
 .text._ZN3pxt7toFloatEPNS_12TValueStructE
                0x00000000080087b8        0xc CMakeFiles/STM32_BLUE_PILL.dir/pxtapp/base/core.cpp.o
                0x00000000080087b8                pxt::toFloat(pxt::TValueStruct*)
 .text._ZN6numops4addsEPN3pxt12TValueStructES2_
                0x00000000080087c4       0x28 CMakeFiles/STM32_BLUE_PILL.dir/pxtapp/base/core.cpp.o
                0x00000000080087c4                numops::adds(pxt::TValueStruct*, pxt::TValueStruct*)
 .text._ZN6numops4subsEPN3pxt12TValueStructES2_
                0x00000000080087ec       0x28 CMakeFiles/STM32_BLUE_PILL.dir/pxtapp/base/core.cpp.o
                0x00000000080087ec                numops::subs(pxt::TValueStruct*, pxt::TValueStruct*)
 .text._ZN6numops4mulsEPN3pxt12TValueStructES2_
                0x0000000008008814       0x58 CMakeFiles/STM32_BLUE_PILL.dir/pxtapp/base/core.cpp.o
                0x0000000008008814                numops::muls(pxt::TValueStruct*, pxt::TValueStruct*)
 .text._ZN6numops3divEPN3pxt12TValueStructES2_
                0x000000000800886c       0x28 CMakeFiles/STM32_BLUE_PILL.dir/pxtapp/base/core.cpp.o
                0x000000000800886c                numops::div(pxt::TValueStruct*, pxt::TValueStruct*)
 .text._ZN6numops3modEPN3pxt12TValueStructES2_
                0x0000000008008894       0x60 CMakeFiles/STM32_BLUE_PILL.dir/pxtapp/base/core.cpp.o
                0x0000000008008894                numops::mod(pxt::TValueStruct*, pxt::TValueStruct*)
 .text._ZN5Math_3powEPN3pxt12TValueStructES2_
                0x00000000080088f4       0x28 CMakeFiles/STM32_BLUE_PILL.dir/pxtapp/base/core.cpp.o
                0x00000000080088f4                Math_::pow(pxt::TValueStruct*, pxt::TValueStruct*)
 .text._ZN5Math_5atan2EPN3pxt12TValueStructES2_
                0x000000000800891c       0x28 CMakeFiles/STM32_BLUE_PILL.dir/pxtapp/base/core.cpp.o
                0x000000000800891c                Math_::atan2(pxt::TValueStruct*, pxt::TValueStruct*)
 .text._ZN5Math_11randomRangeEPN3pxt12TValueStructES2_
                0x0000000008008944       0xb4 CMakeFiles/STM32_BLUE_PILL.dir/pxtapp/base/core.cpp.o
                0x0000000008008944                Math_::randomRange(pxt::TValueStruct*, pxt::TValueStruct*)
 .text._ZN5Math_3logEPN3pxt12TValueStructE
                0x00000000080089f8       0x14 CMakeFiles/STM32_BLUE_PILL.dir/pxtapp/base/core.cpp.o
                0x00000000080089f8                Math_::log(pxt::TValueStruct*)
 .text._ZN5Math_5log10EPN3pxt12TValueStructE
                0x0000000008008a0c       0x14 CMakeFiles/STM32_BLUE_PILL.dir/pxtapp/base/core.cpp.o
                0x0000000008008a0c                Math_::log10(pxt::TValueStruct*)
 .text._ZN5Math_3tanEPN3pxt12TValueStructE
                0x0000000008008a20       0x14 CMakeFiles/STM32_BLUE_PILL.dir/pxtapp/base/core.cpp.o
                0x0000000008008a20                Math_::tan(pxt::TValueStruct*)
 .text._ZN5Math_3sinEPN3pxt12TValueStructE
                0x0000000008008a34       0x14 CMakeFiles/STM32_BLUE_PILL.dir/pxtapp/base/core.cpp.o
                0x0000000008008a34                Math_::sin(pxt::TValueStruct*)
 .text._ZN5Math_3cosEPN3pxt12TValueStructE
                0x0000000008008a48       0x14 CMakeFiles/STM32_BLUE_PILL.dir/pxtapp/base/core.cpp.o
                0x0000000008008a48                Math_::cos(pxt::TValueStruct*)
 .text._ZN5Math_4atanEPN3pxt12TValueStructE
                0x0000000008008a5c       0x14 CMakeFiles/STM32_BLUE_PILL.dir/pxtapp/base/core.cpp.o
                0x0000000008008a5c                Math_::atan(pxt::TValueStruct*)
 .text._ZN5Math_4asinEPN3pxt12TValueStructE
                0x0000000008008a70       0x14 CMakeFiles/STM32_BLUE_PILL.dir/pxtapp/base/core.cpp.o
                0x0000000008008a70                Math_::asin(pxt::TValueStruct*)
 .text._ZN5Math_4acosEPN3pxt12TValueStructE