Archive member included to satisfy reference by file (symbol)

libnewlib.a(memcpy-stub.c.o)  CMakeFiles/STM32_BLUE_PILL.dir/pxtapp/base/buffer.cpp.o (memcpy)
libnewlib.a(strcmp.S.o)       CMakeFiles/STM32_BLUE_PILL.dir/pxtapp/base/core.cpp.o (strcmp)
libnewlib.a(strlen.S.o)       CMakeFiles/STM32_BLUE_PILL.dir/pxtapp/base/core.cpp.o (strlen)
libnewlib.a(strtol.c.o)       CMakeFiles/STM32_BLUE_PILL.dir/pxtapp/base/core.cpp.o (strtol)
libnewlib.a(memcmp.c.o)       CMakeFiles/STM32_BLUE_PILL.dir/pxtapp/base/pxt.cpp.o (memcmp)
libnewlib.a(memmove.c.o)      CMakeFiles/STM32_BLUE_PILL.dir/pxtapp/base/buffer.cpp.o (memmove)
libnewlib.a(memset.c.o)       CMakeFiles/STM32_BLUE_PILL.dir/pxtapp/base/buffer.cpp.o (memset)
libnewlib.a(strstr.c.o)       CMakeFiles/STM32_BLUE_PILL.dir/pxtapp/base/core.cpp.o (strstr)
libnewlib.a(ctype_.c.o)       libnewlib.a(strtol.c.o) (_ctype_)
libnewlib.a(impure.c.o)       libnewlib.a(strtol.c.o) (_impure_ptr)
libcodal-core.a(CodalCompat.cpp.o)
                              CMakeFiles/STM32_BLUE_PILL.dir/pxtapp/base/core.cpp.o (codal::itoa(int, char*))
libcodal-core.a(CodalComponent.cpp.o)
                              CMakeFiles/STM32_BLUE_PILL.dir/pxtapp/core---stm32bluepill/codal.cpp.o (codal::CodalComponent::components)
libcodal-core.a(CodalDevice.cpp.o)
                              CMakeFiles/STM32_BLUE_PILL.dir/pxtapp/core---stm32bluepill/codal.cpp.o (vtable for codal::CodalDevice)
libcodal-core.a(CodalDmesg.cpp.o)
                              CMakeFiles/STM32_BLUE_PILL.dir/pxtapp/base/core.cpp.o (codal_dmesg)
libcodal-core.a(CodalFiber.cpp.o)
                              CMakeFiles/STM32_BLUE_PILL.dir/pxtapp/core---stm32bluepill/codal.cpp.o (codal::list_fibers(codal::Fiber**))
libcodal-core.a(CodalHeapAllocator.cpp.o)
                              CMakeFiles/STM32_BLUE_PILL.dir/pxtapp/base/gc.cpp.o (device_heap_size(unsigned char))
libcodal-core.a(CodalListener.cpp.o)
                              CMakeFiles/STM32_BLUE_PILL.dir/pxtapp/core---stm32bluepill/codal.cpp.o (codal::Listener::Listener(unsigned short, unsigned short, void (*)(codal::Event), unsigned short))
libcodal-core.a(Timer.cpp.o)  CMakeFiles/STM32_BLUE_PILL.dir/pxtapp/core---stm32bluepill/codal.cpp.o (codal::Timer::~Timer())
libcodal-core.a(MessageBus.cpp.o)
                              CMakeFiles/STM32_BLUE_PILL.dir/pxtapp/core---stm32bluepill/codal.cpp.o (codal::MessageBus::add(codal::Listener*))
libcodal-core.a(Event.cpp.o)  CMakeFiles/STM32_BLUE_PILL.dir/pxtapp/core---stm32bluepill/codal.cpp.o (codal::Event::Event())
libcodal-core.a(MemberFunctionCallback.cpp.o)
                              libcodal-core.a(MessageBus.cpp.o) (codal::MemberFunctionCallback::fire(codal::Event))
liblibopencm3.a(vector.c.o)   (vector_table)
libnano-float.a(functions.c.o)
                              CMakeFiles/STM32_BLUE_PILL.dir/pxtapp/base/core.cpp.o (__wrap___aeabi_ddiv)
liblogger.a(logger.cpp.o)     CMakeFiles/STM32_BLUE_PILL.dir/pxtapp/base/pxt.cpp.o (debug_flush)
libbluepill.a(bluepill.cpp.o)
                              libcodal-core.a(Timer.cpp.o) (__cxa_pure_virtual)
libbluepill.a(led.cpp.o)      libbluepill.a(bluepill.cpp.o) (led_setup)
libbootloader.a(bootloader.c.o)
                              /src/build/libraries/codal-libopencm3/CMakeFiles/hal.dir/stm32/hal/reset_handler.c.o (bootloader_start)
libbootloader.a(usb_conf.c.o)
                              libbootloader.a(bootloader.c.o) (usb_setup)
libbootloader.a(webusb.c.o)   libbootloader.a(usb_conf.c.o) (webusb_setup)
libbootloader.a(winusb.c.o)   libbootloader.a(usb_conf.c.o) (winusb_setup)
libbootloader.a(target_stm32f103.c.o)
                              libbootloader.a(bootloader.c.o) (target_set_led)
libbootloader.a(cdc.c.o)      libbootloader.a(usb_conf.c.o) (cdc_setup)
libbootloader.a(hf2.c.o)      libbootloader.a(usb_conf.c.o) (hf2_setup)
libbootloader.a(usb21_standard.c.o)
                              libbootloader.a(usb_conf.c.o) (usb21_setup)
libbootloader.a(backup.c.o)   libbootloader.a(target_stm32f103.c.o) (backup_write)
libbootloader.a(ghostfat.c.o)
                              libbootloader.a(hf2.c.o) (flash_write)
libhal.a(codal_target_hal.cpp.o)
                              /src/build/libraries/codal-libopencm3/CMakeFiles/hal.dir/stm32/hal/reset_handler.c.o (target_init)
libhal.a(CortexContextSwitch.s.o)
                              libcodal-core.a(CodalFiber.cpp.o) (swap_context)
libcm.a(CmI2C.cpp.o)          CMakeFiles/STM32_BLUE_PILL.dir/pxtapp/core---stm32bluepill/i2c.cpp.o (codal::_cm::I2C::I2C(codal::Pin&, codal::Pin&))
libcm.a(CmPin.cpp.o)          CMakeFiles/STM32_BLUE_PILL.dir/pxtapp/core---stm32bluepill/pins.cpp.o (codal::_cm::Pin::getDigitalValue())
libcm.a(CmSPI.cpp.o)          CMakeFiles/STM32_BLUE_PILL.dir/pxtapp/core---stm32bluepill/spi.cpp.o (codal::_cm::SPI::SPI(codal::_cm::Pin&, codal::_cm::Pin&, codal::_cm::Pin&))
[...]
Memory Configuration

Name             Origin             Length             Attributes
bootrom          0x0000000008000000 0x0000000000006000 xr
rom              0x0000000008006000 0x000000000000a000 xr
bootram          0x0000000020000000 0x0000000000000c00 xrw
ram              0x0000000020000c00 0x0000000000003bbc xrw
bootbuf          0x00000000200047bc 0x0000000000000844 xrw
*default*        0x0000000000000000 0xffffffffffffffff

Linker script and memory map

LOAD /src/build/libraries/codal-libopencm3/CMakeFiles/hal.dir/stm32/hal/reset_handler.c.o
START GROUP
LOAD CMakeFiles/STM32_BLUE_PILL.dir/pxtapp/base/advmath.cpp.o
LOAD CMakeFiles/STM32_BLUE_PILL.dir/pxtapp/base/buffer.cpp.o
LOAD CMakeFiles/STM32_BLUE_PILL.dir/pxtapp/base/control.cpp.o
LOAD CMakeFiles/STM32_BLUE_PILL.dir/pxtapp/base/core.cpp.o
LOAD CMakeFiles/STM32_BLUE_PILL.dir/pxtapp/base/gc.cpp.o
LOAD CMakeFiles/STM32_BLUE_PILL.dir/pxtapp/base/loops.cpp.o
LOAD CMakeFiles/STM32_BLUE_PILL.dir/pxtapp/base/pxt.cpp.o
LOAD CMakeFiles/STM32_BLUE_PILL.dir/pxtapp/core---stm32bluepill/codal.cpp.o
LOAD CMakeFiles/STM32_BLUE_PILL.dir/pxtapp/core---stm32bluepill/control.cpp.o
LOAD CMakeFiles/STM32_BLUE_PILL.dir/pxtapp/core---stm32bluepill/dmac.cpp.o
LOAD CMakeFiles/STM32_BLUE_PILL.dir/pxtapp/core---stm32bluepill/hf2.cpp.o
LOAD CMakeFiles/STM32_BLUE_PILL.dir/pxtapp/core---stm32bluepill/i2c.cpp.o
LOAD CMakeFiles/STM32_BLUE_PILL.dir/pxtapp/core---stm32bluepill/pins.cpp.o
LOAD CMakeFiles/STM32_BLUE_PILL.dir/pxtapp/core---stm32bluepill/pinsAnalog.cpp.o
LOAD CMakeFiles/STM32_BLUE_PILL.dir/pxtapp/core---stm32bluepill/pinsDigital.cpp.o
LOAD CMakeFiles/STM32_BLUE_PILL.dir/pxtapp/core---stm32bluepill/pinsPWM.cpp.o
LOAD CMakeFiles/STM32_BLUE_PILL.dir/pxtapp/core---stm32bluepill/platform.cpp.o
LOAD CMakeFiles/STM32_BLUE_PILL.dir/pxtapp/core---stm32bluepill/spi.cpp.o
LOAD CMakeFiles/STM32_BLUE_PILL.dir/pxtapp/core---stm32bluepill/usb.cpp.o
LOAD CMakeFiles/STM32_BLUE_PILL.dir/pxtapp/main.cpp.o
LOAD CMakeFiles/STM32_BLUE_PILL.dir/pxtapp/pointers.cpp.o
LOAD libcodal-libopencm3.a
LOAD libqfplib.a
LOAD libnewlib.a
LOAD libcodal-core.a
LOAD liblibopencm3.a
LOAD libcocoos.a
LOAD libnano-float.a
LOAD liblogger.a
LOAD libbluepill.a
LOAD libbootloader.a
LOAD libhal.a
LOAD libadcint.a
LOAD libi2cint.a
LOAD libporting.a
LOAD libsimulator.a
LOAD libspiint.a
LOAD libuartint.a
LOAD libcm.a
LOAD libmodel.a
LOAD libbme280.a
LOAD /usr/bin/../lib/gcc/arm-none-eabi/6.2.1/../../../../arm-none-eabi/lib/thumb/v7-m/libnosys.a
LOAD /usr/bin/../lib/gcc/arm-none-eabi/6.2.1/../../../../arm-none-eabi/lib/thumb/v7-m/libstdc++.a
LOAD /usr/bin/../lib/gcc/arm-none-eabi/6.2.1/../../../../arm-none-eabi/lib/thumb/v7-m/libsupc++.a
LOAD /usr/bin/../lib/gcc/arm-none-eabi/6.2.1/../../../../arm-none-eabi/lib/thumb/v7-m/libstdc++.a
LOAD /usr/bin/../lib/gcc/arm-none-eabi/6.2.1/../../../../arm-none-eabi/lib/thumb/v7-m/libsupc++.a
END GROUP
LOAD /usr/bin/../lib/gcc/arm-none-eabi/6.2.1/thumb/v7-m/libgcc.a
                0x0000000000006000                _bootrom_size = 0x6000
                0x0000000000000c00                _bootram_size = 0xc00
                0x0000000000000844                _bootbuf_size = 0x844

.boot_text      0x0000000008000000     0x5a2c
                0x0000000008000000                _boot_text = .
 *(SORT(.vectors))
 .vectors       0x0000000008000000      0x150 liblibopencm3.a(vector.c.o)
                0x0000000008000000                vector_table
 :*reset_handler*(SORT(.text*))
 .text.reset_handler
                0x0000000008000150      0x108 /src/build/libraries/codal-libopencm3/CMakeFiles/hal.dir/stm32/hal/reset_handler.c.o
                0x0000000008000150                reset_handler
 *libhal.a:*reset_handler*(SORT(.text*))
 :*codal_target_hal*(SORT(.text*))
 *libhal.a:*codal_target_hal*(SORT(.text*))
 .text._ZL10timer_tickv
                0x0000000008000258       0x40 libhal.a(codal_target_hal.cpp.o)
 .text._ZL11timer_alarmv
                0x0000000008000298       0x28 libhal.a(codal_target_hal.cpp.o)
 .text.target_dmesg_flush.part.1
                0x00000000080002c0       0x2c libhal.a(codal_target_hal.cpp.o)
 .text.target_init
                0x00000000080002ec       0x30 libhal.a(codal_target_hal.cpp.o)
                0x00000000080002ec                target_init
 .text.target_wait_for_event
                0x000000000800031c       0x64 libhal.a(codal_target_hal.cpp.o)
                0x000000000800031c                target_wait_for_event
 .text.target_wait
                0x0000000008000380       0x28 libhal.a(codal_target_hal.cpp.o)
                0x0000000008000380                target_wait
 .text.target_wait_us
                0x00000000080003a8       0x34 libhal.a(codal_target_hal.cpp.o)
                0x00000000080003a8                target_wait_us
 .text.target_reset
                0x00000000080003dc       0x14 libhal.a(codal_target_hal.cpp.o)
                0x00000000080003dc                target_reset
 .text.target_in_isr
                0x00000000080003f0       0x10 libhal.a(codal_target_hal.cpp.o)
                0x00000000080003f0                target_in_isr
 .text.target_enable_irq
                0x0000000008000400        0x4 libhal.a(codal_target_hal.cpp.o)
                0x0000000008000400                target_enable_irq
 .text.target_disable_irq
                0x0000000008000404        0x4 libhal.a(codal_target_hal.cpp.o)
                0x0000000008000404                target_disable_irq
 .text.target_seed_random
                0x0000000008000408       0x10 libhal.a(codal_target_hal.cpp.o)
                0x0000000008000408                target_seed_random
 .text.target_get_serial
                0x0000000008000418       0x18 libhal.a(codal_target_hal.cpp.o)
                0x0000000008000418                target_get_serial
 .text.target_panic
                0x0000000008000430       0x20 libhal.a(codal_target_hal.cpp.o)
                0x0000000008000430                target_panic
 .text.fiber_initial_stack_base
                0x0000000008000450        0x8 libhal.a(codal_target_hal.cpp.o)
                0x0000000008000450                fiber_initial_stack_base
 .text.tcb_allocate
                0x0000000008000458        0x8 libhal.a(codal_target_hal.cpp.o)
                0x0000000008000458                tcb_allocate
 .text.tcb_configure_lr
                0x0000000008000460        0x4 libhal.a(codal_target_hal.cpp.o)
                0x0000000008000460                tcb_configure_lr
 .text.tcb_configure_sp
                0x0000000008000464        0x4 libhal.a(codal_target_hal.cpp.o)
                0x0000000008000464                tcb_configure_sp
 .text.tcb_configure_stack_base
                0x0000000008000468        0x4 libhal.a(codal_target_hal.cpp.o)
                0x0000000008000468                tcb_configure_stack_base
 .text.tcb_get_stack_base
                0x000000000800046c        0x4 libhal.a(codal_target_hal.cpp.o)
                0x000000000800046c                tcb_get_stack_base
 .text.get_current_sp
                0x0000000008000470        0x4 libhal.a(codal_target_hal.cpp.o)
                0x0000000008000470                get_current_sp
 .text.tcb_get_sp
                0x0000000008000474        0x4 libhal.a(codal_target_hal.cpp.o)
                0x0000000008000474                tcb_get_sp
 .text.tcb_configure_args
                0x0000000008000478        0x8 libhal.a(codal_target_hal.cpp.o)
                0x0000000008000478                tcb_configure_args
 .text.test_codal
                0x0000000008000480       0x70 libhal.a(codal_target_hal.cpp.o)
                0x0000000008000480                test_codal
 .text._fini    0x00000000080004f0        0x4 libhal.a(codal_target_hal.cpp.o)
                0x00000000080004f0                _fini
 .text.__aeabi_atexit
                0x00000000080004f4        0x4 libhal.a(codal_target_hal.cpp.o)
                0x00000000080004f4                __aeabi_atexit
 .text.target_set_bootloader_callback
                0x00000000080004f8        0xc libhal.a(codal_target_hal.cpp.o)
                0x00000000080004f8                target_set_bootloader_callback
 .text.target_enable_debug
                0x0000000008000504        0x4 libhal.a(codal_target_hal.cpp.o)
                0x0000000008000504                target_enable_debug
 :*CortexContextSwitch*(SORT(.text*))
 *libhal.a:(SORT(.text*))
 .text          0x0000000008000508      0x124 libhal.a(CortexContextSwitch.s.o)
                0x0000000008000508                swap_context
                0x000000000800058a                save_context
                0x00000000080005ce                save_register_context
                0x00000000080005fe                restore_register_context
 *liblibopencm3.a:(SORT(.text*))
 .text.blocking_handler
                0x000000000800062c        0x4 liblibopencm3.a(vector.c.o)
                0x000000000800062c                usart3_isr
                0x000000000800062c                tim7_isr
                0x000000000800062c                adc1_2_isr
                0x000000000800062c                tim1_trg_com_isr
                0x000000000800062c                usb_hp_can_tx_isr
                0x000000000800062c                tim6_isr
                0x000000000800062c                usb_wakeup_isr
                0x000000000800062c                blocking_handler
                0x000000000800062c                tim5_isr
                0x000000000800062c                otg_fs_isr
                0x000000000800062c                spi1_isr
                0x000000000800062c                exti2_isr
                0x000000000800062c                dma1_channel6_isr
                0x000000000800062c                can_rx1_isr
                0x000000000800062c                dma1_channel5_isr
                0x000000000800062c                dma2_channel5_isr
                0x000000000800062c                usart1_isr
                0x000000000800062c                usage_fault_handler
                0x000000000800062c                tim8_trg_com_isr
                0x000000000800062c                can2_rx0_isr
                0x000000000800062c                tim1_brk_isr
                0x000000000800062c                can2_rx1_isr
                0x000000000800062c                tim1_cc_isr
                0x000000000800062c                sdio_isr
                0x000000000800062c                eth_isr
                0x000000000800062c                dma1_channel4_isr
                0x000000000800062c                tim8_brk_isr
                0x000000000800062c                dma2_channel4_5_isr
                0x000000000800062c                pvd_isr
                0x000000000800062c                rcc_isr
                0x000000000800062c                flash_isr
                0x000000000800062c                uart4_isr
                0x000000000800062c                exti15_10_isr
                0x000000000800062c                hard_fault_handler
                0x000000000800062c                exti1_isr
                0x000000000800062c                i2c1_ev_isr
                0x000000000800062c                dma2_channel1_isr
                0x000000000800062c                spi2_isr
                0x000000000800062c                tim8_up_isr
                0x000000000800062c                dma2_channel2_isr
                0x000000000800062c                exti3_isr
                0x000000000800062c                adc3_isr
                0x000000000800062c                tim3_isr
                0x000000000800062c                usart2_isr
                0x000000000800062c                usb_lp_can_rx0_isr
                0x000000000800062c                i2c2_er_isr
                0x000000000800062c                i2c2_ev_isr
                0x000000000800062c                uart5_isr
                0x000000000800062c                fsmc_isr
                0x000000000800062c                dma1_channel1_isr
                0x000000000800062c                exti4_isr
                0x000000000800062c                mem_manage_handler
                0x000000000800062c                can2_tx_isr
                0x000000000800062c                exti9_5_isr
                0x000000000800062c                dma2_channel3_isr
                0x000000000800062c                dma1_channel7_isr
                0x000000000800062c                tim1_up_isr
                0x000000000800062c                can2_sce_isr
                0x000000000800062c                tim4_isr
                0x000000000800062c                dma1_channel2_isr
                0x000000000800062c                i2c1_er_isr
                0x000000000800062c                can_sce_isr
                0x000000000800062c                tim8_cc_isr
                0x000000000800062c                tamper_isr
                0x000000000800062c                eth_wkup_isr
                0x000000000800062c                bus_fault_handler
                0x000000000800062c                wwdg_isr
                0x000000000800062c                dma1_channel3_isr
                0x000000000800062c                spi3_isr
                0x000000000800062c                tim2_isr
                0x000000000800062c                exti0_isr
 .text.null_handler
                0x0000000008000630        0x4 liblibopencm3.a(vector.c.o)
                0x0000000008000630                null_handler
                0x0000000008000630                sv_call_handler
                0x0000000008000630                pend_sv_handler
                0x0000000008000630                debug_monitor_handler
                0x0000000008000630                sys_tick_handler
                0x0000000008000630                nmi_handler
 .text.scb_reset_system
                0x0000000008000634       0x10 liblibopencm3.a(scb.c.o)
                0x0000000008000634                scb_reset_system
 .text.flash_unlock
                0x0000000008000644       0x18 liblibopencm3.a(flash_common_f.c.o)
                0x0000000008000644                flash_unlock
 .text.flash_lock
                0x000000000800065c       0x10 liblibopencm3.a(flash_common_f.c.o)
                0x000000000800065c                flash_lock
 .text.gpio_set
                0x000000000800066c        0x4 liblibopencm3.a(gpio_common_all.c.o)
                0x000000000800066c                gpio_set
 .text.gpio_clear
                0x0000000008000670        0x8 liblibopencm3.a(gpio_common_all.c.o)
                0x0000000008000670                gpio_clear
 .text.pwr_disable_backup_domain_write_protect
                0x0000000008000678       0x10 liblibopencm3.a(pwr_common_v1.c.o)
                0x0000000008000678                pwr_disable_backup_domain_write_protect
 .text.pwr_enable_backup_domain_write_protect
                0x0000000008000688       0x10 liblibopencm3.a(pwr_common_v1.c.o)
                0x0000000008000688                pwr_enable_backup_domain_write_protect
 .text.rcc_periph_clock_enable
                0x0000000008000698       0x1c liblibopencm3.a(rcc_common_all.c.o)
                0x0000000008000698                rcc_periph_clock_enable
 .text.rcc_periph_reset_pulse
                0x00000000080006b4       0x24 liblibopencm3.a(rcc_common_all.c.o)
                0x00000000080006b4                rcc_periph_reset_pulse
 .text.desig_get_unique_id_as_string
                0x00000000080006d8       0x78 liblibopencm3.a(desig.c.o)
                0x00000000080006d8                desig_get_unique_id_as_string
 .text.flash_get_status_flags
                0x0000000008000750       0x28 liblibopencm3.a(flash.c.o)
                0x0000000008000750                flash_get_status_flags
 .text.flash_program_half_word
                0x0000000008000778       0x94 liblibopencm3.a(flash.c.o)
                0x0000000008000778                flash_program_half_word
 .text.flash_erase_page
                0x000000000800080c       0xb8 liblibopencm3.a(flash.c.o)
                0x000000000800080c                flash_erase_page
 .text.gpio_set_mode
                0x00000000080008c4       0x7c liblibopencm3.a(gpio.c.o)
                0x00000000080008c4                gpio_set_mode
 .text.rcc_is_osc_ready.part.0
                0x0000000008000940       0x10 liblibopencm3.a(rcc.c.o)
 .text.rcc_osc_on.part.1
                0x0000000008000950       0x10 liblibopencm3.a(rcc.c.o)
 .text.rcc_enable_rtc_clock
                0x0000000008000960       0x10 liblibopencm3.a(rcc.c.o)
                0x0000000008000960                rcc_enable_rtc_clock
 .text.rcc_set_rtc_clock_source
                0x0000000008000970       0x98 liblibopencm3.a(rcc.c.o)
                0x0000000008000970                rcc_set_rtc_clock_source
 .text.rcc_clock_setup_in_hse_8mhz_out_72mhz
                0x0000000008000a08       0xcc liblibopencm3.a(rcc.c.o)
                0x0000000008000a08                rcc_clock_setup_in_hse_8mhz_out_72mhz
 .text.st_usbfs_v1_usbd_init
                0x0000000008000ad4       0x34 liblibopencm3.a(st_usbfs_v1.c.o)
 .text.st_usbfs_copy_to_pm
                0x0000000008000b08       0x28 liblibopencm3.a(st_usbfs_v1.c.o)
                0x0000000008000b08                st_usbfs_copy_to_pm
 .text.st_usbfs_copy_from_pm
                0x0000000008000b30       0x34 liblibopencm3.a(st_usbfs_v1.c.o)
                0x0000000008000b30                st_usbfs_copy_from_pm
 .text.usbd_init
                0x0000000008000b64       0x5c liblibopencm3.a(usb.c.o)
                0x0000000008000b64                usbd_init
 .text._usbd_reset
                0x0000000008000bc0       0x3c liblibopencm3.a(usb.c.o)
                0x0000000008000bc0                _usbd_reset
 .text.usbd_poll
                0x0000000008000bfc        0x8 liblibopencm3.a(usb.c.o)
                0x0000000008000bfc                usbd_poll
 .text.usbd_ep_setup
                0x0000000008000c04       0x10 liblibopencm3.a(usb.c.o)
                0x0000000008000c04                usbd_ep_setup
 .text.usbd_ep_write_packet
                0x0000000008000c14       0x10 liblibopencm3.a(usb.c.o)
                0x0000000008000c14                usbd_ep_write_packet
 .text.usbd_ep_read_packet
                0x0000000008000c24       0x10 liblibopencm3.a(usb.c.o)
                0x0000000008000c24                usbd_ep_read_packet
 .text.usbd_ep_stall_set
                0x0000000008000c34        0x8 liblibopencm3.a(usb.c.o)
                0x0000000008000c34                usbd_ep_stall_set
 .text.usbd_ep_stall_get
                0x0000000008000c3c        0x8 liblibopencm3.a(usb.c.o)
                0x0000000008000c3c                usbd_ep_stall_get
 .text.usbd_ep_nak_set
                0x0000000008000c44        0x8 liblibopencm3.a(usb.c.o)
                0x0000000008000c44                usbd_ep_nak_set
 .text.usb_control_send_chunk
                0x0000000008000c4c       0x54 liblibopencm3.a(usb_control.c.o)
 .text.usb_control_request_dispatch
                0x0000000008000ca0       0x60 liblibopencm3.a(usb_control.c.o)
 .text.usb_control_setup_read
                0x0000000008000d00       0x7c liblibopencm3.a(usb_control.c.o)
 .text.usb_control_recv_chunk
                0x0000000008000d7c       0x48 liblibopencm3.a(usb_control.c.o)
 .text.usbd_register_control_callback
                0x0000000008000dc4       0x30 liblibopencm3.a(usb_control.c.o)
                0x0000000008000dc4                usbd_register_control_callback
 .text._usbd_control_setup
                0x0000000008000df4       0x64 liblibopencm3.a(usb_control.c.o)
                0x0000000008000df4                _usbd_control_setup
 .text._usbd_control_out
                0x0000000008000e58       0xa0 liblibopencm3.a(usb_control.c.o)
                0x0000000008000e58                _usbd_control_out
 .text._usbd_control_in
                0x0000000008000ef8       0x68 liblibopencm3.a(usb_control.c.o)
                0x0000000008000ef8                _usbd_control_in
 .text.usb_standard_set_configuration
                0x0000000008000f60       0xa8 liblibopencm3.a(usb_standard.c.o)
 .text.usb_standard_get_configuration
                0x0000000008001008       0x30 liblibopencm3.a(usb_standard.c.o)
 .text.usb_standard_get_interface
                0x0000000008001038       0x3c liblibopencm3.a(usb_standard.c.o)
 .text.usb_standard_interface_get_status
                0x0000000008001074       0x18 liblibopencm3.a(usb_standard.c.o)
 .text.usb_standard_endpoint_get_status
                0x000000000800108c       0x2c liblibopencm3.a(usb_standard.c.o)
 .text.usb_standard_endpoint_stall
                0x00000000080010b8       0x10 liblibopencm3.a(usb_standard.c.o)
 .text.usb_standard_endpoint_unstall
                0x00000000080010c8       0x10 liblibopencm3.a(usb_standard.c.o)
 .text.usb_standard_set_address
                0x00000000080010d8       0x30 liblibopencm3.a(usb_standard.c.o)
 .text.usb_standard_set_interface
                0x0000000008001108       0x50 liblibopencm3.a(usb_standard.c.o)
 .text.usb_standard_get_descriptor
                0x0000000008001158      0x294 liblibopencm3.a(usb_standard.c.o)
 .text.usb_standard_device_get_status
                0x00000000080013ec       0x18 liblibopencm3.a(usb_standard.c.o)
 .text.usbd_register_set_config_callback
                0x0000000008001404       0x34 liblibopencm3.a(usb_standard.c.o)
                0x0000000008001404                usbd_register_set_config_callback
 .text._usbd_standard_request_device
                0x0000000008001438       0x24 liblibopencm3.a(usb_standard.c.o)
                0x0000000008001438                _usbd_standard_request_device
 .text._usbd_standard_request_endpoint
                0x000000000800145c       0x40 liblibopencm3.a(usb_standard.c.o)
                0x000000000800145c                _usbd_standard_request_endpoint
 .text._usbd_standard_request
                0x000000000800149c       0x50 liblibopencm3.a(usb_standard.c.o)
                0x000000000800149c                _usbd_standard_request
 .text.flash_set_ws
                0x00000000080014ec       0x14 liblibopencm3.a(flash_common_all.c.o)
                0x00000000080014ec                flash_set_ws
 .text.flash_wait_for_last_operation
                0x0000000008001500        0xc liblibopencm3.a(flash_common_f01.c.o)
                0x0000000008001500                flash_wait_for_last_operation
 .text.st_usbfs_set_address
                0x000000000800150c       0x10 liblibopencm3.a(st_usbfs_core.c.o)
                0x000000000800150c                st_usbfs_set_address
 .text.st_usbfs_set_ep_rx_bufsize
                0x000000000800151c       0x44 liblibopencm3.a(st_usbfs_core.c.o)
                0x000000000800151c                st_usbfs_set_ep_rx_bufsize
 .text.st_usbfs_ep_setup
                0x0000000008001560      0x130 liblibopencm3.a(st_usbfs_core.c.o)
                0x0000000008001560                st_usbfs_ep_setup
 .text.st_usbfs_endpoints_reset
                0x0000000008001690       0x48 liblibopencm3.a(st_usbfs_core.c.o)
                0x0000000008001690                st_usbfs_endpoints_reset
 .text.st_usbfs_ep_stall_set
                0x00000000080016d8       0xc8 liblibopencm3.a(st_usbfs_core.c.o)
                0x00000000080016d8                st_usbfs_ep_stall_set
 .text.st_usbfs_ep_stall_get
                0x00000000080017a0       0x40 liblibopencm3.a(st_usbfs_core.c.o)
                0x00000000080017a0                st_usbfs_ep_stall_get
 .text.st_usbfs_ep_nak_set
                0x00000000080017e0       0x44 liblibopencm3.a(st_usbfs_core.c.o)
                0x00000000080017e0                st_usbfs_ep_nak_set
 .text.st_usbfs_ep_write_packet
                0x0000000008001824       0x88 liblibopencm3.a(st_usbfs_core.c.o)
                0x0000000008001824                st_usbfs_ep_write_packet
 .text.st_usbfs_ep_read_packet
                0x00000000080018ac       0xb4 liblibopencm3.a(st_usbfs_core.c.o)
                0x00000000080018ac                st_usbfs_ep_read_packet
 .text.st_usbfs_poll
                0x0000000008001960       0xf4 liblibopencm3.a(st_usbfs_core.c.o)
                0x0000000008001960                st_usbfs_poll
 .text.nvic_enable_irq
                0x0000000008001a54       0x1c liblibopencm3.a(nvic.c.o)
                0x0000000008001a54                nvic_enable_irq
 .text.exti_set_trigger
                0x0000000008001a70       0x50 liblibopencm3.a(exti_common_all.c.o)
                0x0000000008001a70                exti_set_trigger
 .text.exti_enable_request
                0x0000000008001ac0       0x1c liblibopencm3.a(exti_common_all.c.o)
                0x0000000008001ac0                exti_enable_request
 .text.exti_reset_request
                0x0000000008001adc        0xc liblibopencm3.a(exti_common_all.c.o)
                0x0000000008001adc                exti_reset_request
 .text.rtc_enter_config_mode
                0x0000000008001ae8       0x18 liblibopencm3.a(rtc.c.o)
                0x0000000008001ae8                rtc_enter_config_mode
 .text.rtc_exit_config_mode
                0x0000000008001b00       0x18 liblibopencm3.a(rtc.c.o)
                0x0000000008001b00                rtc_exit_config_mode
 .text.rtc_set_alarm_time
                0x0000000008001b18       0x40 liblibopencm3.a(rtc.c.o)
                0x0000000008001b18                rtc_set_alarm_time
 .text.rtc_set_prescale_val
                0x0000000008001b58       0x40 liblibopencm3.a(rtc.c.o)
                0x0000000008001b58                rtc_set_prescale_val
 .text.rtc_get_counter_val
                0x0000000008001b98       0x18 liblibopencm3.a(rtc.c.o)
                0x0000000008001b98                rtc_get_counter_val
 .text.rtc_set_counter_val
                0x0000000008001bb0       0x40 liblibopencm3.a(rtc.c.o)
                0x0000000008001bb0                rtc_set_counter_val
 .text.rtc_interrupt_enable
                0x0000000008001bf0       0x5c liblibopencm3.a(rtc.c.o)
                0x0000000008001bf0                rtc_interrupt_enable
 .text.rtc_interrupt_disable
                0x0000000008001c4c       0x5c liblibopencm3.a(rtc.c.o)
                0x0000000008001c4c                rtc_interrupt_disable
 .text.rtc_clear_flag
                0x0000000008001ca8       0x34 liblibopencm3.a(rtc.c.o)
                0x0000000008001ca8                rtc_clear_flag
 .text.rtc_check_flag
                0x0000000008001cdc       0x30 liblibopencm3.a(rtc.c.o)
                0x0000000008001cdc                rtc_check_flag
 *libFrameworkLibOpenCM3.a:(SORT(.text*))
 *libcocoos.a:(SORT(.text*))
 .text.os_cbkSleep
                0x0000000008001d0c        0x4 libcocoos.a(os_cbk.c.o)
                0x0000000008001d0c                os_cbkSleep
 .text.os_init  0x0000000008001d10       0x34 libcocoos.a(os_kernel.c.o)
                0x0000000008001d10                os_init
 .text.os_tick  0x0000000008001d44        0x8 libcocoos.a(os_kernel.c.o)
                0x0000000008001d44                os_tick
 .text.os_msgQ_init
                0x0000000008001d4c       0x30 libcocoos.a(os_msgqueue.c.o)
                0x0000000008001d4c                os_msgQ_init
 .text.os_msgQ_tick
                0x0000000008001d7c       0x60 libcocoos.a(os_msgqueue.c.o)
                0x0000000008001d7c                os_msgQ_tick
 .text.os_sem_init
                0x0000000008001ddc        0xc libcocoos.a(os_sem.c.o)
                0x0000000008001ddc                os_sem_init
 .text.os_task_init
                0x0000000008001de8       0x44 libcocoos.a(os_task.c.o)
                0x0000000008001de8                os_task_init
 .text.os_task_highest_prio_ready_task
                0x0000000008001e2c       0x48 libcocoos.a(os_task.c.o)
                0x0000000008001e2c                os_task_highest_prio_ready_task
 .text.os_task_tick
                0x0000000008001e74       0x98 libcocoos.a(os_task.c.o)
                0x0000000008001e74                os_task_tick
 .text.os_task_signal_event
                0x0000000008001f0c       0x78 libcocoos.a(os_task.c.o)
                0x0000000008001f0c                os_task_signal_event
 .text.os_task_run
                0x0000000008001f84       0x34 libcocoos.a(os_task.c.o)
                0x0000000008001f84                os_task_run
 .text.os_on_assert
                0x0000000008001fb8       0x28 libcocoos.a(os_assert.c.o)
                0x0000000008001fb8                os_on_assert
 .text.os_event_init
                0x0000000008001fe0        0xc libcocoos.a(os_event.c.o)
                0x0000000008001fe0                os_event_init
 .text.os_signal_event
                0x0000000008001fec        0xc libcocoos.a(os_event.c.o)
                0x0000000008001fec                os_signal_event
 .text.os_event_set_signaling_tid
                0x0000000008001ff8       0x10 libcocoos.a(os_event.c.o)
                0x0000000008001ff8                os_event_set_signaling_tid
 *libcocoOS_?.?.?.a:(SORT(.text*))
 *libgcc.a:(SORT(.text*))
 .text          0x0000000008002008       0x18 /usr/bin/../lib/gcc/arm-none-eabi/6.2.1/thumb/v7-m/libgcc.a(_lshrdi3.o)
                0x0000000008002008                __aeabi_llsr
                0x0000000008002008                __lshrdi3
 .text          0x0000000008002020      0x370 /usr/bin/../lib/gcc/arm-none-eabi/6.2.1/thumb/v7-m/libgcc.a(_arm_addsubdf3.o)
                0x0000000008002020                __aeabi_drsub
                0x0000000008002028                __aeabi_dsub
                0x0000000008002028                __subdf3
                0x000000000800202c                __adddf3
                0x000000000800202c                __aeabi_dadd
                0x00000000080022a4                __aeabi_ui2d
                0x00000000080022a4                __floatunsidf
                0x00000000080022c4                __floatsidf
                0x00000000080022c4                __aeabi_i2d
                0x00000000080022e8                __extendsfdf2
                0x00000000080022e8                __aeabi_f2d
                0x0000000008002324                __aeabi_ul2d
                0x0000000008002324                __floatundidf
                0x0000000008002334                __floatdidf
                0x0000000008002334                __aeabi_l2d
 .text          0x0000000008002390       0xa0 /usr/bin/../lib/gcc/arm-none-eabi/6.2.1/thumb/v7-m/libgcc.a(_arm_truncdfsf2.o)
                0x0000000008002390                __aeabi_d2f
                0x0000000008002390                __truncdfsf2
 .text          0x0000000008002430       0x70 /usr/bin/../lib/gcc/arm-none-eabi/6.2.1/thumb/v7-m/libgcc.a(_powidf2.o)
                0x0000000008002430                __powidf2
 *libqfplib.a:(SORT(.text*))
 .text          0x00000000080024a0      0x4c8 libqfplib.a(qfplib.S.o)
                0x0000000008002568                qfp_fsub
                0x000000000800256e                qfp_fadd
                0x00000000080025b0                qfp_fcmp
                0x00000000080025cc                qfp_fmul
                0x00000000080025dc                qfp_fdiv
                0x000000000800261e                qfp_fdiv_fast
                0x000000000800266e                qfp_fsqrt_fast
                0x00000000080026e4                qfp_float2int
                0x00000000080026e6                qfp_float2fix
                0x000000000800270e                qfp_float2uint
                0x0000000008002710                qfp_float2ufix
                0x000000000800272a                qfp_int2float
                0x000000000800272c                qfp_fix2float
                0x0000000008002736                qfp_uint2float
                0x0000000008002738                qfp_ufix2float
                0x00000000080027ce                qfp_fsin
                0x0000000008002810                qfp_fcos
                0x000000000800281a                qfp_ftan
                0x0000000008002822                qfp_fexp
                0x0000000008002852                qfp_fsqrt
                0x000000000800288c                qfp_fln
                0x00000000080028b0                qfp_fatan2
 *libnano-float.a:(SORT(.text*))
 .text.acos     0x0000000008002968       0xcc libnano-float.a(functions.c.o)
                0x0000000008002968                acos
 .text.__wrap___aeabi_ddiv
                0x0000000008002a34       0x30 libnano-float.a(functions.c.o)
                0x0000000008002a34                __wrap___aeabi_ddiv
 .text.__wrap___aeabi_dmul
                0x0000000008002a64       0x30 libnano-float.a(functions.c.o)
                0x0000000008002a64                __wrap___aeabi_dmul
 .text.__wrap___aeabi_dadd
                0x0000000008002a94       0x30 libnano-float.a(functions.c.o)
                0x0000000008002a94                __wrap___aeabi_dadd
 .text.__wrap___aeabi_dsub
                0x0000000008002ac4       0x30 libnano-float.a(functions.c.o)
                0x0000000008002ac4                __wrap___aeabi_dsub
 .text.__wrap___aeabi_dcmpeq
                0x0000000008002af4       0x34 libnano-float.a(functions.c.o)
                0x0000000008002af4                __wrap___aeabi_dcmpeq
 .text.__wrap___aeabi_dcmplt
                0x0000000008002b28       0x30 libnano-float.a(functions.c.o)
                0x0000000008002b28                __wrap___aeabi_dcmplt
 .text.__wrap___aeabi_dcmple
                0x0000000008002b58       0x34 libnano-float.a(functions.c.o)
                0x0000000008002b58                __wrap___aeabi_dcmple
 .text.__wrap___aeabi_dcmpge
                0x0000000008002b8c       0x30 libnano-float.a(functions.c.o)
                0x0000000008002b8c                __wrap___aeabi_dcmpge
 .text.__wrap___aeabi_dcmpgt
                0x0000000008002bbc       0x34 libnano-float.a(functions.c.o)
                0x0000000008002bbc                __wrap___aeabi_dcmpgt
 .text.__wrap___aeabi_dcmpun
                0x0000000008002bf0       0x34 libnano-float.a(functions.c.o)
                0x0000000008002bf0                __wrap___aeabi_dcmpun
 .text.__wrap___aeabi_d2iz
                0x0000000008002c24       0x2c libnano-float.a(functions.c.o)
                0x0000000008002c24                __wrap___aeabi_d2iz
 .text.__wrap___aeabi_d2uiz
                0x0000000008002c50       0x38 libnano-float.a(functions.c.o)
                0x0000000008002c50                __wrap___aeabi_d2uiz
 .text.sqrt     0x0000000008002c88       0x1c libnano-float.a(functions.c.o)
                0x0000000008002c88                sqrt
 .text.log      0x0000000008002ca4       0x1c libnano-float.a(functions.c.o)
                0x0000000008002ca4                log
 .text.exp      0x0000000008002cc0       0x1c libnano-float.a(functions.c.o)
                0x0000000008002cc0                exp
 .text.log2     0x0000000008002cdc       0x28 libnano-float.a(functions.c.o)
                0x0000000008002cdc                log2
 .text.log10    0x0000000008002d04       0x28 libnano-float.a(functions.c.o)
                0x0000000008002d04                log10
 .text.pow      0x0000000008002d2c       0x8c libnano-float.a(functions.c.o)
                0x0000000008002d2c                pow
 .text.sin      0x0000000008002db8       0x1c libnano-float.a(functions.c.o)
                0x0000000008002db8                sin
 .text.cos      0x0000000008002dd4       0x34 libnano-float.a(functions.c.o)
                0x0000000008002dd4                cos
 .text.tan      0x0000000008002e08       0x1c libnano-float.a(functions.c.o)
                0x0000000008002e08                tan
 .text.atan2    0x0000000008002e24       0x54 libnano-float.a(functions.c.o)
                0x0000000008002e24                atan2
 .text.atan     0x0000000008002e78       0xb0 libnano-float.a(functions.c.o)
                0x0000000008002e78                atan
 .text.asin     0x0000000008002f28       0x94 libnano-float.a(functions.c.o)
                0x0000000008002f28                asin
 .text.sinh     0x0000000008002fbc       0xa8 libnano-float.a(functions.c.o)
                0x0000000008002fbc                sinh
 .text.cosh     0x0000000008003064       0xa4 libnano-float.a(functions.c.o)
                0x0000000008003064                cosh
 .text.tanh     0x0000000008003108       0xb0 libnano-float.a(functions.c.o)
                0x0000000008003108                tanh
 .text.asinh    0x00000000080031b8       0xa4 libnano-float.a(functions.c.o)
                0x00000000080031b8                asinh
 .text.acosh    0x000000000800325c       0xb0 libnano-float.a(functions.c.o)
                0x000000000800325c                acosh
 .text.atanh    0x000000000800330c       0xcc libnano-float.a(functions.c.o)
                0x000000000800330c                atanh
 .text.trunc    0x00000000080033d8       0x8c libnano-float.a(functions.c.o)
                0x00000000080033d8                trunc
 .text.floor    0x0000000008003464       0x88 libnano-float.a(functions.c.o)
                0x0000000008003464                floor
 .text.ceil     0x00000000080034ec       0x88 libnano-float.a(functions.c.o)
                0x00000000080034ec                ceil
 .text.fmod     0x0000000008003574      0x13c libnano-float.a(functions.c.o)
                0x0000000008003574                fmod
 *libnewlib.a:(SORT(.text*))
 .text._strtol_l.isra.0
                0x00000000080036b0       0xf4 libnewlib.a(strtol.c.o)
 .text.strtol   0x00000000080037a4       0x14 libnewlib.a(strtol.c.o)
                0x00000000080037a4                strtol
 .text.memcpy   0x00000000080037b8       0x1c libnewlib.a(memcpy-stub.c.o)
                0x00000000080037b8                memcpy
 .text          0x00000000080037d4       0x14 libnewlib.a(strcmp.S.o)
                0x00000000080037d4                strcmp
 .text          0x00000000080037e8       0x10 libnewlib.a(strlen.S.o)
                0x00000000080037e8                strlen
 .text.memcmp   0x00000000080037f8       0x1e libnewlib.a(memcmp.c.o)
                0x00000000080037f8                memcmp
 .text.memmove  0x0000000008003816       0x34 libnewlib.a(memmove.c.o)
                0x0000000008003816                memmove
 .text.memset   0x000000000800384a       0x10 libnewlib.a(memset.c.o)
                0x000000000800384a                memset
 .text.strstr   0x000000000800385a       0x2c libnewlib.a(strstr.c.o)
                0x000000000800385a                strstr
 .text.strncat  0x0000000008003886       0x28 libnewlib.a(strncat.c.o)
                0x0000000008003886                strncat
 .text.strncpy  0x00000000080038ae       0x2a libnewlib.a(strncpy.c.o)
                0x00000000080038ae                strncpy
 *liblogger.a:(SORT(.text*))
 .text.debug_flush.part.1
                0x00000000080038d8       0x40 liblogger.a(logger.cpp.o)
 .text._ZL12debug_appendPKcj
                0x0000000008003918       0x60 liblogger.a(logger.cpp.o)
 .text.debug_print.part.2
                0x0000000008003978       0x14 liblogger.a(logger.cpp.o)
 .text.enable_log
                0x000000000800398c        0xc liblogger.a(logger.cpp.o)
                0x000000000800398c                enable_log
 .text.debug_flush
                0x0000000008003998       0x10 liblogger.a(logger.cpp.o)
                0x0000000008003998                debug_flush
 .text._Z11debug_printj
                0x00000000080039a8       0x88 liblogger.a(logger.cpp.o)
                0x00000000080039a8                debug_print(unsigned int)
 .text._Z11debug_printi
                0x0000000008003a30       0x2c liblogger.a(logger.cpp.o)
                0x0000000008003a30                debug_print(int)
 .text.debug_print
                0x0000000008003a5c        0xc liblogger.a(logger.cpp.o)
                0x0000000008003a5c                debug_print
 .text.debug_println
                0x0000000008003a68       0x1c liblogger.a(logger.cpp.o)
                0x0000000008003a68                debug_println
 .text._Z13debug_printlni
                0x0000000008003a84       0x18 liblogger.a(logger.cpp.o)
                0x0000000008003a84                debug_println(int)
 .text.debug_print_unsigned
                0x0000000008003a9c        0x4 liblogger.a(logger.cpp.o)
                0x0000000008003a9c                debug_print_unsigned
 .text.debug_printhex
                0x0000000008003aa0       0x60 liblogger.a(logger.cpp.o)
                0x0000000008003aa0                debug_printhex
 .text.debug_printhex_unsigned
                0x0000000008003b00       0x1c liblogger.a(logger.cpp.o)
                0x0000000008003b00                debug_printhex_unsigned
 *libbluepill.a:(SORT(.text*))
 .text.platform_setup
                0x0000000008003b1c       0x4c libbluepill.a(bluepill.cpp.o)
                0x0000000008003b1c                platform_setup
 .text.enable_debug
                0x0000000008003b68       0x10 libbluepill.a(bluepill.cpp.o)
                0x0000000008003b68                enable_debug
 .text.__cxa_pure_virtual
                0x0000000008003b78        0x8 libbluepill.a(bluepill.cpp.o)
                0x0000000008003b78                __cxa_pure_virtual
 .text._Znwj    0x0000000008003b80        0x4 libbluepill.a(bluepill.cpp.o)
                0x0000000008003b80                operator new(unsigned int)
 .text._ZdlPv   0x0000000008003b84        0x4 libbluepill.a(bluepill.cpp.o)
                0x0000000008003b84                operator delete(void*)
 .text.led_setup
                0x0000000008003b88       0x20 libbluepill.a(led.cpp.o)
                0x0000000008003b88                led_setup
 .text.led_on   0x0000000008003ba8       0x10 libbluepill.a(led.cpp.o)
                0x0000000008003ba8                led_on
 .text.led_off  0x0000000008003bb8       0x10 libbluepill.a(led.cpp.o)
                0x0000000008003bb8                led_off
 .text.led_wait
                0x0000000008003bc8       0x10 libbluepill.a(led.cpp.o)
                0x0000000008003bc8                led_wait
 .text.platform_start_timer
                0x0000000008003bd8      0x128 libbluepill.a(timer.cpp.o)
                0x0000000008003bd8                platform_start_timer
 .text.platform_set_alarm
                0x0000000008003d00       0x58 libbluepill.a(timer.cpp.o)
                0x0000000008003d00                platform_set_alarm
 .text.rtc_isr  0x0000000008003d58       0x30 libbluepill.a(timer.cpp.o)
                0x0000000008003d58                rtc_isr
 .text.rtc_alarm_isr
                0x0000000008003d88       0x30 libbluepill.a(timer.cpp.o)
                0x0000000008003d88                rtc_alarm_isr
 .text.millis   0x0000000008003db8        0x4 libbluepill.a(timer.cpp.o)
                0x0000000008003db8                millis
 *libbootloader.a:(SORT(.text*))
 .text.bootloader_poll
                0x0000000008003dbc       0x3c libbootloader.a(bootloader.c.o)
                0x0000000008003dbc                bootloader_poll
 .text.bootloader_start
                0x0000000008003df8       0xec libbootloader.a(bootloader.c.o)
                0x0000000008003df8                bootloader_start
 .text.set_aggregate_callback
                0x0000000008003ee4       0x5c libbootloader.a(usb_conf.c.o)
 .text.usb_setup
                0x0000000008003f40       0x94 libbootloader.a(usb_conf.c.o)
                0x0000000008003f40                usb_setup
 .text.aggregate_register_config_callback
                0x0000000008003fd4       0x3c libbootloader.a(usb_conf.c.o)
                0x0000000008003fd4                aggregate_register_config_callback
 .text.aggregate_register_callback
                0x0000000008004010       0x54 libbootloader.a(usb_conf.c.o)
                0x0000000008004010                aggregate_register_callback
 .text.usb_set_serial_number
                0x0000000008004064       0x1c libbootloader.a(usb_conf.c.o)
                0x0000000008004064                usb_set_serial_number
 .text.dump_buffer
                0x0000000008004080       0x4c libbootloader.a(usb_conf.c.o)
                0x0000000008004080                dump_buffer
 .text.dump_usb_request
                0x00000000080040cc      0x178 libbootloader.a(usb_conf.c.o)
                0x00000000080040cc                dump_usb_request
 .text.aggregate_callback
                0x0000000008004244       0xac libbootloader.a(usb_conf.c.o)
 .text.webusb_set_config
                0x00000000080042f0       0x28 libbootloader.a(webusb.c.o)
 .text.webusb_control_vendor_request
                0x0000000008004318       0xa8 libbootloader.a(webusb.c.o)
 .text.webusb_setup
                0x00000000080043c0       0x50 libbootloader.a(webusb.c.o)
                0x00000000080043c0                webusb_setup
 .text.winusb_control_vendor_request
                0x0000000008004410       0x9c libbootloader.a(winusb.c.o)
 .text.winusb_set_config
                0x00000000080044ac       0x28 libbootloader.a(winusb.c.o)
 .text.winusb_descriptor_request
                0x00000000080044d4       0x48 libbootloader.a(winusb.c.o)
 .text.winusb_setup
                0x000000000800451c       0x5c libbootloader.a(winusb.c.o)
                0x000000000800451c                winusb_setup
 .text.target_set_led
                0x0000000008004578       0x18 libbootloader.a(target_stm32f103.c.o)
                0x0000000008004578                target_set_led
 .text.target_gpio_setup
                0x0000000008004590       0x70 libbootloader.a(target_stm32f103.c.o)
                0x0000000008004590                target_gpio_setup
 .text.target_usb_init
                0x0000000008004600       0x2c libbootloader.a(target_stm32f103.c.o)
                0x0000000008004600                target_usb_init
 .text.target_manifest_app
                0x000000000800462c       0x14 libbootloader.a(target_stm32f103.c.o)
                0x000000000800462c                target_manifest_app
 .text.target_manifest_bootloader
                0x0000000008004640       0x14 libbootloader.a(target_stm32f103.c.o)
                0x0000000008004640                target_manifest_bootloader
 .text.target_get_force_bootloader
                0x0000000008004654       0x38 libbootloader.a(target_stm32f103.c.o)
                0x0000000008004654                target_get_force_bootloader
 .text.target_get_startup_mode
                0x000000000800468c       0x7c libbootloader.a(target_stm32f103.c.o)
                0x000000000800468c                target_get_startup_mode
 .text.target_get_serial_number
                0x0000000008004708        0x8 libbootloader.a(target_stm32f103.c.o)
                0x0000000008004708                target_get_serial_number
 .text.target_flash_unlock
                0x0000000008004710        0x4 libbootloader.a(target_stm32f103.c.o)
                0x0000000008004710                target_flash_unlock
 .text.target_flash_lock
                0x0000000008004714        0x4 libbootloader.a(target_stm32f103.c.o)
                0x0000000008004714                target_flash_lock
 .text.target_flash_program_array
                0x0000000008004718       0xf4 libbootloader.a(target_stm32f103.c.o)
                0x0000000008004718                target_flash_program_array
 .text.cdcacm_comm_cb
                0x000000000800480c       0x14 libbootloader.a(cdc.c.o)
 .text.cdcacm_data_rx_cb
                0x0000000008004820       0x50 libbootloader.a(cdc.c.o)
 .text.cdcacm_set_config
                0x0000000008004870       0x68 libbootloader.a(cdc.c.o)
 .text.cdcacm_control_request
                0x00000000080048d8       0x68 libbootloader.a(cdc.c.o)
 .text.cdc_setup
                0x0000000008004940       0x24 libbootloader.a(cdc.c.o)
                0x0000000008004940                cdc_setup
 .text.hf2_set_config
                0x0000000008004964       0x3c libbootloader.a(hf2.c.o)
 .text.assert.part.0
                0x00000000080049a0       0x1c libbootloader.a(hf2.c.o)
 .text.pokeSend
                0x00000000080049bc       0x84 libbootloader.a(hf2.c.o)
 .text.send_hf2_response
                0x0000000008004a40       0x3c libbootloader.a(hf2.c.o)
 .text.hf2_data_rx_cb
                0x0000000008004a7c      0x200 libbootloader.a(hf2.c.o)
 .text.hf2_data_tx_cb
                0x0000000008004c7c        0x4 libbootloader.a(hf2.c.o)
 .text.hf2_setup
                0x0000000008004c80       0x2c libbootloader.a(hf2.c.o)
                0x0000000008004c80                hf2_setup
 .text.usb21_set_config
                0x0000000008004cac       0x28 libbootloader.a(usb21_standard.c.o)
 .text.usb21_standard_get_descriptor
                0x0000000008004cd4       0xe4 libbootloader.a(usb21_standard.c.o)
 .text.usb21_setup
                0x0000000008004db8       0x38 libbootloader.a(usb21_standard.c.o)
                0x0000000008004db8                usb21_setup
 .text.backup_write
                0x0000000008004df0       0x3c libbootloader.a(backup.c.o)
                0x0000000008004df0                backup_write
 .text.backup_read
                0x0000000008004e2c       0x1c libbootloader.a(backup.c.o)
                0x0000000008004e2c                backup_read
 .text.flushFlash
                0x0000000008004e48       0x98 libbootloader.a(ghostfat.c.o)
 .text.flash_write
                0x0000000008004ee0       0x48 libbootloader.a(ghostfat.c.o)
                0x0000000008004ee0                flash_write
                0x0000000008004f28                . = ALIGN (0x4)
 :*reset_handler*(SORT(.rodata*))
 .rodata.reset_handler.str1.4
                0x0000000008004f28       0x37 /src/build/libraries/codal-libopencm3/CMakeFiles/hal.dir/stm32/hal/reset_handler.c.o
 *libhal.a:*reset_handler*(SORT(.rodata*))
 :*codal_target_hal*(SORT(.rodata*))
 *libhal.a:*codal_target_hal*(SORT(.rodata*))
 *fill*         0x0000000008004f5f        0x1 
 .rodata._ZL11timer_alarmv.str1.4
                0x0000000008004f60        0x4 libhal.a(codal_target_hal.cpp.o)
 .rodata.target_get_serial.str1.4
                0x0000000008004f64       0x16 libhal.a(codal_target_hal.cpp.o)
 *fill*         0x0000000008004f7a        0x2 
 .rodata.target_panic.str1.4
                0x0000000008004f7c       0x13 libhal.a(codal_target_hal.cpp.o)
 *fill*         0x0000000008004f8f        0x1 
 .rodata.target_reset.str1.4
                0x0000000008004f90       0x11 libhal.a(codal_target_hal.cpp.o)
 *fill*         0x0000000008004fa1        0x3 
 .rodata.target_seed_random.str1.4
                0x0000000008004fa4       0x17 libhal.a(codal_target_hal.cpp.o)
 *fill*         0x0000000008004fbb        0x1 
 .rodata.target_wait.str1.4
                0x0000000008004fbc       0x10 libhal.a(codal_target_hal.cpp.o)
 .rodata.target_wait_us.str1.4
                0x0000000008004fcc       0x13 libhal.a(codal_target_hal.cpp.o)
 *fill*         0x0000000008004fdf        0x1 
 .rodata.test_codal.str1.4
                0x0000000008004fe0       0x3c libhal.a(codal_target_hal.cpp.o)
 :*CortexContextSwitch*(SORT(.rodata*))
 *libhal.a:(SORT(.rodata*))
 *liblibopencm3.a:(SORT(.rodata*))
 .rodata.desig_get_unique_id_as_string.str1.4
                0x000000000800501c       0x11 liblibopencm3.a(desig.c.o)
 *fill*         0x000000000800502d        0x3 
 .rodata.st_usbfs_v1_usb_driver
                0x0000000008005030       0x34 liblibopencm3.a(st_usbfs_v1.c.o)
                0x0000000008005030                st_usbfs_v1_usb_driver
 .rodata.CSWTCH.31
                0x0000000008005064       0x28 liblibopencm3.a(usb_standard.c.o)
 .rodata.CSWTCH.33
                0x000000000800508c       0x30 liblibopencm3.a(usb_standard.c.o)
 *libFrameworkLibOpenCM3.a:(SORT(.rodata*))
 *libcocoos.a:(SORT(.rodata*))
 .rodata.os_on_assert.str1.4
                0x00000000080050bc       0x1a libcocoos.a(os_assert.c.o)
 *libcocoOS_?.?.?.a:(SORT(.rodata*))
 *libgcc.a:(SORT(.rodata*))
 *libqfplib.a:(SORT(.rodata*))
 *libnano-float.a:(SORT(.rodata*))
 *libnewlib.a:(SORT(.rodata*))
 .rodata._ctype_
                0x00000000080050d6      0x101 libnewlib.a(ctype_.c.o)
                0x00000000080050d6                _ctype_
 *liblogger.a:(SORT(.rodata*))
 *fill*         0x00000000080051d7        0x1 
 .rodata._Z11debug_printi.str1.4
                0x00000000080051d8        0x6 liblogger.a(logger.cpp.o)
 *fill*         0x00000000080051de        0x2 
 .rodata._Z11debug_printj.str1.4
                0x00000000080051e0        0xb liblogger.a(logger.cpp.o)
 *fill*         0x00000000080051eb        0x1 
 .rodata.debug_println.str1.4
                0x00000000080051ec        0x2 liblogger.a(logger.cpp.o)
 *libbluepill.a:(SORT(.rodata*))
 *fill*         0x00000000080051ee        0x2 
 .rodata.platform_setup.str1.4
                0x00000000080051f0       0x13 libbluepill.a(bluepill.cpp.o)
 *fill*         0x0000000008005203        0x1 
 .rodata.platform_set_alarm.str1.4
                0x0000000008005204        0xf libbluepill.a(timer.cpp.o)
 *fill*         0x0000000008005213        0x1 
 .rodata.platform_start_timer.str1.4
                0x0000000008005214       0x38 libbluepill.a(timer.cpp.o)
                                         0x35 (size before relaxing)
 *libbootloader.a:(SORT(.rodata*))
 .rodata.bootloader_start.str1.4
                0x000000000800524c       0x60 libbootloader.a(bootloader.c.o)
 .rodata.aggregate_callback.str1.4
                0x00000000080052ac        0xc libbootloader.a(usb_conf.c.o)
 .rodata.aggregate_register_callback.str1.4
                0x00000000080052b8       0x26 libbootloader.a(usb_conf.c.o)
 *fill*         0x00000000080052de        0x2 
 .rodata.aggregate_register_config_callback.str1.4
                0x00000000080052e0       0x25 libbootloader.a(usb_conf.c.o)
 *fill*         0x0000000008005305        0x3 
 .rodata.bos_descriptor
                0x0000000008005308        0x9 libbootloader.a(usb_conf.c.o)
 *fill*         0x0000000008005311        0x3 
 .rodata.cdc_iface_assoc
                0x0000000008005314        0x8 libbootloader.a(usb_conf.c.o)
 .rodata.cdcacm_functional_descriptors
                0x000000000800531c       0x13 libbootloader.a(usb_conf.c.o)
 *fill*         0x000000000800532f        0x1 
 .rodata.comm_endp
                0x0000000008005330        0xf libbootloader.a(usb_conf.c.o)
 *fill*         0x000000000800533f        0x1 
 .rodata.comm_iface
                0x0000000008005340       0x15 libbootloader.a(usb_conf.c.o)
 *fill*         0x0000000008005355        0x3 
 .rodata.config
                0x0000000008005358        0xd libbootloader.a(usb_conf.c.o)
 *fill*         0x0000000008005365        0x3 
 .rodata.data_endp
                0x0000000008005368       0x1e libbootloader.a(usb_conf.c.o)
 *fill*         0x0000000008005386        0x2 
 .rodata.data_iface
                0x0000000008005388       0x15 libbootloader.a(usb_conf.c.o)
 *fill*         0x000000000800539d        0x3 
 .rodata.dev    0x00000000080053a0       0x12 libbootloader.a(usb_conf.c.o)
 *fill*         0x00000000080053b2        0x2 
 .rodata.dump_buffer.str1.4
                0x00000000080053b4        0x4 libbootloader.a(usb_conf.c.o)
                                          0x9 (size before relaxing)
 .rodata.dump_usb_request.str1.4
                0x00000000080053b8       0x90 libbootloader.a(usb_conf.c.o)
 .rodata.hf2_endp
                0x0000000008005448       0x1e libbootloader.a(usb_conf.c.o)
 *fill*         0x0000000008005466        0x2 
 .rodata.hf2_iface
                0x0000000008005468       0x15 libbootloader.a(usb_conf.c.o)
 *fill*         0x000000000800547d        0x3 
 .rodata.interfaces
                0x0000000008005480       0x30 libbootloader.a(usb_conf.c.o)
 .rodata.set_aggregate_callback.str1.4
                0x00000000080054b0       0x41 libbootloader.a(usb_conf.c.o)
 *fill*         0x00000000080054f1        0x3 
 .rodata.str1.4
                0x00000000080054f4       0x86 libbootloader.a(usb_conf.c.o)
 *fill*         0x000000000800557a        0x2 
 .rodata.usb_setup.str1.4
                0x000000000800557c       0x31 libbootloader.a(usb_conf.c.o)
 *fill*         0x00000000080055ad        0x3 
 .rodata.webusb_control_vendor_request.str1.4
                0x00000000080055b0       0x3f libbootloader.a(webusb.c.o)
                                         0x43 (size before relaxing)
 *fill*         0x00000000080055ef        0x1 
 .rodata.webusb_platform_capability_descriptor
                0x00000000080055f0       0x18 libbootloader.a(webusb.c.o)
                0x00000000080055f0                webusb_platform_capability_descriptor
 .rodata.webusb_set_config.str1.4
                0x0000000008005608       0x1d libbootloader.a(webusb.c.o)
 *fill*         0x0000000008005625        0x3 
 .rodata.webusb_setup.str1.4
                0x0000000008005628       0x18 libbootloader.a(webusb.c.o)
 .rodata.guid   0x0000000008005640       0x92 libbootloader.a(winusb.c.o)
 *fill*         0x00000000080056d2        0x2 
 .rodata.microsoft_platform_capability_descriptor
                0x00000000080056d4       0x1c libbootloader.a(winusb.c.o)
                0x00000000080056d4                microsoft_platform_capability_descriptor
 .rodata.winusb_control_vendor_request.str1.4
                0x00000000080056f0       0x17 libbootloader.a(winusb.c.o)
 *fill*         0x0000000008005707        0x1 
 .rodata.winusb_descriptor_request.str1.4
                0x0000000008005708        0x6 libbootloader.a(winusb.c.o)
 *fill*         0x000000000800570e        0x2 
 .rodata.winusb_set_config.str1.4
                0x0000000008005710       0x1d libbootloader.a(winusb.c.o)
 *fill*         0x000000000800572d        0x3 
 .rodata.winusb_setup.str1.4
                0x0000000008005730       0x18 libbootloader.a(winusb.c.o)
 .rodata.winusb_string_descriptor
                0x0000000008005748       0x12 libbootloader.a(winusb.c.o)
 *fill*         0x000000000800575a        0x2 
 .rodata.target_flash_program_array.str1.4
                0x000000000800575c       0x73 libbootloader.a(target_stm32f103.c.o)
 *fill*         0x00000000080057cf        0x1 
 .rodata.target_get_startup_mode.str1.4
                0x00000000080057d0       0x35 libbootloader.a(target_stm32f103.c.o)
                                         0x39 (size before relaxing)
 *fill*         0x0000000008005805        0x3 
 .rodata.cdc_setup.str1.4
                0x0000000008005808       0x15 libbootloader.a(cdc.c.o)
 *fill*         0x000000000800581d        0x3 
 .rodata.cdcacm_comm_cb.str1.4
                0x0000000008005820        0x5 libbootloader.a(cdc.c.o)
 *fill*         0x0000000008005825        0x3 
 .rodata.cdcacm_control_request.str1.4
                0x0000000008005828       0x28 libbootloader.a(cdc.c.o)
                                         0x31 (size before relaxing)
 .rodata.cdcacm_data_rx_cb.str1.4
                0x0000000008005850        0x6 libbootloader.a(cdc.c.o)
 *fill*         0x0000000008005856        0x2 
 .rodata.cdcacm_set_config.str1.4
                0x0000000008005858       0x1d libbootloader.a(cdc.c.o)
 *fill*         0x0000000008005875        0x3 
 .rodata.line_coding
                0x0000000008005878        0x7 libbootloader.a(cdc.c.o)
 *fill*         0x000000000800587f        0x1 
 .rodata.assert.part.0.str1.4
                0x0000000008005880        0xc libbootloader.a(hf2.c.o)
 .rodata.bad_packet_message
                0x000000000800588c        0xb libbootloader.a(hf2.c.o)
 *fill*         0x0000000008005897        0x1 
 .rodata.hf2_data_rx_cb.str1.4
                0x0000000008005898       0x95 libbootloader.a(hf2.c.o)
                                         0x99 (size before relaxing)
 *fill*         0x000000000800592d        0x3 
 .rodata.hf2_set_config.str1.4
                0x0000000008005930        0xb libbootloader.a(hf2.c.o)
 *fill*         0x000000000800593b        0x1 
 .rodata.hf2_setup.str1.4
                0x000000000800593c       0x15 libbootloader.a(hf2.c.o)
 *fill*         0x0000000008005951        0x3 
 .rodata.send_hf2_response.str1.4
                0x0000000008005954        0x7 libbootloader.a(hf2.c.o)
 *fill*         0x000000000800595b        0x1 
 .rodata.usb21_set_config.str1.4
                0x000000000800595c       0x1c libbootloader.a(usb21_standard.c.o)
 .rodata.usb21_setup.str1.4
                0x0000000008005978       0x17 libbootloader.a(usb21_standard.c.o)
 *fill*         0x000000000800598f        0x1 
 .rodata.usb21_standard_get_descriptor.str1.4
                0x0000000008005990       0x24 libbootloader.a(usb21_standard.c.o)
 .rodata.flushFlash.str1.4
                0x00000000080059b4       0x1e libbootloader.a(ghostfat.c.o)
                                         0x22 (size before relaxing)
 *fill*         0x00000000080059d2        0x2 
 .rodata.infoUf2File
                0x00000000080059d4       0x55 libbootloader.a(ghostfat.c.o)
                0x00000000080059d4                infoUf2File
                0x0000000008005a2c                . = ALIGN (0x4)
 *fill*         0x0000000008005a29        0x3 
                0x0000000008005a2c                _boot_etext = .

.text           0x0000000008006000     0x587c
                0x0000000008006000                . = ALIGN (0x4)
                0x0000000008006000                _text = .
 *(SORT(.text.application_start))
 .text.application_start
                0x0000000008006000       0xec libcm.a(application.cpp.o)
                0x0000000008006000                application_start
 *(SORT(.text.main))
 *(SORT(.text.startup.main))
 .text.startup.main
                0x00000000080060ec        0xa CMakeFiles/STM32_BLUE_PILL.dir/pxtapp/main.cpp.o
                0x00000000080060ec                main
 *(SORT(.text*))
 *fill*         0x00000000080060f6        0x2 
 .text._ZN6numops5mycvtEdPc
                0x00000000080060f8      0x164 CMakeFiles/STM32_BLUE_PILL.dir/pxtapp/base/core.cpp.o
                0x00000000080060f8                numops::mycvt(double, char*)
 *fill*         0x000000000800625c        0x4 
 .text._ZN5Math_12randomDoubleEv
                0x0000000008006260       0x54 CMakeFiles/STM32_BLUE_PILL.dir/pxtapp/base/core.cpp.o
                0x0000000008006260                Math_::randomDouble()
 *fill*         0x00000000080062b4        0x4 
 .text._ZN3pxt6getPinEi
                0x00000000080062b8       0xa8 CMakeFiles/STM32_BLUE_PILL.dir/pxtapp/core---stm32bluepill/pins.cpp.o
                0x00000000080062b8                pxt::getPin(int)
 .text._ZN13BufferMethods5toHexEPN3pxt11BoxedBufferE
                0x0000000008006360       0x40 CMakeFiles/STM32_BLUE_PILL.dir/pxtapp/base/buffer.cpp.o
                0x0000000008006360                BufferMethods::toHex(pxt::BoxedBuffer*)
 .text._ZN3pxt11findBindingEii
                0x00000000080063a0       0x1c CMakeFiles/STM32_BLUE_PILL.dir/pxtapp/base/core.cpp.o
                0x00000000080063a0                pxt::findBinding(int, int)
 .text._ZN3pxt10setBindingEiiPNS_12TValueStructE
                0x00000000080063bc       0x48 CMakeFiles/STM32_BLUE_PILL.dir/pxtapp/base/core.cpp.o
                0x00000000080063bc                pxt::setBinding(int, int, pxt::TValueStruct*)
 .text._ZN3pxt8mkStringEPKci
                0x0000000008006404       0x44 CMakeFiles/STM32_BLUE_PILL.dir/pxtapp/base/core.cpp.o
                0x0000000008006404                pxt::mkString(char const*, int)
 .text._ZN3pxt8mkBufferEPKhi
                0x0000000008006448       0x40 CMakeFiles/STM32_BLUE_PILL.dir/pxtapp/base/core.cpp.o
                0x0000000008006448                pxt::mkBuffer(unsigned char const*, int)
 .text._ZN3pxt9getRandomEj
                0x0000000008006488       0x3c CMakeFiles/STM32_BLUE_PILL.dir/pxtapp/base/core.cpp.o
                0x0000000008006488                pxt::getRandom(unsigned int)
 .text._ZN7String_7mkEmptyEv
                0x00000000080064c4        0xc CMakeFiles/STM32_BLUE_PILL.dir/pxtapp/base/core.cpp.o
                0x00000000080064c4                String_::mkEmpty()
 .text._ZN7String_6concatEPN3pxt11BoxedStringES2_
                0x00000000080064d0       0x4c CMakeFiles/STM32_BLUE_PILL.dir/pxtapp/base/core.cpp.o
                0x00000000080064d0                String_::concat(pxt::BoxedString*, pxt::BoxedString*)
 .text._ZN7String_8mystrtodEPKcPPc
                0x000000000800651c      0x12c CMakeFiles/STM32_BLUE_PILL.dir/pxtapp/base/core.cpp.o
                0x000000000800651c                String_::mystrtod(char const*, char**)
 .text._ZN3pxt10fromDoubleEd
                0x0000000008006648       0xb0 CMakeFiles/STM32_BLUE_PILL.dir/pxtapp/base/core.cpp.o
                0x0000000008006648                pxt::fromDouble(double)
 .text._ZN7String_8toNumberEPN3pxt11BoxedStringE
                0x00000000080066f8       0x9c CMakeFiles/STM32_BLUE_PILL.dir/pxtapp/base/core.cpp.o
                0x00000000080066f8                String_::toNumber(pxt::BoxedString*)
 .text._ZN3pxt11programSizeEv
                0x0000000008006794       0x10 CMakeFiles/STM32_BLUE_PILL.dir/pxtapp/base/core.cpp.o
                0x0000000008006794                pxt::programSize()
 .text._ZN3pxt9getConfigEii
                0x00000000080067a4       0x28 CMakeFiles/STM32_BLUE_PILL.dir/pxtapp/base/core.cpp.o
                0x00000000080067a4                pxt::getConfig(int, int)
 .text._ZN5pxtrt12lookupMapKeyEPN3pxt11BoxedStringE
                0x00000000080067cc       0x74 CMakeFiles/STM32_BLUE_PILL.dir/pxtapp/base/core.cpp.o
                0x00000000080067cc                pxtrt::lookupMapKey(pxt::BoxedString*)
 .text._ZN5pxtrt6mapGetEPN3pxt6RefMapEj
                0x0000000008006840       0x14 CMakeFiles/STM32_BLUE_PILL.dir/pxtapp/base/core.cpp.o
                0x0000000008006840                pxtrt::mapGet(pxt::RefMap*, unsigned int)
 .text._ZN5pxtrt6mapSetEPN3pxt6RefMapEjPNS0_12TValueStructE
                0x0000000008006854       0x14 CMakeFiles/STM32_BLUE_PILL.dir/pxtapp/base/core.cpp.o
                0x0000000008006854                pxtrt::mapSet(pxt::RefMap*, unsigned int, pxt::TValueStruct*)
 .text._ZN5pxtrt13getGlobalsPtrEv
                0x0000000008006868        0xc CMakeFiles/STM32_BLUE_PILL.dir/pxtapp/base/core.cpp.o
                0x0000000008006868                pxtrt::getGlobalsPtr()
 .text._ZN3pxt8toDoubleEPNS_12TValueStructE
                0x0000000008006874       0x44 CMakeFiles/STM32_BLUE_PILL.dir/pxtapp/base/core.cpp.o
                0x0000000008006874                pxt::toDouble(pxt::TValueStruct*)
 .text._ZN3pxt6toUIntEPNS_12TValueStructE
                0x00000000080068b8       0xc4 CMakeFiles/STM32_BLUE_PILL.dir/pxtapp/base/core.cpp.o
                0x00000000080068b8                pxt::toUInt(pxt::TValueStruct*)
 .text._ZN5Math_5roundEPN3pxt12TValueStructE
                0x000000000800697c       0x20 CMakeFiles/STM32_BLUE_PILL.dir/pxtapp/base/core.cpp.o
                0x000000000800697c                Math_::round(pxt::TValueStruct*)
 .text._ZN6numops8toStringEPN3pxt12TValueStructE
                0x000000000800699c       0xf0 CMakeFiles/STM32_BLUE_PILL.dir/pxtapp/base/core.cpp.o
                0x000000000800699c                numops::toString(pxt::TValueStruct*)
 .text._ZN3pxt6typeOfEPNS_12TValueStructE
                0x0000000008006a8c       0x50 CMakeFiles/STM32_BLUE_PILL.dir/pxtapp/base/core.cpp.o
                0x0000000008006a8c                pxt::typeOf(pxt::TValueStruct*)
 .text._ZN3pxt8anyPrintEPNS_12TValueStructE
                0x0000000008006adc       0x7c CMakeFiles/STM32_BLUE_PILL.dir/pxtapp/base/core.cpp.o
                0x0000000008006adc                pxt::anyPrint(pxt::TValueStruct*)
 .text._ZN3pxt10failedCastEPNS_12TValueStructE
                0x0000000008006b58       0x50 CMakeFiles/STM32_BLUE_PILL.dir/pxtapp/base/core.cpp.o
                0x0000000008006b58                pxt::failedCast(pxt::TValueStruct*)
 .text._ZN3pxt15missingPropertyEPNS_12TValueStructE
                0x0000000008006ba8       0x1c CMakeFiles/STM32_BLUE_PILL.dir/pxtapp/base/core.cpp.o
                0x0000000008006ba8                pxt::missingProperty(pxt::TValueStruct*)
 .text._ZN3pxtL8inGCAreaEPv
                0x0000000008006bc4       0x24 CMakeFiles/STM32_BLUE_PILL.dir/pxtapp/base/gc.cpp.o
 .text._ZN3pxtL9removePtrEPNS_12TValueStructE
                0x0000000008006be8       0x44 CMakeFiles/STM32_BLUE_PILL.dir/pxtapp/base/gc.cpp.o
 .text._ZN3pxt6gcScanEPNS_12TValueStructE
                0x0000000008006c2c       0x30 CMakeFiles/STM32_BLUE_PILL.dir/pxtapp/base/gc.cpp.o
                0x0000000008006c2c                pxt::gcScan(pxt::TValueStruct*)
 .text._ZN3pxt10gcScanManyEPPNS_12TValueStructEj
                0x0000000008006c5c       0x50 CMakeFiles/STM32_BLUE_PILL.dir/pxtapp/base/gc.cpp.o
                0x0000000008006c5c                pxt::gcScanMany(pxt::TValueStruct**, unsigned int)
 .text._ZN3pxt9gcProcessEPNS_12TValueStructE
                0x0000000008006cac       0x50 CMakeFiles/STM32_BLUE_PILL.dir/pxtapp/base/gc.cpp.o
                0x0000000008006cac                pxt::gcProcess(pxt::TValueStruct*)
 .text._ZN3pxt2gcEi
                0x0000000008006cfc      0x1fc CMakeFiles/STM32_BLUE_PILL.dir/pxtapp/base/gc.cpp.o
                0x0000000008006cfc                pxt::gc(int)
 .text._ZN3pxtL13allocateBlockEv
                0x0000000008006ef8       0xcc CMakeFiles/STM32_BLUE_PILL.dir/pxtapp/base/gc.cpp.o
 .text._ZN3pxt10gcAllocateEi
                0x0000000008006fc4      0x120 CMakeFiles/STM32_BLUE_PILL.dir/pxtapp/base/gc.cpp.o
                0x0000000008006fc4                pxt::gcAllocate(int)
 .text._ZN3pxt17pushThreadContextEPvS0_
                0x00000000080070e4       0x6c CMakeFiles/STM32_BLUE_PILL.dir/pxtapp/base/gc.cpp.o
                0x00000000080070e4                pxt::pushThreadContext(void*, void*)
 .text.malloc   0x0000000008007150       0x28 CMakeFiles/STM32_BLUE_PILL.dir/pxtapp/base/gc.cpp.o
                0x0000000008007150                malloc
 .text._ZN3pxt10registerGCEPPNS_12TValueStructEi
                0x0000000008007178       0x2c CMakeFiles/STM32_BLUE_PILL.dir/pxtapp/base/gc.cpp.o
                0x0000000008007178                pxt::registerGC(pxt::TValueStruct**, int)
 .text._ZN3pxt13registerGCPtrEPNS_12TValueStructE
                0x00000000080071a4       0x18 CMakeFiles/STM32_BLUE_PILL.dir/pxtapp/base/gc.cpp.o
                0x00000000080071a4                pxt::registerGCPtr(pxt::TValueStruct*)
 .text.startup._GLOBAL__sub_I__ZN3pxt16RefRecord_gcsizeEPNS_9RefRecordE
                0x00000000080071bc       0x1c CMakeFiles/STM32_BLUE_PILL.dir/pxtapp/base/gc.cpp.o
 .text._ZN3pxt9RefAction5printEPS0_
                0x00000000080071d8       0x28 CMakeFiles/STM32_BLUE_PILL.dir/pxtapp/base/pxt.cpp.o
                0x00000000080071d8                pxt::RefAction::print(pxt::RefAction*)
 .text._ZN3pxt11RefRefLocal5printEPS0_
                0x0000000008007200       0x10 CMakeFiles/STM32_BLUE_PILL.dir/pxtapp/base/pxt.cpp.o
                0x0000000008007200                pxt::RefRefLocal::print(pxt::RefRefLocal*)
 .text._ZN3pxt6RefMap5printEPS0_
                0x0000000008007210       0x10 CMakeFiles/STM32_BLUE_PILL.dir/pxtapp/base/pxt.cpp.o
                0x0000000008007210                pxt::RefMap::print(pxt::RefMap*)
 .text._ZN3pxt15RefRecord_printEPNS_9RefRecordE
                0x0000000008007220       0x18 CMakeFiles/STM32_BLUE_PILL.dir/pxtapp/base/pxt.cpp.o
                0x0000000008007220                pxt::RefRecord_print(pxt::RefRecord*)
 .text._ZN3pxt7Segment5printEv
                0x0000000008007238       0x34 CMakeFiles/STM32_BLUE_PILL.dir/pxtapp/base/pxt.cpp.o
                0x0000000008007238                pxt::Segment::print()
 .text._ZN3pxt13RefCollection5printEPS0_
                0x000000000800726c       0x20 CMakeFiles/STM32_BLUE_PILL.dir/pxtapp/base/pxt.cpp.o
                0x000000000800726c                pxt::RefCollection::print(pxt::RefCollection*)
 .text._ZN3pxt13RefCollectionC2Ev
                0x000000000800728c       0x14 CMakeFiles/STM32_BLUE_PILL.dir/pxtapp/base/pxt.cpp.o
                0x000000000800728c                pxt::RefCollection::RefCollection()
                0x000000000800728c                pxt::RefCollection::RefCollection()
 .text._ZN3pxt11RefRefLocalC2Ev
                0x00000000080072a0       0x10 CMakeFiles/STM32_BLUE_PILL.dir/pxtapp/base/pxt.cpp.o
                0x00000000080072a0                pxt::RefRefLocal::RefRefLocal()
                0x00000000080072a0                pxt::RefRefLocal::RefRefLocal()
 .text._ZN3pxt6RefMapC2Ev
                0x00000000080072b0       0x18 CMakeFiles/STM32_BLUE_PILL.dir/pxtapp/base/pxt.cpp.o
                0x00000000080072b0                pxt::RefMap::RefMap()
                0x00000000080072b0                pxt::RefMap::RefMap()
 .text._ZN3pxt5errorENS_9PXT_PANICEi
                0x00000000080072c8       0x1c CMakeFiles/STM32_BLUE_PILL.dir/pxtapp/base/pxt.cpp.o
                0x00000000080072c8                pxt::error(pxt::PXT_PANIC, int)
 .text._ZN3pxt8mkActionEiPNS_9RefActionE
                0x00000000080072e4       0x50 CMakeFiles/STM32_BLUE_PILL.dir/pxtapp/base/pxt.cpp.o
                0x00000000080072e4                pxt::mkAction(int, pxt::RefAction*)
 .text._ZN3pxt15mkClassInstanceEPNS_6VTableE
                0x0000000008007334       0x38 CMakeFiles/STM32_BLUE_PILL.dir/pxtapp/base/pxt.cpp.o
                0x0000000008007334                pxt::mkClassInstance(pxt::VTable*)
 .text._ZN3pxt8checkStrEbPKc
                0x000000000800736c       0x20 CMakeFiles/STM32_BLUE_PILL.dir/pxtapp/base/pxt.cpp.o
                0x000000000800736c                pxt::checkStr(bool, char const*)
 .text._ZN3pxt12templateHashEv
                0x000000000800738c        0xc CMakeFiles/STM32_BLUE_PILL.dir/pxtapp/base/pxt.cpp.o
                0x000000000800738c                pxt::templateHash()
 .text._ZN3pxt11programHashEv
                0x0000000008007398        0xc CMakeFiles/STM32_BLUE_PILL.dir/pxtapp/base/pxt.cpp.o
                0x0000000008007398                pxt::programHash()
 .text._ZN3pxt13getNumGlobalsEv
                0x00000000080073a4        0xc CMakeFiles/STM32_BLUE_PILL.dir/pxtapp/base/pxt.cpp.o
                0x00000000080073a4                pxt::getNumGlobals()
 .text._ZN3pxt11exec_binaryEPj
                0x00000000080073b0      0x110 CMakeFiles/STM32_BLUE_PILL.dir/pxtapp/base/pxt.cpp.o
                0x00000000080073b0                pxt::exec_binary(unsigned int*)
 .text._ZN3pxt5startEv
                0x00000000080074c0       0x28 CMakeFiles/STM32_BLUE_PILL.dir/pxtapp/base/pxt.cpp.o
                0x00000000080074c0                pxt::start()
 .text._ZN5pxtrt6keysOfEPN3pxt12TValueStructE
                0x00000000080074e8       0x48 CMakeFiles/STM32_BLUE_PILL.dir/pxtapp/base/pxt.cpp.o
                0x00000000080074e8                pxtrt::keysOf(pxt::TValueStruct*)
 .text._ZN3pxtL10runAction1EPNS_12TValueStructES1_
                0x0000000008007530       0x18 CMakeFiles/STM32_BLUE_PILL.dir/pxtapp/core---stm32bluepill/codal.cpp.o
 .text._ZN3pxtL10runAction0EPNS_12TValueStructE
                0x0000000008007548       0x18 CMakeFiles/STM32_BLUE_PILL.dir/pxtapp/core---stm32bluepill/codal.cpp.o
 .text._ZN3pxt13dispatchEventEN5codal5EventE
                0x0000000008007560       0x54 CMakeFiles/STM32_BLUE_PILL.dir/pxtapp/core---stm32bluepill/codal.cpp.o
                0x0000000008007560                pxt::dispatchEvent(codal::Event)
 .text._ZN5codal3_cm5TimerD2Ev
                0x00000000080075b4       0x14 CMakeFiles/STM32_BLUE_PILL.dir/pxtapp/core---stm32bluepill/codal.cpp.o
                0x00000000080075b4                codal::_cm::Timer::~Timer()
                0x00000000080075b4                codal::_cm::Timer::~Timer()
 .text._ZN3pxt10runForeverEPNS_12TValueStructE
                0x00000000080075c8       0x24 CMakeFiles/STM32_BLUE_PILL.dir/pxtapp/core---stm32bluepill/codal.cpp.o
                0x00000000080075c8                pxt::runForever(pxt::TValueStruct*)
 .text._ZN3pxt13runInParallelEPNS_12TValueStructE
                0x00000000080075ec       0x24 CMakeFiles/STM32_BLUE_PILL.dir/pxtapp/core---stm32bluepill/codal.cpp.o
                0x00000000080075ec                pxt::runInParallel(pxt::TValueStruct*)
 .text._ZN3pxt11initRuntimeEv
                0x0000000008007610      0x110 CMakeFiles/STM32_BLUE_PILL.dir/pxtapp/core---stm32bluepill/codal.cpp.o
                0x0000000008007610                pxt::initRuntime()
 .text._ZN3pxt16afterProgramPageEv
                0x0000000008007720       0x20 CMakeFiles/STM32_BLUE_PILL.dir/pxtapp/core---stm32bluepill/codal.cpp.o
                0x0000000008007720                pxt::afterProgramPage()
 .text._ZN3pxt16getThreadContextEv
                0x0000000008007740        0xc CMakeFiles/STM32_BLUE_PILL.dir/pxtapp/core---stm32bluepill/codal.cpp.o
                0x0000000008007740                pxt::getThreadContext()
 .text._ZN3pxt16setThreadContextEPNS_13ThreadContextE
                0x000000000800774c        0xc CMakeFiles/STM32_BLUE_PILL.dir/pxtapp/core---stm32bluepill/codal.cpp.o
                0x000000000800774c                pxt::setThreadContext(pxt::ThreadContext*)
 .text._ZN3pxt15gcProcessStacksEi
                0x0000000008007758       0xc4 CMakeFiles/STM32_BLUE_PILL.dir/pxtapp/core---stm32bluepill/codal.cpp.o
                0x0000000008007758                pxt::gcProcessStacks(int)
 .text.startup._GLOBAL__sub_I__ZN3pxt8devTimerE
                0x000000000800781c       0x58 CMakeFiles/STM32_BLUE_PILL.dir/pxtapp/core---stm32bluepill/codal.cpp.o
 .text._ZN3pxt15registerWithDalEiiPNS_12TValueStructEi
                0x0000000008007874       0x60 CMakeFiles/STM32_BLUE_PILL.dir/pxtapp/core---stm32bluepill/codal.cpp.o
                0x0000000008007874                pxt::registerWithDal(int, int, pxt::TValueStruct*, int)
 .text._ZN7control16deviceDalVersionEv
                0x00000000080078d4       0x10 CMakeFiles/STM32_BLUE_PILL.dir/pxtapp/core---stm32bluepill/control.cpp.o
                0x00000000080078d4                control::deviceDalVersion()
 .text._ZN7control5dmesgEPN3pxt11BoxedStringE
                0x00000000080078e4        0xc CMakeFiles/STM32_BLUE_PILL.dir/pxtapp/core---stm32bluepill/control.cpp.o
                0x00000000080078e4                control::dmesg(pxt::BoxedString*)
 .text._ZN7control8dmesgPtrEPN3pxt11BoxedStringEPv
                0x00000000080078f0       0x10 CMakeFiles/STM32_BLUE_PILL.dir/pxtapp/core---stm32bluepill/control.cpp.o
                0x00000000080078f0                control::dmesgPtr(pxt::BoxedString*, void*)
 .text._ZN4pinsL7initI2CEv.part.0
                0x0000000008007900       0x40 CMakeFiles/STM32_BLUE_PILL.dir/pxtapp/core---stm32bluepill/i2c.cpp.o
 .text._ZN4pins13i2cReadBufferEiib
                0x0000000008007940       0x48 CMakeFiles/STM32_BLUE_PILL.dir/pxtapp/core---stm32bluepill/i2c.cpp.o
                0x0000000008007940                pins::i2cReadBuffer(int, int, bool)
 .text._ZN4pins14i2cWriteBufferEiPN3pxt11BoxedBufferEb
                0x0000000008007988       0x30 CMakeFiles/STM32_BLUE_PILL.dir/pxtapp/core---stm32bluepill/i2c.cpp.o
                0x0000000008007988                pins::i2cWriteBuffer(int, pxt::BoxedBuffer*, bool)
 .text._ZN4pins13pulseDurationEv
                0x00000000080079b8        0xc CMakeFiles/STM32_BLUE_PILL.dir/pxtapp/core---stm32bluepill/pins.cpp.o
                0x00000000080079b8                pins::pulseDuration()
 .text._ZN3pxt13platform_initEv
                0x00000000080079c4       0x1c CMakeFiles/STM32_BLUE_PILL.dir/pxtapp/core---stm32bluepill/platform.cpp.o
                0x00000000080079c4                pxt::platform_init()
 .text._ZN4pinsL7initSPIEv
                0x00000000080079e0       0x5c CMakeFiles/STM32_BLUE_PILL.dir/pxtapp/core---stm32bluepill/spi.cpp.o
 .text._ZN4pins8spiWriteEi
                0x0000000008007a3c       0x1c CMakeFiles/STM32_BLUE_PILL.dir/pxtapp/core---stm32bluepill/spi.cpp.o
                0x0000000008007a3c                pins::spiWrite(int)
 .text._ZN4pins11spiTransferEPN3pxt11BoxedBufferES2_
                0x0000000008007a58       0x38 CMakeFiles/STM32_BLUE_PILL.dir/pxtapp/core---stm32bluepill/spi.cpp.o
                0x0000000008007a58                pins::spiTransfer(pxt::BoxedBuffer*, pxt::BoxedBuffer*)
 .text._ZN4pins12spiFrequencyEi
                0x0000000008007a90       0x1c CMakeFiles/STM32_BLUE_PILL.dir/pxtapp/core---stm32bluepill/spi.cpp.o
                0x0000000008007a90                pins::spiFrequency(int)
 .text._ZN4pins7spiModeEi
                0x0000000008007aac       0x20 CMakeFiles/STM32_BLUE_PILL.dir/pxtapp/core---stm32bluepill/spi.cpp.o
                0x0000000008007aac                pins::spiMode(int)
 .text._ZN3pxt10sendSerialEPKci
                0x0000000008007acc       0x10 CMakeFiles/STM32_BLUE_PILL.dir/pxtapp/core---stm32bluepill/usb.cpp.o
                0x0000000008007acc                pxt::sendSerial(char const*, int)
 .text._ZN3pxt9dumpDmesgEv
                0x0000000008007adc       0x2c CMakeFiles/STM32_BLUE_PILL.dir/pxtapp/core---stm32bluepill/usb.cpp.o
                0x0000000008007adc                pxt::dumpDmesg()
 .text._ZN3pxt12ptrOfLiteralEi
                0x0000000008007b08       0x10 CMakeFiles/STM32_BLUE_PILL.dir/pxtapp/pointers.cpp.o
                0x0000000008007b08                pxt::ptrOfLiteral(int)
 .text._Z18component_callbackN5codal5EventE
                0x0000000008007b18       0x58 libcodal-core.a(CodalComponent.cpp.o)
                0x0000000008007b18                component_callback(codal::Event)
 .text._ZN5codal10EventModel6listenEiiPFvNS_5EventEEt
                0x0000000008007b70       0x60 libcodal-core.a(CodalComponent.cpp.o)
                0x0000000008007b70                codal::EventModel::listen(int, int, void (*)(codal::Event), unsigned short)
 .text._ZN5codal14CodalComponent12addComponentEv
                0x0000000008007bd0       0x74 libcodal-core.a(CodalComponent.cpp.o)
                0x0000000008007bd0                codal::CodalComponent::addComponent()
 .text._ZN5codal14CodalComponent15removeComponentEv
                0x0000000008007c44       0x28 libcodal-core.a(CodalComponent.cpp.o)
                0x0000000008007c44                codal::CodalComponent::removeComponent()
 .text._ZN5codal11CodalDevice10getVersionEv
                0x0000000008007c6c        0x8 libcodal-core.a(CodalDevice.cpp.o)
                0x0000000008007c6c                codal::CodalDevice::getVersion()
 .text._ZL9logwritenPKci
                0x0000000008007c74       0x70 libcodal-core.a(CodalDmesg.cpp.o)
 .text.codal_vdmesg
                0x0000000008007ce4       0xc0 libcodal-core.a(CodalDmesg.cpp.o)
                0x0000000008007ce4                codal_vdmesg
 .text._ZN5codal11list_fibersEPPNS_5FiberE
                0x0000000008007da4       0x5c libcodal-core.a(CodalFiber.cpp.o)
                0x0000000008007da4                codal::list_fibers(codal::Fiber**)
 .text._ZN5codal14scheduler_tickENS_5EventE
                0x0000000008007e00       0x38 libcodal-core.a(CodalFiber.cpp.o)
                0x0000000008007e00                codal::scheduler_tick(codal::Event)
 .text._ZN5codal15scheduler_eventENS_5EventE
                0x0000000008007e38       0xc0 libcodal-core.a(CodalFiber.cpp.o)
                0x0000000008007e38                codal::scheduler_event(codal::Event)
 .text._Z15getFiberContextv
                0x0000000008007ef8       0x50 libcodal-core.a(CodalFiber.cpp.o)
                0x0000000008007ef8                getFiberContext()
 .text._ZL10handle_fobv
                0x0000000008007f48       0x2c libcodal-core.a(CodalFiber.cpp.o)
 .text._ZN5codal23fiber_scheduler_runningEv
                0x0000000008007f74       0x10 libcodal-core.a(CodalFiber.cpp.o)
                0x0000000008007f74                codal::fiber_scheduler_running()
 .text._ZN5codal14scheduler_initERNS_10EventModelE
                0x0000000008007f84       0xac libcodal-core.a(CodalFiber.cpp.o)
                0x0000000008007f84                codal::scheduler_init(codal::EventModel&)
 .text._ZN5codal19fiber_wake_on_eventEtt
                0x0000000008008030       0x5c libcodal-core.a(CodalFiber.cpp.o)
                0x0000000008008030                codal::fiber_wake_on_event(unsigned short, unsigned short)
 .text._Z14__create_fibermmmi
                0x000000000800808c       0x64 libcodal-core.a(CodalFiber.cpp.o)
                0x000000000800808c                __create_fiber(unsigned long, unsigned long, unsigned long, int)
 .text._ZN5codal17verify_stack_sizeEPNS_5FiberE
                0x00000000080080f0       0x44 libcodal-core.a(CodalFiber.cpp.o)
                0x00000000080080f0                codal::verify_stack_size(codal::Fiber*)
 .text._ZN5codal24scheduler_runqueue_emptyEv
                0x0000000008008134       0x10 libcodal-core.a(CodalFiber.cpp.o)
                0x0000000008008134                codal::scheduler_runqueue_empty()
 .text._ZN5codal4idleEv
                0x0000000008008144       0x3c libcodal-core.a(CodalFiber.cpp.o)
                0x0000000008008144                codal::idle()
 .text._ZN5codal8scheduleEv
                0x0000000008008180      0x10c libcodal-core.a(CodalFiber.cpp.o)
                0x0000000008008180                codal::schedule()
 .text._ZN5codal11fiber_sleepEm
                0x000000000800828c       0x3c libcodal-core.a(CodalFiber.cpp.o)
                0x000000000800828c                codal::fiber_sleep(unsigned long)
 .text._ZN5codal13release_fiberEv
                0x00000000080082c8       0x6c libcodal-core.a(CodalFiber.cpp.o)
                0x00000000080082c8                codal::release_fiber()
 .text._ZN5codal6invokeEPFvPvES0_
                0x0000000008008334       0x88 libcodal-core.a(CodalFiber.cpp.o)
                0x0000000008008334                codal::invoke(void (*)(void*), void*)
 .text._Z18device_create_heapmm
                0x00000000080083bc       0x3c libcodal-core.a(CodalHeapAllocator.cpp.o)
                0x00000000080083bc                device_create_heap(unsigned long, unsigned long)
 .text._Z16device_heap_sizeh
                0x00000000080083f8       0x24 libcodal-core.a(CodalHeapAllocator.cpp.o)
                0x00000000080083f8                device_heap_size(unsigned char)
 .text.device_malloc
                0x000000000800841c       0x48 libcodal-core.a(CodalHeapAllocator.cpp.o)
                0x000000000800841c                device_malloc
 .text.device_free
                0x0000000008008464       0x40 libcodal-core.a(CodalHeapAllocator.cpp.o)
                0x0000000008008464                device_free
 .text._ZN5codal5TimerC2Ev
                0x00000000080084a4       0x34 libcodal-core.a(Timer.cpp.o)
                0x00000000080084a4                codal::Timer::Timer()
                0x00000000080084a4                codal::Timer::Timer()
 .text._ZN5codal25system_timer_current_timeEv
                0x00000000080084d8       0x10 libcodal-core.a(Timer.cpp.o)
                0x00000000080084d8                codal::system_timer_current_time()
 .text._ZN5codal28system_timer_current_time_usEv
                0x00000000080084e8       0x10 libcodal-core.a(Timer.cpp.o)
                0x00000000080084e8                codal::system_timer_current_time_us()
 .text._ZN5codal27system_timer_event_every_usEmtt
                0x00000000080084f8       0x24 libcodal-core.a(Timer.cpp.o)
                0x00000000080084f8                codal::system_timer_event_every_us(unsigned long, unsigned short, unsigned short)
 .text._ZN5codal14CodalComponent4initEv
                0x000000000800851c        0x8 libcodal-core.a(MessageBus.cpp.o)
                0x000000000800851c                codal::CodalComponent::init()
 .text._ZN5codal10EventModel4sendENS_5EventE
                0x0000000008008524       0x14 libcodal-core.a(MessageBus.cpp.o)
                0x0000000008008524                codal::EventModel::send(codal::Event)
 .text._ZN5codal10EventModel3addEPNS_8ListenerE
                0x0000000008008538        0x8 libcodal-core.a(MessageBus.cpp.o)
                0x0000000008008538                codal::EventModel::add(codal::Listener*)
 .text._ZN5codal10EventModel6removeEPNS_8ListenerE
                0x0000000008008540        0x8 libcodal-core.a(MessageBus.cpp.o)
                0x0000000008008540                codal::EventModel::remove(codal::Listener*)
 .text._ZN5codal14CodalComponentD2Ev
                0x0000000008008548       0x18 libcodal-core.a(MessageBus.cpp.o)
                0x0000000008008548                codal::CodalComponent::~CodalComponent()
                0x0000000008008548                codal::CodalComponent::~CodalComponent()
 .text._ZN5codal10MessageBus6removeEPNS_8ListenerE
                0x0000000008008560       0x70 libcodal-core.a(MessageBus.cpp.o)
                0x0000000008008560                codal::MessageBus::remove(codal::Listener*)
 .text._ZN5codal10MessageBus3addEPNS_8ListenerE
                0x00000000080085d0       0xc4 libcodal-core.a(MessageBus.cpp.o)
                0x00000000080085d0                codal::MessageBus::add(codal::Listener*)
 .text._ZN5codal10MessageBusD2Ev
                0x0000000008008694       0x84 libcodal-core.a(MessageBus.cpp.o)
                0x0000000008008694                codal::MessageBus::~MessageBus()
                0x0000000008008694                codal::MessageBus::~MessageBus()
 .text._ZN5codal10MessageBusC2Ev
                0x0000000008008718       0xb8 libcodal-core.a(MessageBus.cpp.o)
                0x0000000008008718                codal::MessageBus::MessageBus()
                0x0000000008008718                codal::MessageBus::MessageBus()
 .text._ZN5codal10MessageBus7processERNS_5EventEb
                0x00000000080087d0       0x80 libcodal-core.a(MessageBus.cpp.o)
                0x00000000080087d0                codal::MessageBus::process(codal::Event&, bool)
 .text._ZN5codal19allocateNotifyEventEv
                0x0000000008008850       0x10 libcodal-core.a(MessageBus.cpp.o)
                0x0000000008008850                codal::allocateNotifyEvent()
 .text._ZN5codal5Event4fireEv
                0x0000000008008860       0x20 libcodal-core.a(Event.cpp.o)
                0x0000000008008860                codal::Event::fire()
 .text._ZN5codal3_cm3I2C12setFrequencyEm
                0x0000000008008880        0x4 libcm.a(CmI2C.cpp.o)
                0x0000000008008880                codal::_cm::I2C::setFrequency(unsigned long)
 .text._ZN5codal3_cm3I2C4readEtPhib
                0x0000000008008884        0x4 libcm.a(CmI2C.cpp.o)
                0x0000000008008884                codal::_cm::I2C::read(unsigned short, unsigned char*, int, bool)
                0x0000000008008884                codal::_cm::I2C::write(unsigned short, unsigned char*, int, bool)
 .text._ZN5codal3_cm3I2C12readRegisterEthPhib
                0x0000000008008888        0x4 libcm.a(CmI2C.cpp.o)
                0x0000000008008888                codal::_cm::I2C::readRegister(unsigned short, unsigned char, unsigned char*, int, bool)
 .text._ZN5codal3_cm3I2CC2ERNS_3PinES3_
                0x000000000800888c       0x1c libcm.a(CmI2C.cpp.o)
                0x000000000800888c                codal::_cm::I2C::I2C(codal::Pin&, codal::Pin&)
                0x000000000800888c                codal::_cm::I2C::I2C(codal::Pin&, codal::Pin&)
 .text._ZN5codal3_cm3Pin15getDigitalValueEv
                0x00000000080088a8        0x4 libcm.a(CmPin.cpp.o)
                0x00000000080088a8                codal::_cm::Pin::getDigitalValue()
 .text._ZN5codal3_cm3Pin14setAnalogValueEi
                0x00000000080088ac       0x1c libcm.a(CmPin.cpp.o)
                0x00000000080088ac                codal::_cm::Pin::setAnalogValue(int)
 .text._ZN5codal3_cm3Pin13setServoValueEiii
                0x00000000080088c8       0x2c libcm.a(CmPin.cpp.o)
                0x00000000080088c8                codal::_cm::Pin::setServoValue(int, int, int)
 .text._ZN5codal3_cm3Pin14getAnalogValueEv
                0x00000000080088f4        0x4 libcm.a(CmPin.cpp.o)
                0x00000000080088f4                codal::_cm::Pin::getAnalogValue()
 .text._ZN5codal3_cm3Pin7isInputEv
                0x00000000080088f8       0x10 libcm.a(CmPin.cpp.o)
                0x00000000080088f8                codal::_cm::Pin::isInput()
 .text._ZN5codal3_cm3Pin8isOutputEv
                0x0000000008008908       0x10 libcm.a(CmPin.cpp.o)
                0x0000000008008908                codal::_cm::Pin::isOutput()
 .text._ZN5codal3_cm3Pin9isDigitalEv
                0x0000000008008918        0xc libcm.a(CmPin.cpp.o)
                0x0000000008008918                codal::_cm::Pin::isDigital()
 .text._ZN5codal3_cm3Pin8isAnalogEv
                0x0000000008008924       0x10 libcm.a(CmPin.cpp.o)
                0x0000000008008924                codal::_cm::Pin::isAnalog()
 .text._ZN5codal3_cm3Pin9isTouchedEv
                0x0000000008008934        0x8 libcm.a(CmPin.cpp.o)
                0x0000000008008934                codal::_cm::Pin::isTouched()
 .text._ZN5codal3_cm3Pin17getAnalogPeriodUsEv
                0x000000000800893c        0x8 libcm.a(CmPin.cpp.o)
                0x000000000800893c                codal::_cm::Pin::getAnalogPeriodUs()
 .text._ZN5codal3_cm3Pin7setPullENS_8PullModeE
                0x0000000008008944        0x8 libcm.a(CmPin.cpp.o)
                0x0000000008008944                codal::_cm::Pin::setPull(codal::PullMode)
 .text._ZN5codal3_cm3Pin15setDigitalValueEi
                0x000000000800894c       0x50 libcm.a(CmPin.cpp.o)
                0x000000000800894c                codal::_cm::Pin::setDigitalValue(int)
 .text._ZN5codal3_cm3Pin15getAnalogPeriodEv
                0x000000000800899c       0x28 libcm.a(CmPin.cpp.o)
                0x000000000800899c                codal::_cm::Pin::getAnalogPeriod()
 .text._ZN5codal3_cm3Pin15getDigitalValueENS_8PullModeE
                0x00000000080089c4       0x38 libcm.a(CmPin.cpp.o)
                0x00000000080089c4                codal::_cm::Pin::getDigitalValue(codal::PullMode)
 .text._ZN5codal3_cm3Pin7eventOnEi
                0x00000000080089fc       0x40 libcm.a(CmPin.cpp.o)
                0x00000000080089fc                codal::_cm::Pin::eventOn(int)
 .text._ZN5codal3_cm3Pin17setAnalogPeriodUsEi.part.1
                0x0000000008008a3c       0x24 libcm.a(CmPin.cpp.o)
 .text._ZN5codal3_cm3Pin15setAnalogPeriodEi