Archive member included to satisfy reference by file (symbol)

libnewlib.a(memcpy-stub.c.o)  CMakeFiles/STM32_BLUE_PILL.dir/pxtapp/base/buffer.cpp.o (memcpy)
libnewlib.a(strcmp.S.o)       CMakeFiles/STM32_BLUE_PILL.dir/pxtapp/base/core.cpp.o (strcmp)
libnewlib.a(strlen.S.o)       CMakeFiles/STM32_BLUE_PILL.dir/pxtapp/base/core.cpp.o (strlen)
libnewlib.a(strtol.c.o)       CMakeFiles/STM32_BLUE_PILL.dir/pxtapp/base/core.cpp.o (strtol)
libnewlib.a(memcmp.c.o)       CMakeFiles/STM32_BLUE_PILL.dir/pxtapp/base/pxt.cpp.o (memcmp)
libnewlib.a(memmove.c.o)      CMakeFiles/STM32_BLUE_PILL.dir/pxtapp/base/buffer.cpp.o (memmove)
libnewlib.a(memset.c.o)       CMakeFiles/STM32_BLUE_PILL.dir/pxtapp/base/buffer.cpp.o (memset)
libnewlib.a(strstr.c.o)       CMakeFiles/STM32_BLUE_PILL.dir/pxtapp/base/core.cpp.o (strstr)
libnewlib.a(ctype_.c.o)       libnewlib.a(strtol.c.o) (_ctype_)
libnewlib.a(impure.c.o)       libnewlib.a(strtol.c.o) (_impure_ptr)
libcodal-core.a(CodalCompat.cpp.o)
                              CMakeFiles/STM32_BLUE_PILL.dir/pxtapp/base/core.cpp.o (codal::itoa(int, char*))
libcodal-core.a(CodalComponent.cpp.o)
                              CMakeFiles/STM32_BLUE_PILL.dir/pxtapp/core---stm32bluepill/codal.cpp.o (codal::CodalComponent::components)
libcodal-core.a(CodalDevice.cpp.o)
                              CMakeFiles/STM32_BLUE_PILL.dir/pxtapp/core---stm32bluepill/codal.cpp.o (vtable for codal::CodalDevice)
libcodal-core.a(CodalDmesg.cpp.o)
                              CMakeFiles/STM32_BLUE_PILL.dir/pxtapp/base/core.cpp.o (codal_dmesg)
libcodal-core.a(CodalFiber.cpp.o)
                              CMakeFiles/STM32_BLUE_PILL.dir/pxtapp/core---stm32bluepill/codal.cpp.o (codal::list_fibers(codal::Fiber**))
libcodal-core.a(CodalHeapAllocator.cpp.o)
                              CMakeFiles/STM32_BLUE_PILL.dir/pxtapp/base/gc.cpp.o (device_heap_size(unsigned char))
libcodal-core.a(CodalListener.cpp.o)
                              CMakeFiles/STM32_BLUE_PILL.dir/pxtapp/core---stm32bluepill/codal.cpp.o (codal::Listener::Listener(unsigned short, unsigned short, void (*)(codal::Event), unsigned short))
libcodal-core.a(Timer.cpp.o)  CMakeFiles/STM32_BLUE_PILL.dir/pxtapp/core---stm32bluepill/codal.cpp.o (codal::Timer::~Timer())
libcodal-core.a(MessageBus.cpp.o)
                              CMakeFiles/STM32_BLUE_PILL.dir/pxtapp/core---stm32bluepill/codal.cpp.o (codal::MessageBus::add(codal::Listener*))
libcodal-core.a(Event.cpp.o)  CMakeFiles/STM32_BLUE_PILL.dir/pxtapp/core---stm32bluepill/control.cpp.o (codal::Event::Event(unsigned short, unsigned short, codal::EventLaunchMode))
libcodal-core.a(MemberFunctionCallback.cpp.o)
                              libcodal-core.a(MessageBus.cpp.o) (codal::MemberFunctionCallback::fire(codal::Event))
liblibopencm3.a(vector.c.o)   (vector_table)
libnano-float.a(functions.c.o)
                              CMakeFiles/STM32_BLUE_PILL.dir/pxtapp/base/core.cpp.o (__wrap___aeabi_ddiv)
liblogger.a(logger.cpp.o)     CMakeFiles/STM32_BLUE_PILL.dir/pxtapp/base/pxt.cpp.o (debug_flush)
libbluepill.a(bluepill.cpp.o)
                              libcodal-core.a(Timer.cpp.o) (__cxa_pure_virtual)
libbluepill.a(led.cpp.o)      libbluepill.a(bluepill.cpp.o) (led_setup)
libbaseloader.a(baseloader.c.o)
                              (base_vector_table)
libbootloader.a(bootloader.c.o)
                              /Users/Luppy/stm32bluepill-makecode/pxt-maker/libs/stm32bluepill/built/codal/build/libraries/codal-libopencm3/CMakeFiles/hal.dir/stm32/hal/reset_handler.c.o (bootloader_start)
libbootloader.a(usb_conf.c.o)
                              libbootloader.a(bootloader.c.o) (usb_setup)
libbootloader.a(webusb.c.o)   libbootloader.a(usb_conf.c.o) (webusb_setup)
libbootloader.a(winusb.c.o)   libbootloader.a(usb_conf.c.o) (winusb_setup)
libbootloader.a(target_stm32f103.c.o)
                              libbootloader.a(bootloader.c.o) (boot_target_get_startup_mode)
libbootloader.a(cdc.c.o)      libbootloader.a(usb_conf.c.o) (cdcadm_transmit)
libbootloader.a(hf2.c.o)      libbootloader.a(usb_conf.c.o) (hf2_setup)
libbootloader.a(usb21_standard.c.o)
                              libbootloader.a(usb_conf.c.o) (usb21_setup)
libbootloader.a(backup.c.o)   libbootloader.a(target_stm32f103.c.o) (backup_write)
libbootloader.a(ghostfat.c.o)
                              libbootloader.a(hf2.c.o) (flash_flush)
libhal.a(codal_target_hal.cpp.o)
                              /Users/Luppy/stm32bluepill-makecode/pxt-maker/libs/stm32bluepill/built/codal/build/libraries/codal-libopencm3/CMakeFiles/hal.dir/stm32/hal/reset_handler.c.o (target_init)
libhal.a(CortexContextSwitch.s.o)
                              libcodal-core.a(CodalFiber.cpp.o) (swap_context)
libcm.a(CmI2C.cpp.o)          CMakeFiles/STM32_BLUE_PILL.dir/pxtapp/core---stm32bluepill/i2c.cpp.o (codal::_cm::I2C::I2C(codal::Pin&, codal::Pin&))
[...]
Memory Configuration

Name             Origin             Length             Attributes
bootrom          0x0000000008000000 0x0000000000006c00 xr
rom              0x0000000008006c00 0x0000000000009400 xr
bootram          0x0000000020000000 0x0000000000001000 xrw
ram              0x0000000020001000 0x00000000000037bc xrw
bootbuf          0x00000000200047bc 0x0000000000000844 xrw
*default*        0x0000000000000000 0xffffffffffffffff

Linker script and memory map

LOAD /Users/Luppy/stm32bluepill-makecode/pxt-maker/libs/stm32bluepill/built/codal/build/libraries/codal-libopencm3/CMakeFiles/hal.dir/stm32/hal/reset_handler.c.o
START GROUP
LOAD CMakeFiles/STM32_BLUE_PILL.dir/pxtapp/base/advmath.cpp.o
LOAD CMakeFiles/STM32_BLUE_PILL.dir/pxtapp/base/buffer.cpp.o
LOAD CMakeFiles/STM32_BLUE_PILL.dir/pxtapp/base/control.cpp.o
LOAD CMakeFiles/STM32_BLUE_PILL.dir/pxtapp/base/core.cpp.o
LOAD CMakeFiles/STM32_BLUE_PILL.dir/pxtapp/base/gc.cpp.o
LOAD CMakeFiles/STM32_BLUE_PILL.dir/pxtapp/base/loops.cpp.o
LOAD CMakeFiles/STM32_BLUE_PILL.dir/pxtapp/base/pxt.cpp.o
LOAD CMakeFiles/STM32_BLUE_PILL.dir/pxtapp/core---stm32bluepill/codal.cpp.o
LOAD CMakeFiles/STM32_BLUE_PILL.dir/pxtapp/core---stm32bluepill/control.cpp.o
LOAD CMakeFiles/STM32_BLUE_PILL.dir/pxtapp/core---stm32bluepill/dmac.cpp.o
LOAD CMakeFiles/STM32_BLUE_PILL.dir/pxtapp/core---stm32bluepill/hf2.cpp.o
LOAD CMakeFiles/STM32_BLUE_PILL.dir/pxtapp/core---stm32bluepill/i2c.cpp.o
LOAD CMakeFiles/STM32_BLUE_PILL.dir/pxtapp/core---stm32bluepill/pins.cpp.o
LOAD CMakeFiles/STM32_BLUE_PILL.dir/pxtapp/core---stm32bluepill/pinsAnalog.cpp.o
LOAD CMakeFiles/STM32_BLUE_PILL.dir/pxtapp/core---stm32bluepill/pinsDigital.cpp.o
LOAD CMakeFiles/STM32_BLUE_PILL.dir/pxtapp/core---stm32bluepill/pinsPWM.cpp.o
LOAD CMakeFiles/STM32_BLUE_PILL.dir/pxtapp/core---stm32bluepill/platform.cpp.o
LOAD CMakeFiles/STM32_BLUE_PILL.dir/pxtapp/core---stm32bluepill/spi.cpp.o
LOAD CMakeFiles/STM32_BLUE_PILL.dir/pxtapp/core---stm32bluepill/usb.cpp.o
LOAD CMakeFiles/STM32_BLUE_PILL.dir/pxtapp/main.cpp.o
LOAD CMakeFiles/STM32_BLUE_PILL.dir/pxtapp/pointers.cpp.o
LOAD libcodal-libopencm3.a
LOAD libqfplib.a
LOAD libnewlib.a
LOAD libcodal-core.a
LOAD liblibopencm3.a
LOAD libcocoos.a
LOAD libnano-float.a
LOAD liblogger.a
LOAD libbluepill.a
LOAD libbaseloader.a
LOAD libbootloader.a
LOAD libhal.a
LOAD libadcint.a
LOAD libi2cint.a
LOAD libporting.a
LOAD libsimulator.a
LOAD libspiint.a
LOAD libuartint.a
LOAD libcm.a
LOAD libmodel.a
LOAD libbme280.a
LOAD /usr/local/Cellar/arm-none-eabi-gcc/7-2018-q2-update/gcc/bin/../lib/gcc/arm-none-eabi/7.3.1/../../../../arm-none-eabi/lib/thumb/v7-m/libnosys.a
LOAD /usr/local/Cellar/arm-none-eabi-gcc/7-2018-q2-update/gcc/bin/../lib/gcc/arm-none-eabi/7.3.1/../../../../arm-none-eabi/lib/thumb/v7-m/libstdc++.a
LOAD /usr/local/Cellar/arm-none-eabi-gcc/7-2018-q2-update/gcc/bin/../lib/gcc/arm-none-eabi/7.3.1/../../../../arm-none-eabi/lib/thumb/v7-m/libsupc++.a
LOAD /usr/local/Cellar/arm-none-eabi-gcc/7-2018-q2-update/gcc/bin/../lib/gcc/arm-none-eabi/7.3.1/../../../../arm-none-eabi/lib/thumb/v7-m/libstdc++.a
LOAD /usr/local/Cellar/arm-none-eabi-gcc/7-2018-q2-update/gcc/bin/../lib/gcc/arm-none-eabi/7.3.1/../../../../arm-none-eabi/lib/thumb/v7-m/libsupc++.a
END GROUP
LOAD /usr/local/Cellar/arm-none-eabi-gcc/7-2018-q2-update/gcc/bin/../lib/gcc/arm-none-eabi/7.3.1/thumb/v7-m/libgcc.a
                0x0000000000006c00                _bootrom_size = 0x6c00
                0x0000000000000800                _baseram_size = 0x800
                0x0000000000001000                _bootram_size = 0x1000
                0x0000000000000844                _bootbuf_size = 0x844

.boot_text      0x0000000008000000     0x6468
                0x0000000008000000                _boot_text = .
 *(SORT_BY_ALIGNMENT(.vectors))
 .vectors       0x0000000008000000      0x150 liblibopencm3.a(vector.c.o)
                0x0000000008000000                vector_table
 *(SORT_BY_ALIGNMENT(.base_vectors))
 .base_vectors  0x0000000008000150       0x18 libbaseloader.a(baseloader.c.o)
                0x0000000008000150                base_vector_table
 *libbaseloader.a:(SORT_BY_ALIGNMENT(.text*))
 .text.baseloader_start
                0x0000000008000168      0x380 libbaseloader.a(baseloader.c.o)
                0x0000000008000168                baseloader_start
 .text.baseloader_fetch
                0x00000000080004e8       0xc8 libbaseloader.a(baseloader.c.o)
                0x00000000080004e8                baseloader_fetch
 .text.base_flash_program_array
                0x00000000080005b0       0x10 libbaseloader.a(baseloader.c.o)
                0x00000000080005b0                base_flash_program_array
                0x00000000080005c0                . = ALIGN (0x4)
 *libbaseloader.a:(SORT_BY_ALIGNMENT(.rodata*))
                0x00000000080005c0                . = ALIGN (0x4)
                0x00000000080005c0                _base_etext = .
 *(SORT_BY_ALIGNMENT(.text.blocking_handler*))
 .text.blocking_handler
                0x00000000080005c0        0x4 liblibopencm3.a(vector.c.o)
                0x00000000080005c0                exti0_isr
                0x00000000080005c0                tim7_isr
                0x00000000080005c0                adc1_2_isr
                0x00000000080005c0                tim1_trg_com_isr
                0x00000000080005c0                usb_hp_can_tx_isr
                0x00000000080005c0                tim6_isr
                0x00000000080005c0                usb_wakeup_isr
                0x00000000080005c0                blocking_handler
                0x00000000080005c0                tim5_isr
                0x00000000080005c0                otg_fs_isr
                0x00000000080005c0                spi1_isr
                0x00000000080005c0                exti2_isr
                0x00000000080005c0                dma1_channel6_isr
                0x00000000080005c0                can_rx1_isr
                0x00000000080005c0                dma1_channel5_isr
                0x00000000080005c0                dma2_channel5_isr
                0x00000000080005c0                usart1_isr
                0x00000000080005c0                usage_fault_handler
                0x00000000080005c0                tim8_trg_com_isr
                0x00000000080005c0                can2_rx0_isr
                0x00000000080005c0                tim1_brk_isr
                0x00000000080005c0                can2_rx1_isr
                0x00000000080005c0                tim1_cc_isr
                0x00000000080005c0                sdio_isr
                0x00000000080005c0                eth_isr
                0x00000000080005c0                dma1_channel4_isr
                0x00000000080005c0                tim8_brk_isr
                0x00000000080005c0                dma2_channel4_5_isr
                0x00000000080005c0                pvd_isr
                0x00000000080005c0                rcc_isr
                0x00000000080005c0                flash_isr
                0x00000000080005c0                uart4_isr
                0x00000000080005c0                exti15_10_isr
                0x00000000080005c0                hard_fault_handler
                0x00000000080005c0                exti1_isr
                0x00000000080005c0                i2c1_ev_isr
                0x00000000080005c0                dma2_channel1_isr
                0x00000000080005c0                spi2_isr
                0x00000000080005c0                tim8_up_isr
                0x00000000080005c0                dma2_channel2_isr
                0x00000000080005c0                exti3_isr
                0x00000000080005c0                adc3_isr
                0x00000000080005c0                tim3_isr
                0x00000000080005c0                usart2_isr
                0x00000000080005c0                usb_lp_can_rx0_isr
                0x00000000080005c0                i2c2_er_isr
                0x00000000080005c0                i2c2_ev_isr
                0x00000000080005c0                uart5_isr
                0x00000000080005c0                fsmc_isr
                0x00000000080005c0                dma1_channel1_isr
                0x00000000080005c0                exti4_isr
                0x00000000080005c0                mem_manage_handler
                0x00000000080005c0                can2_tx_isr
                0x00000000080005c0                exti9_5_isr
                0x00000000080005c0                dma2_channel3_isr
                0x00000000080005c0                dma1_channel7_isr
                0x00000000080005c0                tim1_up_isr
                0x00000000080005c0                can2_sce_isr
                0x00000000080005c0                tim4_isr
                0x00000000080005c0                dma1_channel2_isr
                0x00000000080005c0                i2c1_er_isr
                0x00000000080005c0                can_sce_isr
                0x00000000080005c0                tim8_cc_isr
                0x00000000080005c0                tamper_isr
                0x00000000080005c0                eth_wkup_isr
                0x00000000080005c0                bus_fault_handler
                0x00000000080005c0                wwdg_isr
                0x00000000080005c0                dma1_channel3_isr
                0x00000000080005c0                spi3_isr
                0x00000000080005c0                tim2_isr
                0x00000000080005c0                usart3_isr
 *(SORT_BY_ALIGNMENT(.text.null_handler*))
 .text.null_handler
                0x00000000080005c4        0x4 liblibopencm3.a(vector.c.o)
                0x00000000080005c4                null_handler
                0x00000000080005c4                sv_call_handler
                0x00000000080005c4                pend_sv_handler
                0x00000000080005c4                debug_monitor_handler
                0x00000000080005c4                sys_tick_handler
                0x00000000080005c4                nmi_handler
 *(SORT_BY_ALIGNMENT(.text.*_isr))
 .text.target_in_isr
                0x00000000080005c8       0x10 libhal.a(codal_target_hal.cpp.o)
                0x00000000080005c8                target_in_isr
 .text.rtc_isr  0x00000000080005d8       0x30 libbluepill.a(timer.cpp.o)
                0x00000000080005d8                rtc_isr
 .text.rtc_alarm_isr
                0x0000000008000608       0x30 libbluepill.a(timer.cpp.o)
                0x0000000008000608                rtc_alarm_isr
 :*reset_handler*(SORT_BY_ALIGNMENT(.text*))
 .text.reset_handler
                0x0000000008000638      0x134 /Users/Luppy/stm32bluepill-makecode/pxt-maker/libs/stm32bluepill/built/codal/build/libraries/codal-libopencm3/CMakeFiles/hal.dir/stm32/hal/reset_handler.c.o
                0x0000000008000638                reset_handler
 :*codal_target_hal*(SORT_BY_ALIGNMENT(.text*))
 *libhal.a:*codal_target_hal*(SORT_BY_ALIGNMENT(.text*))
 .text._ZL10timer_tickv
                0x000000000800076c       0x80 libhal.a(codal_target_hal.cpp.o)
 .text._ZL11timer_alarmv
                0x00000000080007ec       0x28 libhal.a(codal_target_hal.cpp.o)
 .text.target_wait.part.1
                0x0000000008000814       0x70 libhal.a(codal_target_hal.cpp.o)
 .text.target_init
                0x0000000008000884       0x30 libhal.a(codal_target_hal.cpp.o)
                0x0000000008000884                target_init
 .text.target_wait_for_event
                0x00000000080008b4       0x10 libhal.a(codal_target_hal.cpp.o)
                0x00000000080008b4                target_wait_for_event
 .text.target_wait
                0x00000000080008c4       0x14 libhal.a(codal_target_hal.cpp.o)
                0x00000000080008c4                target_wait
 .text.target_wait_us
                0x00000000080008d8       0x20 libhal.a(codal_target_hal.cpp.o)
                0x00000000080008d8                target_wait_us
 .text.target_reset
                0x00000000080008f8       0x14 libhal.a(codal_target_hal.cpp.o)
                0x00000000080008f8                target_reset
 .text.target_enable_irq
                0x000000000800090c        0x4 libhal.a(codal_target_hal.cpp.o)
                0x000000000800090c                target_enable_irq
 .text.target_disable_irq
                0x0000000008000910        0x4 libhal.a(codal_target_hal.cpp.o)
                0x0000000008000910                target_disable_irq
 .text.target_seed_random
                0x0000000008000914       0x10 libhal.a(codal_target_hal.cpp.o)
                0x0000000008000914                target_seed_random
 .text.target_get_serial
                0x0000000008000924       0x18 libhal.a(codal_target_hal.cpp.o)
                0x0000000008000924                target_get_serial
 .text.target_panic
                0x000000000800093c       0x20 libhal.a(codal_target_hal.cpp.o)
                0x000000000800093c                target_panic
 .text.fiber_initial_stack_base
                0x000000000800095c        0x8 libhal.a(codal_target_hal.cpp.o)
                0x000000000800095c                fiber_initial_stack_base
 .text.tcb_allocate
                0x0000000008000964        0x8 libhal.a(codal_target_hal.cpp.o)
                0x0000000008000964                tcb_allocate
 .text.tcb_configure_lr
                0x000000000800096c        0x4 libhal.a(codal_target_hal.cpp.o)
                0x000000000800096c                tcb_configure_lr
 .text.tcb_configure_sp
                0x0000000008000970        0x4 libhal.a(codal_target_hal.cpp.o)
                0x0000000008000970                tcb_configure_sp
 .text.tcb_configure_stack_base
                0x0000000008000974        0x4 libhal.a(codal_target_hal.cpp.o)
                0x0000000008000974                tcb_configure_stack_base
 .text.tcb_get_stack_base
                0x0000000008000978        0x4 libhal.a(codal_target_hal.cpp.o)
                0x0000000008000978                tcb_get_stack_base
 .text.get_current_sp
                0x000000000800097c        0x4 libhal.a(codal_target_hal.cpp.o)
                0x000000000800097c                get_current_sp
 .text.tcb_get_sp
                0x0000000008000980        0x4 libhal.a(codal_target_hal.cpp.o)
                0x0000000008000980                tcb_get_sp
 .text.tcb_configure_args
                0x0000000008000984        0x8 libhal.a(codal_target_hal.cpp.o)
                0x0000000008000984                tcb_configure_args
 .text.test_codal
                0x000000000800098c       0x70 libhal.a(codal_target_hal.cpp.o)
                0x000000000800098c                test_codal
 .text._fini    0x00000000080009fc        0x4 libhal.a(codal_target_hal.cpp.o)
                0x00000000080009fc                _fini
 .text.__aeabi_atexit
                0x0000000008000a00        0x4 libhal.a(codal_target_hal.cpp.o)
                0x0000000008000a00                __aeabi_atexit
 .text.target_set_tick_callback
                0x0000000008000a04        0xc libhal.a(codal_target_hal.cpp.o)
                0x0000000008000a04                target_set_tick_callback
 .text.target_set_alarm_callback
                0x0000000008000a10        0xc libhal.a(codal_target_hal.cpp.o)
                0x0000000008000a10                target_set_alarm_callback
 .text.target_set_bootloader_callback
                0x0000000008000a1c        0xc libhal.a(codal_target_hal.cpp.o)
                0x0000000008000a1c                target_set_bootloader_callback
 .text.target_enable_debug
                0x0000000008000a28        0x4 libhal.a(codal_target_hal.cpp.o)
                0x0000000008000a28                target_enable_debug
 :*CortexContextSwitch*(SORT_BY_ALIGNMENT(.text*))
 *libhal.a:(SORT_BY_ALIGNMENT(.text*))
 .text          0x0000000008000a2c      0x124 libhal.a(CortexContextSwitch.s.o)
                0x0000000008000a2c                swap_context
                0x0000000008000aae                save_context
                0x0000000008000af2                save_register_context
                0x0000000008000b22                restore_register_context
 *liblibopencm3.a:(SORT_BY_ALIGNMENT(.text*))
 .text.scb_reset_system
                0x0000000008000b50       0x10 liblibopencm3.a(scb.c.o)
                0x0000000008000b50                scb_reset_system
 .text.gpio_set
                0x0000000008000b60        0x4 liblibopencm3.a(gpio_common_all.c.o)
                0x0000000008000b60                gpio_set
 .text.gpio_clear
                0x0000000008000b64        0x8 liblibopencm3.a(gpio_common_all.c.o)
                0x0000000008000b64                gpio_clear
 .text.pwr_disable_backup_domain_write_protect
                0x0000000008000b6c       0x10 liblibopencm3.a(pwr_common_v1.c.o)
                0x0000000008000b6c                pwr_disable_backup_domain_write_protect
 .text.pwr_enable_backup_domain_write_protect
                0x0000000008000b7c       0x10 liblibopencm3.a(pwr_common_v1.c.o)
                0x0000000008000b7c                pwr_enable_backup_domain_write_protect
 .text.rcc_periph_clock_enable
                0x0000000008000b8c       0x1c liblibopencm3.a(rcc_common_all.c.o)
                0x0000000008000b8c                rcc_periph_clock_enable
 .text.rcc_periph_reset_pulse
                0x0000000008000ba8       0x24 liblibopencm3.a(rcc_common_all.c.o)
                0x0000000008000ba8                rcc_periph_reset_pulse
 .text.desig_get_unique_id_as_string
                0x0000000008000bcc       0x70 liblibopencm3.a(desig.c.o)
                0x0000000008000bcc                desig_get_unique_id_as_string
 .text.gpio_set_mode
                0x0000000008000c3c       0x7c liblibopencm3.a(gpio.c.o)
                0x0000000008000c3c                gpio_set_mode
 .text.rcc_is_osc_ready.part.0
                0x0000000008000cb8       0x10 liblibopencm3.a(rcc.c.o)
 .text.rcc_osc_on.part.1
                0x0000000008000cc8       0x10 liblibopencm3.a(rcc.c.o)
 .text.rcc_enable_rtc_clock
                0x0000000008000cd8       0x10 liblibopencm3.a(rcc.c.o)
                0x0000000008000cd8                rcc_enable_rtc_clock
 .text.rcc_set_rtc_clock_source
                0x0000000008000ce8       0x98 liblibopencm3.a(rcc.c.o)
                0x0000000008000ce8                rcc_set_rtc_clock_source
 .text.rcc_clock_setup_in_hse_8mhz_out_72mhz
                0x0000000008000d80       0xcc liblibopencm3.a(rcc.c.o)
                0x0000000008000d80                rcc_clock_setup_in_hse_8mhz_out_72mhz
 .text.st_usbfs_v1_usbd_init
                0x0000000008000e4c       0x34 liblibopencm3.a(st_usbfs_v1.c.o)
 .text.st_usbfs_copy_to_pm
                0x0000000008000e80       0x24 liblibopencm3.a(st_usbfs_v1.c.o)
                0x0000000008000e80                st_usbfs_copy_to_pm
 .text.st_usbfs_copy_from_pm
                0x0000000008000ea4       0x30 liblibopencm3.a(st_usbfs_v1.c.o)
                0x0000000008000ea4                st_usbfs_copy_from_pm
 .text.usbd_init
                0x0000000008000ed4       0x54 liblibopencm3.a(usb.c.o)
                0x0000000008000ed4                usbd_init
 .text.usbd_register_sof_callback
                0x0000000008000f28        0x4 liblibopencm3.a(usb.c.o)
                0x0000000008000f28                usbd_register_sof_callback
 .text._usbd_reset
                0x0000000008000f2c       0x38 liblibopencm3.a(usb.c.o)
                0x0000000008000f2c                _usbd_reset
 .text.usbd_poll
                0x0000000008000f64        0x8 liblibopencm3.a(usb.c.o)
                0x0000000008000f64                usbd_poll
 .text.usbd_ep_setup
                0x0000000008000f6c       0x10 liblibopencm3.a(usb.c.o)
                0x0000000008000f6c                usbd_ep_setup
 .text.usbd_ep_write_packet
                0x0000000008000f7c       0x10 liblibopencm3.a(usb.c.o)
                0x0000000008000f7c                usbd_ep_write_packet
 .text.usbd_ep_read_packet
                0x0000000008000f8c       0x10 liblibopencm3.a(usb.c.o)
                0x0000000008000f8c                usbd_ep_read_packet
 .text.usbd_ep_stall_set
                0x0000000008000f9c        0x8 liblibopencm3.a(usb.c.o)
                0x0000000008000f9c                usbd_ep_stall_set
 .text.usbd_ep_stall_get
                0x0000000008000fa4        0x8 liblibopencm3.a(usb.c.o)
                0x0000000008000fa4                usbd_ep_stall_get
 .text.usbd_ep_nak_set
                0x0000000008000fac        0x8 liblibopencm3.a(usb.c.o)
                0x0000000008000fac                usbd_ep_nak_set
 .text.usb_control_send_chunk
                0x0000000008000fb4       0x54 liblibopencm3.a(usb_control.c.o)
 .text.usb_control_request_dispatch
                0x0000000008001008       0x60 liblibopencm3.a(usb_control.c.o)
 .text.usb_control_setup_read
                0x0000000008001068       0x7c liblibopencm3.a(usb_control.c.o)
 .text.usb_control_recv_chunk
                0x00000000080010e4       0x48 liblibopencm3.a(usb_control.c.o)
 .text.usbd_register_control_callback
                0x000000000800112c       0x30 liblibopencm3.a(usb_control.c.o)
                0x000000000800112c                usbd_register_control_callback
 .text._usbd_control_setup
                0x000000000800115c       0x64 liblibopencm3.a(usb_control.c.o)
                0x000000000800115c                _usbd_control_setup
 .text._usbd_control_out
                0x00000000080011c0       0xa0 liblibopencm3.a(usb_control.c.o)
                0x00000000080011c0                _usbd_control_out
 .text._usbd_control_in
                0x0000000008001260       0x70 liblibopencm3.a(usb_control.c.o)
                0x0000000008001260                _usbd_control_in
 .text.usb_standard_set_configuration
                0x00000000080012d0       0xa4 liblibopencm3.a(usb_standard.c.o)
 .text.usb_standard_get_configuration
                0x0000000008001374       0x2c liblibopencm3.a(usb_standard.c.o)
 .text.usb_standard_get_interface
                0x00000000080013a0       0x3c liblibopencm3.a(usb_standard.c.o)
 .text.usb_standard_device_get_status
                0x00000000080013dc       0x18 liblibopencm3.a(usb_standard.c.o)
 .text.usb_standard_endpoint_get_status
                0x00000000080013f4       0x2c liblibopencm3.a(usb_standard.c.o)
 .text.usb_standard_endpoint_stall
                0x0000000008001420       0x10 liblibopencm3.a(usb_standard.c.o)
 .text.usb_standard_endpoint_unstall
                0x0000000008001430       0x10 liblibopencm3.a(usb_standard.c.o)
 .text.usb_standard_set_address
                0x0000000008001440       0x30 liblibopencm3.a(usb_standard.c.o)
 .text.usb_standard_set_interface
                0x0000000008001470       0x54 liblibopencm3.a(usb_standard.c.o)
 .text.usb_standard_get_descriptor
                0x00000000080014c4      0x294 liblibopencm3.a(usb_standard.c.o)
 .text.usb_standard_interface_get_status
                0x0000000008001758       0x18 liblibopencm3.a(usb_standard.c.o)
 .text.usbd_register_set_config_callback
                0x0000000008001770       0x34 liblibopencm3.a(usb_standard.c.o)
                0x0000000008001770                usbd_register_set_config_callback
 .text._usbd_standard_request_device
                0x00000000080017a4       0x58 liblibopencm3.a(usb_standard.c.o)
                0x00000000080017a4                _usbd_standard_request_device
 .text._usbd_standard_request_endpoint
                0x00000000080017fc       0x40 liblibopencm3.a(usb_standard.c.o)
                0x00000000080017fc                _usbd_standard_request_endpoint
 .text._usbd_standard_request
                0x000000000800183c       0x64 liblibopencm3.a(usb_standard.c.o)
                0x000000000800183c                _usbd_standard_request
 .text.flash_set_ws
                0x00000000080018a0       0x14 liblibopencm3.a(flash_common_all.c.o)
                0x00000000080018a0                flash_set_ws
 .text.st_usbfs_set_address
                0x00000000080018b4       0x10 liblibopencm3.a(st_usbfs_core.c.o)
                0x00000000080018b4                st_usbfs_set_address
 .text.st_usbfs_set_ep_rx_bufsize
                0x00000000080018c4       0x44 liblibopencm3.a(st_usbfs_core.c.o)
                0x00000000080018c4                st_usbfs_set_ep_rx_bufsize
 .text.st_usbfs_ep_setup
                0x0000000008001908      0x118 liblibopencm3.a(st_usbfs_core.c.o)
                0x0000000008001908                st_usbfs_ep_setup
 .text.st_usbfs_endpoints_reset
                0x0000000008001a20       0x48 liblibopencm3.a(st_usbfs_core.c.o)
                0x0000000008001a20                st_usbfs_endpoints_reset
 .text.st_usbfs_ep_stall_set
                0x0000000008001a68       0xc0 liblibopencm3.a(st_usbfs_core.c.o)
                0x0000000008001a68                st_usbfs_ep_stall_set
 .text.st_usbfs_ep_stall_get
                0x0000000008001b28       0x40 liblibopencm3.a(st_usbfs_core.c.o)
                0x0000000008001b28                st_usbfs_ep_stall_get
 .text.st_usbfs_ep_nak_set
                0x0000000008001b68       0x44 liblibopencm3.a(st_usbfs_core.c.o)
                0x0000000008001b68                st_usbfs_ep_nak_set
 .text.st_usbfs_ep_write_packet
                0x0000000008001bac       0x88 liblibopencm3.a(st_usbfs_core.c.o)
                0x0000000008001bac                st_usbfs_ep_write_packet
 .text.st_usbfs_ep_read_packet
                0x0000000008001c34       0xb4 liblibopencm3.a(st_usbfs_core.c.o)
                0x0000000008001c34                st_usbfs_ep_read_packet
 .text.st_usbfs_poll
                0x0000000008001ce8       0xe4 liblibopencm3.a(st_usbfs_core.c.o)
                0x0000000008001ce8                st_usbfs_poll
 .text.nvic_enable_irq
                0x0000000008001dcc       0x1c liblibopencm3.a(nvic.c.o)
                0x0000000008001dcc                nvic_enable_irq
 .text.exti_set_trigger
                0x0000000008001de8       0x50 liblibopencm3.a(exti_common_all.c.o)
                0x0000000008001de8                exti_set_trigger
 .text.exti_enable_request
                0x0000000008001e38       0x1c liblibopencm3.a(exti_common_all.c.o)
                0x0000000008001e38                exti_enable_request
 .text.exti_reset_request
                0x0000000008001e54        0xc liblibopencm3.a(exti_common_all.c.o)
                0x0000000008001e54                exti_reset_request
 .text.rtc_enter_config_mode
                0x0000000008001e60       0x18 liblibopencm3.a(rtc.c.o)
                0x0000000008001e60                rtc_enter_config_mode
 .text.rtc_exit_config_mode
                0x0000000008001e78       0x18 liblibopencm3.a(rtc.c.o)
                0x0000000008001e78                rtc_exit_config_mode
 .text.rtc_set_alarm_time
                0x0000000008001e90       0x40 liblibopencm3.a(rtc.c.o)
                0x0000000008001e90                rtc_set_alarm_time
 .text.rtc_set_prescale_val
                0x0000000008001ed0       0x40 liblibopencm3.a(rtc.c.o)
                0x0000000008001ed0                rtc_set_prescale_val
 .text.rtc_get_counter_val
                0x0000000008001f10       0x18 liblibopencm3.a(rtc.c.o)
                0x0000000008001f10                rtc_get_counter_val
 .text.rtc_set_counter_val
                0x0000000008001f28       0x40 liblibopencm3.a(rtc.c.o)
                0x0000000008001f28                rtc_set_counter_val
 .text.rtc_interrupt_enable
                0x0000000008001f68       0x5c liblibopencm3.a(rtc.c.o)
                0x0000000008001f68                rtc_interrupt_enable
 .text.rtc_interrupt_disable
                0x0000000008001fc4       0x5c liblibopencm3.a(rtc.c.o)
                0x0000000008001fc4                rtc_interrupt_disable
 .text.rtc_clear_flag
                0x0000000008002020       0x34 liblibopencm3.a(rtc.c.o)
                0x0000000008002020                rtc_clear_flag
 .text.rtc_check_flag
                0x0000000008002054       0x30 liblibopencm3.a(rtc.c.o)
                0x0000000008002054                rtc_check_flag
 *libFrameworkLibOpenCM3.a:(SORT_BY_ALIGNMENT(.text*))
 *libcocoos.a:(SORT_BY_ALIGNMENT(.text*))
 .text.os_cbkSleep
                0x0000000008002084        0x4 libcocoos.a(os_cbk.c.o)
                0x0000000008002084                os_cbkSleep
 .text.os_init  0x0000000008002088       0x34 libcocoos.a(os_kernel.c.o)
                0x0000000008002088                os_init
 .text.os_tick  0x00000000080020bc        0x8 libcocoos.a(os_kernel.c.o)
                0x00000000080020bc                os_tick
 .text.os_running
                0x00000000080020c4        0xc libcocoos.a(os_kernel.c.o)
                0x00000000080020c4                os_running
 .text.os_msgQ_init
                0x00000000080020d0       0x24 libcocoos.a(os_msgqueue.c.o)
                0x00000000080020d0                os_msgQ_init
 .text.os_msgQ_tick
                0x00000000080020f4       0x60 libcocoos.a(os_msgqueue.c.o)
                0x00000000080020f4                os_msgQ_tick
 .text.os_sem_init
                0x0000000008002154        0xc libcocoos.a(os_sem.c.o)
                0x0000000008002154                os_sem_init
 .text.os_task_init
                0x0000000008002160       0x44 libcocoos.a(os_task.c.o)
                0x0000000008002160                os_task_init
 .text.os_task_highest_prio_ready_task
                0x00000000080021a4       0x40 libcocoos.a(os_task.c.o)
                0x00000000080021a4                os_task_highest_prio_ready_task
 .text.os_task_tick
                0x00000000080021e4       0x98 libcocoos.a(os_task.c.o)
                0x00000000080021e4                os_task_tick
 .text.os_task_signal_event
                0x000000000800227c       0x74 libcocoos.a(os_task.c.o)
                0x000000000800227c                os_task_signal_event
 .text.os_task_run
                0x00000000080022f0       0x34 libcocoos.a(os_task.c.o)
                0x00000000080022f0                os_task_run
 .text.os_on_assert
                0x0000000008002324       0x28 libcocoos.a(os_assert.c.o)
                0x0000000008002324                os_on_assert
 .text.os_event_init
                0x000000000800234c        0xc libcocoos.a(os_event.c.o)
                0x000000000800234c                os_event_init
 .text.os_signal_event
                0x0000000008002358        0xc libcocoos.a(os_event.c.o)
                0x0000000008002358                os_signal_event
 .text.os_event_set_signaling_tid
                0x0000000008002364       0x10 libcocoos.a(os_event.c.o)
                0x0000000008002364                os_event_set_signaling_tid
 *libcocoOS_?.?.?.a:(SORT_BY_ALIGNMENT(.text*))
 *libgcc.a:(SORT_BY_ALIGNMENT(.text*))
 .text          0x0000000008002374      0x378 /usr/local/Cellar/arm-none-eabi-gcc/7-2018-q2-update/gcc/bin/../lib/gcc/arm-none-eabi/7.3.1/thumb/v7-m/libgcc.a(_arm_addsubdf3.o)
                0x0000000008002374                __aeabi_drsub
                0x000000000800237c                __subdf3
                0x000000000800237c                __aeabi_dsub
                0x0000000008002380                __aeabi_dadd
                0x0000000008002380                __adddf3
                0x00000000080025f8                __aeabi_ui2d
                0x00000000080025f8                __floatunsidf
                0x0000000008002618                __floatsidf
                0x0000000008002618                __aeabi_i2d
                0x000000000800263c                __extendsfdf2
                0x000000000800263c                __aeabi_f2d
                0x0000000008002680                __aeabi_ul2d
                0x0000000008002680                __floatundidf
                0x0000000008002690                __aeabi_l2d
                0x0000000008002690                __floatdidf
 .text          0x00000000080026ec       0xa0 /usr/local/Cellar/arm-none-eabi-gcc/7-2018-q2-update/gcc/bin/../lib/gcc/arm-none-eabi/7.3.1/thumb/v7-m/libgcc.a(_arm_truncdfsf2.o)
                0x00000000080026ec                __aeabi_d2f
                0x00000000080026ec                __truncdfsf2
 .text          0x000000000800278c       0x70 /usr/local/Cellar/arm-none-eabi-gcc/7-2018-q2-update/gcc/bin/../lib/gcc/arm-none-eabi/7.3.1/thumb/v7-m/libgcc.a(_powidf2.o)
                0x000000000800278c                __powidf2
 *libqfplib.a:(SORT_BY_ALIGNMENT(.text*))
 .text          0x00000000080027fc      0x4c8 libqfplib.a(qfplib.S.o)
                0x00000000080028c4                qfp_fsub
                0x00000000080028ca                qfp_fadd
                0x000000000800290c                qfp_fcmp
                0x0000000008002928                qfp_fmul
                0x0000000008002938                qfp_fdiv
                0x000000000800297a                qfp_fdiv_fast
                0x00000000080029ca                qfp_fsqrt_fast
                0x0000000008002a40                qfp_float2int
                0x0000000008002a42                qfp_float2fix
                0x0000000008002a6a                qfp_float2uint
                0x0000000008002a6c                qfp_float2ufix
                0x0000000008002a86                qfp_int2float
                0x0000000008002a88                qfp_fix2float
                0x0000000008002a92                qfp_uint2float
                0x0000000008002a94                qfp_ufix2float
                0x0000000008002b2a                qfp_fsin
                0x0000000008002b6c                qfp_fcos
                0x0000000008002b76                qfp_ftan
                0x0000000008002b7e                qfp_fexp
                0x0000000008002bae                qfp_fsqrt
                0x0000000008002be8                qfp_fln
                0x0000000008002c0c                qfp_fatan2
 *libnano-float.a:(SORT_BY_ALIGNMENT(.text*))
 *fill*         0x0000000008002cc4        0x4 
 .text.acos     0x0000000008002cc8       0xcc libnano-float.a(functions.c.o)
                0x0000000008002cc8                acos
 .text.__wrap___aeabi_ddiv
                0x0000000008002d94       0x30 libnano-float.a(functions.c.o)
                0x0000000008002d94                __wrap___aeabi_ddiv
 .text.__wrap___aeabi_dmul
                0x0000000008002dc4       0x30 libnano-float.a(functions.c.o)
                0x0000000008002dc4                __wrap___aeabi_dmul
 .text.__wrap___aeabi_dadd
                0x0000000008002df4       0x30 libnano-float.a(functions.c.o)
                0x0000000008002df4                __wrap___aeabi_dadd
 .text.__wrap___aeabi_dsub
                0x0000000008002e24       0x30 libnano-float.a(functions.c.o)
                0x0000000008002e24                __wrap___aeabi_dsub
 .text.__wrap___aeabi_dcmpeq
                0x0000000008002e54       0x34 libnano-float.a(functions.c.o)
                0x0000000008002e54                __wrap___aeabi_dcmpeq
 .text.__wrap___aeabi_dcmplt
                0x0000000008002e88       0x30 libnano-float.a(functions.c.o)
                0x0000000008002e88                __wrap___aeabi_dcmplt
 .text.__wrap___aeabi_dcmple
                0x0000000008002eb8       0x34 libnano-float.a(functions.c.o)
                0x0000000008002eb8                __wrap___aeabi_dcmple
 .text.__wrap___aeabi_dcmpge
                0x0000000008002eec       0x30 libnano-float.a(functions.c.o)
                0x0000000008002eec                __wrap___aeabi_dcmpge
 .text.__wrap___aeabi_dcmpgt
                0x0000000008002f1c       0x34 libnano-float.a(functions.c.o)
                0x0000000008002f1c                __wrap___aeabi_dcmpgt
 .text.__wrap___aeabi_dcmpun
                0x0000000008002f50       0x34 libnano-float.a(functions.c.o)
                0x0000000008002f50                __wrap___aeabi_dcmpun
 .text.__wrap___aeabi_d2iz
                0x0000000008002f84       0x2c libnano-float.a(functions.c.o)
                0x0000000008002f84                __wrap___aeabi_d2iz
 .text.__wrap___aeabi_d2uiz
                0x0000000008002fb0       0x38 libnano-float.a(functions.c.o)
                0x0000000008002fb0                __wrap___aeabi_d2uiz
 .text.sqrt     0x0000000008002fe8       0x1c libnano-float.a(functions.c.o)
                0x0000000008002fe8                sqrt
 .text.log      0x0000000008003004       0x1c libnano-float.a(functions.c.o)
                0x0000000008003004                log
 .text.exp      0x0000000008003020       0x1c libnano-float.a(functions.c.o)
                0x0000000008003020                exp
 .text.log2     0x000000000800303c       0x28 libnano-float.a(functions.c.o)
                0x000000000800303c                log2
 .text.log10    0x0000000008003064       0x28 libnano-float.a(functions.c.o)
                0x0000000008003064                log10
 .text.pow      0x000000000800308c       0x8c libnano-float.a(functions.c.o)
                0x000000000800308c                pow
 .text.sin      0x0000000008003118       0x1c libnano-float.a(functions.c.o)
                0x0000000008003118                sin
 .text.cos      0x0000000008003134       0x34 libnano-float.a(functions.c.o)
                0x0000000008003134                cos
 .text.tan      0x0000000008003168       0x1c libnano-float.a(functions.c.o)
                0x0000000008003168                tan
 .text.atan2    0x0000000008003184       0x54 libnano-float.a(functions.c.o)
                0x0000000008003184                atan2
 .text.atan     0x00000000080031d8       0xb0 libnano-float.a(functions.c.o)
                0x00000000080031d8                atan
 .text.asin     0x0000000008003288       0x94 libnano-float.a(functions.c.o)
                0x0000000008003288                asin
 .text.sinh     0x000000000800331c       0xa8 libnano-float.a(functions.c.o)
                0x000000000800331c                sinh
 .text.cosh     0x00000000080033c4       0xa4 libnano-float.a(functions.c.o)
                0x00000000080033c4                cosh
 .text.tanh     0x0000000008003468       0xb8 libnano-float.a(functions.c.o)
                0x0000000008003468                tanh
 .text.asinh    0x0000000008003520       0xa4 libnano-float.a(functions.c.o)
                0x0000000008003520                asinh
 .text.acosh    0x00000000080035c4       0xac libnano-float.a(functions.c.o)
                0x00000000080035c4                acosh
 .text.atanh    0x0000000008003670       0xc8 libnano-float.a(functions.c.o)
                0x0000000008003670                atanh
 .text.trunc    0x0000000008003738       0x8c libnano-float.a(functions.c.o)
                0x0000000008003738                trunc
 .text.floor    0x00000000080037c4       0x88 libnano-float.a(functions.c.o)
                0x00000000080037c4                floor
 .text.ceil     0x000000000800384c       0x88 libnano-float.a(functions.c.o)
                0x000000000800384c                ceil
 .text.fmod     0x00000000080038d4      0x13c libnano-float.a(functions.c.o)
                0x00000000080038d4                fmod
 *libnewlib.a:(SORT_BY_ALIGNMENT(.text*))
 .text._strtol_l.isra.0
                0x0000000008003a10       0xec libnewlib.a(strtol.c.o)
 .text.strtol   0x0000000008003afc       0x14 libnewlib.a(strtol.c.o)
                0x0000000008003afc                strtol
 .text.memcpy   0x0000000008003b10       0x1c libnewlib.a(memcpy-stub.c.o)
                0x0000000008003b10                memcpy
 .text          0x0000000008003b2c       0x14 libnewlib.a(strcmp.S.o)
                0x0000000008003b2c                strcmp
 .text          0x0000000008003b40       0x10 libnewlib.a(strlen.S.o)
                0x0000000008003b40                strlen
 .text.memcmp   0x0000000008003b50       0x1e libnewlib.a(memcmp.c.o)
                0x0000000008003b50                memcmp
 .text.memmove  0x0000000008003b6e       0x32 libnewlib.a(memmove.c.o)
                0x0000000008003b6e                memmove
 .text.memset   0x0000000008003ba0       0x10 libnewlib.a(memset.c.o)
                0x0000000008003ba0                memset
 .text.strstr   0x0000000008003bb0       0x2e libnewlib.a(strstr.c.o)
                0x0000000008003bb0                strstr
 .text.strncpy  0x0000000008003bde       0x2a libnewlib.a(strncpy.c.o)
                0x0000000008003bde                strncpy
 *liblogger.a:(SORT_BY_ALIGNMENT(.text*))
 .text._ZL12debug_appendPKcj
                0x0000000008003c08       0x58 liblogger.a(logger.cpp.o)
 .text._Z20debug_flush_internalb.part.2
                0x0000000008003c60       0x70 liblogger.a(logger.cpp.o)
 .text.debug_print.part.3
                0x0000000008003cd0       0x14 liblogger.a(logger.cpp.o)
 .text.enable_log
                0x0000000008003ce4        0x4 liblogger.a(logger.cpp.o)
                0x0000000008003ce4                enable_log
 .text.logger_add_output
                0x0000000008003ce8       0x4c liblogger.a(logger.cpp.o)
                0x0000000008003ce8                logger_add_output
 .text.debug_flush
                0x0000000008003d34       0x14 liblogger.a(logger.cpp.o)
                0x0000000008003d34                debug_flush
 .text.debug_force_flush
                0x0000000008003d48       0x28 liblogger.a(logger.cpp.o)
                0x0000000008003d48                debug_force_flush
 .text._Z11debug_printj
                0x0000000008003d70       0x88 liblogger.a(logger.cpp.o)
                0x0000000008003d70                debug_print(unsigned int)
 .text._Z11debug_printi
                0x0000000008003df8       0x30 liblogger.a(logger.cpp.o)
                0x0000000008003df8                debug_print(int)
 .text.debug_print
                0x0000000008003e28        0xc liblogger.a(logger.cpp.o)
                0x0000000008003e28                debug_print
 .text.debug_println
                0x0000000008003e34       0x1c liblogger.a(logger.cpp.o)
                0x0000000008003e34                debug_println
 .text._Z13debug_printlni
                0x0000000008003e50       0x18 liblogger.a(logger.cpp.o)
                0x0000000008003e50                debug_println(int)
 .text.debug_print_int
                0x0000000008003e68        0x4 liblogger.a(logger.cpp.o)
                0x0000000008003e68                debug_print_int
 .text.debug_print_unsigned
                0x0000000008003e6c        0x4 liblogger.a(logger.cpp.o)
                0x0000000008003e6c                debug_print_unsigned
 .text.debug_printhex
                0x0000000008003e70       0x48 liblogger.a(logger.cpp.o)
                0x0000000008003e70                debug_printhex
 .text.debug_printhex_unsigned
                0x0000000008003eb8       0x24 liblogger.a(logger.cpp.o)
                0x0000000008003eb8                debug_printhex_unsigned
 *libbluepill.a:(SORT_BY_ALIGNMENT(.text*))
 .text.platform_setup
                0x0000000008003edc       0x4c libbluepill.a(bluepill.cpp.o)
                0x0000000008003edc                platform_setup
 .text.enable_debug
                0x0000000008003f28       0x10 libbluepill.a(bluepill.cpp.o)
                0x0000000008003f28                enable_debug
 .text.__cxa_pure_virtual
                0x0000000008003f38        0x8 libbluepill.a(bluepill.cpp.o)
                0x0000000008003f38                __cxa_pure_virtual
 .text._Znwj    0x0000000008003f40        0x4 libbluepill.a(bluepill.cpp.o)
                0x0000000008003f40                operator new(unsigned int)
 .text._ZdlPv   0x0000000008003f44        0x4 libbluepill.a(bluepill.cpp.o)
                0x0000000008003f44                operator delete(void*)
 .text.led_setup
                0x0000000008003f48       0x20 libbluepill.a(led.cpp.o)
                0x0000000008003f48                led_setup
 .text.led_on   0x0000000008003f68       0x10 libbluepill.a(led.cpp.o)
                0x0000000008003f68                led_on
 .text.led_off  0x0000000008003f78       0x10 libbluepill.a(led.cpp.o)
                0x0000000008003f78                led_off
 .text.led_wait
                0x0000000008003f88       0x10 libbluepill.a(led.cpp.o)
                0x0000000008003f88                led_wait
 .text.platform_start_timer
                0x0000000008003f98      0x11c libbluepill.a(timer.cpp.o)
                0x0000000008003f98                platform_start_timer
 .text.platform_set_alarm
                0x00000000080040b4       0x34 libbluepill.a(timer.cpp.o)
                0x00000000080040b4                platform_set_alarm
 .text.millis   0x00000000080040e8        0x4 libbluepill.a(timer.cpp.o)
                0x00000000080040e8                millis
 *libbootloader.a:(SORT_BY_ALIGNMENT(.text*))
 .text.poll_restart_callback
                0x00000000080040ec       0x20 libbootloader.a(bootloader.c.o)
                0x00000000080040ec                poll_restart_callback
 .text.bootloader_poll
                0x000000000800410c       0x34 libbootloader.a(bootloader.c.o)
                0x000000000800410c                bootloader_poll
 .text.bootloader_start
                0x0000000008004140      0x23c libbootloader.a(bootloader.c.o)
                0x0000000008004140                bootloader_start
 .text.bootloader_set_restart_callback
                0x000000000800437c        0xc libbootloader.a(bootloader.c.o)
                0x000000000800437c                bootloader_set_restart_callback
 .text.hf2_connected
                0x0000000008004388       0x10 libbootloader.a(usb_conf.c.o)
 .text.usb_cdc_transmit
                0x0000000008004398       0x30 libbootloader.a(usb_conf.c.o)
 .text.sof_callback
                0x00000000080043c8       0x10 libbootloader.a(usb_conf.c.o)
 .text.cdc_connected
                0x00000000080043d8       0x1c libbootloader.a(usb_conf.c.o)
 .text.set_aggregate_callback
                0x00000000080043f4       0x50 libbootloader.a(usb_conf.c.o)
 .text.usb_setup
                0x0000000008004444       0xac libbootloader.a(usb_conf.c.o)
                0x0000000008004444                usb_setup
 .text.get_usb_status
                0x00000000080044f0       0x2c libbootloader.a(usb_conf.c.o)
                0x00000000080044f0                get_usb_status
 .text.aggregate_register_config_callback
                0x000000000800451c       0x3c libbootloader.a(usb_conf.c.o)
                0x000000000800451c                aggregate_register_config_callback
 .text.aggregate_register_callback
                0x0000000008004558       0x50 libbootloader.a(usb_conf.c.o)
                0x0000000008004558                aggregate_register_callback
 .text.usb_set_serial_number
                0x00000000080045a8       0x1c libbootloader.a(usb_conf.c.o)
                0x00000000080045a8                usb_set_serial_number
 .text.dump_buffer
                0x00000000080045c4       0x50 libbootloader.a(usb_conf.c.o)
                0x00000000080045c4                dump_buffer
 .text.dump_usb_request
                0x0000000008004614      0x178 libbootloader.a(usb_conf.c.o)
                0x0000000008004614                dump_usb_request
 .text.aggregate_callback
                0x000000000800478c       0xc0 libbootloader.a(usb_conf.c.o)
 .text.webusb_set_config
                0x000000000800484c       0x28 libbootloader.a(webusb.c.o)
 .text.webusb_control_vendor_request
                0x0000000008004874       0xa4 libbootloader.a(webusb.c.o)
 .text.webusb_setup
                0x0000000008004918       0x50 libbootloader.a(webusb.c.o)
                0x0000000008004918                webusb_setup
 .text.winusb_control_vendor_request
                0x0000000008004968       0x9c libbootloader.a(winusb.c.o)
 .text.winusb_set_config
                0x0000000008004a04       0x28 libbootloader.a(winusb.c.o)
 .text.winusb_descriptor_request
                0x0000000008004a2c       0x48 libbootloader.a(winusb.c.o)
 .text.winusb_setup
                0x0000000008004a74       0x5c libbootloader.a(winusb.c.o)
                0x0000000008004a74                winusb_setup
 .text.boot_target_get_startup_mode.part.0
                0x0000000008004ad0       0xf0 libbootloader.a(target_stm32f103.c.o)
 .text.boot_target_get_startup_mode
                0x0000000008004bc0       0x10 libbootloader.a(target_stm32f103.c.o)
                0x0000000008004bc0                boot_target_get_startup_mode
 .text.boot_target_set_led
                0x0000000008004bd0       0x18 libbootloader.a(target_stm32f103.c.o)
                0x0000000008004bd0                boot_target_set_led
 .text.boot_target_gpio_setup
                0x0000000008004be8       0x70 libbootloader.a(target_stm32f103.c.o)
                0x0000000008004be8                boot_target_gpio_setup
 .text.boot_target_usb_init
                0x0000000008004c58       0x2c libbootloader.a(target_stm32f103.c.o)
                0x0000000008004c58                boot_target_usb_init
 .text.boot_target_set_restart_callback
                0x0000000008004c84       0x24 libbootloader.a(target_stm32f103.c.o)
                0x0000000008004c84                boot_target_set_restart_callback
 .text.boot_target_manifest_app
                0x0000000008004ca8       0x20 libbootloader.a(target_stm32f103.c.o)
                0x0000000008004ca8                boot_target_manifest_app
 .text.boot_target_manifest_bootloader
                0x0000000008004cc8       0x20 libbootloader.a(target_stm32f103.c.o)
                0x0000000008004cc8                boot_target_manifest_bootloader
 .text.boot_target_get_serial_number
                0x0000000008004ce8        0x8 libbootloader.a(target_stm32f103.c.o)
                0x0000000008004ce8                boot_target_get_serial_number
 .text.cdcacm_comm_cb
                0x0000000008004cf0        0xc libbootloader.a(cdc.c.o)
 .text.cdcacm_set_config
                0x0000000008004cfc       0x68 libbootloader.a(cdc.c.o)
 .text.cdcacm_control_request
                0x0000000008004d64       0x64 libbootloader.a(cdc.c.o)
 .text.cdcadm_transmit
                0x0000000008004dc8       0x54 libbootloader.a(cdc.c.o)
                0x0000000008004dc8                cdcadm_transmit
 .text.cdcacm_data_rx_cb
                0x0000000008004e1c       0x4c libbootloader.a(cdc.c.o)
 .text.cdc_setup
                0x0000000008004e68       0x2c libbootloader.a(cdc.c.o)
                0x0000000008004e68                cdc_setup
 .text.hf2_set_config
                0x0000000008004e94       0x40 libbootloader.a(hf2.c.o)
 .text.pokeSend
                0x0000000008004ed4       0xdc libbootloader.a(hf2.c.o)
 .text.assert.part.0
                0x0000000008004fb0       0x18 libbootloader.a(hf2.c.o)
 .text.hf2_data_rx_cb
                0x0000000008004fc8      0x590 libbootloader.a(hf2.c.o)
 .text.hf2_data_tx_cb
                0x0000000008005558       0x50 libbootloader.a(hf2.c.o)
 .text.hf2_setup
                0x00000000080055a8       0x84 libbootloader.a(hf2.c.o)
                0x00000000080055a8                hf2_setup
 .text.usb21_set_config
                0x000000000800562c       0x28 libbootloader.a(usb21_standard.c.o)
 .text.usb21_standard_get_descriptor
                0x0000000008005654       0xe0 libbootloader.a(usb21_standard.c.o)
 .text.usb21_setup
                0x0000000008005734       0x38 libbootloader.a(usb21_standard.c.o)
                0x0000000008005734                usb21_setup
 .text.backup_write
                0x000000000800576c       0x38 libbootloader.a(backup.c.o)
                0x000000000800576c                backup_write
 .text.backup_read
                0x00000000080057a4       0x18 libbootloader.a(backup.c.o)
                0x00000000080057a4                backup_read
 .text.flash_flush
                0x00000000080057bc       0x98 libbootloader.a(ghostfat.c.o)
                0x00000000080057bc                flash_flush
 .text.flash_write
                0x0000000008005854       0x48 libbootloader.a(ghostfat.c.o)
                0x0000000008005854                flash_write
                0x000000000800589c                . = ALIGN (0x4)
 *(SORT_BY_ALIGNMENT(.rodata.blocking_handler*))
 *(SORT_BY_ALIGNMENT(.rodata.null_handler*))
 *(SORT_BY_ALIGNMENT(.rodata.*_isr))
 :*reset_handler*(SORT_BY_ALIGNMENT(.rodata*))
 .rodata.reset_handler.str1.4
                0x000000000800589c       0x37 /Users/Luppy/stm32bluepill-makecode/pxt-maker/libs/stm32bluepill/built/codal/build/libraries/codal-libopencm3/CMakeFiles/hal.dir/stm32/hal/reset_handler.c.o
 :*codal_target_hal*(SORT_BY_ALIGNMENT(.rodata*))
 *libhal.a:*codal_target_hal*(SORT_BY_ALIGNMENT(.rodata*))
 *fill*         0x00000000080058d3        0x1 
 .rodata._ZL10timer_tickv.str1.4
                0x00000000080058d4        0x7 libhal.a(codal_target_hal.cpp.o)
 *fill*         0x00000000080058db        0x1 
 .rodata._ZL11timer_alarmv.str1.4
                0x00000000080058dc        0x4 libhal.a(codal_target_hal.cpp.o)
 .rodata.target_get_serial.str1.4
                0x00000000080058e0       0x16 libhal.a(codal_target_hal.cpp.o)
 *fill*         0x00000000080058f6        0x2 
 .rodata.target_panic.str1.4
                0x00000000080058f8       0x13 libhal.a(codal_target_hal.cpp.o)
 *fill*         0x000000000800590b        0x1 
 .rodata.target_reset.str1.4
                0x000000000800590c       0x11 libhal.a(codal_target_hal.cpp.o)
 *fill*         0x000000000800591d        0x3 
 .rodata.target_seed_random.str1.4
                0x0000000008005920       0x17 libhal.a(codal_target_hal.cpp.o)
 *fill*         0x0000000008005937        0x1 
 .rodata.target_wait.part.1.str1.4
                0x0000000008005938        0xb libhal.a(codal_target_hal.cpp.o)
 *fill*         0x0000000008005943        0x1 
 .rodata.test_codal.str1.4
                0x0000000008005944       0x3c libhal.a(codal_target_hal.cpp.o)
 :*CortexContextSwitch*(SORT_BY_ALIGNMENT(.rodata*))
 *libhal.a:(SORT_BY_ALIGNMENT(.rodata*))
 *liblibopencm3.a:(SORT_BY_ALIGNMENT(.rodata*))
 .rodata.desig_get_unique_id_as_string.str1.4
                0x0000000008005980       0x11 liblibopencm3.a(desig.c.o)
 *fill*         0x0000000008005991        0x3 
 .rodata.st_usbfs_v1_usb_driver
                0x0000000008005994       0x34 liblibopencm3.a(st_usbfs_v1.c.o)
                0x0000000008005994                st_usbfs_v1_usb_driver
 *libFrameworkLibOpenCM3.a:(SORT_BY_ALIGNMENT(.rodata*))
 *libcocoos.a:(SORT_BY_ALIGNMENT(.rodata*))
 .rodata.os_on_assert.str1.4
                0x00000000080059c8       0x1a libcocoos.a(os_assert.c.o)
 *libcocoOS_?.?.?.a:(SORT_BY_ALIGNMENT(.rodata*))
 *libgcc.a:(SORT_BY_ALIGNMENT(.rodata*))
 *libqfplib.a:(SORT_BY_ALIGNMENT(.rodata*))
 *libnano-float.a:(SORT_BY_ALIGNMENT(.rodata*))
 *libnewlib.a:(SORT_BY_ALIGNMENT(.rodata*))
 .rodata._ctype_
                0x00000000080059e2      0x101 libnewlib.a(ctype_.c.o)
                0x00000000080059e2                _ctype_
 *liblogger.a:(SORT_BY_ALIGNMENT(.rodata*))
 *fill*         0x0000000008005ae3        0x1 
 .rodata._Z11debug_printi.str1.4
                0x0000000008005ae4        0x6 liblogger.a(logger.cpp.o)
 *fill*         0x0000000008005aea        0x2 
 .rodata._Z11debug_printj.str1.4
                0x0000000008005aec        0xb liblogger.a(logger.cpp.o)
 *fill*         0x0000000008005af7        0x1 
 .rodata._ZL12debug_appendPKcj.str1.4
                0x0000000008005af8        0xa liblogger.a(logger.cpp.o)
 *fill*         0x0000000008005b02        0x2 
 .rodata.debug_println.str1.4
                0x0000000008005b04        0x3 liblogger.a(logger.cpp.o)
 *libbluepill.a:(SORT_BY_ALIGNMENT(.rodata*))
 *fill*         0x0000000008005b07        0x1 
 .rodata.platform_setup.str1.4
                0x0000000008005b08       0x13 libbluepill.a(bluepill.cpp.o)
 *fill*         0x0000000008005b1b        0x1 
 .rodata.platform_set_alarm.str1.4
                0x0000000008005b1c        0x6 libbluepill.a(timer.cpp.o)
 *fill*         0x0000000008005b22        0x2 
 .rodata.platform_start_timer.str1.4
                0x0000000008005b24       0x38 libbluepill.a(timer.cpp.o)
                                         0x35 (size before relaxing)
 *libbootloader.a:(SORT_BY_ALIGNMENT(.rodata*))
 .rodata.bootloader_start.str1.4
                0x0000000008005b5c       0xc1 libbootloader.a(bootloader.c.o)
                                         0xc5 (size before relaxing)
 *fill*         0x0000000008005c1d        0x3 
 .rodata.poll_restart_callback.str1.4
                0x0000000008005c20       0x11 libbootloader.a(bootloader.c.o)
 *fill*         0x0000000008005c31        0x3 
 .rodata.aggregate_callback.str1.4
                0x0000000008005c34        0xc libbootloader.a(usb_conf.c.o)
 .rodata.aggregate_register_callback.str1.4
                0x0000000008005c40       0x26 libbootloader.a(usb_conf.c.o)
 *fill*         0x0000000008005c66        0x2 
 .rodata.aggregate_register_config_callback.str1.4
                0x0000000008005c68       0x25 libbootloader.a(usb_conf.c.o)
 *fill*         0x0000000008005c8d        0x3 
 .rodata.bos_descriptor
                0x0000000008005c90        0x9 libbootloader.a(usb_conf.c.o)
 *fill*         0x0000000008005c99        0x3 
 .rodata.cdc_iface_assoc
                0x0000000008005c9c        0x8 libbootloader.a(usb_conf.c.o)
 .rodata.cdcacm_functional_descriptors
                0x0000000008005ca4       0x13 libbootloader.a(usb_conf.c.o)
 *fill*         0x0000000008005cb7        0x1 
 .rodata.comm_endp
                0x0000000008005cb8        0xf libbootloader.a(usb_conf.c.o)
 *fill*         0x0000000008005cc7        0x1 
 .rodata.comm_iface
                0x0000000008005cc8       0x15 libbootloader.a(usb_conf.c.o)
 *fill*         0x0000000008005cdd        0x3 
 .rodata.config
                0x0000000008005ce0        0xd libbootloader.a(usb_conf.c.o)
 *fill*         0x0000000008005ced        0x3 
 .rodata.data_endp
                0x0000000008005cf0       0x1e libbootloader.a(usb_conf.c.o)
 *fill*         0x0000000008005d0e        0x2 
 .rodata.data_iface
                0x0000000008005d10       0x15 libbootloader.a(usb_conf.c.o)
 *fill*         0x0000000008005d25        0x3 
 .rodata.dev    0x0000000008005d28       0x12 libbootloader.a(usb_conf.c.o)
 *fill*         0x0000000008005d3a        0x2 
 .rodata.dump_buffer.str1.4
                0x0000000008005d3c        0x4 libbootloader.a(usb_conf.c.o)
                                          0x9 (size before relaxing)
 .rodata.dump_usb_request.str1.4
                0x0000000008005d40       0x88 libbootloader.a(usb_conf.c.o)
                                         0x90 (size before relaxing)
 .rodata.hf2_endp
                0x0000000008005dc8       0x1e libbootloader.a(usb_conf.c.o)
 *fill*         0x0000000008005de6        0x2 
 .rodata.hf2_iface
                0x0000000008005de8       0x15 libbootloader.a(usb_conf.c.o)
 *fill*         0x0000000008005dfd        0x3 
 .rodata.interfaces
                0x0000000008005e00       0x30 libbootloader.a(usb_conf.c.o)
 .rodata.set_aggregate_callback.str1.4
                0x0000000008005e30       0x29 libbootloader.a(usb_conf.c.o)
 .rodata.set_usb_busy.str1.4
                0x0000000008005e59       0x29 libbootloader.a(usb_conf.c.o)
                                          0x2 (size before relaxing)
 *fill*         0x0000000008005e59        0x3 
 .rodata.str1.4
                0x0000000008005e5c       0x86 libbootloader.a(usb_conf.c.o)
 *fill*         0x0000000008005ee2        0x2 
 .rodata.usb_setup.str1.4
                0x0000000008005ee4       0x31 libbootloader.a(usb_conf.c.o)
 *fill*         0x0000000008005f15        0x3 
 .rodata.webusb_control_vendor_request.str1.4
                0x0000000008005f18       0x3f libbootloader.a(webusb.c.o)
                                         0x43 (size before relaxing)
 *fill*         0x0000000008005f57        0x1 
 .rodata.webusb_platform_capability_descriptor
                0x0000000008005f58       0x18 libbootloader.a(webusb.c.o)
                0x0000000008005f58                webusb_platform_capability_descriptor
 .rodata.webusb_set_config.str1.4
                0x0000000008005f70       0x1d libbootloader.a(webusb.c.o)
 *fill*         0x0000000008005f8d        0x3 
 .rodata.webusb_setup.str1.4
                0x0000000008005f90       0x18 libbootloader.a(webusb.c.o)
 .rodata.guid   0x0000000008005fa8       0x92 libbootloader.a(winusb.c.o)
 *fill*         0x000000000800603a        0x2 
 .rodata.microsoft_platform_capability_descriptor
                0x000000000800603c       0x1c libbootloader.a(winusb.c.o)
                0x000000000800603c                microsoft_platform_capability_descriptor
 .rodata.winusb_control_vendor_request.str1.4
                0x0000000008006058       0x17 libbootloader.a(winusb.c.o)
 *fill*         0x000000000800606f        0x1 
 .rodata.winusb_descriptor_request.str1.4
                0x0000000008006070        0x6 libbootloader.a(winusb.c.o)
 *fill*         0x0000000008006076        0x2 
 .rodata.winusb_set_config.str1.4
                0x0000000008006078       0x1d libbootloader.a(winusb.c.o)
 *fill*         0x0000000008006095        0x3 
 .rodata.winusb_setup.str1.4
                0x0000000008006098       0x18 libbootloader.a(winusb.c.o)
 .rodata.winusb_string_descriptor
                0x00000000080060b0       0x12 libbootloader.a(winusb.c.o)
 *fill*         0x00000000080060c2        0x2 
 .rodata.boot_target_get_startup_mode.part.0.str1.4
                0x00000000080060c4       0x81 libbootloader.a(target_stm32f103.c.o)
                                         0x85 (size before relaxing)
 *fill*         0x0000000008006145        0x3 
 .rodata.boot_target_manifest_app.str1.4
                0x0000000008006148        0x9 libbootloader.a(target_stm32f103.c.o)
 *fill*         0x0000000008006151        0x3 
 .rodata.boot_target_manifest_bootloader.str1.4
                0x0000000008006154       0x10 libbootloader.a(target_stm32f103.c.o)
 .rodata.boot_target_set_restart_callback.str1.4
                0x0000000008006164       0x16 libbootloader.a(target_stm32f103.c.o)
 *fill*         0x000000000800617a        0x2 
 .rodata.cdc_setup.str1.4
                0x000000000800617c       0x15 libbootloader.a(cdc.c.o)
 *fill*         0x0000000008006191        0x3 
 .rodata.cdcacm_comm_cb.str1.4
                0x0000000008006194        0x5 libbootloader.a(cdc.c.o)
 *fill*         0x0000000008006199        0x3 
 .rodata.cdcacm_control_request.str1.4
                0x000000000800619c       0x28 libbootloader.a(cdc.c.o)
                                         0x31 (size before relaxing)
 .rodata.cdcacm_set_config.str1.4
                0x00000000080061c4       0x1d libbootloader.a(cdc.c.o)
 *fill*         0x00000000080061e1        0x3 
 .rodata.line_coding
                0x00000000080061e4        0x7 libbootloader.a(cdc.c.o)
 *fill*         0x00000000080061eb        0x1 
 .rodata.assert.part.0.str1.4
                0x00000000080061ec        0xc libbootloader.a(hf2.c.o)
 .rodata.bad_packet_message
                0x00000000080061f8        0xb libbootloader.a(hf2.c.o)
 *fill*         0x0000000008006203        0x1 
 .rodata.hf2_data_rx_cb.str1.4
                0x0000000008006204      0x144 libbootloader.a(hf2.c.o)
                                        0x14c (size before relaxing)
 .rodata.hf2_set_config.str1.4
                0x0000000008006348        0xf libbootloader.a(hf2.c.o)
 *fill*         0x0000000008006357        0x1 
 .rodata.hf2_setup.str1.4
                0x0000000008006358       0x2d libbootloader.a(hf2.c.o)
 *fill*         0x0000000008006385        0x3 
 .rodata.pokeSend.str1.4
                0x0000000008006388       0x10 libbootloader.a(hf2.c.o)
                                         0x11 (size before relaxing)
 .rodata.usb21_set_config.str1.4
                0x0000000008006398       0x1c libbootloader.a(usb21_standard.c.o)
 .rodata.usb21_setup.str1.4
                0x00000000080063b4       0x17 libbootloader.a(usb21_standard.c.o)
 *fill*         0x00000000080063cb        0x1 
 .rodata.usb21_standard_get_descriptor.str1.4
                0x00000000080063cc       0x24 libbootloader.a(usb21_standard.c.o)
 .rodata.flash_flush.str1.4
                0x00000000080063f0       0x1d libbootloader.a(ghostfat.c.o)
                                         0x25 (size before relaxing)
 *fill*         0x000000000800640d        0x3 
 .rodata.infoUf2File
                0x0000000008006410       0x55 libbootloader.a(ghostfat.c.o)
                0x0000000008006410                infoUf2File
                0x0000000008006468                . = ALIGN (0x4)
 *fill*         0x0000000008006465        0x3 
                0x0000000008006468                _boot_etext = .

.text           0x0000000008006c00     0x66d8
                0x0000000008006c00                . = ALIGN (0x4)
                0x0000000008006c00                _text = .
 *(SORT_BY_ALIGNMENT(.text.application_start))
 .text.application_start
                0x0000000008006c00      0x118 libcm.a(application.cpp.o)
                0x0000000008006c00                application_start
 *(SORT_BY_ALIGNMENT(.text.main))
 *(SORT_BY_ALIGNMENT(.text.startup.main))
 .text.startup.main
                0x0000000008006d18        0xc CMakeFiles/STM32_BLUE_PILL.dir/pxtapp/main.cpp.o
                0x0000000008006d18                main
 *(SORT_BY_ALIGNMENT(.text*))
 *fill*         0x0000000008006d24        0x4 
 .text._ZN6numops5mycvtEdPc
                0x0000000008006d28      0x174 CMakeFiles/STM32_BLUE_PILL.dir/pxtapp/base/core.cpp.o
                0x0000000008006d28                numops::mycvt(double, char*)
 *fill*         0x0000000008006e9c        0x4 
 .text._ZN5Math_12randomDoubleEv
                0x0000000008006ea0       0x54 CMakeFiles/STM32_BLUE_PILL.dir/pxtapp/base/core.cpp.o
                0x0000000008006ea0                Math_::randomDouble()
 .text._ZN5Math_4log2EPN3pxt12TValueStructE
                0x0000000008006ef4       0x14 CMakeFiles/STM32_BLUE_PILL.dir/pxtapp/base/advmath.cpp.o
                0x0000000008006ef4                Math_::log2(pxt::TValueStruct*)
 .text._ZN5Math_3expEPN3pxt12TValueStructE
                0x0000000008006f08       0x14 CMakeFiles/STM32_BLUE_PILL.dir/pxtapp/base/advmath.cpp.o
                0x0000000008006f08                Math_::exp(pxt::TValueStruct*)
 .text._ZN5Math_4tanhEPN3pxt12TValueStructE
                0x0000000008006f1c       0x14 CMakeFiles/STM32_BLUE_PILL.dir/pxtapp/base/advmath.cpp.o
                0x0000000008006f1c                Math_::tanh(pxt::TValueStruct*)
 .text._ZN5Math_4sinhEPN3pxt12TValueStructE
                0x0000000008006f30       0x14 CMakeFiles/STM32_BLUE_PILL.dir/pxtapp/base/advmath.cpp.o
                0x0000000008006f30                Math_::sinh(pxt::TValueStruct*)
 .text._ZN5Math_4coshEPN3pxt12TValueStructE
                0x0000000008006f44       0x14 CMakeFiles/STM32_BLUE_PILL.dir/pxtapp/base/advmath.cpp.o
                0x0000000008006f44                Math_::cosh(pxt::TValueStruct*)
 .text._ZN5Math_5atanhEPN3pxt12TValueStructE
                0x0000000008006f58       0x14 CMakeFiles/STM32_BLUE_PILL.dir/pxtapp/base/advmath.cpp.o
                0x0000000008006f58                Math_::atanh(pxt::TValueStruct*)
 .text._ZN5Math_5asinhEPN3pxt12TValueStructE
                0x0000000008006f6c       0x14 CMakeFiles/STM32_BLUE_PILL.dir/pxtapp/base/advmath.cpp.o
                0x0000000008006f6c                Math_::asinh(pxt::TValueStruct*)
 .text._ZN5Math_5acoshEPN3pxt12TValueStructE
                0x0000000008006f80       0x14 CMakeFiles/STM32_BLUE_PILL.dir/pxtapp/base/advmath.cpp.o
                0x0000000008006f80                Math_::acosh(pxt::TValueStruct*)
 .text._ZN3pxtL9readBytesEPhS0_ibi
                0x0000000008006f94       0x64 CMakeFiles/STM32_BLUE_PILL.dir/pxtapp/base/buffer.cpp.o
 .text._ZN13BufferMethods8getBytesEPN3pxt11BoxedBufferE
                0x0000000008006ff8        0x4 CMakeFiles/STM32_BLUE_PILL.dir/pxtapp/base/buffer.cpp.o
                0x0000000008006ff8                BufferMethods::getBytes(pxt::BoxedBuffer*)
 .text._ZN13BufferMethods7getByteEPN3pxt11BoxedBufferEi
                0x0000000008006ffc       0x18 CMakeFiles/STM32_BLUE_PILL.dir/pxtapp/base/buffer.cpp.o
                0x0000000008006ffc                BufferMethods::getByte(pxt::BoxedBuffer*, int)
 .text._ZN13BufferMethods7setByteEPN3pxt11BoxedBufferEii
                0x0000000008007014       0x14 CMakeFiles/STM32_BLUE_PILL.dir/pxtapp/base/buffer.cpp.o
                0x0000000008007014                BufferMethods::setByte(pxt::BoxedBuffer*, int, int)
 .text._ZN13BufferMethods11writeBufferEPN3pxt11BoxedBufferEiS2_ii
                0x0000000008007028       0x50 CMakeFiles/STM32_BLUE_PILL.dir/pxtapp/base/buffer.cpp.o
                0x0000000008007028                BufferMethods::writeBuffer(pxt::BoxedBuffer*, int, pxt::BoxedBuffer*, int, int)
 .text._ZN13BufferMethods6lengthEPN3pxt11BoxedBufferE
                0x0000000008007078        0x4 CMakeFiles/STM32_BLUE_PILL.dir/pxtapp/base/buffer.cpp.o
                0x0000000008007078                BufferMethods::length(pxt::BoxedBuffer*)
 .text._ZN13BufferMethods4fillEPN3pxt11BoxedBufferEiii
                0x000000000800707c       0x2c CMakeFiles/STM32_BLUE_PILL.dir/pxtapp/base/buffer.cpp.o
                0x000000000800707c                BufferMethods::fill(pxt::BoxedBuffer*, int, int, int)
 .text._ZN13BufferMethods5sliceEPN3pxt11BoxedBufferEii
                0x00000000080070a8       0x28 CMakeFiles/STM32_BLUE_PILL.dir/pxtapp/base/buffer.cpp.o
                0x00000000080070a8                BufferMethods::slice(pxt::BoxedBuffer*, int, int)
 .text._ZN13BufferMethods5shiftEPN3pxt11BoxedBufferEiii
                0x00000000080070d0       0x80 CMakeFiles/STM32_BLUE_PILL.dir/pxtapp/base/buffer.cpp.o
                0x00000000080070d0                BufferMethods::shift(pxt::BoxedBuffer*, int, int, int)
 .text._ZN13BufferMethods5toHexEPN3pxt11BoxedBufferE
                0x0000000008007150       0x40 CMakeFiles/STM32_BLUE_PILL.dir/pxtapp/base/buffer.cpp.o
                0x0000000008007150                BufferMethods::toHex(pxt::BoxedBuffer*)
 .text._ZN13BufferMethods6rotateEPN3pxt11BoxedBufferEiii
                0x0000000008007190       0x74 CMakeFiles/STM32_BLUE_PILL.dir/pxtapp/base/buffer.cpp.o
                0x0000000008007190                BufferMethods::rotate(pxt::BoxedBuffer*, int, int, int)
 .text._ZN13BufferMethods5writeEPN3pxt11BoxedBufferEiS2_
                0x0000000008007204       0x14 CMakeFiles/STM32_BLUE_PILL.dir/pxtapp/base/buffer.cpp.o
                0x0000000008007204                BufferMethods::write(pxt::BoxedBuffer*, int, pxt::BoxedBuffer*)
 .text._ZN7control12createBufferEi
                0x0000000008007218        0x8 CMakeFiles/STM32_BLUE_PILL.dir/pxtapp/base/buffer.cpp.o
                0x0000000008007218                control::createBuffer(int)
 .text._ZN3pxt13setNumberCoreEPhiNS_12NumberFormatEPNS_12TValueStructE
                0x0000000008007220      0x108 CMakeFiles/STM32_BLUE_PILL.dir/pxtapp/base/buffer.cpp.o
                0x0000000008007220                pxt::setNumberCore(unsigned char*, int, pxt::NumberFormat, pxt::TValueStruct*)
 .text._ZN13BufferMethods9setNumberEPN3pxt11BoxedBufferENS0_12NumberFormatEiPNS0_12TValueStructE
                0x0000000008007328       0x1c CMakeFiles/STM32_BLUE_PILL.dir/pxtapp/base/buffer.cpp.o
                0x0000000008007328                BufferMethods::setNumber(pxt::BoxedBuffer*, pxt::NumberFormat, int, pxt::TValueStruct*)
 .text._ZN3pxt13getNumberCoreEPhiNS_12NumberFormatE
                0x0000000008007344      0x120 CMakeFiles/STM32_BLUE_PILL.dir/pxtapp/base/buffer.cpp.o
                0x0000000008007344                pxt::getNumberCore(unsigned char*, int, pxt::NumberFormat)
 .text._ZN13BufferMethods9getNumberEPN3pxt11BoxedBufferENS0_12NumberFormatEi
                0x0000000008007464       0x1c CMakeFiles/STM32_BLUE_PILL.dir/pxtapp/base/buffer.cpp.o
                0x0000000008007464                BufferMethods::getNumber(pxt::BoxedBuffer*, pxt::NumberFormat, int)
 .text._ZN7control6millisEv
                0x0000000008007480        0x4 CMakeFiles/STM32_BLUE_PILL.dir/pxtapp/base/control.cpp.o
                0x0000000008007480                control::millis()
 .text._ZN7control15internalOnEventEiiPN3pxt12TValueStructEi
                0x0000000008007484        0x4 CMakeFiles/STM32_BLUE_PILL.dir/pxtapp/base/control.cpp.o
                0x0000000008007484                control::internalOnEvent(int, int, pxt::TValueStruct*, int)
 .text._ZN7control5resetEv
                0x0000000008007488        0x4 CMakeFiles/STM32_BLUE_PILL.dir/pxtapp/base/control.cpp.o
                0x0000000008007488                control::reset()
 .text._ZN7control10waitMicrosEi
                0x000000000800748c        0x8 CMakeFiles/STM32_BLUE_PILL.dir/pxtapp/base/control.cpp.o
                0x000000000800748c                control::waitMicros(int)
 .text._ZN7control13runInParallelEPN3pxt12TValueStructE
                0x0000000008007494        0x4 CMakeFiles/STM32_BLUE_PILL.dir/pxtapp/base/control.cpp.o
                0x0000000008007494                control::runInParallel(pxt::TValueStruct*)
 .text._ZN7control12waitForEventEii
                0x0000000008007498        0x4 CMakeFiles/STM32_BLUE_PILL.dir/pxtapp/base/control.cpp.o
                0x0000000008007498                control::waitForEvent(int, int)
 .text._ZN7control18deviceSerialNumberEv
                0x000000000800749c        0x4 CMakeFiles/STM32_BLUE_PILL.dir/pxtapp/base/control.cpp.o
                0x000000000800749c                control::deviceSerialNumber()
 .text._ZN7control5__logEiPN3pxt11BoxedStringE
                0x00000000080074a0       0x10 CMakeFiles/STM32_BLUE_PILL.dir/pxtapp/base/control.cpp.o
                0x00000000080074a0                control::__log(int, pxt::BoxedString*)
 .text._ZN7control10dmesgValueEPN3pxt12TValueStructE
                0x00000000080074b0        0x4 CMakeFiles/STM32_BLUE_PILL.dir/pxtapp/base/control.cpp.o
                0x00000000080074b0                control::dmesgValue(pxt::TValueStruct*)
 .text._ZN7control2gcEv
                0x00000000080074b4        0x8 CMakeFiles/STM32_BLUE_PILL.dir/pxtapp/base/control.cpp.o
                0x00000000080074b4                control::gc()
 .text._ZN7control8heapDumpEv
                0x00000000080074bc       0x14 CMakeFiles/STM32_BLUE_PILL.dir/pxtapp/base/control.cpp.o
                0x00000000080074bc                control::heapDump()
 .text._ZN7control16profilingEnabledEv
                0x00000000080074d0        0x4 CMakeFiles/STM32_BLUE_PILL.dir/pxtapp/base/control.cpp.o
                0x00000000080074d0                control::profilingEnabled()
 .text._ZN3pxtL13dtorDoNothingEv
                0x00000000080074d4        0x4 CMakeFiles/STM32_BLUE_PILL.dir/pxtapp/base/core.cpp.o
 .text._ZN3pxtL11string_sizeEPNS_11BoxedStringE
                0x00000000080074d8        0x8 CMakeFiles/STM32_BLUE_PILL.dir/pxtapp/base/core.cpp.o
 .text._ZN3pxtL11number_sizeEPNS_11BoxedNumberE
                0x00000000080074e0        0x4 CMakeFiles/STM32_BLUE_PILL.dir/pxtapp/base/core.cpp.o
 .text._ZN3pxtL11buffer_sizeEPNS_11BoxedBufferE
                0x00000000080074e4        0x8 CMakeFiles/STM32_BLUE_PILL.dir/pxtapp/base/core.cpp.o
 .text._ZN3pxt11findBindingEii
                0x00000000080074ec       0x1c CMakeFiles/STM32_BLUE_PILL.dir/pxtapp/base/core.cpp.o
                0x00000000080074ec                pxt::findBinding(int, int)
 .text._ZN3pxt10setBindingEiiPNS_12TValueStructE
                0x0000000008007508       0x4c CMakeFiles/STM32_BLUE_PILL.dir/pxtapp/base/core.cpp.o
                0x0000000008007508                pxt::setBinding(int, int, pxt::TValueStruct*)
 .text._ZN3pxt8mkStringEPKci
                0x0000000008007554       0x4c CMakeFiles/STM32_BLUE_PILL.dir/pxtapp/base/core.cpp.o
                0x0000000008007554                pxt::mkString(char const*, int)
 .text._ZN3pxt8mkBufferEPKhi
                0x00000000080075a0       0x44 CMakeFiles/STM32_BLUE_PILL.dir/pxtapp/base/core.cpp.o
                0x00000000080075a0                pxt::mkBuffer(unsigned char const*, int)
 .text._ZN3pxt9getRandomEj
                0x00000000080075e4       0x40 CMakeFiles/STM32_BLUE_PILL.dir/pxtapp/base/core.cpp.o
                0x00000000080075e4                pxt::getRandom(unsigned int)
 .text._ZN7String_7mkEmptyEv
                0x0000000008007624        0xc CMakeFiles/STM32_BLUE_PILL.dir/pxtapp/base/core.cpp.o
                0x0000000008007624                String_::mkEmpty()
 .text._ZN7String_12fromCharCodeEi
                0x0000000008007630       0x20 CMakeFiles/STM32_BLUE_PILL.dir/pxtapp/base/core.cpp.o
                0x0000000008007630                String_::fromCharCode(int)
 .text._ZN7String_6charAtEPN3pxt11BoxedStringEi
                0x0000000008007650       0x3c CMakeFiles/STM32_BLUE_PILL.dir/pxtapp/base/core.cpp.o
                0x0000000008007650                String_::charAt(pxt::BoxedString*, int)
 .text._ZN7String_6concatEPN3pxt11BoxedStringES2_
                0x000000000800768c       0x6c CMakeFiles/STM32_BLUE_PILL.dir/pxtapp/base/core.cpp.o
                0x000000000800768c                String_::concat(pxt::BoxedString*, pxt::BoxedString*)
 .text._ZN7String_7compareEPN3pxt11BoxedStringES2_
                0x00000000080076f8       0x24 CMakeFiles/STM32_BLUE_PILL.dir/pxtapp/base/core.cpp.o
                0x00000000080076f8                String_::compare(pxt::BoxedString*, pxt::BoxedString*)
 .text._ZN7String_6lengthEPN3pxt11BoxedStringE
                0x000000000800771c        0x4 CMakeFiles/STM32_BLUE_PILL.dir/pxtapp/base/core.cpp.o
                0x000000000800771c                String_::length(pxt::BoxedString*)
 .text._ZN7String_8mystrtodEPKcPPc
                0x0000000008007720      0x16c CMakeFiles/STM32_BLUE_PILL.dir/pxtapp/base/core.cpp.o
                0x0000000008007720                String_::mystrtod(char const*, char**)
 .text._ZN7String_6substrEPN3pxt11BoxedStringEii
                0x000000000800788c       0x34 CMakeFiles/STM32_BLUE_PILL.dir/pxtapp/base/core.cpp.o
                0x000000000800788c                String_::substr(pxt::BoxedString*, int, int)
 .text._ZN7String_7indexOfEPN3pxt11BoxedStringES2_i
                0x00000000080078c0       0x30 CMakeFiles/STM32_BLUE_PILL.dir/pxtapp/base/core.cpp.o
                0x00000000080078c0                String_::indexOf(pxt::BoxedString*, pxt::BoxedString*, int)
 .text._ZN7String_8includesEPN3pxt11BoxedStringES2_i
                0x00000000080078f0       0x10 CMakeFiles/STM32_BLUE_PILL.dir/pxtapp/base/core.cpp.o
                0x00000000080078f0                String_::includes(pxt::BoxedString*, pxt::BoxedString*, int)
 .text._ZN8Boolean_4bangEi
                0x0000000008007900        0x8 CMakeFiles/STM32_BLUE_PILL.dir/pxtapp/base/core.cpp.o
                0x0000000008007900                Boolean_::bang(int)
 .text._ZN3pxt10fromDoubleEd
                0x0000000008007908       0xac CMakeFiles/STM32_BLUE_PILL.dir/pxtapp/base/core.cpp.o
                0x0000000008007908                pxt::fromDouble(double)
 .text._ZN7String_8toNumberEPN3pxt11BoxedStringE
                0x00000000080079b4       0xa0 CMakeFiles/STM32_BLUE_PILL.dir/pxtapp/base/core.cpp.o
                0x00000000080079b4                String_::toNumber(pxt::BoxedString*)
 .text._ZN3pxt7fromIntEi.part.7
                0x0000000008007a54       0x10 CMakeFiles/STM32_BLUE_PILL.dir/pxtapp/base/core.cpp.o
 .text._ZN7String_10charCodeAtEPN3pxt11BoxedStringEi
                0x0000000008007a64       0x1c CMakeFiles/STM32_BLUE_PILL.dir/pxtapp/base/core.cpp.o
                0x0000000008007a64                String_::charCodeAt(pxt::BoxedString*, int)
 .text._ZN3pxt9fromFloatEf
                0x0000000008007a80       0x10 CMakeFiles/STM32_BLUE_PILL.dir/pxtapp/base/core.cpp.o
                0x0000000008007a80                pxt::fromFloat(float)
 .text._ZN3pxt7fromIntEi
                0x0000000008007a90       0x14 CMakeFiles/STM32_BLUE_PILL.dir/pxtapp/base/core.cpp.o
                0x0000000008007a90                pxt::fromInt(int)
 .text._ZN3pxt8fromUIntEj
                0x0000000008007aa4       0x1c CMakeFiles/STM32_BLUE_PILL.dir/pxtapp/base/core.cpp.o
                0x0000000008007aa4                pxt::fromUInt(unsigned int)
 .text._ZN3pxt8fromBoolEb
                0x0000000008007ac0        0xc CMakeFiles/STM32_BLUE_PILL.dir/pxtapp/base/core.cpp.o
                0x0000000008007ac0                pxt::fromBool(bool)
 .text._ZN5Math_6randomEv
                0x0000000008007acc       0x10 CMakeFiles/STM32_BLUE_PILL.dir/pxtapp/base/core.cpp.o
                0x0000000008007acc                Math_::random()
 .text._ZN5Math_4imulEii
                0x0000000008007adc        0x8 CMakeFiles/STM32_BLUE_PILL.dir/pxtapp/base/core.cpp.o
                0x0000000008007adc                Math_::imul(int, int)
 .text._ZN5Math_4idivEii
                0x0000000008007ae4        0x8 CMakeFiles/STM32_BLUE_PILL.dir/pxtapp/base/core.cpp.o
                0x0000000008007ae4                Math_::idiv(int, int)
 .text._ZN6Array_2mkEv
                0x0000000008007aec       0x14 CMakeFiles/STM32_BLUE_PILL.dir/pxtapp/base/core.cpp.o
                0x0000000008007aec                Array_::mk()
 .text._ZN6Array_6lengthEPN3pxt13RefCollectionE
                0x0000000008007b00        0x4 CMakeFiles/STM32_BLUE_PILL.dir/pxtapp/base/core.cpp.o
                0x0000000008007b00                Array_::length(pxt::RefCollection*)
 .text._ZN6Array_9setLengthEPN3pxt13RefCollectionEi
                0x0000000008007b04        0x8 CMakeFiles/STM32_BLUE_PILL.dir/pxtapp/base/core.cpp.o
                0x0000000008007b04                Array_::setLength(pxt::RefCollection*, int)
 .text._ZN6Array_4pushEPN3pxt13RefCollectionEPNS0_12TValueStructE
                0x0000000008007b0c        0xc CMakeFiles/STM32_BLUE_PILL.dir/pxtapp/base/core.cpp.o
                0x0000000008007b0c                Array_::push(pxt::RefCollection*, pxt::TValueStruct*)
 .text._ZN6Array_3popEPN3pxt13RefCollectionE
                0x0000000008007b18        0x8 CMakeFiles/STM32_BLUE_PILL.dir/pxtapp/base/core.cpp.o
                0x0000000008007b18                Array_::pop(pxt::RefCollection*)
 .text._ZN6Array_5getAtEPN3pxt13RefCollectionEi
                0x0000000008007b20       0x10 CMakeFiles/STM32_BLUE_PILL.dir/pxtapp/base/core.cpp.o
                0x0000000008007b20                Array_::getAt(pxt::RefCollection*, int)
 .text._ZN6Array_5setAtEPN3pxt13RefCollectionEiPNS0_12TValueStructE
                0x0000000008007b30        0x8 CMakeFiles/STM32_BLUE_PILL.dir/pxtapp/base/core.cpp.o
                0x0000000008007b30                Array_::setAt(pxt::RefCollection*, int, pxt::TValueStruct*)
 .text._ZN6Array_8removeAtEPN3pxt13RefCollectionEi
                0x0000000008007b38        0x8 CMakeFiles/STM32_BLUE_PILL.dir/pxtapp/base/core.cpp.o
                0x0000000008007b38                Array_::removeAt(pxt::RefCollection*, int)
 .text._ZN6Array_8insertAtEPN3pxt13RefCollectionEiPNS0_12TValueStructE
                0x0000000008007b40        0x8 CMakeFiles/STM32_BLUE_PILL.dir/pxtapp/base/core.cpp.o
                0x0000000008007b40                Array_::insertAt(pxt::RefCollection*, int, pxt::TValueStruct*)
 .text._ZN3pxt11programSizeEv
                0x0000000008007b48       0x10 CMakeFiles/STM32_BLUE_PILL.dir/pxtapp/base/core.cpp.o
                0x0000000008007b48                pxt::programSize()
 .text._ZN3pxt9getConfigEii
                0x0000000008007b58       0x38 CMakeFiles/STM32_BLUE_PILL.dir/pxtapp/base/core.cpp.o
                0x0000000008007b58                pxt::getConfig(int, int)
 .text._ZN5pxtrt8ldlocRefEPN3pxt11RefRefLocalE
                0x0000000008007b90        0x4 CMakeFiles/STM32_BLUE_PILL.dir/pxtapp/base/core.cpp.o
                0x0000000008007b90                pxtrt::ldlocRef(pxt::RefRefLocal*)
 .text._ZN5pxtrt8stlocRefEPN3pxt11RefRefLocalEPNS0_12TValueStructE
                0x0000000008007b94        0x4 CMakeFiles/STM32_BLUE_PILL.dir/pxtapp/base/core.cpp.o
                0x0000000008007b94                pxtrt::stlocRef(pxt::RefRefLocal*, pxt::TValueStruct*)
 .text._ZN5pxtrt8mklocRefEv
                0x0000000008007b98       0x14 CMakeFiles/STM32_BLUE_PILL.dir/pxtapp/base/core.cpp.o
                0x0000000008007b98                pxtrt::mklocRef()
 .text._ZN5pxtrt5stcloEPN3pxt9RefActionEiPNS0_12TValueStructE
                0x0000000008007bac       0x34 CMakeFiles/STM32_BLUE_PILL.dir/pxtapp/base/core.cpp.o
                0x0000000008007bac                pxtrt::stclo(pxt::RefAction*, int, pxt::TValueStruct*)
 .text._ZN5pxtrt5panicEi
                0x0000000008007be0        0x4 CMakeFiles/STM32_BLUE_PILL.dir/pxtapp/base/core.cpp.o
                0x0000000008007be0                pxtrt::panic(int)
 .text._ZN5pxtrt11emptyToNullEPN3pxt11BoxedStringE
                0x0000000008007be4        0xc CMakeFiles/STM32_BLUE_PILL.dir/pxtapp/base/core.cpp.o
                0x0000000008007be4                pxtrt::emptyToNull(pxt::BoxedString*)
 .text._ZN5pxtrt9ptrToBoolEPN3pxt12TValueStructE
                0x0000000008007bf0        0x8 CMakeFiles/STM32_BLUE_PILL.dir/pxtapp/base/core.cpp.o
                0x0000000008007bf0                pxtrt::ptrToBool(pxt::TValueStruct*)
 .text._ZN5pxtrt5mkMapEv
                0x0000000008007bf8       0x14 CMakeFiles/STM32_BLUE_PILL.dir/pxtapp/base/core.cpp.o
                0x0000000008007bf8                pxtrt::mkMap()
 .text._ZN5pxtrt14mapGetByStringEPN3pxt6RefMapEPNS0_11BoxedStringE
                0x0000000008007c0c       0x20 CMakeFiles/STM32_BLUE_PILL.dir/pxtapp/base/core.cpp.o
                0x0000000008007c0c                pxtrt::mapGetByString(pxt::RefMap*, pxt::BoxedString*)
 .text._ZN5pxtrt12lookupMapKeyEPN3pxt11BoxedStringE
                0x0000000008007c2c       0x88 CMakeFiles/STM32_BLUE_PILL.dir/pxtapp/base/core.cpp.o
                0x0000000008007c2c                pxtrt::lookupMapKey(pxt::BoxedString*)
 .text._ZN5pxtrt6mapGetEPN3pxt6RefMapEj
                0x0000000008007cb4       0x14 CMakeFiles/STM32_BLUE_PILL.dir/pxtapp/base/core.cpp.o
                0x0000000008007cb4                pxtrt::mapGet(pxt::RefMap*, unsigned int)
 .text._ZN5pxtrt14mapSetByStringEPN3pxt6RefMapEPNS0_11BoxedStringEPNS0_12TValueStructE
                0x0000000008007cc8       0x38 CMakeFiles/STM32_BLUE_PILL.dir/pxtapp/base/core.cpp.o
                0x0000000008007cc8                pxtrt::mapSetByString(pxt::RefMap*, pxt::BoxedString*, pxt::TValueStruct*)
 .text._ZN5pxtrt6mapSetEPN3pxt6RefMapEjPNS0_12TValueStructE
                0x0000000008007d00       0x14 CMakeFiles/STM32_BLUE_PILL.dir/pxtapp/base/core.cpp.o
                0x0000000008007d00                pxtrt::mapSet(pxt::RefMap*, unsigned int, pxt::TValueStruct*)
 .text._ZN5pxtrt13getGlobalsPtrEv
                0x0000000008007d14        0xc CMakeFiles/STM32_BLUE_PILL.dir/pxtapp/base/core.cpp.o
                0x0000000008007d14                pxtrt::getGlobalsPtr()
 .text._ZN5pxtrt14runtimeWarningEPN3pxt11BoxedStringE
                0x0000000008007d20        0x4 CMakeFiles/STM32_BLUE_PILL.dir/pxtapp/base/core.cpp.o
                0x0000000008007d20                pxtrt::runtimeWarning(pxt::BoxedString*)
 .text._ZN3pxt7valTypeEPNS_12TValueStructE
                0x0000000008007d24       0x48 CMakeFiles/STM32_BLUE_PILL.dir/pxtapp/base/core.cpp.o
                0x0000000008007d24                pxt::valType(pxt::TValueStruct*)
 .text._ZN3pxt8toDoubleEPNS_12TValueStructE
                0x0000000008007d6c       0x60 CMakeFiles/STM32_BLUE_PILL.dir/pxtapp/base/core.cpp.o
                0x0000000008007d6c                pxt::toDouble(pxt::TValueStruct*)
 .text._ZN3pxt6toUIntEPNS_12TValueStructE
                0x0000000008007dcc       0xc8 CMakeFiles/STM32_BLUE_PILL.dir/pxtapp/base/core.cpp.o
                0x0000000008007dcc                pxt::toUInt(pxt::TValueStruct*)
 .text._ZN3pxt5toIntEPNS_12TValueStructE
                0x0000000008007e94        0x4 CMakeFiles/STM32_BLUE_PILL.dir/pxtapp/base/core.cpp.o
                0x0000000008007e94                pxt::toInt(pxt::TValueStruct*)
 .text._ZN6numops4lslsEPN3pxt12TValueStructES2_
                0x0000000008007e98       0x2c CMakeFiles/STM32_BLUE_PILL.dir/pxtapp/base/core.cpp.o
                0x0000000008007e98                numops::lsls(pxt::TValueStruct*, pxt::TValueStruct*)
 .text._ZN6numops4asrsEPN3pxt12TValueStructES2_
                0x0000000008007ec4       0x2c CMakeFiles/STM32_BLUE_PILL.dir/pxtapp/base/core.cpp.o
                0x0000000008007ec4                numops::asrs(pxt::TValueStruct*, pxt::TValueStruct*)
 .text._ZN6numops4eorsEPN3pxt12TValueStructES2_
                0x0000000008007ef0       0x28 CMakeFiles/STM32_BLUE_PILL.dir/pxtapp/base/core.cpp.o
                0x0000000008007ef0                numops::eors(pxt::TValueStruct*, pxt::TValueStruct*)
 .text._ZN6numops4orrsEPN3pxt12TValueStructES2_
                0x0000000008007f18       0x28 CMakeFiles/STM32_BLUE_PILL.dir/pxtapp/base/core.cpp.o
                0x0000000008007f18                numops::orrs(pxt::TValueStruct*, pxt::TValueStruct*)
 .text._ZN6numops4bnotEPN3pxt12TValueStructE
                0x0000000008007f40       0x20 CMakeFiles/STM32_BLUE_PILL.dir/pxtapp/base/core.cpp.o
                0x0000000008007f40                numops::bnot(pxt::TValueStruct*)
 .text._ZN6numops4andsEPN3pxt12TValueStructES2_
                0x0000000008007f60       0x28 CMakeFiles/STM32_BLUE_PILL.dir/pxtapp/base/core.cpp.o
                0x0000000008007f60                numops::ands(pxt::TValueStruct*, pxt::TValueStruct*)
 .text._ZN6numops4lsrsEPN3pxt12TValueStructES2_
                0x0000000008007f88       0x30 CMakeFiles/STM32_BLUE_PILL.dir/pxtapp/base/core.cpp.o
                0x0000000008007f88                numops::lsrs(pxt::TValueStruct*, pxt::TValueStruct*)
 .text._ZN3pxt7toFloatEPNS_12TValueStructE
                0x0000000008007fb8        0xc CMakeFiles/STM32_BLUE_PILL.dir/pxtapp/base/core.cpp.o
                0x0000000008007fb8                pxt::toFloat(pxt::TValueStruct*)
 .text._ZN6numops4addsEPN3pxt12TValueStructES2_
                0x0000000008007fc4       0x28 CMakeFiles/STM32_BLUE_PILL.dir/pxtapp/base/core.cpp.o
                0x0000000008007fc4                numops::adds(pxt::TValueStruct*, pxt::TValueStruct*)
 .text._ZN6numops4subsEPN3pxt12TValueStructES2_
                0x0000000008007fec       0x28 CMakeFiles/STM32_BLUE_PILL.dir/pxtapp/base/core.cpp.o
                0x0000000008007fec                numops::subs(pxt::TValueStruct*, pxt::TValueStruct*)
 .text._ZN6numops4mulsEPN3pxt12TValueStructES2_
                0x0000000008008014       0x58 CMakeFiles/STM32_BLUE_PILL.dir/pxtapp/base/core.cpp.o
                0x0000000008008014                numops::muls(pxt::TValueStruct*, pxt::TValueStruct*)
 .text._ZN6numops3divEPN3pxt12TValueStructES2_
                0x000000000800806c       0x28 CMakeFiles/STM32_BLUE_PILL.dir/pxtapp/base/core.cpp.o
                0x000000000800806c                numops::div(pxt::TValueStruct*, pxt::TValueStruct*)
 .text._ZN6numops3modEPN3pxt12TValueStructES2_
                0x0000000008008094       0x60 CMakeFiles/STM32_BLUE_PILL.dir/pxtapp/base/core.cpp.o
                0x0000000008008094                numops::mod(pxt::TValueStruct*, pxt::TValueStruct*)
 .text._ZN5Math_3powEPN3pxt12TValueStructES2_
                0x00000000080080f4       0x28 CMakeFiles/STM32_BLUE_PILL.dir/pxtapp/base/core.cpp.o
                0x00000000080080f4                Math_::pow(pxt::TValueStruct*, pxt::TValueStruct*)
 .text._ZN5Math_5atan2EPN3pxt12TValueStructES2_
                0x000000000800811c       0x28 CMakeFiles/STM32_BLUE_PILL.dir/pxtapp/base/core.cpp.o
                0x000000000800811c                Math_::atan2(pxt::TValueStruct*, pxt::TValueStruct*)
 .text._ZN5Math_11randomRangeEPN3pxt12TValueStructES2_
                0x0000000008008144       0xb4 CMakeFiles/STM32_BLUE_PILL.dir/pxtapp/base/core.cpp.o
                0x0000000008008144                Math_::randomRange(pxt::TValueStruct*, pxt::TValueStruct*)
 .text._ZN5Math_3logEPN3pxt12TValueStructE
                0x00000000080081f8       0x14 CMakeFiles/STM32_BLUE_PILL.dir/pxtapp/base/core.cpp.o
                0x00000000080081f8                Math_::log(pxt::TValueStruct*)
 .text._ZN5Math_5log10EPN3pxt12TValueStructE
                0x000000000800820c       0x14 CMakeFiles/STM32_BLUE_PILL.dir/pxtapp/base/core.cpp.o
                0x000000000800820c                Math_::log10(pxt::TValueStruct*)
 .text._ZN5Math_3tanEPN3pxt12TValueStructE
                0x0000000008008220       0x14 CMakeFiles/STM32_BLUE_PILL.dir/pxtapp/base/core.cpp.o
                0x0000000008008220                Math_::tan(pxt::TValueStruct*)
 .text._ZN5Math_3sinEPN3pxt12TValueStructE
                0x0000000008008234       0x14 CMakeFiles/STM32_BLUE_PILL.dir/pxtapp/base/core.cpp.o
                0x0000000008008234                Math_::sin(pxt::TValueStruct*)
 .text._ZN5Math_3cosEPN3pxt12TValueStructE
                0x0000000008008248       0x14 CMakeFiles/STM32_BLUE_PILL.dir/pxtapp/base/core.cpp.o
                0x0000000008008248                Math_::cos(pxt::TValueStruct*)
 .text._ZN5Math_4atanEPN3pxt12TValueStructE
                0x000000000800825c       0x14 CMakeFiles/STM32_BLUE_PILL.dir/pxtapp/base/core.cpp.o
                0x000000000800825c                Math_::atan(pxt::TValueStruct*)
 .text._ZN5Math_4asinEPN3pxt12TValueStructE
                0x0000000008008270       0x14 CMakeFiles/STM32_BLUE_PILL.dir/pxtapp/base/core.cpp.o
                0x0000000008008270                Math_::asin(pxt::TValueStruct*)
 .text._ZN5Math_4acosEPN3pxt12TValueStructE
                0x0000000008008284       0x14 CMakeFiles/STM32_BLUE_PILL.dir/pxtapp/base/core.cpp.o
                0x0000000008008284                Math_::acos(pxt::TValueStruct*)
 .text._ZN5Math_4sqrtEPN3pxt12TValueStructE
                0x0000000008008298       0x14 CMakeFiles/STM32_BLUE_PILL.dir/pxtapp/base/core.cpp.o
                0x0000000008008298                Math_::sqrt(pxt::TValueStruct*)
 .text._ZN5Math_5floorEPN3pxt12TValueStructE
                0x00000000080082ac       0x14 CMakeFiles/STM32_BLUE_PILL.dir/pxtapp/base/core.cpp.o
                0x00000000080082ac                Math_::floor(pxt::TValueStruct*)
 .text._ZN5Math_4ceilEPN3pxt12TValueStructE