Archive member included to satisfy reference by file (symbol)

libnewlib.a(memcpy-stub.c.o)  CMakeFiles/STM32_BLUE_PILL.dir/pxtapp/base/buffer.cpp.o (memcpy)
libnewlib.a(strcmp.S.o)       CMakeFiles/STM32_BLUE_PILL.dir/pxtapp/base/core.cpp.o (strcmp)
libnewlib.a(strlen.S.o)       CMakeFiles/STM32_BLUE_PILL.dir/pxtapp/base/core.cpp.o (strlen)
libnewlib.a(malloc.c.o)       CMakeFiles/STM32_BLUE_PILL.dir/pxtapp/base/gc.cpp.o (malloc)
libnewlib.a(nano-mallocr.c.o)
                              libnewlib.a(malloc.c.o) (_malloc_r)
libnewlib.a(realloc.c.o)      CMakeFiles/STM32_BLUE_PILL.dir/pxtapp/core---stm32bluepill/pins.cpp.o (realloc)
libnewlib.a(strtol.c.o)       CMakeFiles/STM32_BLUE_PILL.dir/pxtapp/base/core.cpp.o (strtol)
libnewlib.a(memcmp.c.o)       CMakeFiles/STM32_BLUE_PILL.dir/pxtapp/base/pxt.cpp.o (memcmp)
libnewlib.a(memmove.c.o)      CMakeFiles/STM32_BLUE_PILL.dir/pxtapp/base/buffer.cpp.o (memmove)
libnewlib.a(memset.c.o)       CMakeFiles/STM32_BLUE_PILL.dir/pxtapp/base/buffer.cpp.o (memset)
libnewlib.a(strstr.c.o)       CMakeFiles/STM32_BLUE_PILL.dir/pxtapp/base/core.cpp.o (strstr)
libnewlib.a(fiprintf.c.o)     libnewlib.a(nano-mallocr.c.o) (fiprintf)
libnewlib.a(vfiprintf.c.o)    libnewlib.a(fiprintf.c.o) (vfiprintf)
libnewlib.a(ctype_.c.o)       libnewlib.a(strtol.c.o) (_ctype_)
libnewlib.a(mlock.c.o)        libnewlib.a(nano-mallocr.c.o) (__malloc_lock)
libnewlib.a(strnlen.c.o)      libnewlib.a(vfiprintf.c.o) (strnlen)
libnewlib.a(fputc.c.o)        libnewlib.a(vfiprintf.c.o) (fputc)
libnewlib.a(ultoa_invert.c.o)
                              libnewlib.a(vfiprintf.c.o) (__ultoa_invert)
libcodal-core.a(CodalCompat.cpp.o)
                              CMakeFiles/STM32_BLUE_PILL.dir/pxtapp/base/core.cpp.o (codal::itoa(int, char*))
libcodal-core.a(CodalComponent.cpp.o)
                              CMakeFiles/STM32_BLUE_PILL.dir/pxtapp/core---stm32bluepill/codal.cpp.o (codal::CodalComponent::components)
libcodal-core.a(CodalDevice.cpp.o)
                              CMakeFiles/STM32_BLUE_PILL.dir/pxtapp/core---stm32bluepill/codal.cpp.o (vtable for codal::CodalDevice)
libcodal-core.a(CodalDmesg.cpp.o)
                              CMakeFiles/STM32_BLUE_PILL.dir/pxtapp/base/core.cpp.o (codal_dmesg)
libcodal-core.a(CodalFiber.cpp.o)
                              CMakeFiles/STM32_BLUE_PILL.dir/pxtapp/core---stm32bluepill/codal.cpp.o (codal::scheduler_init(codal::EventModel&))
libcodal-core.a(CodalListener.cpp.o)
                              CMakeFiles/STM32_BLUE_PILL.dir/pxtapp/core---stm32bluepill/codal.cpp.o (codal::Listener::Listener(unsigned short, unsigned short, void (*)(codal::Event), unsigned short))
libcodal-core.a(Timer.cpp.o)  CMakeFiles/STM32_BLUE_PILL.dir/pxtapp/core---stm32bluepill/codal.cpp.o (codal::Timer::~Timer())
libcodal-core.a(MessageBus.cpp.o)
                              CMakeFiles/STM32_BLUE_PILL.dir/pxtapp/core---stm32bluepill/codal.cpp.o (codal::MessageBus::add(codal::Listener*))
libcodal-core.a(Event.cpp.o)  CMakeFiles/STM32_BLUE_PILL.dir/pxtapp/core---stm32bluepill/control.cpp.o (codal::Event::Event(unsigned short, unsigned short, codal::EventLaunchMode))
libcodal-core.a(CodalHeapAllocator.cpp.o)
                              libcodal-core.a(Timer.cpp.o) (calloc)
libcodal-core.a(MemberFunctionCallback.cpp.o)
                              libcodal-core.a(MessageBus.cpp.o) (codal::MemberFunctionCallback::fire(codal::Event))
libnano-float.a(functions.c.o)
                              CMakeFiles/STM32_BLUE_PILL.dir/pxtapp/base/core.cpp.o (log)
libstm32.a(bluepill.cpp.o)    libcodal-core.a(Timer.cpp.o) (__cxa_pure_virtual)
libstm32.a(led.cpp.o)         libstm32.a(bluepill.cpp.o) (led_setup)
libstm32.a(CmI2C.cpp.o)       CMakeFiles/STM32_BLUE_PILL.dir/pxtapp/core---stm32bluepill/i2c.cpp.o (codal::_cm::I2C::I2C(codal::Pin&, codal::Pin&))
libstm32.a(CmPin.cpp.o)       CMakeFiles/STM32_BLUE_PILL.dir/pxtapp/core---stm32bluepill/pins.cpp.o (codal::_cm::Pin::getDigitalValue())
libstm32.a(CmSPI.cpp.o)       CMakeFiles/STM32_BLUE_PILL.dir/pxtapp/core---stm32bluepill/spi.cpp.o (codal::_cm::SPI::SPI(codal::_cm::Pin&, codal::_cm::Pin&, codal::_cm::Pin&))
libstm32.a(CmTimer.cpp.o)     CMakeFiles/STM32_BLUE_PILL.dir/pxtapp/core---stm32bluepill/codal.cpp.o (codal::_cm::Timer::Timer())
libstm32.a(codal_target_hal.cpp.o)
                              libstm32.a(CmTimer.cpp.o) (target_set_tick_callback)
libstm32.a(logger.cpp.o)      libstm32.a(bluepill.cpp.o) (enable_log)
libstm32.a(CortexContextSwitch.s.o)
                              libcodal-core.a(CodalFiber.cpp.o) (swap_context)
libstm32.a(STM32BluePillIO.cpp.o)
                              libstm32.a(CmSPI.cpp.o) (PinMap_SPI_SCK)
libstm32.a(timer.cpp.o)       libstm32.a(codal_target_hal.cpp.o) (platform_start_timer)
libstm32.a(CmPinMap.cpp.o)    libstm32.a(CmSPI.cpp.o) (pinmap_peripheral)
liblibopencm3.a(nvic.c.o)     libstm32.a(timer.cpp.o) (nvic_enable_irq)
liblibopencm3.a(vector.c.o)   (reset_handler)
[...]
Memory Configuration

Name             Origin             Length             Attributes
rom              0x0000000008000000 0x0000000000010000 xr
ram              0x0000000020000000 0x0000000000005000 xrw
*default*        0x0000000000000000 0xffffffffffffffff

Linker script and memory map

START GROUP
LOAD CMakeFiles/STM32_BLUE_PILL.dir/pxtapp/base/advmath.cpp.o
LOAD CMakeFiles/STM32_BLUE_PILL.dir/pxtapp/base/buffer.cpp.o
LOAD CMakeFiles/STM32_BLUE_PILL.dir/pxtapp/base/control.cpp.o
LOAD CMakeFiles/STM32_BLUE_PILL.dir/pxtapp/base/core.cpp.o
LOAD CMakeFiles/STM32_BLUE_PILL.dir/pxtapp/base/gc.cpp.o
LOAD CMakeFiles/STM32_BLUE_PILL.dir/pxtapp/base/loops.cpp.o
LOAD CMakeFiles/STM32_BLUE_PILL.dir/pxtapp/base/pxt.cpp.o
LOAD CMakeFiles/STM32_BLUE_PILL.dir/pxtapp/core---stm32bluepill/codal.cpp.o
LOAD CMakeFiles/STM32_BLUE_PILL.dir/pxtapp/core---stm32bluepill/control.cpp.o
LOAD CMakeFiles/STM32_BLUE_PILL.dir/pxtapp/core---stm32bluepill/dmac.cpp.o
LOAD CMakeFiles/STM32_BLUE_PILL.dir/pxtapp/core---stm32bluepill/hf2.cpp.o
LOAD CMakeFiles/STM32_BLUE_PILL.dir/pxtapp/core---stm32bluepill/i2c.cpp.o
LOAD CMakeFiles/STM32_BLUE_PILL.dir/pxtapp/core---stm32bluepill/pins.cpp.o
LOAD CMakeFiles/STM32_BLUE_PILL.dir/pxtapp/core---stm32bluepill/pinsAnalog.cpp.o
LOAD CMakeFiles/STM32_BLUE_PILL.dir/pxtapp/core---stm32bluepill/pinsDigital.cpp.o
LOAD CMakeFiles/STM32_BLUE_PILL.dir/pxtapp/core---stm32bluepill/pinsPWM.cpp.o
LOAD CMakeFiles/STM32_BLUE_PILL.dir/pxtapp/core---stm32bluepill/platform.cpp.o
LOAD CMakeFiles/STM32_BLUE_PILL.dir/pxtapp/core---stm32bluepill/spi.cpp.o
LOAD CMakeFiles/STM32_BLUE_PILL.dir/pxtapp/core---stm32bluepill/usb.cpp.o
LOAD CMakeFiles/STM32_BLUE_PILL.dir/pxtapp/main.cpp.o
LOAD CMakeFiles/STM32_BLUE_PILL.dir/pxtapp/pointers.cpp.o
LOAD libcodal-libopencm3.a
LOAD libqfplib.a
LOAD libnewlib.a
LOAD libcodal-core.a
LOAD libnano-float.a
LOAD libcocoos.a
LOAD libbme280.a
LOAD libstm32.a
LOAD liblibopencm3.a
LOAD /usr/bin/../lib/gcc/arm-none-eabi/6.2.1/../../../../arm-none-eabi/lib/thumb/v7-m/libnosys.a
LOAD /usr/bin/../lib/gcc/arm-none-eabi/6.2.1/../../../../arm-none-eabi/lib/thumb/v7-m/libstdc++.a
LOAD /usr/bin/../lib/gcc/arm-none-eabi/6.2.1/../../../../arm-none-eabi/lib/thumb/v7-m/libsupc++.a
LOAD /usr/bin/../lib/gcc/arm-none-eabi/6.2.1/../../../../arm-none-eabi/lib/thumb/v7-m/libstdc++.a
LOAD /usr/bin/../lib/gcc/arm-none-eabi/6.2.1/../../../../arm-none-eabi/lib/thumb/v7-m/libsupc++.a
END GROUP

.text           0x0000000008000000     0x7570
 *(SORT(.vectors))
 .vectors       0x0000000008000000      0x150 liblibopencm3.a(vector.c.o)
                0x0000000008000000                vector_table
 *(SORT(.text*))
 .text._ZN6numops5mycvtEdPc
                0x0000000008000150      0x174 CMakeFiles/STM32_BLUE_PILL.dir/pxtapp/base/core.cpp.o
                0x0000000008000150                numops::mycvt(double, char*)
 *fill*         0x00000000080002c4        0x4 
 .text._ZN5Math_12randomDoubleEv
                0x00000000080002c8       0x54 CMakeFiles/STM32_BLUE_PILL.dir/pxtapp/base/core.cpp.o
                0x00000000080002c8                Math_::randomDouble()
 .text._ZN5Math_4log2EPN3pxt12TValueStructE
                0x000000000800031c        0x8 CMakeFiles/STM32_BLUE_PILL.dir/pxtapp/base/advmath.cpp.o
                0x000000000800031c                Math_::log2(pxt::TValueStruct*)
 .text._ZN5Math_3expEPN3pxt12TValueStructE
                0x0000000008000324        0x8 CMakeFiles/STM32_BLUE_PILL.dir/pxtapp/base/advmath.cpp.o
                0x0000000008000324                Math_::exp(pxt::TValueStruct*)
 .text._ZN5Math_4tanhEPN3pxt12TValueStructE
                0x000000000800032c        0x8 CMakeFiles/STM32_BLUE_PILL.dir/pxtapp/base/advmath.cpp.o
                0x000000000800032c                Math_::tanh(pxt::TValueStruct*)
 .text._ZN5Math_4sinhEPN3pxt12TValueStructE
                0x0000000008000334        0x8 CMakeFiles/STM32_BLUE_PILL.dir/pxtapp/base/advmath.cpp.o
                0x0000000008000334                Math_::sinh(pxt::TValueStruct*)
 .text._ZN5Math_4coshEPN3pxt12TValueStructE
                0x000000000800033c        0x8 CMakeFiles/STM32_BLUE_PILL.dir/pxtapp/base/advmath.cpp.o
                0x000000000800033c                Math_::cosh(pxt::TValueStruct*)
 .text._ZN5Math_5atanhEPN3pxt12TValueStructE
                0x0000000008000344        0x8 CMakeFiles/STM32_BLUE_PILL.dir/pxtapp/base/advmath.cpp.o
                0x0000000008000344                Math_::atanh(pxt::TValueStruct*)
 .text._ZN5Math_5asinhEPN3pxt12TValueStructE
                0x000000000800034c        0x8 CMakeFiles/STM32_BLUE_PILL.dir/pxtapp/base/advmath.cpp.o
                0x000000000800034c                Math_::asinh(pxt::TValueStruct*)
 .text._ZN5Math_5acoshEPN3pxt12TValueStructE
                0x0000000008000354        0x8 CMakeFiles/STM32_BLUE_PILL.dir/pxtapp/base/advmath.cpp.o
                0x0000000008000354                Math_::acosh(pxt::TValueStruct*)
 .text._ZN3pxtL9readBytesEPhS0_ibi
                0x000000000800035c       0x6c CMakeFiles/STM32_BLUE_PILL.dir/pxtapp/base/buffer.cpp.o
 .text._ZN13BufferMethods8getBytesEPN3pxt11BoxedBufferE
                0x00000000080003c8        0x4 CMakeFiles/STM32_BLUE_PILL.dir/pxtapp/base/buffer.cpp.o
                0x00000000080003c8                BufferMethods::getBytes(pxt::BoxedBuffer*)
 .text._ZN13BufferMethods7getByteEPN3pxt11BoxedBufferEi
                0x00000000080003cc       0x18 CMakeFiles/STM32_BLUE_PILL.dir/pxtapp/base/buffer.cpp.o
                0x00000000080003cc                BufferMethods::getByte(pxt::BoxedBuffer*, int)
 .text._ZN13BufferMethods7setByteEPN3pxt11BoxedBufferEii
                0x00000000080003e4       0x14 CMakeFiles/STM32_BLUE_PILL.dir/pxtapp/base/buffer.cpp.o
                0x00000000080003e4                BufferMethods::setByte(pxt::BoxedBuffer*, int, int)
 .text._ZN13BufferMethods11writeBufferEPN3pxt11BoxedBufferEiS2_ii
                0x00000000080003f8       0x54 CMakeFiles/STM32_BLUE_PILL.dir/pxtapp/base/buffer.cpp.o
                0x00000000080003f8                BufferMethods::writeBuffer(pxt::BoxedBuffer*, int, pxt::BoxedBuffer*, int, int)
 .text._ZN13BufferMethods6lengthEPN3pxt11BoxedBufferE
                0x000000000800044c        0x4 CMakeFiles/STM32_BLUE_PILL.dir/pxtapp/base/buffer.cpp.o
                0x000000000800044c                BufferMethods::length(pxt::BoxedBuffer*)
 .text._ZN13BufferMethods4fillEPN3pxt11BoxedBufferEiii
                0x0000000008000450       0x2c CMakeFiles/STM32_BLUE_PILL.dir/pxtapp/base/buffer.cpp.o
                0x0000000008000450                BufferMethods::fill(pxt::BoxedBuffer*, int, int, int)
 .text._ZN13BufferMethods5sliceEPN3pxt11BoxedBufferEii
                0x000000000800047c       0x28 CMakeFiles/STM32_BLUE_PILL.dir/pxtapp/base/buffer.cpp.o
                0x000000000800047c                BufferMethods::slice(pxt::BoxedBuffer*, int, int)
 .text._ZN13BufferMethods5shiftEPN3pxt11BoxedBufferEiii
                0x00000000080004a4       0x80 CMakeFiles/STM32_BLUE_PILL.dir/pxtapp/base/buffer.cpp.o
                0x00000000080004a4                BufferMethods::shift(pxt::BoxedBuffer*, int, int, int)
 .text._ZN13BufferMethods5toHexEPN3pxt11BoxedBufferE
                0x0000000008000524       0x40 CMakeFiles/STM32_BLUE_PILL.dir/pxtapp/base/buffer.cpp.o
                0x0000000008000524                BufferMethods::toHex(pxt::BoxedBuffer*)
 .text._ZN13BufferMethods6rotateEPN3pxt11BoxedBufferEiii
                0x0000000008000564       0x70 CMakeFiles/STM32_BLUE_PILL.dir/pxtapp/base/buffer.cpp.o
                0x0000000008000564                BufferMethods::rotate(pxt::BoxedBuffer*, int, int, int)
 .text._ZN13BufferMethods5writeEPN3pxt11BoxedBufferEiS2_
                0x00000000080005d4       0x14 CMakeFiles/STM32_BLUE_PILL.dir/pxtapp/base/buffer.cpp.o
                0x00000000080005d4                BufferMethods::write(pxt::BoxedBuffer*, int, pxt::BoxedBuffer*)
 .text._ZN7control12createBufferEi
                0x00000000080005e8        0x8 CMakeFiles/STM32_BLUE_PILL.dir/pxtapp/base/buffer.cpp.o
                0x00000000080005e8                control::createBuffer(int)
 .text._ZN3pxt13setNumberCoreEPhiNS_12NumberFormatEPNS_12TValueStructE
                0x00000000080005f0      0x148 CMakeFiles/STM32_BLUE_PILL.dir/pxtapp/base/buffer.cpp.o
                0x00000000080005f0                pxt::setNumberCore(unsigned char*, int, pxt::NumberFormat, pxt::TValueStruct*)
 .text._ZN13BufferMethods9setNumberEPN3pxt11BoxedBufferENS0_12NumberFormatEiPNS0_12TValueStructE
                0x0000000008000738       0x1c CMakeFiles/STM32_BLUE_PILL.dir/pxtapp/base/buffer.cpp.o
                0x0000000008000738                BufferMethods::setNumber(pxt::BoxedBuffer*, pxt::NumberFormat, int, pxt::TValueStruct*)
 .text._ZN3pxt13getNumberCoreEPhiNS_12NumberFormatE
                0x0000000008000754      0x120 CMakeFiles/STM32_BLUE_PILL.dir/pxtapp/base/buffer.cpp.o
                0x0000000008000754                pxt::getNumberCore(unsigned char*, int, pxt::NumberFormat)
 .text._ZN13BufferMethods9getNumberEPN3pxt11BoxedBufferENS0_12NumberFormatEi
                0x0000000008000874       0x1c CMakeFiles/STM32_BLUE_PILL.dir/pxtapp/base/buffer.cpp.o
                0x0000000008000874                BufferMethods::getNumber(pxt::BoxedBuffer*, pxt::NumberFormat, int)
 .text._ZN7control6millisEv
                0x0000000008000890        0x4 CMakeFiles/STM32_BLUE_PILL.dir/pxtapp/base/control.cpp.o
                0x0000000008000890                control::millis()
 .text._ZN7control15internalOnEventEiiPN3pxt12TValueStructEi
                0x0000000008000894        0x4 CMakeFiles/STM32_BLUE_PILL.dir/pxtapp/base/control.cpp.o
                0x0000000008000894                control::internalOnEvent(int, int, pxt::TValueStruct*, int)
 .text._ZN7control5resetEv
                0x0000000008000898        0x4 CMakeFiles/STM32_BLUE_PILL.dir/pxtapp/base/control.cpp.o
                0x0000000008000898                control::reset()
 .text._ZN7control10waitMicrosEi
                0x000000000800089c        0x8 CMakeFiles/STM32_BLUE_PILL.dir/pxtapp/base/control.cpp.o
                0x000000000800089c                control::waitMicros(int)
 .text._ZN7control13runInParallelEPN3pxt12TValueStructE
                0x00000000080008a4        0x4 CMakeFiles/STM32_BLUE_PILL.dir/pxtapp/base/control.cpp.o
                0x00000000080008a4                control::runInParallel(pxt::TValueStruct*)
 .text._ZN7control12waitForEventEii
                0x00000000080008a8        0x4 CMakeFiles/STM32_BLUE_PILL.dir/pxtapp/base/control.cpp.o
                0x00000000080008a8                control::waitForEvent(int, int)
 .text._ZN7control18deviceSerialNumberEv
                0x00000000080008ac        0x4 CMakeFiles/STM32_BLUE_PILL.dir/pxtapp/base/control.cpp.o
                0x00000000080008ac                control::deviceSerialNumber()
 .text._ZN7control5__logEiPN3pxt11BoxedStringE
                0x00000000080008b0       0x10 CMakeFiles/STM32_BLUE_PILL.dir/pxtapp/base/control.cpp.o
                0x00000000080008b0                control::__log(int, pxt::BoxedString*)
 .text._ZN7control10dmesgValueEPN3pxt12TValueStructE
                0x00000000080008c0        0x4 CMakeFiles/STM32_BLUE_PILL.dir/pxtapp/base/control.cpp.o
                0x00000000080008c0                control::dmesgValue(pxt::TValueStruct*)
 .text._ZN7control2gcEv
                0x00000000080008c4        0x8 CMakeFiles/STM32_BLUE_PILL.dir/pxtapp/base/control.cpp.o
                0x00000000080008c4                control::gc()
 .text._ZN7control16profilingEnabledEv
                0x00000000080008cc        0x4 CMakeFiles/STM32_BLUE_PILL.dir/pxtapp/base/control.cpp.o
                0x00000000080008cc                control::profilingEnabled()
 .text._ZN3pxtL13dtorDoNothingEv
                0x00000000080008d0        0x4 CMakeFiles/STM32_BLUE_PILL.dir/pxtapp/base/core.cpp.o
 .text._ZN3pxtL11string_sizeEPNS_11BoxedStringE
                0x00000000080008d4        0x8 CMakeFiles/STM32_BLUE_PILL.dir/pxtapp/base/core.cpp.o
 .text._ZN3pxtL11number_sizeEPNS_11BoxedNumberE
                0x00000000080008dc        0x4 CMakeFiles/STM32_BLUE_PILL.dir/pxtapp/base/core.cpp.o
 .text._ZN3pxtL11buffer_sizeEPNS_11BoxedBufferE
                0x00000000080008e0        0x8 CMakeFiles/STM32_BLUE_PILL.dir/pxtapp/base/core.cpp.o
 .text._ZN3pxt11findBindingEii
                0x00000000080008e8       0x1c CMakeFiles/STM32_BLUE_PILL.dir/pxtapp/base/core.cpp.o
                0x00000000080008e8                pxt::findBinding(int, int)
 .text._ZN3pxt10setBindingEiiPNS_12TValueStructE
                0x0000000008000904       0x4c CMakeFiles/STM32_BLUE_PILL.dir/pxtapp/base/core.cpp.o
                0x0000000008000904                pxt::setBinding(int, int, pxt::TValueStruct*)
 .text._ZN3pxt8mkStringEPKci
                0x0000000008000950       0x48 CMakeFiles/STM32_BLUE_PILL.dir/pxtapp/base/core.cpp.o
                0x0000000008000950                pxt::mkString(char const*, int)
 .text._ZN3pxt8mkBufferEPKhi
                0x0000000008000998       0x40 CMakeFiles/STM32_BLUE_PILL.dir/pxtapp/base/core.cpp.o
                0x0000000008000998                pxt::mkBuffer(unsigned char const*, int)
 .text._ZN3pxt9getRandomEj
                0x00000000080009d8       0x40 CMakeFiles/STM32_BLUE_PILL.dir/pxtapp/base/core.cpp.o
                0x00000000080009d8                pxt::getRandom(unsigned int)
 .text._ZN7String_7mkEmptyEv
                0x0000000008000a18        0xc CMakeFiles/STM32_BLUE_PILL.dir/pxtapp/base/core.cpp.o
                0x0000000008000a18                String_::mkEmpty()
 .text._ZN7String_12fromCharCodeEi
                0x0000000008000a24       0x20 CMakeFiles/STM32_BLUE_PILL.dir/pxtapp/base/core.cpp.o
                0x0000000008000a24                String_::fromCharCode(int)
 .text._ZN7String_6charAtEPN3pxt11BoxedStringEi
                0x0000000008000a44       0x3c CMakeFiles/STM32_BLUE_PILL.dir/pxtapp/base/core.cpp.o
                0x0000000008000a44                String_::charAt(pxt::BoxedString*, int)
 .text._ZN7String_6concatEPN3pxt11BoxedStringES2_
                0x0000000008000a80       0x70 CMakeFiles/STM32_BLUE_PILL.dir/pxtapp/base/core.cpp.o
                0x0000000008000a80                String_::concat(pxt::BoxedString*, pxt::BoxedString*)
 .text._ZN7String_7compareEPN3pxt11BoxedStringES2_
                0x0000000008000af0       0x24 CMakeFiles/STM32_BLUE_PILL.dir/pxtapp/base/core.cpp.o
                0x0000000008000af0                String_::compare(pxt::BoxedString*, pxt::BoxedString*)
 .text._ZN7String_6lengthEPN3pxt11BoxedStringE
                0x0000000008000b14        0x4 CMakeFiles/STM32_BLUE_PILL.dir/pxtapp/base/core.cpp.o
                0x0000000008000b14                String_::length(pxt::BoxedString*)
 .text._ZN7String_8mystrtodEPKcPPc
                0x0000000008000b18      0x174 CMakeFiles/STM32_BLUE_PILL.dir/pxtapp/base/core.cpp.o
                0x0000000008000b18                String_::mystrtod(char const*, char**)
 .text._ZN7String_6substrEPN3pxt11BoxedStringEii
                0x0000000008000c8c       0x34 CMakeFiles/STM32_BLUE_PILL.dir/pxtapp/base/core.cpp.o
                0x0000000008000c8c                String_::substr(pxt::BoxedString*, int, int)
 .text._ZN7String_7indexOfEPN3pxt11BoxedStringES2_i
                0x0000000008000cc0       0x30 CMakeFiles/STM32_BLUE_PILL.dir/pxtapp/base/core.cpp.o
                0x0000000008000cc0                String_::indexOf(pxt::BoxedString*, pxt::BoxedString*, int)
 .text._ZN7String_8includesEPN3pxt11BoxedStringES2_i
                0x0000000008000cf0       0x10 CMakeFiles/STM32_BLUE_PILL.dir/pxtapp/base/core.cpp.o
                0x0000000008000cf0                String_::includes(pxt::BoxedString*, pxt::BoxedString*, int)
 .text._ZN8Boolean_4bangEi
                0x0000000008000d00        0x8 CMakeFiles/STM32_BLUE_PILL.dir/pxtapp/base/core.cpp.o
                0x0000000008000d00                Boolean_::bang(int)
 .text._ZN3pxt10fromDoubleEd
                0x0000000008000d08       0xac CMakeFiles/STM32_BLUE_PILL.dir/pxtapp/base/core.cpp.o
                0x0000000008000d08                pxt::fromDouble(double)
 .text._ZN7String_8toNumberEPN3pxt11BoxedStringE
                0x0000000008000db4       0xa4 CMakeFiles/STM32_BLUE_PILL.dir/pxtapp/base/core.cpp.o
                0x0000000008000db4                String_::toNumber(pxt::BoxedString*)
 .text._ZN3pxt7fromIntEi.part.5
                0x0000000008000e58       0x10 CMakeFiles/STM32_BLUE_PILL.dir/pxtapp/base/core.cpp.o
 .text._ZN7String_10charCodeAtEPN3pxt11BoxedStringEi
                0x0000000008000e68       0x1c CMakeFiles/STM32_BLUE_PILL.dir/pxtapp/base/core.cpp.o
                0x0000000008000e68                String_::charCodeAt(pxt::BoxedString*, int)
 .text._ZN3pxt9fromFloatEf
                0x0000000008000e84       0x10 CMakeFiles/STM32_BLUE_PILL.dir/pxtapp/base/core.cpp.o
                0x0000000008000e84                pxt::fromFloat(float)
 .text._ZN3pxt7fromIntEi
                0x0000000008000e94       0x14 CMakeFiles/STM32_BLUE_PILL.dir/pxtapp/base/core.cpp.o
                0x0000000008000e94                pxt::fromInt(int)
 .text._ZN3pxt8fromUIntEj
                0x0000000008000ea8       0x1c CMakeFiles/STM32_BLUE_PILL.dir/pxtapp/base/core.cpp.o
                0x0000000008000ea8                pxt::fromUInt(unsigned int)
 .text._ZN3pxt8fromBoolEb
                0x0000000008000ec4        0xc CMakeFiles/STM32_BLUE_PILL.dir/pxtapp/base/core.cpp.o
                0x0000000008000ec4                pxt::fromBool(bool)
 .text._ZN5Math_6randomEv
                0x0000000008000ed0       0x10 CMakeFiles/STM32_BLUE_PILL.dir/pxtapp/base/core.cpp.o
                0x0000000008000ed0                Math_::random()
 .text._ZN5Math_4imulEii
                0x0000000008000ee0        0x8 CMakeFiles/STM32_BLUE_PILL.dir/pxtapp/base/core.cpp.o
                0x0000000008000ee0                Math_::imul(int, int)
 .text._ZN5Math_4idivEii
                0x0000000008000ee8        0x8 CMakeFiles/STM32_BLUE_PILL.dir/pxtapp/base/core.cpp.o
                0x0000000008000ee8                Math_::idiv(int, int)
 .text._ZN6Array_2mkEv
                0x0000000008000ef0       0x14 CMakeFiles/STM32_BLUE_PILL.dir/pxtapp/base/core.cpp.o
                0x0000000008000ef0                Array_::mk()
 .text._ZN6Array_6lengthEPN3pxt13RefCollectionE
                0x0000000008000f04        0x4 CMakeFiles/STM32_BLUE_PILL.dir/pxtapp/base/core.cpp.o
                0x0000000008000f04                Array_::length(pxt::RefCollection*)
 .text._ZN6Array_9setLengthEPN3pxt13RefCollectionEi
                0x0000000008000f08        0x8 CMakeFiles/STM32_BLUE_PILL.dir/pxtapp/base/core.cpp.o
                0x0000000008000f08                Array_::setLength(pxt::RefCollection*, int)
 .text._ZN6Array_4pushEPN3pxt13RefCollectionEPNS0_12TValueStructE
                0x0000000008000f10        0x4 CMakeFiles/STM32_BLUE_PILL.dir/pxtapp/base/core.cpp.o
                0x0000000008000f10                Array_::push(pxt::RefCollection*, pxt::TValueStruct*)
 .text._ZN6Array_3popEPN3pxt13RefCollectionE
                0x0000000008000f14        0x4 CMakeFiles/STM32_BLUE_PILL.dir/pxtapp/base/core.cpp.o
                0x0000000008000f14                Array_::pop(pxt::RefCollection*)
 .text._ZN6Array_5getAtEPN3pxt13RefCollectionEi
                0x0000000008000f18        0x4 CMakeFiles/STM32_BLUE_PILL.dir/pxtapp/base/core.cpp.o
                0x0000000008000f18                Array_::getAt(pxt::RefCollection*, int)
 .text._ZN6Array_5setAtEPN3pxt13RefCollectionEiPNS0_12TValueStructE
                0x0000000008000f1c        0x4 CMakeFiles/STM32_BLUE_PILL.dir/pxtapp/base/core.cpp.o
                0x0000000008000f1c                Array_::setAt(pxt::RefCollection*, int, pxt::TValueStruct*)
 .text._ZN6Array_8removeAtEPN3pxt13RefCollectionEi
                0x0000000008000f20        0x4 CMakeFiles/STM32_BLUE_PILL.dir/pxtapp/base/core.cpp.o
                0x0000000008000f20                Array_::removeAt(pxt::RefCollection*, int)
 .text._ZN6Array_8insertAtEPN3pxt13RefCollectionEiPNS0_12TValueStructE
                0x0000000008000f24        0x4 CMakeFiles/STM32_BLUE_PILL.dir/pxtapp/base/core.cpp.o
                0x0000000008000f24                Array_::insertAt(pxt::RefCollection*, int, pxt::TValueStruct*)
 .text._ZN6Array_7indexOfEPN3pxt13RefCollectionEPNS0_12TValueStructEi
                0x0000000008000f28        0x4 CMakeFiles/STM32_BLUE_PILL.dir/pxtapp/base/core.cpp.o
                0x0000000008000f28                Array_::indexOf(pxt::RefCollection*, pxt::TValueStruct*, int)
 .text._ZN6Array_13removeElementEPN3pxt13RefCollectionEPNS0_12TValueStructE
                0x0000000008000f2c        0x4 CMakeFiles/STM32_BLUE_PILL.dir/pxtapp/base/core.cpp.o
                0x0000000008000f2c                Array_::removeElement(pxt::RefCollection*, pxt::TValueStruct*)
 .text._ZN3pxt11programSizeEv
                0x0000000008000f30       0x10 CMakeFiles/STM32_BLUE_PILL.dir/pxtapp/base/core.cpp.o
                0x0000000008000f30                pxt::programSize()
 .text._ZN3pxt9getConfigEii
                0x0000000008000f40       0x38 CMakeFiles/STM32_BLUE_PILL.dir/pxtapp/base/core.cpp.o
                0x0000000008000f40                pxt::getConfig(int, int)
 .text._ZN5pxtrt8ldlocRefEPN3pxt11RefRefLocalE
                0x0000000008000f78        0x4 CMakeFiles/STM32_BLUE_PILL.dir/pxtapp/base/core.cpp.o
                0x0000000008000f78                pxtrt::ldlocRef(pxt::RefRefLocal*)
 .text._ZN5pxtrt8stlocRefEPN3pxt11RefRefLocalEPNS0_12TValueStructE
                0x0000000008000f7c        0x4 CMakeFiles/STM32_BLUE_PILL.dir/pxtapp/base/core.cpp.o
                0x0000000008000f7c                pxtrt::stlocRef(pxt::RefRefLocal*, pxt::TValueStruct*)
 .text._ZN5pxtrt8mklocRefEv
                0x0000000008000f80       0x14 CMakeFiles/STM32_BLUE_PILL.dir/pxtapp/base/core.cpp.o
                0x0000000008000f80                pxtrt::mklocRef()
 .text._ZN5pxtrt5stcloEPN3pxt9RefActionEiPNS0_12TValueStructE
                0x0000000008000f94       0x34 CMakeFiles/STM32_BLUE_PILL.dir/pxtapp/base/core.cpp.o
                0x0000000008000f94                pxtrt::stclo(pxt::RefAction*, int, pxt::TValueStruct*)
 .text._ZN5pxtrt5panicEi
                0x0000000008000fc8        0x4 CMakeFiles/STM32_BLUE_PILL.dir/pxtapp/base/core.cpp.o
                0x0000000008000fc8                pxtrt::panic(int)
 .text._ZN5pxtrt11emptyToNullEPN3pxt11BoxedStringE
                0x0000000008000fcc        0xc CMakeFiles/STM32_BLUE_PILL.dir/pxtapp/base/core.cpp.o
                0x0000000008000fcc                pxtrt::emptyToNull(pxt::BoxedString*)
 .text._ZN5pxtrt9ptrToBoolEPN3pxt12TValueStructE
                0x0000000008000fd8        0x8 CMakeFiles/STM32_BLUE_PILL.dir/pxtapp/base/core.cpp.o
                0x0000000008000fd8                pxtrt::ptrToBool(pxt::TValueStruct*)
 .text._ZN5pxtrt5mkMapEv
                0x0000000008000fe0       0x14 CMakeFiles/STM32_BLUE_PILL.dir/pxtapp/base/core.cpp.o
                0x0000000008000fe0                pxtrt::mkMap()
 .text._ZN5pxtrt14mapGetByStringEPN3pxt6RefMapEPNS0_11BoxedStringE
                0x0000000008000ff4       0x1c CMakeFiles/STM32_BLUE_PILL.dir/pxtapp/base/core.cpp.o
                0x0000000008000ff4                pxtrt::mapGetByString(pxt::RefMap*, pxt::BoxedString*)
 .text._ZN5pxtrt12lookupMapKeyEPN3pxt11BoxedStringE
                0x0000000008001010       0x8c CMakeFiles/STM32_BLUE_PILL.dir/pxtapp/base/core.cpp.o
                0x0000000008001010                pxtrt::lookupMapKey(pxt::BoxedString*)
 .text._ZN5pxtrt6mapGetEPN3pxt6RefMapEj
                0x000000000800109c       0x14 CMakeFiles/STM32_BLUE_PILL.dir/pxtapp/base/core.cpp.o
                0x000000000800109c                pxtrt::mapGet(pxt::RefMap*, unsigned int)
 .text._ZN5pxtrt14mapSetByStringEPN3pxt6RefMapEPNS0_11BoxedStringEPNS0_12TValueStructE
                0x00000000080010b0       0x34 CMakeFiles/STM32_BLUE_PILL.dir/pxtapp/base/core.cpp.o
                0x00000000080010b0                pxtrt::mapSetByString(pxt::RefMap*, pxt::BoxedString*, pxt::TValueStruct*)
 .text._ZN5pxtrt6mapSetEPN3pxt6RefMapEjPNS0_12TValueStructE
                0x00000000080010e4       0x14 CMakeFiles/STM32_BLUE_PILL.dir/pxtapp/base/core.cpp.o
                0x00000000080010e4                pxtrt::mapSet(pxt::RefMap*, unsigned int, pxt::TValueStruct*)
 .text._ZN5pxtrt13getGlobalsPtrEv
                0x00000000080010f8        0xc CMakeFiles/STM32_BLUE_PILL.dir/pxtapp/base/core.cpp.o
                0x00000000080010f8                pxtrt::getGlobalsPtr()
 .text._ZN5pxtrt14runtimeWarningEPN3pxt11BoxedStringE
                0x0000000008001104        0x4 CMakeFiles/STM32_BLUE_PILL.dir/pxtapp/base/core.cpp.o
                0x0000000008001104                pxtrt::runtimeWarning(pxt::BoxedString*)
 .text._ZN3pxt7valTypeEPNS_12TValueStructE
                0x0000000008001108       0x4c CMakeFiles/STM32_BLUE_PILL.dir/pxtapp/base/core.cpp.o
                0x0000000008001108                pxt::valType(pxt::TValueStruct*)
 .text._ZN3pxt8toDoubleEPNS_12TValueStructE
                0x0000000008001154       0x50 CMakeFiles/STM32_BLUE_PILL.dir/pxtapp/base/core.cpp.o
                0x0000000008001154                pxt::toDouble(pxt::TValueStruct*)
 .text._ZN3pxt6toUIntEPNS_12TValueStructE
                0x00000000080011a4       0xd0 CMakeFiles/STM32_BLUE_PILL.dir/pxtapp/base/core.cpp.o
                0x00000000080011a4                pxt::toUInt(pxt::TValueStruct*)
 .text._ZN3pxt5toIntEPNS_12TValueStructE
                0x0000000008001274        0x4 CMakeFiles/STM32_BLUE_PILL.dir/pxtapp/base/core.cpp.o
                0x0000000008001274                pxt::toInt(pxt::TValueStruct*)
 .text._ZN6numops4lslsEPN3pxt12TValueStructES2_
                0x0000000008001278       0x2c CMakeFiles/STM32_BLUE_PILL.dir/pxtapp/base/core.cpp.o
                0x0000000008001278                numops::lsls(pxt::TValueStruct*, pxt::TValueStruct*)
 .text._ZN6numops4asrsEPN3pxt12TValueStructES2_
                0x00000000080012a4       0x2c CMakeFiles/STM32_BLUE_PILL.dir/pxtapp/base/core.cpp.o
                0x00000000080012a4                numops::asrs(pxt::TValueStruct*, pxt::TValueStruct*)
 .text._ZN6numops4eorsEPN3pxt12TValueStructES2_
                0x00000000080012d0       0x28 CMakeFiles/STM32_BLUE_PILL.dir/pxtapp/base/core.cpp.o
                0x00000000080012d0                numops::eors(pxt::TValueStruct*, pxt::TValueStruct*)
 .text._ZN6numops4orrsEPN3pxt12TValueStructES2_
                0x00000000080012f8       0x28 CMakeFiles/STM32_BLUE_PILL.dir/pxtapp/base/core.cpp.o
                0x00000000080012f8                numops::orrs(pxt::TValueStruct*, pxt::TValueStruct*)
 .text._ZN6numops4bnotEPN3pxt12TValueStructE
                0x0000000008001320       0x20 CMakeFiles/STM32_BLUE_PILL.dir/pxtapp/base/core.cpp.o
                0x0000000008001320                numops::bnot(pxt::TValueStruct*)
 .text._ZN6numops4andsEPN3pxt12TValueStructES2_
                0x0000000008001340       0x28 CMakeFiles/STM32_BLUE_PILL.dir/pxtapp/base/core.cpp.o
                0x0000000008001340                numops::ands(pxt::TValueStruct*, pxt::TValueStruct*)
 .text._ZN6numops4lsrsEPN3pxt12TValueStructES2_
                0x0000000008001368       0x30 CMakeFiles/STM32_BLUE_PILL.dir/pxtapp/base/core.cpp.o
                0x0000000008001368                numops::lsrs(pxt::TValueStruct*, pxt::TValueStruct*)
 .text._ZN3pxt7toFloatEPNS_12TValueStructE
                0x0000000008001398        0xc CMakeFiles/STM32_BLUE_PILL.dir/pxtapp/base/core.cpp.o
                0x0000000008001398                pxt::toFloat(pxt::TValueStruct*)
 .text._ZN6numops4addsEPN3pxt12TValueStructES2_
                0x00000000080013a4       0x28 CMakeFiles/STM32_BLUE_PILL.dir/pxtapp/base/core.cpp.o
                0x00000000080013a4                numops::adds(pxt::TValueStruct*, pxt::TValueStruct*)
 .text._ZN6numops4subsEPN3pxt12TValueStructES2_
                0x00000000080013cc       0x28 CMakeFiles/STM32_BLUE_PILL.dir/pxtapp/base/core.cpp.o
                0x00000000080013cc                numops::subs(pxt::TValueStruct*, pxt::TValueStruct*)
 .text._ZN6numops4mulsEPN3pxt12TValueStructES2_
                0x00000000080013f4       0x58 CMakeFiles/STM32_BLUE_PILL.dir/pxtapp/base/core.cpp.o
                0x00000000080013f4                numops::muls(pxt::TValueStruct*, pxt::TValueStruct*)
 .text._ZN6numops3divEPN3pxt12TValueStructES2_
                0x000000000800144c       0x28 CMakeFiles/STM32_BLUE_PILL.dir/pxtapp/base/core.cpp.o
                0x000000000800144c                numops::div(pxt::TValueStruct*, pxt::TValueStruct*)
 .text._ZN6numops3modEPN3pxt12TValueStructES2_
                0x0000000008001474       0x64 CMakeFiles/STM32_BLUE_PILL.dir/pxtapp/base/core.cpp.o
                0x0000000008001474                numops::mod(pxt::TValueStruct*, pxt::TValueStruct*)
 .text._ZN5Math_3powEPN3pxt12TValueStructES2_
                0x00000000080014d8       0x28 CMakeFiles/STM32_BLUE_PILL.dir/pxtapp/base/core.cpp.o
                0x00000000080014d8                Math_::pow(pxt::TValueStruct*, pxt::TValueStruct*)
 .text._ZN5Math_5atan2EPN3pxt12TValueStructES2_
                0x0000000008001500       0x28 CMakeFiles/STM32_BLUE_PILL.dir/pxtapp/base/core.cpp.o
                0x0000000008001500                Math_::atan2(pxt::TValueStruct*, pxt::TValueStruct*)
 .text._ZN5Math_11randomRangeEPN3pxt12TValueStructES2_
                0x0000000008001528       0xb0 CMakeFiles/STM32_BLUE_PILL.dir/pxtapp/base/core.cpp.o
                0x0000000008001528                Math_::randomRange(pxt::TValueStruct*, pxt::TValueStruct*)
 .text._ZN5Math_3logEPN3pxt12TValueStructE
                0x00000000080015d8       0x14 CMakeFiles/STM32_BLUE_PILL.dir/pxtapp/base/core.cpp.o
                0x00000000080015d8                Math_::log(pxt::TValueStruct*)
 .text._ZN5Math_5log10EPN3pxt12TValueStructE
                0x00000000080015ec       0x14 CMakeFiles/STM32_BLUE_PILL.dir/pxtapp/base/core.cpp.o
                0x00000000080015ec                Math_::log10(pxt::TValueStruct*)
 .text._ZN5Math_3tanEPN3pxt12TValueStructE
                0x0000000008001600       0x14 CMakeFiles/STM32_BLUE_PILL.dir/pxtapp/base/core.cpp.o
                0x0000000008001600                Math_::tan(pxt::TValueStruct*)
 .text._ZN5Math_3sinEPN3pxt12TValueStructE
                0x0000000008001614       0x14 CMakeFiles/STM32_BLUE_PILL.dir/pxtapp/base/core.cpp.o
                0x0000000008001614                Math_::sin(pxt::TValueStruct*)
 .text._ZN5Math_3cosEPN3pxt12TValueStructE
                0x0000000008001628       0x14 CMakeFiles/STM32_BLUE_PILL.dir/pxtapp/base/core.cpp.o
                0x0000000008001628                Math_::cos(pxt::TValueStruct*)
 .text._ZN5Math_4atanEPN3pxt12TValueStructE
                0x000000000800163c       0x14 CMakeFiles/STM32_BLUE_PILL.dir/pxtapp/base/core.cpp.o
                0x000000000800163c                Math_::atan(pxt::TValueStruct*)
 .text._ZN5Math_4asinEPN3pxt12TValueStructE
                0x0000000008001650       0x14 CMakeFiles/STM32_BLUE_PILL.dir/pxtapp/base/core.cpp.o
                0x0000000008001650                Math_::asin(pxt::TValueStruct*)
 .text._ZN5Math_4acosEPN3pxt12TValueStructE
                0x0000000008001664       0x14 CMakeFiles/STM32_BLUE_PILL.dir/pxtapp/base/core.cpp.o
                0x0000000008001664                Math_::acos(pxt::TValueStruct*)
 .text._ZN5Math_4sqrtEPN3pxt12TValueStructE
                0x0000000008001678       0x14 CMakeFiles/STM32_BLUE_PILL.dir/pxtapp/base/core.cpp.o
                0x0000000008001678                Math_::sqrt(pxt::TValueStruct*)
 .text._ZN5Math_5floorEPN3pxt12TValueStructE
                0x000000000800168c       0x14 CMakeFiles/STM32_BLUE_PILL.dir/pxtapp/base/core.cpp.o
                0x000000000800168c                Math_::floor(pxt::TValueStruct*)
 .text._ZN5Math_4ceilEPN3pxt12TValueStructE
                0x00000000080016a0       0x14 CMakeFiles/STM32_BLUE_PILL.dir/pxtapp/base/core.cpp.o
                0x00000000080016a0                Math_::ceil(pxt::TValueStruct*)
 .text._ZN5Math_5truncEPN3pxt12TValueStructE
                0x00000000080016b4       0x14 CMakeFiles/STM32_BLUE_PILL.dir/pxtapp/base/core.cpp.o
                0x00000000080016b4                Math_::trunc(pxt::TValueStruct*)
 .text._ZN5Math_5roundEPN3pxt12TValueStructE
                0x00000000080016c8       0x20 CMakeFiles/STM32_BLUE_PILL.dir/pxtapp/base/core.cpp.o
                0x00000000080016c8                Math_::round(pxt::TValueStruct*)
 .text._ZN3pxt8eqq_boolEPNS_12TValueStructES1_
                0x00000000080016e8       0x84 CMakeFiles/STM32_BLUE_PILL.dir/pxtapp/base/core.cpp.o
                0x00000000080016e8                pxt::eqq_bool(pxt::TValueStruct*, pxt::TValueStruct*)
 .text._ZN6numops3eqqEPN3pxt12TValueStructES2_
                0x000000000800176c       0x10 CMakeFiles/STM32_BLUE_PILL.dir/pxtapp/base/core.cpp.o
                0x000000000800176c                numops::eqq(pxt::TValueStruct*, pxt::TValueStruct*)
 .text._ZN6numops4neqqEPN3pxt12TValueStructES2_
                0x000000000800177c       0x10 CMakeFiles/STM32_BLUE_PILL.dir/pxtapp/base/core.cpp.o
                0x000000000800177c                numops::neqq(pxt::TValueStruct*, pxt::TValueStruct*)
 .text._ZN3pxt7eq_boolEPNS_12TValueStructES1_
                0x000000000800178c      0x134 CMakeFiles/STM32_BLUE_PILL.dir/pxtapp/base/core.cpp.o
                0x000000000800178c                pxt::eq_bool(pxt::TValueStruct*, pxt::TValueStruct*)
 .text._ZN3pxt9switch_eqEPNS_12TValueStructES1_
                0x00000000080018c0        0x4 CMakeFiles/STM32_BLUE_PILL.dir/pxtapp/base/core.cpp.o
                0x00000000080018c0                pxt::switch_eq(pxt::TValueStruct*, pxt::TValueStruct*)
 .text._ZN6numops2eqEPN3pxt12TValueStructES2_
                0x00000000080018c4       0x10 CMakeFiles/STM32_BLUE_PILL.dir/pxtapp/base/core.cpp.o
                0x00000000080018c4                numops::eq(pxt::TValueStruct*, pxt::TValueStruct*)
 .text._ZN6numops3neqEPN3pxt12TValueStructES2_
                0x00000000080018d4       0x10 CMakeFiles/STM32_BLUE_PILL.dir/pxtapp/base/core.cpp.o
                0x00000000080018d4                numops::neq(pxt::TValueStruct*, pxt::TValueStruct*)
 .text._ZN6numops6toBoolEPN3pxt12TValueStructE
                0x00000000080018e4       0x68 CMakeFiles/STM32_BLUE_PILL.dir/pxtapp/base/core.cpp.o
                0x00000000080018e4                numops::toBool(pxt::TValueStruct*)
 .text._ZN6numops10toBoolDecrEPN3pxt12TValueStructE
                0x000000000800194c       0x14 CMakeFiles/STM32_BLUE_PILL.dir/pxtapp/base/core.cpp.o
                0x000000000800194c                numops::toBoolDecr(pxt::TValueStruct*)
 .text._ZN6numopsL10valCompareEPN3pxt12TValueStructES2_
                0x0000000008001960       0xa8 CMakeFiles/STM32_BLUE_PILL.dir/pxtapp/base/core.cpp.o
 .text._ZN6numops7lt_boolEPN3pxt12TValueStructES2_
                0x0000000008001a08       0x24 CMakeFiles/STM32_BLUE_PILL.dir/pxtapp/base/core.cpp.o
                0x0000000008001a08                numops::lt_bool(pxt::TValueStruct*, pxt::TValueStruct*)
 .text._ZN6numops2leEPN3pxt12TValueStructES2_
                0x0000000008001a2c       0x24 CMakeFiles/STM32_BLUE_PILL.dir/pxtapp/base/core.cpp.o
                0x0000000008001a2c                numops::le(pxt::TValueStruct*, pxt::TValueStruct*)
 .text._ZN6numops2ltEPN3pxt12TValueStructES2_
                0x0000000008001a50       0x24 CMakeFiles/STM32_BLUE_PILL.dir/pxtapp/base/core.cpp.o
                0x0000000008001a50                numops::lt(pxt::TValueStruct*, pxt::TValueStruct*)
 .text._ZN6numops2geEPN3pxt12TValueStructES2_
                0x0000000008001a74       0x20 CMakeFiles/STM32_BLUE_PILL.dir/pxtapp/base/core.cpp.o
                0x0000000008001a74                numops::ge(pxt::TValueStruct*, pxt::TValueStruct*)
 .text._ZN6numops2gtEPN3pxt12TValueStructES2_
                0x0000000008001a94       0x20 CMakeFiles/STM32_BLUE_PILL.dir/pxtapp/base/core.cpp.o
                0x0000000008001a94                numops::gt(pxt::TValueStruct*, pxt::TValueStruct*)
 .text._ZN6numops8toStringEPN3pxt12TValueStructE
                0x0000000008001ab4      0x100 CMakeFiles/STM32_BLUE_PILL.dir/pxtapp/base/core.cpp.o
                0x0000000008001ab4                numops::toString(pxt::TValueStruct*)
 .text._ZN3pxt6typeOfEPNS_12TValueStructE
                0x0000000008001bb4       0x50 CMakeFiles/STM32_BLUE_PILL.dir/pxtapp/base/core.cpp.o
                0x0000000008001bb4                pxt::typeOf(pxt::TValueStruct*)
 .text._ZN3pxt8anyPrintEPNS_12TValueStructE
                0x0000000008001c04       0x7c CMakeFiles/STM32_BLUE_PILL.dir/pxtapp/base/core.cpp.o
                0x0000000008001c04                pxt::anyPrint(pxt::TValueStruct*)
 .text._ZN3pxt10failedCastEPNS_12TValueStructE
                0x0000000008001c80       0x58 CMakeFiles/STM32_BLUE_PILL.dir/pxtapp/base/core.cpp.o
                0x0000000008001c80                pxt::failedCast(pxt::TValueStruct*)
 .text._ZN3pxt15missingPropertyEPNS_12TValueStructE
                0x0000000008001cd8       0x1c CMakeFiles/STM32_BLUE_PILL.dir/pxtapp/base/core.cpp.o
                0x0000000008001cd8                pxt::missingProperty(pxt::TValueStruct*)
 .text._ZN3pxtL9removePtrEPNS_12TValueStructE
                0x0000000008001cf4       0x54 CMakeFiles/STM32_BLUE_PILL.dir/pxtapp/base/gc.cpp.o
 .text._ZN3pxtL13allocateBlockEv
                0x0000000008001d48       0x2c CMakeFiles/STM32_BLUE_PILL.dir/pxtapp/base/gc.cpp.o
 .text._ZN3pxtL5sweepEi
                0x0000000008001d74      0x128 CMakeFiles/STM32_BLUE_PILL.dir/pxtapp/base/gc.cpp.o
 .text._ZN3pxtL7processEPNS_12TValueStructE
                0x0000000008001e9c       0x54 CMakeFiles/STM32_BLUE_PILL.dir/pxtapp/base/gc.cpp.o
 .text._ZN3pxtL4markEv
                0x0000000008001ef0       0x98 CMakeFiles/STM32_BLUE_PILL.dir/pxtapp/base/gc.cpp.o
 .text._ZN3pxt16RefRecord_gcsizeEPNS_9RefRecordE
                0x0000000008001f88        0xc CMakeFiles/STM32_BLUE_PILL.dir/pxtapp/base/gc.cpp.o
                0x0000000008001f88                pxt::RefRecord_gcsize(pxt::RefRecord*)
 .text._ZN3pxt16popThreadContextEPNS_13ThreadContextE
                0x0000000008001f94       0x64 CMakeFiles/STM32_BLUE_PILL.dir/pxtapp/base/gc.cpp.o
                0x0000000008001f94                pxt::popThreadContext(pxt::ThreadContext*)
 .text._ZN3pxt17pushThreadContextEPv
                0x0000000008001ff8       0x5c CMakeFiles/STM32_BLUE_PILL.dir/pxtapp/base/gc.cpp.o
                0x0000000008001ff8                pxt::pushThreadContext(void*)
 .text._ZN3pxt6gcScanEPNS_12TValueStructE
                0x0000000008002054       0x2c CMakeFiles/STM32_BLUE_PILL.dir/pxtapp/base/gc.cpp.o
                0x0000000008002054                pxt::gcScan(pxt::TValueStruct*)
 .text._ZN3pxt10gcScanManyEPPNS_12TValueStructEj
                0x0000000008002080       0x40 CMakeFiles/STM32_BLUE_PILL.dir/pxtapp/base/gc.cpp.o
                0x0000000008002080                pxt::gcScanMany(pxt::TValueStruct**, unsigned int)
 .text._ZN3pxt2gcEi
                0x00000000080020c0       0x14 CMakeFiles/STM32_BLUE_PILL.dir/pxtapp/base/gc.cpp.o
                0x00000000080020c0                pxt::gc(int)
 .text._ZN3pxt10gcAllocateEi
                0x00000000080020d4       0xb8 CMakeFiles/STM32_BLUE_PILL.dir/pxtapp/base/gc.cpp.o
                0x00000000080020d4                pxt::gcAllocate(int)
 .text._ZN3pxt10registerGCEPPNS_12TValueStructEi
                0x000000000800218c       0x2c CMakeFiles/STM32_BLUE_PILL.dir/pxtapp/base/gc.cpp.o
                0x000000000800218c                pxt::registerGC(pxt::TValueStruct**, int)
 .text._ZN3pxt13registerGCPtrEPNS_12TValueStructE
                0x00000000080021b8       0x1c CMakeFiles/STM32_BLUE_PILL.dir/pxtapp/base/gc.cpp.o
                0x00000000080021b8                pxt::registerGCPtr(pxt::TValueStruct*)
 .text._ZN3pxt15unregisterGCPtrEPNS_12TValueStructE
                0x00000000080021d4       0x14 CMakeFiles/STM32_BLUE_PILL.dir/pxtapp/base/gc.cpp.o
                0x00000000080021d4                pxt::unregisterGCPtr(pxt::TValueStruct*)
 .text._ZN3pxt13RefCollection4scanEPS0_
                0x00000000080021e8        0x8 CMakeFiles/STM32_BLUE_PILL.dir/pxtapp/base/gc.cpp.o
                0x00000000080021e8                pxt::RefCollection::scan(pxt::RefCollection*)
 .text._ZN3pxt9RefAction4scanEPS0_
                0x00000000080021f0        0x8 CMakeFiles/STM32_BLUE_PILL.dir/pxtapp/base/gc.cpp.o
                0x00000000080021f0                pxt::RefAction::scan(pxt::RefAction*)
 .text._ZN3pxt11RefRefLocal4scanEPS0_
                0x00000000080021f8        0x8 CMakeFiles/STM32_BLUE_PILL.dir/pxtapp/base/gc.cpp.o
                0x00000000080021f8                pxt::RefRefLocal::scan(pxt::RefRefLocal*)
 .text._ZN3pxt6RefMap4scanEPS0_
                0x0000000008002200       0x18 CMakeFiles/STM32_BLUE_PILL.dir/pxtapp/base/gc.cpp.o
                0x0000000008002200                pxt::RefMap::scan(pxt::RefMap*)
 .text._ZN3pxt14RefRecord_scanEPNS_9RefRecordE
                0x0000000008002218       0x14 CMakeFiles/STM32_BLUE_PILL.dir/pxtapp/base/gc.cpp.o
                0x0000000008002218                pxt::RefRecord_scan(pxt::RefRecord*)
 .text._ZN3pxt13RefCollection6gcsizeEPS0_
                0x000000000800222c        0x4 CMakeFiles/STM32_BLUE_PILL.dir/pxtapp/base/gc.cpp.o
                0x000000000800222c                pxt::RefCollection::gcsize(pxt::RefCollection*)
 .text._ZN3pxt9RefAction6gcsizeEPS0_
                0x0000000008002230        0xc CMakeFiles/STM32_BLUE_PILL.dir/pxtapp/base/gc.cpp.o
                0x0000000008002230                pxt::RefAction::gcsize(pxt::RefAction*)
 .text._ZN3pxt11RefRefLocal6gcsizeEPS0_
                0x000000000800223c        0x4 CMakeFiles/STM32_BLUE_PILL.dir/pxtapp/base/gc.cpp.o
                0x000000000800223c                pxt::RefRefLocal::gcsize(pxt::RefRefLocal*)
 .text._ZN3pxt6RefMap6gcsizeEPS0_
                0x0000000008002240        0x4 CMakeFiles/STM32_BLUE_PILL.dir/pxtapp/base/gc.cpp.o
                0x0000000008002240                pxt::RefMap::gcsize(pxt::RefMap*)
 .text.startup._GLOBAL__sub_I__ZN3pxt16RefRecord_gcsizeEPNS_9RefRecordE
                0x0000000008002244       0x1c CMakeFiles/STM32_BLUE_PILL.dir/pxtapp/base/gc.cpp.o
 .text._ZN5loops7foreverEPN3pxt12TValueStructE
                0x0000000008002260        0x4 CMakeFiles/STM32_BLUE_PILL.dir/pxtapp/base/loops.cpp.o
                0x0000000008002260                loops::forever(pxt::TValueStruct*)
 .text._ZN5loops5pauseEi
                0x0000000008002264        0xc CMakeFiles/STM32_BLUE_PILL.dir/pxtapp/base/loops.cpp.o
                0x0000000008002264                loops::pause(int)
 .text._ZN3pxt11RefRefLocal7destroyEPS0_
                0x0000000008002270        0x4 CMakeFiles/STM32_BLUE_PILL.dir/pxtapp/base/pxt.cpp.o
                0x0000000008002270                pxt::RefRefLocal::destroy(pxt::RefRefLocal*)
 .text._ZN3pxt9RefAction5printEPS0_
                0x0000000008002274       0x28 CMakeFiles/STM32_BLUE_PILL.dir/pxtapp/base/pxt.cpp.o
                0x0000000008002274                pxt::RefAction::print(pxt::RefAction*)
 .text._ZN3pxt11RefRefLocal5printEPS0_
                0x000000000800229c       0x10 CMakeFiles/STM32_BLUE_PILL.dir/pxtapp/base/pxt.cpp.o
                0x000000000800229c                pxt::RefRefLocal::print(pxt::RefRefLocal*)
 .text._ZN3pxt6RefMap5printEPS0_
                0x00000000080022ac       0x10 CMakeFiles/STM32_BLUE_PILL.dir/pxtapp/base/pxt.cpp.o
                0x00000000080022ac                pxt::RefMap::print(pxt::RefMap*)
 .text._ZN3pxt13RefCollection7destroyEPS0_
                0x00000000080022bc       0x14 CMakeFiles/STM32_BLUE_PILL.dir/pxtapp/base/pxt.cpp.o
                0x00000000080022bc                pxt::RefCollection::destroy(pxt::RefCollection*)
 .text._ZN3pxt6RefMap7destroyEPS0_
                0x00000000080022d0       0x20 CMakeFiles/STM32_BLUE_PILL.dir/pxtapp/base/pxt.cpp.o
                0x00000000080022d0                pxt::RefMap::destroy(pxt::RefMap*)
 .text._ZN3pxt8checkStrEbPKc.part.5
                0x00000000080022f0       0x1c CMakeFiles/STM32_BLUE_PILL.dir/pxtapp/base/pxt.cpp.o
 .text._ZN3pxt17RefRecord_destroyEPNS_9RefRecordE
                0x000000000800230c        0x4 CMakeFiles/STM32_BLUE_PILL.dir/pxtapp/base/pxt.cpp.o
                0x000000000800230c                pxt::RefRecord_destroy(pxt::RefRecord*)
 .text._ZN3pxt9RefAction7destroyEPS0_
                0x0000000008002310        0x4 CMakeFiles/STM32_BLUE_PILL.dir/pxtapp/base/pxt.cpp.o
                0x0000000008002310                pxt::RefAction::destroy(pxt::RefAction*)
 .text._ZN3pxt8mkActionEiPNS_9RefActionE
                0x0000000008002314       0x5c CMakeFiles/STM32_BLUE_PILL.dir/pxtapp/base/pxt.cpp.o
                0x0000000008002314                pxt::mkAction(int, pxt::RefAction*)
 .text._ZN3pxt15mkClassInstanceEPNS_6VTableE
                0x0000000008002370       0x44 CMakeFiles/STM32_BLUE_PILL.dir/pxtapp/base/pxt.cpp.o
                0x0000000008002370                pxt::mkClassInstance(pxt::VTable*)
 .text._ZN3pxt9RefObject9destroyVTEv
                0x00000000080023b4        0xc CMakeFiles/STM32_BLUE_PILL.dir/pxtapp/base/pxt.cpp.o
                0x00000000080023b4                pxt::RefObject::destroyVT()
 .text._ZN3pxt15deleteRefObjectEPNS_9RefObjectE
                0x00000000080023c0        0xc CMakeFiles/STM32_BLUE_PILL.dir/pxtapp/base/pxt.cpp.o
                0x00000000080023c0                pxt::deleteRefObject(pxt::RefObject*)
 .text._ZN3pxt15RefRecord_printEPNS_9RefRecordE
                0x00000000080023cc       0x18 CMakeFiles/STM32_BLUE_PILL.dir/pxtapp/base/pxt.cpp.o
                0x00000000080023cc                pxt::RefRecord_print(pxt::RefRecord*)
 .text._ZN3pxt7Segment3getEj
                0x00000000080023e4       0x10 CMakeFiles/STM32_BLUE_PILL.dir/pxtapp/base/pxt.cpp.o
                0x00000000080023e4                pxt::Segment::get(unsigned int)
 .text._ZN3pxt7Segment12growthFactorEt
                0x00000000080023f4       0x44 CMakeFiles/STM32_BLUE_PILL.dir/pxtapp/base/pxt.cpp.o
                0x00000000080023f4                pxt::Segment::growthFactor(unsigned short)
 .text._ZN3pxt7Segment6growByEt
                0x0000000008002438       0x4c CMakeFiles/STM32_BLUE_PILL.dir/pxtapp/base/pxt.cpp.o
                0x0000000008002438                pxt::Segment::growBy(unsigned short)
 .text._ZN3pxt7Segment9growByMinEt
                0x0000000008002484       0x1c CMakeFiles/STM32_BLUE_PILL.dir/pxtapp/base/pxt.cpp.o
                0x0000000008002484                pxt::Segment::growByMin(unsigned short)
 .text._ZN3pxt7Segment3setEjPNS_12TValueStructE
                0x00000000080024a0       0x40 CMakeFiles/STM32_BLUE_PILL.dir/pxtapp/base/pxt.cpp.o
                0x00000000080024a0                pxt::Segment::set(unsigned int, pxt::TValueStruct*)
 .text._ZN3pxt7Segment6setRefEjPNS_12TValueStructE
                0x00000000080024e0        0x4 CMakeFiles/STM32_BLUE_PILL.dir/pxtapp/base/pxt.cpp.o
                0x00000000080024e0                pxt::Segment::setRef(unsigned int, pxt::TValueStruct*)
 .text._ZN3pxt7Segment9setLengthEj
                0x00000000080024e4       0x20 CMakeFiles/STM32_BLUE_PILL.dir/pxtapp/base/pxt.cpp.o
                0x00000000080024e4                pxt::Segment::setLength(unsigned int)
 .text._ZN3pxt7Segment4pushEPNS_12TValueStructE
                0x0000000008002504        0x8 CMakeFiles/STM32_BLUE_PILL.dir/pxtapp/base/pxt.cpp.o
                0x0000000008002504                pxt::Segment::push(pxt::TValueStruct*)
 .text._ZN3pxt7Segment3popEv
                0x000000000800250c       0x1c CMakeFiles/STM32_BLUE_PILL.dir/pxtapp/base/pxt.cpp.o
                0x000000000800250c                pxt::Segment::pop()
 .text._ZN3pxt7Segment6removeEj
                0x0000000008002528       0x4c CMakeFiles/STM32_BLUE_PILL.dir/pxtapp/base/pxt.cpp.o
                0x0000000008002528                pxt::Segment::remove(unsigned int)
 .text._ZN3pxt7Segment6insertEjPNS_12TValueStructE
                0x0000000008002574       0x44 CMakeFiles/STM32_BLUE_PILL.dir/pxtapp/base/pxt.cpp.o
                0x0000000008002574                pxt::Segment::insert(unsigned int, pxt::TValueStruct*)
 .text._ZN3pxt7Segment5printEv
                0x00000000080025b8       0x38 CMakeFiles/STM32_BLUE_PILL.dir/pxtapp/base/pxt.cpp.o
                0x00000000080025b8                pxt::Segment::print()
 .text._ZN3pxt13RefCollection5printEPS0_
                0x00000000080025f0       0x20 CMakeFiles/STM32_BLUE_PILL.dir/pxtapp/base/pxt.cpp.o
                0x00000000080025f0                pxt::RefCollection::print(pxt::RefCollection*)
 .text._ZN3pxt13RefCollection4pushEPNS_12TValueStructE
                0x0000000008002610        0xc CMakeFiles/STM32_BLUE_PILL.dir/pxtapp/base/pxt.cpp.o
                0x0000000008002610                pxt::RefCollection::push(pxt::TValueStruct*)
 .text._ZN3pxt13RefCollection3popEv
                0x000000000800261c       0x1c CMakeFiles/STM32_BLUE_PILL.dir/pxtapp/base/pxt.cpp.o
                0x000000000800261c                pxt::RefCollection::pop()
 .text._ZN3pxt13RefCollection5getAtEi
                0x0000000008002638       0x10 CMakeFiles/STM32_BLUE_PILL.dir/pxtapp/base/pxt.cpp.o
                0x0000000008002638                pxt::RefCollection::getAt(int)
 .text._ZN3pxt13RefCollection8removeAtEi
                0x0000000008002648        0x8 CMakeFiles/STM32_BLUE_PILL.dir/pxtapp/base/pxt.cpp.o
                0x0000000008002648                pxt::RefCollection::removeAt(int)
 .text._ZN3pxt13RefCollection8insertAtEiPNS_12TValueStructE
                0x0000000008002650        0x8 CMakeFiles/STM32_BLUE_PILL.dir/pxtapp/base/pxt.cpp.o
                0x0000000008002650                pxt::RefCollection::insertAt(int, pxt::TValueStruct*)
 .text._ZN3pxt13RefCollection5setAtEiPNS_12TValueStructE
                0x0000000008002658        0x8 CMakeFiles/STM32_BLUE_PILL.dir/pxtapp/base/pxt.cpp.o
                0x0000000008002658                pxt::RefCollection::setAt(int, pxt::TValueStruct*)
 .text._ZN3pxt13RefCollection7indexOfEPNS_12TValueStructEi
                0x0000000008002660       0x44 CMakeFiles/STM32_BLUE_PILL.dir/pxtapp/base/pxt.cpp.o
                0x0000000008002660                pxt::RefCollection::indexOf(pxt::TValueStruct*, int)
 .text._ZN3pxt13RefCollection13removeElementEPNS_12TValueStructE
                0x00000000080026a4       0x1c CMakeFiles/STM32_BLUE_PILL.dir/pxtapp/base/pxt.cpp.o
                0x00000000080026a4                pxt::RefCollection::removeElement(pxt::TValueStruct*)
 .text._ZN3pxt13RefCollectionC2Ev
                0x00000000080026c0       0x14 CMakeFiles/STM32_BLUE_PILL.dir/pxtapp/base/pxt.cpp.o
                0x00000000080026c0                pxt::RefCollection::RefCollection()
                0x00000000080026c0                pxt::RefCollection::RefCollection()
 .text._ZN3pxt11RefRefLocalC2Ev
                0x00000000080026d4       0x10 CMakeFiles/STM32_BLUE_PILL.dir/pxtapp/base/pxt.cpp.o
                0x00000000080026d4                pxt::RefRefLocal::RefRefLocal()
                0x00000000080026d4                pxt::RefRefLocal::RefRefLocal()
 .text._ZN3pxt6RefMapC2Ev
                0x00000000080026e4       0x18 CMakeFiles/STM32_BLUE_PILL.dir/pxtapp/base/pxt.cpp.o
                0x00000000080026e4                pxt::RefMap::RefMap()
                0x00000000080026e4                pxt::RefMap::RefMap()
 .text._ZN3pxt6RefMap7findIdxEPNS_11BoxedStringE
                0x00000000080026fc       0x68 CMakeFiles/STM32_BLUE_PILL.dir/pxtapp/base/pxt.cpp.o
                0x00000000080026fc                pxt::RefMap::findIdx(pxt::BoxedString*)
 .text._ZN3pxt13debugMemLeaksEv
                0x0000000008002764        0x4 CMakeFiles/STM32_BLUE_PILL.dir/pxtapp/base/pxt.cpp.o
                0x0000000008002764                pxt::debugMemLeaks()
 .text._ZN3pxt5errorENS_9PXT_PANICEi
                0x0000000008002768       0x1c CMakeFiles/STM32_BLUE_PILL.dir/pxtapp/base/pxt.cpp.o
                0x0000000008002768                pxt::error(pxt::PXT_PANIC, int)
 .text._ZN3pxt8allocateEt
                0x0000000008002784       0x18 CMakeFiles/STM32_BLUE_PILL.dir/pxtapp/base/pxt.cpp.o
                0x0000000008002784                pxt::allocate(unsigned short)
 .text._ZN3pxt12templateHashEv
                0x000000000800279c        0xc CMakeFiles/STM32_BLUE_PILL.dir/pxtapp/base/pxt.cpp.o
                0x000000000800279c                pxt::templateHash()
 .text._ZN3pxt11programHashEv
                0x00000000080027a8        0xc CMakeFiles/STM32_BLUE_PILL.dir/pxtapp/base/pxt.cpp.o
                0x00000000080027a8                pxt::programHash()
 .text._ZN3pxt13getNumGlobalsEv
                0x00000000080027b4        0xc CMakeFiles/STM32_BLUE_PILL.dir/pxtapp/base/pxt.cpp.o
                0x00000000080027b4                pxt::getNumGlobals()
 .text._ZN3pxt11exec_binaryEPj
                0x00000000080027c0       0xdc CMakeFiles/STM32_BLUE_PILL.dir/pxtapp/base/pxt.cpp.o
                0x00000000080027c0                pxt::exec_binary(unsigned int*)
 .text._ZN3pxt5startEv
                0x000000000800289c       0x28 CMakeFiles/STM32_BLUE_PILL.dir/pxtapp/base/pxt.cpp.o
                0x000000000800289c                pxt::start()
 .text._ZN6Array_7isArrayEPN3pxt12TValueStructE
                0x00000000080028c4       0x28 CMakeFiles/STM32_BLUE_PILL.dir/pxtapp/base/pxt.cpp.o
                0x00000000080028c4                Array_::isArray(pxt::TValueStruct*)
 .text._ZN5pxtrt6keysOfEPN3pxt12TValueStructE
                0x00000000080028ec       0x68 CMakeFiles/STM32_BLUE_PILL.dir/pxtapp/base/pxt.cpp.o
                0x00000000080028ec                pxtrt::keysOf(pxt::TValueStruct*)
 .text._ZN5codal14CodalComponent4initEv
                0x0000000008002954        0x8 CMakeFiles/STM32_BLUE_PILL.dir/pxtapp/core---stm32bluepill/codal.cpp.o
                0x0000000008002954                codal::CodalComponent::init()
 .text._ZN3pxtL10runAction0EPNS_12TValueStructE
                0x000000000800295c       0x18 CMakeFiles/STM32_BLUE_PILL.dir/pxtapp/core---stm32bluepill/codal.cpp.o
 .text._ZN3pxt13dispatchEventEN5codal5EventE
                0x0000000008002974       0x6c CMakeFiles/STM32_BLUE_PILL.dir/pxtapp/core---stm32bluepill/codal.cpp.o
                0x0000000008002974                pxt::dispatchEvent(codal::Event)
 .text._ZN3pxt9fiberDoneEPv
                0x00000000080029e0       0x10 CMakeFiles/STM32_BLUE_PILL.dir/pxtapp/core---stm32bluepill/codal.cpp.o
                0x00000000080029e0                pxt::fiberDone(void*)
 .text._ZN3pxt12forever_stubEPv
                0x00000000080029f0       0x20 CMakeFiles/STM32_BLUE_PILL.dir/pxtapp/core---stm32bluepill/codal.cpp.o
                0x00000000080029f0                pxt::forever_stub(void*)
 .text._ZN5codal3_cm5TimerD2Ev
                0x0000000008002a10       0x14 CMakeFiles/STM32_BLUE_PILL.dir/pxtapp/core---stm32bluepill/codal.cpp.o
                0x0000000008002a10                codal::_cm::Timer::~Timer()
                0x0000000008002a10                codal::_cm::Timer::~Timer()
 .text._ZN3pxt12releaseFiberEv
                0x0000000008002a24        0x4 CMakeFiles/STM32_BLUE_PILL.dir/pxtapp/core---stm32bluepill/codal.cpp.o
                0x0000000008002a24                pxt::releaseFiber()
 .text._ZN3pxt8sleep_msEj
                0x0000000008002a28        0x4 CMakeFiles/STM32_BLUE_PILL.dir/pxtapp/core---stm32bluepill/codal.cpp.o
                0x0000000008002a28                pxt::sleep_ms(unsigned int)
 .text._ZN3pxt8sleep_usEy
                0x0000000008002a2c        0x4 CMakeFiles/STM32_BLUE_PILL.dir/pxtapp/core---stm32bluepill/codal.cpp.o
                0x0000000008002a2c                pxt::sleep_us(unsigned long long)
 .text._ZN3pxt10runForeverEPNS_12TValueStructE
                0x0000000008002a30       0x24 CMakeFiles/STM32_BLUE_PILL.dir/pxtapp/core---stm32bluepill/codal.cpp.o
                0x0000000008002a30                pxt::runForever(pxt::TValueStruct*)
 .text._ZN3pxt13runInParallelEPNS_12TValueStructE
                0x0000000008002a54       0x24 CMakeFiles/STM32_BLUE_PILL.dir/pxtapp/core---stm32bluepill/codal.cpp.o
                0x0000000008002a54                pxt::runInParallel(pxt::TValueStruct*)
 .text._ZN3pxt12waitForEventEii
                0x0000000008002a78        0x8 CMakeFiles/STM32_BLUE_PILL.dir/pxtapp/core---stm32bluepill/codal.cpp.o
                0x0000000008002a78                pxt::waitForEvent(int, int)
 .text._ZN3pxt11initRuntimeEv
                0x0000000008002a80      0x110 CMakeFiles/STM32_BLUE_PILL.dir/pxtapp/core---stm32bluepill/codal.cpp.o
                0x0000000008002a80                pxt::initRuntime()
 .text._ZN3pxt16afterProgramPageEv
                0x0000000008002b90       0x20 CMakeFiles/STM32_BLUE_PILL.dir/pxtapp/core---stm32bluepill/codal.cpp.o
                0x0000000008002b90                pxt::afterProgramPage()
 .text._ZN3pxt15getSerialNumberEv
                0x0000000008002bb0        0x4 CMakeFiles/STM32_BLUE_PILL.dir/pxtapp/core---stm32bluepill/codal.cpp.o
                0x0000000008002bb0                pxt::getSerialNumber()
 .text._ZN3pxt15current_time_msEv
                0x0000000008002bb4        0x4 CMakeFiles/STM32_BLUE_PILL.dir/pxtapp/core---stm32bluepill/codal.cpp.o
                0x0000000008002bb4                pxt::current_time_ms()
 .text._ZN3pxt16getThreadContextEv
                0x0000000008002bb8        0xc CMakeFiles/STM32_BLUE_PILL.dir/pxtapp/core---stm32bluepill/codal.cpp.o
                0x0000000008002bb8                pxt::getThreadContext()
 .text._ZN3pxt16setThreadContextEPNS_13ThreadContextE
                0x0000000008002bc4        0xc CMakeFiles/STM32_BLUE_PILL.dir/pxtapp/core---stm32bluepill/codal.cpp.o
                0x0000000008002bc4                pxt::setThreadContext(pxt::ThreadContext*)
 .text._ZN3pxt15getCurrentFiberEv
                0x0000000008002bd0        0xc CMakeFiles/STM32_BLUE_PILL.dir/pxtapp/core---stm32bluepill/codal.cpp.o
                0x0000000008002bd0                pxt::getCurrentFiber()
 .text._ZN3pxt16threadAddressForEPNS_13ThreadContextEPv
                0x0000000008002bdc       0x24 CMakeFiles/STM32_BLUE_PILL.dir/pxtapp/core---stm32bluepill/codal.cpp.o
                0x0000000008002bdc                pxt::threadAddressFor(pxt::ThreadContext*, void*)
 .text.startup._GLOBAL__sub_I__ZN3pxt8devTimerE
                0x0000000008002c00       0x58 CMakeFiles/STM32_BLUE_PILL.dir/pxtapp/core---stm32bluepill/codal.cpp.o
 .text._ZN3pxt15registerWithDalEiiPNS_12TValueStructEi
                0x0000000008002c58       0x68 CMakeFiles/STM32_BLUE_PILL.dir/pxtapp/core---stm32bluepill/codal.cpp.o
                0x0000000008002c58                pxt::registerWithDal(int, int, pxt::TValueStruct*, int)
 .text._ZN7control10raiseEventEii
                0x0000000008002cc0       0x18 CMakeFiles/STM32_BLUE_PILL.dir/pxtapp/core---stm32bluepill/control.cpp.o
                0x0000000008002cc0                control::raiseEvent(int, int)
 .text._ZN7control16deviceDalVersionEv
                0x0000000008002cd8       0x10 CMakeFiles/STM32_BLUE_PILL.dir/pxtapp/core---stm32bluepill/control.cpp.o
                0x0000000008002cd8                control::deviceDalVersion()
 .text._ZN7control19allocateNotifyEventEv
                0x0000000008002ce8        0x8 CMakeFiles/STM32_BLUE_PILL.dir/pxtapp/core---stm32bluepill/control.cpp.o
                0x0000000008002ce8                control::allocateNotifyEvent()
 .text._ZN7control5dmesgEPN3pxt11BoxedStringE
                0x0000000008002cf0        0xc CMakeFiles/STM32_BLUE_PILL.dir/pxtapp/core---stm32bluepill/control.cpp.o
                0x0000000008002cf0                control::dmesg(pxt::BoxedString*)
 .text._ZN7control8dmesgPtrEPN3pxt11BoxedStringEPv
                0x0000000008002cfc       0x10 CMakeFiles/STM32_BLUE_PILL.dir/pxtapp/core---stm32bluepill/control.cpp.o
                0x0000000008002cfc                control::dmesgPtr(pxt::BoxedString*, void*)
 .text._ZN4pinsL7initI2CEv.part.0
                0x0000000008002d0c       0x40 CMakeFiles/STM32_BLUE_PILL.dir/pxtapp/core---stm32bluepill/i2c.cpp.o
 .text._ZN4pins13i2cReadBufferEiib
                0x0000000008002d4c       0x48 CMakeFiles/STM32_BLUE_PILL.dir/pxtapp/core---stm32bluepill/i2c.cpp.o
                0x0000000008002d4c                pins::i2cReadBuffer(int, int, bool)
 .text._ZN4pins14i2cWriteBufferEiPN3pxt11BoxedBufferEb
                0x0000000008002d94       0x34 CMakeFiles/STM32_BLUE_PILL.dir/pxtapp/core---stm32bluepill/i2c.cpp.o
                0x0000000008002d94                pins::i2cWriteBuffer(int, pxt::BoxedBuffer*, bool)
 .text._ZN5codal3Pin15setServoPulseUsEm
                0x0000000008002dc8        0x8 CMakeFiles/STM32_BLUE_PILL.dir/pxtapp/core---stm32bluepill/pins.cpp.o
                0x0000000008002dc8                codal::Pin::setServoPulseUs(unsigned long)
 .text._ZN5codal3Pin17setAnalogPeriodUsEm
                0x0000000008002dd0        0x8 CMakeFiles/STM32_BLUE_PILL.dir/pxtapp/core---stm32bluepill/pins.cpp.o
                0x0000000008002dd0                codal::Pin::setAnalogPeriodUs(unsigned long)
 .text._ZN5codal3Pin8drainPinEv
                0x0000000008002dd8        0x8 CMakeFiles/STM32_BLUE_PILL.dir/pxtapp/core---stm32bluepill/pins.cpp.o
                0x0000000008002dd8                codal::Pin::drainPin()
 .text._ZN3pxt6getPinEi
                0x0000000008002de0       0xbc CMakeFiles/STM32_BLUE_PILL.dir/pxtapp/core---stm32bluepill/pins.cpp.o
                0x0000000008002de0                pxt::getPin(int)
 .text._ZN3pxt9getPinCfgEi
                0x0000000008002e9c       0x14 CMakeFiles/STM32_BLUE_PILL.dir/pxtapp/core---stm32bluepill/pins.cpp.o
                0x0000000008002e9c                pxt::getPinCfg(int)
 .text._ZN3pxt9lookupPinEi
                0x0000000008002eb0       0x10 CMakeFiles/STM32_BLUE_PILL.dir/pxtapp/core---stm32bluepill/pins.cpp.o
                0x0000000008002eb0                pxt::lookupPin(int)
 .text._ZN4pins12createBufferEi
                0x0000000008002ec0        0x8 CMakeFiles/STM32_BLUE_PILL.dir/pxtapp/core---stm32bluepill/pins.cpp.o
                0x0000000008002ec0                pins::createBuffer(int)
 .text._ZN4pins13pulseDurationEv
                0x0000000008002ec8        0xc CMakeFiles/STM32_BLUE_PILL.dir/pxtapp/core---stm32bluepill/pins.cpp.o
                0x0000000008002ec8                pins::pulseDuration()
 .text._ZN18AnalogInPinMethods10analogReadEPN5codal16STM32BluePillPinE
                0x0000000008002ed4        0x8 CMakeFiles/STM32_BLUE_PILL.dir/pxtapp/core---stm32bluepill/pinsAnalog.cpp.o
                0x0000000008002ed4                AnalogInPinMethods::analogRead(codal::STM32BluePillPin*)
 .text._ZN19AnalogOutPinMethods11analogWriteEPN5codal16STM32BluePillPinEi
                0x0000000008002edc        0x8 CMakeFiles/STM32_BLUE_PILL.dir/pxtapp/core---stm32bluepill/pinsAnalog.cpp.o
                0x0000000008002edc                AnalogOutPinMethods::analogWrite(codal::STM32BluePillPin*, int)
 .text._ZN22DigitalInOutPinMethods11digitalReadEPN5codal16STM32BluePillPinE
                0x0000000008002ee4       0x10 CMakeFiles/STM32_BLUE_PILL.dir/pxtapp/core---stm32bluepill/pinsDigital.cpp.o
                0x0000000008002ee4                DigitalInOutPinMethods::digitalRead(codal::STM32BluePillPin*)
 .text._ZN22DigitalInOutPinMethods12digitalWriteEPN5codal16STM32BluePillPinEb
                0x0000000008002ef4        0x8 CMakeFiles/STM32_BLUE_PILL.dir/pxtapp/core---stm32bluepill/pinsDigital.cpp.o
                0x0000000008002ef4                DigitalInOutPinMethods::digitalWrite(codal::STM32BluePillPin*, bool)
 .text._ZN22DigitalInOutPinMethods8onPulsedEPN5codal16STM32BluePillPinE10PulseValuePN3pxt12TValueStructE
                0x0000000008002efc       0x20 CMakeFiles/STM32_BLUE_PILL.dir/pxtapp/core---stm32bluepill/pinsDigital.cpp.o
                0x0000000008002efc                DigitalInOutPinMethods::onPulsed(codal::STM32BluePillPin*, PulseValue, pxt::TValueStruct*)
 .text._ZN22DigitalInOutPinMethods7onEventEPN5codal16STM32BluePillPinE8PinEventPN3pxt12TValueStructE
                0x0000000008002f1c       0x38 CMakeFiles/STM32_BLUE_PILL.dir/pxtapp/core---stm32bluepill/pinsDigital.cpp.o
                0x0000000008002f1c                DigitalInOutPinMethods::onEvent(codal::STM32BluePillPin*, PinEvent, pxt::TValueStruct*)
 .text._ZN22DigitalInOutPinMethods7pulseInEPN5codal16STM32BluePillPinE10PulseValuei
                0x0000000008002f54       0x80 CMakeFiles/STM32_BLUE_PILL.dir/pxtapp/core---stm32bluepill/pinsDigital.cpp.o
                0x0000000008002f54                DigitalInOutPinMethods::pulseIn(codal::STM32BluePillPin*, PulseValue, int)
 .text._ZN22DigitalInOutPinMethods7setPullEPN5codal16STM32BluePillPinE11PinPullMode
                0x0000000008002fd4       0x18 CMakeFiles/STM32_BLUE_PILL.dir/pxtapp/core---stm32bluepill/pinsDigital.cpp.o
                0x0000000008002fd4                DigitalInOutPinMethods::setPull(codal::STM32BluePillPin*, PinPullMode)
 .text._ZN17PwmOnlyPinMethods15analogSetPeriodEPN5codal16STM32BluePillPinEi
                0x0000000008002fec        0x4 CMakeFiles/STM32_BLUE_PILL.dir/pxtapp/core---stm32bluepill/pinsPWM.cpp.o
                0x0000000008002fec                PwmOnlyPinMethods::analogSetPeriod(codal::STM32BluePillPin*, int)
 .text._ZN17PwmOnlyPinMethods10servoWriteEPN5codal16STM32BluePillPinEi
                0x0000000008002ff0       0x14 CMakeFiles/STM32_BLUE_PILL.dir/pxtapp/core---stm32bluepill/pinsPWM.cpp.o
                0x0000000008002ff0                PwmOnlyPinMethods::servoWrite(codal::STM32BluePillPin*, int)
 .text._ZN17PwmOnlyPinMethods13servoSetPulseEPN5codal16STM32BluePillPinEi
                0x0000000008003004        0x4 CMakeFiles/STM32_BLUE_PILL.dir/pxtapp/core---stm32bluepill/pinsPWM.cpp.o
                0x0000000008003004                PwmOnlyPinMethods::servoSetPulse(codal::STM32BluePillPin*, int)
 .text._ZN3pxt13platform_initEv
                0x0000000008003008       0x1c CMakeFiles/STM32_BLUE_PILL.dir/pxtapp/core---stm32bluepill/platform.cpp.o
                0x0000000008003008                pxt::platform_init()
 .text._Z14cpu_clock_initv
                0x0000000008003024        0x4 CMakeFiles/STM32_BLUE_PILL.dir/pxtapp/core---stm32bluepill/platform.cpp.o
                0x0000000008003024                cpu_clock_init()
 .text._ZN4pinsL7initSPIEv.part.0
                0x0000000008003028       0x54 CMakeFiles/STM32_BLUE_PILL.dir/pxtapp/core---stm32bluepill/spi.cpp.o
 .text._ZN4pins8spiWriteEi
                0x000000000800307c       0x28 CMakeFiles/STM32_BLUE_PILL.dir/pxtapp/core---stm32bluepill/spi.cpp.o
                0x000000000800307c                pins::spiWrite(int)
 .text._ZN4pins11spiTransferEPN3pxt11BoxedBufferES2_
                0x00000000080030a4       0x44 CMakeFiles/STM32_BLUE_PILL.dir/pxtapp/core---stm32bluepill/spi.cpp.o
                0x00000000080030a4                pins::spiTransfer(pxt::BoxedBuffer*, pxt::BoxedBuffer*)
 .text._ZN4pins12spiFrequencyEi
                0x00000000080030e8       0x28 CMakeFiles/STM32_BLUE_PILL.dir/pxtapp/core---stm32bluepill/spi.cpp.o
                0x00000000080030e8                pins::spiFrequency(int)
 .text._ZN4pins7spiModeEi
                0x0000000008003110       0x2c CMakeFiles/STM32_BLUE_PILL.dir/pxtapp/core---stm32bluepill/spi.cpp.o
                0x0000000008003110                pins::spiMode(int)
 .text._ZN3pxt8usb_initEv
                0x000000000800313c        0x4 CMakeFiles/STM32_BLUE_PILL.dir/pxtapp/core---stm32bluepill/usb.cpp.o
                0x000000000800313c                pxt::usb_init()
 .text._ZN3pxt10sendSerialEPKci
                0x0000000008003140       0x10 CMakeFiles/STM32_BLUE_PILL.dir/pxtapp/core---stm32bluepill/usb.cpp.o
                0x0000000008003140                pxt::sendSerial(char const*, int)
 .text._ZN3pxt9dumpDmesgEv
                0x0000000008003150       0x3c CMakeFiles/STM32_BLUE_PILL.dir/pxtapp/core---stm32bluepill/usb.cpp.o
                0x0000000008003150                pxt::dumpDmesg()
 .text.startup.main
                0x000000000800318c        0xc CMakeFiles/STM32_BLUE_PILL.dir/pxtapp/main.cpp.o
                0x000000000800318c                main
 .text._ZN3pxt4incrEPNS_12TValueStructE
                0x0000000008003198        0x4 CMakeFiles/STM32_BLUE_PILL.dir/pxtapp/pointers.cpp.o
                0x0000000008003198                pxt::incr(pxt::TValueStruct*)
 .text._ZN3pxt4decrEPNS_12TValueStructE
                0x000000000800319c        0x4 CMakeFiles/STM32_BLUE_PILL.dir/pxtapp/pointers.cpp.o
                0x000000000800319c                pxt::decr(pxt::TValueStruct*)
 .text._ZN3pxt12ptrOfLiteralEi
                0x00000000080031a0       0x10 CMakeFiles/STM32_BLUE_PILL.dir/pxtapp/pointers.cpp.o
                0x00000000080031a0                pxt::ptrOfLiteral(int)
 .text._ZN3pxt16startPerfCounterENS_12PerfCountersE
                0x00000000080031b0        0x4 CMakeFiles/STM32_BLUE_PILL.dir/pxtapp/pointers.cpp.o
                0x00000000080031b0                pxt::startPerfCounter(pxt::PerfCounters)
 .text._ZN3pxt15stopPerfCounterENS_12PerfCountersE
                0x00000000080031b4        0x4 CMakeFiles/STM32_BLUE_PILL.dir/pxtapp/pointers.cpp.o
                0x00000000080031b4                pxt::stopPerfCounter(pxt::PerfCounters)
 .text._ZN3pxt16dumpPerfCountersEv
                0x00000000080031b8        0x4 CMakeFiles/STM32_BLUE_PILL.dir/pxtapp/pointers.cpp.o
                0x00000000080031b8                pxt::dumpPerfCounters()
 .text.malloc   0x00000000080031bc       0x10 libnewlib.a(malloc.c.o)
                0x00000000080031bc                malloc
 .text.free     0x00000000080031cc       0x10 libnewlib.a(malloc.c.o)
                0x00000000080031cc                free
 .text._malloc_r
                0x00000000080031dc       0xbc libnewlib.a(nano-mallocr.c.o)
                0x00000000080031dc                _malloc_r
 .text._free_r  0x0000000008003298       0x98 libnewlib.a(nano-mallocr.c.o)
                0x0000000008003298                _free_r
 .text.realloc  0x0000000008003330       0x10 libnewlib.a(realloc.c.o)
                0x0000000008003330                realloc
 .text._strtol_l.isra.0
                0x0000000008003340       0xf4 libnewlib.a(strtol.c.o)
 .text.strtol   0x0000000008003434       0x14 libnewlib.a(strtol.c.o)
                0x0000000008003434                strtol
 .text._ZN5codal14string_reverseEPc
                0x0000000008003448       0x2c libcodal-core.a(CodalCompat.cpp.o)
                0x0000000008003448                codal::string_reverse(char*)
 .text._ZN5codal4itoaEiPc
                0x0000000008003474       0x60 libcodal-core.a(CodalCompat.cpp.o)
                0x0000000008003474                codal::itoa(int, char*)
 .text._ZN5codal11seed_randomEm
                0x00000000080034d4        0xc libcodal-core.a(CodalCompat.cpp.o)
                0x00000000080034d4                codal::seed_random(unsigned long)
 .text._ZN5codal14CodalComponent16periodicCallbackEv
                0x00000000080034e0        0x4 libcodal-core.a(CodalComponent.cpp.o)
                0x00000000080034e0                codal::CodalComponent::periodicCallback()
 .text._ZN5codal14CodalComponent12idleCallbackEv
                0x00000000080034e4        0x4 libcodal-core.a(CodalComponent.cpp.o)
                0x00000000080034e4                codal::CodalComponent::idleCallback()
 .text._ZN5codal10EventModel3addEPNS_8ListenerE
                0x00000000080034e8        0x8 libcodal-core.a(CodalComponent.cpp.o)
                0x00000000080034e8                codal::EventModel::add(codal::Listener*)
 .text._Z18component_callbackN5codal5EventE
                0x00000000080034f0       0x78 libcodal-core.a(CodalComponent.cpp.o)
                0x00000000080034f0                component_callback(codal::Event)
 .text._ZN5codal14CodalComponent12addComponentEv
                0x0000000008003568       0xe0 libcodal-core.a(CodalComponent.cpp.o)
                0x0000000008003568                codal::CodalComponent::addComponent()
 .text._ZN5codal14CodalComponent15removeComponentEv
                0x0000000008003648       0x34 libcodal-core.a(CodalComponent.cpp.o)
                0x0000000008003648                codal::CodalComponent::removeComponent()
 .text._ZN5codal11CodalDevice10getVersionEv
                0x000000000800367c        0x8 libcodal-core.a(CodalDevice.cpp.o)
                0x000000000800367c                codal::CodalDevice::getVersion()
 .text._ZN5codal11CodalDevice5sleepEm
                0x0000000008003684        0x8 libcodal-core.a(CodalDevice.cpp.o)
                0x0000000008003684                codal::CodalDevice::sleep(unsigned long)
 .text._ZN5codal11CodalDevice10seedRandomEm
                0x000000000800368c        0x8 libcodal-core.a(CodalDevice.cpp.o)
                0x000000000800368c                codal::CodalDevice::seedRandom(unsigned long)
 .text._ZN5codal11CodalDevice5panicEi
                0x0000000008003694        0x8 libcodal-core.a(CodalDevice.cpp.o)
                0x0000000008003694                codal::CodalDevice::panic(int)
 .text._ZN5codal11CodalDevice15getSerialNumberEv
                0x000000000800369c        0x4 libcodal-core.a(CodalDevice.cpp.o)
                0x000000000800369c                codal::CodalDevice::getSerialNumber()
 .text._ZN5codal11CodalDevice4waitEm
                0x00000000080036a0        0x8 libcodal-core.a(CodalDevice.cpp.o)
                0x00000000080036a0                codal::CodalDevice::wait(unsigned long)
 .text._ZN5codal11CodalDevice5resetEv
                0x00000000080036a8        0x4 libcodal-core.a(CodalDevice.cpp.o)
                0x00000000080036a8                codal::CodalDevice::reset()
 .text._ZL9logwritenPKci
                0x00000000080036ac       0x80 libcodal-core.a(CodalDmesg.cpp.o)
 .text._ZL11logwritenummbb
                0x000000000800372c       0x74 libcodal-core.a(CodalDmesg.cpp.o)
 .text.codal_dmesg_set_flush_fn
                0x00000000080037a0        0xc libcodal-core.a(CodalDmesg.cpp.o)
                0x00000000080037a0                codal_dmesg_set_flush_fn
 .text.codal_vdmesg
                0x00000000080037ac       0xdc libcodal-core.a(CodalDmesg.cpp.o)
                0x00000000080037ac                codal_vdmesg
 .text.codal_dmesg
                0x0000000008003888       0x20 libcodal-core.a(CodalDmesg.cpp.o)
                0x0000000008003888                codal_dmesg
 .text._ZN5codal10EventModel6removeEPNS_8ListenerE
                0x00000000080038a8        0x8 libcodal-core.a(CodalFiber.cpp.o)
                0x00000000080038a8                codal::EventModel::remove(codal::Listener*)
 .text._ZN5codal11queue_fiberEPNS_5FiberEPS1_
                0x00000000080038b0       0x38 libcodal-core.a(CodalFiber.cpp.o)
                0x00000000080038b0                codal::queue_fiber(codal::Fiber*, codal::Fiber**)
 .text._ZN5codal13dequeue_fiberEPNS_5FiberE
                0x00000000080038e8       0x34 libcodal-core.a(CodalFiber.cpp.o)
                0x00000000080038e8                codal::dequeue_fiber(codal::Fiber*)
 .text._ZN5codal14scheduler_tickENS_5EventE
                0x000000000800391c       0x44 libcodal-core.a(CodalFiber.cpp.o)
                0x000000000800391c                codal::scheduler_tick(codal::Event)
 .text._ZN5codal15scheduler_eventENS_5EventE
                0x0000000008003960       0xe0 libcodal-core.a(CodalFiber.cpp.o)
                0x0000000008003960                codal::scheduler_event(codal::Event)
 .text._Z15getFiberContextv
                0x0000000008003a40       0x50 libcodal-core.a(CodalFiber.cpp.o)
                0x0000000008003a40                getFiberContext()
 .text._ZL10handle_fobv
                0x0000000008003a90       0x34 libcodal-core.a(CodalFiber.cpp.o)
 .text._ZN5codal14scheduler_initERNS_10EventModelE
                0x0000000008003ac4      0x138 libcodal-core.a(CodalFiber.cpp.o)
                0x0000000008003ac4                codal::scheduler_init(codal::EventModel&)
 .text._ZN5codal23fiber_scheduler_runningEv
                0x0000000008003bfc       0x10 libcodal-core.a(CodalFiber.cpp.o)
                0x0000000008003bfc                codal::fiber_scheduler_running()
 .text._ZN5codal19fiber_wake_on_eventEtt
                0x0000000008003c0c       0x98 libcodal-core.a(CodalFiber.cpp.o)
                0x0000000008003c0c                codal::fiber_wake_on_event(unsigned short, unsigned short)
 .text._Z14__create_fibermmmi
                0x0000000008003ca4       0x68 libcodal-core.a(CodalFiber.cpp.o)
                0x0000000008003ca4                __create_fiber(unsigned long, unsigned long, unsigned long, int)
 .text._ZN5codal12create_fiberEPFvPvES0_S2_
                0x0000000008003d0c       0x24 libcodal-core.a(CodalFiber.cpp.o)
                0x0000000008003d0c                codal::create_fiber(void (*)(void*), void*, void (*)(void*))
 .text._ZN5codal24scheduler_runqueue_emptyEv
                0x0000000008003d30       0x10 libcodal-core.a(CodalFiber.cpp.o)
                0x0000000008003d30                codal::scheduler_runqueue_empty()
 .text._ZN5codal4idleEv
                0x0000000008003d40       0x48 libcodal-core.a(CodalFiber.cpp.o)
                0x0000000008003d40                codal::idle()
 .text._ZN5codal8scheduleEv.part.2
                0x0000000008003d88      0x18c libcodal-core.a(CodalFiber.cpp.o)
 .text._ZN5codal8scheduleEv
                0x0000000008003f14       0x14 libcodal-core.a(CodalFiber.cpp.o)
                0x0000000008003f14                codal::schedule()
 .text._ZN5codal11fiber_sleepEm
                0x0000000008003f28       0x48 libcodal-core.a(CodalFiber.cpp.o)
                0x0000000008003f28                codal::fiber_sleep(unsigned long)
 .text._ZN5codal20fiber_wait_for_eventEtt
                0x0000000008003f70       0x24 libcodal-core.a(CodalFiber.cpp.o)
                0x0000000008003f70                codal::fiber_wait_for_event(unsigned short, unsigned short)
 .text._ZN5codal13release_fiberEv
                0x0000000008003f94       0x7c libcodal-core.a(CodalFiber.cpp.o)
                0x0000000008003f94                codal::release_fiber()
 .text._ZN5codal16launch_new_fiberEPFvvES1_
                0x0000000008004010       0x10 libcodal-core.a(CodalFiber.cpp.o)
                0x0000000008004010                codal::launch_new_fiber(void (*)(), void (*)())
 .text._ZN5codal13release_fiberEPv
                0x0000000008004020       0x14 libcodal-core.a(CodalFiber.cpp.o)
                0x0000000008004020                codal::release_fiber(void*)
 .text._ZN5codal6invokeEPFvPvES0_
                0x0000000008004034       0x9c libcodal-core.a(CodalFiber.cpp.o)
                0x0000000008004034                codal::invoke(void (*)(void*), void*)
 .text._ZN5codal22launch_new_fiber_paramEPFvPvES2_S0_
                0x00000000080040d0       0x28 libcodal-core.a(CodalFiber.cpp.o)
                0x00000000080040d0                codal::launch_new_fiber_param(void (*)(void*), void (*)(void*), void*)
 .text._ZN5codal9idle_taskEv
                0x00000000080040f8       0x18 libcodal-core.a(CodalFiber.cpp.o)
                0x00000000080040f8                codal::idle_task()
 .text._ZN5codal8ListenerC2EttPFvNS_5EventEEt
                0x0000000008004110       0x30 libcodal-core.a(CodalListener.cpp.o)
                0x0000000008004110                codal::Listener::Listener(unsigned short, unsigned short, void (*)(codal::Event), unsigned short)
                0x0000000008004110                codal::Listener::Listener(unsigned short, unsigned short, void (*)(codal::Event), unsigned short)
 .text._ZN5codal8ListenerD2Ev
                0x0000000008004140       0x14 libcodal-core.a(CodalListener.cpp.o)
                0x0000000008004140                codal::Listener::~Listener()
                0x0000000008004140                codal::Listener::~Listener()
 .text._ZN5codal8Listener5queueENS_5EventE
                0x0000000008004154       0x68 libcodal-core.a(CodalListener.cpp.o)
                0x0000000008004154                codal::Listener::queue(codal::Event)
 .text._ZN5codal5Timer17disableInterruptsEv
                0x00000000080041bc        0xc libcodal-core.a(Timer.cpp.o)
                0x00000000080041bc                codal::Timer::disableInterrupts()
 .text._ZN5codal5Timer16enableInterruptsEv
                0x00000000080041c8        0xc libcodal-core.a(Timer.cpp.o)
                0x00000000080041c8                codal::Timer::enableInterrupts()
 .text._ZN5codal5TimerC2Ev
                0x00000000080041d4       0x30 libcodal-core.a(Timer.cpp.o)
                0x00000000080041d4                codal::Timer::Timer()
                0x00000000080041d4                codal::Timer::Timer()
 .text._ZN5codal5Timer8setEventEmttb
                0x0000000008004204       0xb8 libcodal-core.a(Timer.cpp.o)
                0x0000000008004204                codal::Timer::setEvent(unsigned long, unsigned short, unsigned short, bool)
 .text._ZN5codal5Timer4syncEm
                0x00000000080042bc       0x30 libcodal-core.a(Timer.cpp.o)
                0x00000000080042bc                codal::Timer::sync(unsigned long)
 .text._ZN5codal5Timer7triggerEv
                0x00000000080042ec       0xe0 libcodal-core.a(Timer.cpp.o)
                0x00000000080042ec                codal::Timer::trigger()
 .text._ZN5codal5TimerD2Ev
                0x00000000080043cc        0x4 libcodal-core.a(Timer.cpp.o)
                0x00000000080043cc                codal::Timer::~Timer()
                0x00000000080043cc                codal::Timer::~Timer()
 .text._ZN5codal25system_timer_current_timeEv
                0x00000000080043d0       0x1c libcodal-core.a(Timer.cpp.o)
                0x00000000080043d0                codal::system_timer_current_time()
 .text._ZN5codal28system_timer_current_time_usEv
                0x00000000080043ec       0x1c libcodal-core.a(Timer.cpp.o)
                0x00000000080043ec                codal::system_timer_current_time_us()
 .text._ZN5codal27system_timer_event_every_usEmtt
                0x0000000008004408       0x2c libcodal-core.a(Timer.cpp.o)
                0x0000000008004408                codal::system_timer_event_every_us(unsigned long, unsigned short, unsigned short)
 .text._ZN5codal10EventModel4sendENS_5EventE
                0x0000000008004434       0x14 libcodal-core.a(MessageBus.cpp.o)
                0x0000000008004434                codal::EventModel::send(codal::Event)
 .text._ZN5codal10MessageBus9elementAtEi
                0x0000000008004448       0x18 libcodal-core.a(MessageBus.cpp.o)
                0x0000000008004448                codal::MessageBus::elementAt(int)
 .text._ZN5codal14CodalComponentD2Ev
                0x0000000008004460       0x18 libcodal-core.a(MessageBus.cpp.o)
                0x0000000008004460                codal::CodalComponent::~CodalComponent()
                0x0000000008004460                codal::CodalComponent::~CodalComponent()
 .text._ZN5codal14CodalComponentD0Ev
                0x0000000008004478       0x20 libcodal-core.a(MessageBus.cpp.o)
                0x0000000008004478                codal::CodalComponent::~CodalComponent()
 .text._ZN5codal22MemberFunctionCallback10methodCallINS_10MessageBusEEEvPvPmNS_5EventE
                0x0000000008004498       0x3c libcodal-core.a(MessageBus.cpp.o)
                0x0000000008004498                void codal::MemberFunctionCallback::methodCall<codal::MessageBus>(void*, unsigned long*, codal::Event)
 .text._ZN5codal10MessageBus6removeEPNS_8ListenerE
                0x00000000080044d4       0x7c libcodal-core.a(MessageBus.cpp.o)
                0x00000000080044d4                codal::MessageBus::remove(codal::Listener*)
 .text._ZN5codal10MessageBus3addEPNS_8ListenerE
                0x0000000008004550       0xf8 libcodal-core.a(MessageBus.cpp.o)
                0x0000000008004550                codal::MessageBus::add(codal::Listener*)
 .text._Z14async_callbackPv
                0x0000000008004648       0x84 libcodal-core.a(MessageBus.cpp.o)
                0x0000000008004648                async_callback(void*)
 .text._ZN5codal10MessageBus12dequeueEventEv
                0x00000000080046cc       0x24 libcodal-core.a(MessageBus.cpp.o)
                0x00000000080046cc                codal::MessageBus::dequeueEvent()
 .text._ZN5codal10MessageBus21deleteMarkedListenersEv
                0x00000000080046f0       0x54 libcodal-core.a(MessageBus.cpp.o)
                0x00000000080046f0                codal::MessageBus::deleteMarkedListeners()
 .text._ZN5codal10MessageBus7processERNS_5EventEb
                0x0000000008004744       0x98 libcodal-core.a(MessageBus.cpp.o)
                0x0000000008004744                codal::MessageBus::process(codal::Event&, bool)
 .text._ZN5codal10MessageBus10queueEventERNS_5EventE
                0x00000000080047dc       0x60 libcodal-core.a(MessageBus.cpp.o)
                0x00000000080047dc                codal::MessageBus::queueEvent(codal::Event&)
 .text._ZN5codal10MessageBus4sendENS_5EventE
                0x000000000800483c       0x18 libcodal-core.a(MessageBus.cpp.o)
                0x000000000800483c                codal::MessageBus::send(codal::Event)
 .text._ZN5codal10MessageBus4idleENS_5EventE
                0x0000000008004854       0x44 libcodal-core.a(MessageBus.cpp.o)
                0x0000000008004854                codal::MessageBus::idle(codal::Event)
 .text._ZN5codal19allocateNotifyEventEv
                0x0000000008004898       0x10 libcodal-core.a(MessageBus.cpp.o)
                0x0000000008004898                codal::allocateNotifyEvent()
 .text._ZN5codal8ListenerC2INS_10MessageBusEEEttPT_MS3_FvNS_5EventEEt
                0x00000000080048a8       0x64 libcodal-core.a(MessageBus.cpp.o)
                0x00000000080048a8                codal::Listener::Listener<codal::MessageBus>(unsigned short, unsigned short, codal::MessageBus*, void (codal::MessageBus::*)(codal::Event), unsigned short)
                0x00000000080048a8                codal::Listener::Listener<codal::MessageBus>(unsigned short, unsigned short, codal::MessageBus*, void (codal::MessageBus::*)(codal::Event), unsigned short)
 .text._ZN5codal10MessageBusC2Ev
                0x000000000800490c       0x94 libcodal-core.a(MessageBus.cpp.o)
                0x000000000800490c                codal::MessageBus::MessageBus()
                0x000000000800490c                codal::MessageBus::MessageBus()
 .text._ZN5codal10MessageBusD2Ev
                0x00000000080049a0       0x64 libcodal-core.a(MessageBus.cpp.o)
                0x00000000080049a0                codal::MessageBus::~MessageBus()
                0x00000000080049a0                codal::MessageBus::~MessageBus()
 .text._ZThn8_N5codal10MessageBusD1Ev
                0x0000000008004a04        0x8 libcodal-core.a(MessageBus.cpp.o)
                0x0000000008004a04                non-virtual thunk to codal::MessageBus::~MessageBus()
 .text._ZN5codal10MessageBusD0Ev
                0x0000000008004a0c       0x14 libcodal-core.a(MessageBus.cpp.o)
                0x0000000008004a0c                codal::MessageBus::~MessageBus()
 .text._ZThn8_N5codal10MessageBusD0Ev
                0x0000000008004a20        0x8 libcodal-core.a(MessageBus.cpp.o)
                0x0000000008004a20                non-virtual thunk to codal::MessageBus::~MessageBus()
 .text._ZN5codal5EventC2EttmNS_15EventLaunchModeE.part.1
                0x0000000008004a28       0x2c libcodal-core.a(Event.cpp.o)
 .text._ZN5codal5EventC2EttNS_15EventLaunchModeE
                0x0000000008004a54       0x1c libcodal-core.a(Event.cpp.o)
                0x0000000008004a54                codal::Event::Event(unsigned short, unsigned short, codal::EventLaunchMode)
                0x0000000008004a54                codal::Event::Event(unsigned short, unsigned short, codal::EventLaunchMode)
 .text._ZN5codal5EventC2EttmNS_15EventLaunchModeE
                0x0000000008004a70       0x18 libcodal-core.a(Event.cpp.o)
                0x0000000008004a70                codal::Event::Event(unsigned short, unsigned short, unsigned long, codal::EventLaunchMode)
                0x0000000008004a70                codal::Event::Event(unsigned short, unsigned short, unsigned long, codal::EventLaunchMode)
 .text._ZN5codal5EventC2Ev
                0x0000000008004a88       0x14 libcodal-core.a(Event.cpp.o)
                0x0000000008004a88                codal::Event::Event()
                0x0000000008004a88                codal::Event::Event()
 .text._ZN5codal14EventQueueItemC2ENS_5EventE
                0x0000000008004a9c       0x24 libcodal-core.a(Event.cpp.o)
                0x0000000008004a9c                codal::EventQueueItem::EventQueueItem(codal::Event)
                0x0000000008004a9c                codal::EventQueueItem::EventQueueItem(codal::Event)
 .text.calloc   0x0000000008004ac0       0x20 libcodal-core.a(CodalHeapAllocator.cpp.o)
                0x0000000008004ac0                calloc
 .text._ZN5codal22MemberFunctionCallback4fireENS_5EventE
                0x0000000008004ae0       0x1c libcodal-core.a(MemberFunctionCallback.cpp.o)
                0x0000000008004ae0                codal::MemberFunctionCallback::fire(codal::Event)
 .text._ZN5codal22MemberFunctionCallbackeqERKS0_
                0x0000000008004afc       0x20 libcodal-core.a(MemberFunctionCallback.cpp.o)
                0x0000000008004afc                codal::MemberFunctionCallback::operator==(codal::MemberFunctionCallback const&)
 .text.log      0x0000000008004b1c       0x10 libnano-float.a(functions.c.o)
                0x0000000008004b1c                log
 .text.log10    0x0000000008004b2c       0x24 libnano-float.a(functions.c.o)
                0x0000000008004b2c                log10
 .text.tan      0x0000000008004b50       0x10 libnano-float.a(functions.c.o)
                0x0000000008004b50                tan
 .text.sin      0x0000000008004b60       0x10 libnano-float.a(functions.c.o)
                0x0000000008004b60                sin
 .text.cos      0x0000000008004b70       0x10 libnano-float.a(functions.c.o)
                0x0000000008004b70                cos
 .text.atan2    0x0000000008004b80       0x24 libnano-float.a(functions.c.o)
                0x0000000008004b80                atan2
 .text.sqrt     0x0000000008004ba4       0x10 libnano-float.a(functions.c.o)
                0x0000000008004ba4                sqrt
 .text.platform_setup
                0x0000000008004bb4       0x4c libstm32.a(bluepill.cpp.o)
                0x0000000008004bb4                platform_setup
 .text.enable_debug
                0x0000000008004c00       0x10 libstm32.a(bluepill.cpp.o)
                0x0000000008004c00                enable_debug
 .text.__cxa_pure_virtual
                0x0000000008004c10        0x8 libstm32.a(bluepill.cpp.o)
                0x0000000008004c10                __cxa_pure_virtual
 .text._Znwj    0x0000000008004c18        0x4 libstm32.a(bluepill.cpp.o)
                0x0000000008004c18                operator new(unsigned int)
 .text._ZdlPv   0x0000000008004c1c        0x4 libstm32.a(bluepill.cpp.o)
                0x0000000008004c1c                operator delete(void*)
 .text.led_setup
                0x0000000008004c20       0x20 libstm32.a(led.cpp.o)
                0x0000000008004c20                led_setup
 .text.led_on   0x0000000008004c40       0x10 libstm32.a(led.cpp.o)
                0x0000000008004c40                led_on
 .text.led_off  0x0000000008004c50       0x10 libstm32.a(led.cpp.o)
                0x0000000008004c50                led_off
 .text.led_wait
                0x0000000008004c60       0x10 libstm32.a(led.cpp.o)
                0x0000000008004c60                led_wait
 .text._ZN5codal3_cm3I2C12setFrequencyEm
                0x0000000008004c70        0x4 libstm32.a(CmI2C.cpp.o)
                0x0000000008004c70                codal::_cm::I2C::setFrequency(unsigned long)
 .text._ZN5codal3_cm3I2C4readEtPhib
                0x0000000008004c74        0x4 libstm32.a(CmI2C.cpp.o)
                0x0000000008004c74                codal::_cm::I2C::read(unsigned short, unsigned char*, int, bool)
                0x0000000008004c74                codal::_cm::I2C::write(unsigned short, unsigned char*, int, bool)
 .text._ZN5codal3_cm3I2C12readRegisterEthPhib
                0x0000000008004c78        0x4 libstm32.a(CmI2C.cpp.o)
                0x0000000008004c78                codal::_cm::I2C::readRegister(unsigned short, unsigned char, unsigned char*, int, bool)
 .text._ZN5codal3_cm3I2CC2ERNS_3PinES3_
                0x0000000008004c7c       0x1c libstm32.a(CmI2C.cpp.o)
                0x0000000008004c7c                codal::_cm::I2C::I2C(codal::Pin&, codal::Pin&)
                0x0000000008004c7c                codal::_cm::I2C::I2C(codal::Pin&, codal::Pin&)
 .text._ZN5codal3_cm3Pin15getDigitalValueEv
                0x0000000008004c98        0x4 libstm32.a(CmPin.cpp.o)
                0x0000000008004c98                codal::_cm::Pin::getDigitalValue()
 .text._ZN5codal3_cm3Pin14setAnalogValueEi
                0x0000000008004c9c       0x1c libstm32.a(CmPin.cpp.o)
                0x0000000008004c9c                codal::_cm::Pin::setAnalogValue(int)
 .text._ZN5codal3_cm3Pin13setServoValueEiii
                0x0000000008004cb8       0x2c libstm32.a(CmPin.cpp.o)
                0x0000000008004cb8                codal::_cm::Pin::setServoValue(int, int, int)
 .text._ZN5codal3_cm3Pin14getAnalogValueEv
                0x0000000008004ce4        0x4 libstm32.a(CmPin.cpp.o)
                0x0000000008004ce4                codal::_cm::Pin::getAnalogValue()
 .text._ZN5codal3_cm3Pin7isInputEv
                0x0000000008004ce8       0x10 libstm32.a(CmPin.cpp.o)
                0x0000000008004ce8                codal::_cm::Pin::isInput()
 .text._ZN5codal3_cm3Pin8isOutputEv