Archive member included to satisfy reference by file (symbol)

libnewlib.a(memcpy-stub.c.o)  CMakeFiles/STM32_BLUE_PILL.dir/pxtapp/base/buffer.cpp.o (memcpy)
libnewlib.a(strcmp.S.o)       CMakeFiles/STM32_BLUE_PILL.dir/pxtapp/base/core.cpp.o (strcmp)
libnewlib.a(strlen.S.o)       CMakeFiles/STM32_BLUE_PILL.dir/pxtapp/base/core.cpp.o (strlen)
libnewlib.a(strtol.c.o)       CMakeFiles/STM32_BLUE_PILL.dir/pxtapp/base/core.cpp.o (strtol)
libnewlib.a(memcmp.c.o)       CMakeFiles/STM32_BLUE_PILL.dir/pxtapp/base/pxt.cpp.o (memcmp)
libnewlib.a(memmove.c.o)      CMakeFiles/STM32_BLUE_PILL.dir/pxtapp/base/buffer.cpp.o (memmove)
libnewlib.a(memset.c.o)       CMakeFiles/STM32_BLUE_PILL.dir/pxtapp/base/buffer.cpp.o (memset)
libnewlib.a(strstr.c.o)       CMakeFiles/STM32_BLUE_PILL.dir/pxtapp/base/core.cpp.o (strstr)
libnewlib.a(ctype_.c.o)       libnewlib.a(strtol.c.o) (_ctype_)
libnewlib.a(impure.c.o)       libnewlib.a(strtol.c.o) (_impure_ptr)
libcodal-core.a(CodalCompat.cpp.o)
                              CMakeFiles/STM32_BLUE_PILL.dir/pxtapp/base/core.cpp.o (codal::itoa(int, char*))
libcodal-core.a(CodalComponent.cpp.o)
                              CMakeFiles/STM32_BLUE_PILL.dir/pxtapp/core---stm32bluepill/codal.cpp.o (codal::CodalComponent::components)
libcodal-core.a(CodalDevice.cpp.o)
                              CMakeFiles/STM32_BLUE_PILL.dir/pxtapp/core---stm32bluepill/codal.cpp.o (vtable for codal::CodalDevice)
libcodal-core.a(CodalDmesg.cpp.o)
                              CMakeFiles/STM32_BLUE_PILL.dir/pxtapp/base/core.cpp.o (codal_dmesg)
libcodal-core.a(CodalFiber.cpp.o)
                              CMakeFiles/STM32_BLUE_PILL.dir/pxtapp/core---stm32bluepill/codal.cpp.o (codal::list_fibers(codal::Fiber**))
libcodal-core.a(CodalHeapAllocator.cpp.o)
                              CMakeFiles/STM32_BLUE_PILL.dir/pxtapp/base/gc.cpp.o (device_heap_size(unsigned char))
libcodal-core.a(CodalListener.cpp.o)
                              CMakeFiles/STM32_BLUE_PILL.dir/pxtapp/core---stm32bluepill/codal.cpp.o (codal::Listener::Listener(unsigned short, unsigned short, void (*)(codal::Event), unsigned short))
libcodal-core.a(Timer.cpp.o)  CMakeFiles/STM32_BLUE_PILL.dir/pxtapp/core---stm32bluepill/codal.cpp.o (codal::Timer::~Timer())
libcodal-core.a(MessageBus.cpp.o)
                              CMakeFiles/STM32_BLUE_PILL.dir/pxtapp/core---stm32bluepill/codal.cpp.o (codal::MessageBus::add(codal::Listener*))
libcodal-core.a(Event.cpp.o)  CMakeFiles/STM32_BLUE_PILL.dir/pxtapp/core---stm32bluepill/codal.cpp.o (codal::Event::Event())
libcodal-core.a(MemberFunctionCallback.cpp.o)
                              libcodal-core.a(MessageBus.cpp.o) (codal::MemberFunctionCallback::fire(codal::Event))
liblibopencm3.a(vector.c.o)   (vector_table)
libnano-float.a(functions.c.o)
                              CMakeFiles/STM32_BLUE_PILL.dir/pxtapp/base/core.cpp.o (__wrap___aeabi_ddiv)
liblogger.a(logger.cpp.o)     CMakeFiles/STM32_BLUE_PILL.dir/pxtapp/base/pxt.cpp.o (debug_flush)
libbluepill.a(bluepill.cpp.o)
                              libcodal-core.a(Timer.cpp.o) (__cxa_pure_virtual)
libbluepill.a(led.cpp.o)      libbluepill.a(bluepill.cpp.o) (led_setup)
libbootloader.a(bootloader.c.o)
                              /mnt/c/stm32bluepill-makecode/pxt-maker/projects/blink/built/dockercodal/build/libraries/codal-libopencm3/CMakeFiles/hal.dir/stm32/hal/reset_handler.c.o (bootloader_start)
libbootloader.a(usb_conf.c.o)
                              libbootloader.a(bootloader.c.o) (usb_setup)
libbootloader.a(webusb.c.o)   libbootloader.a(usb_conf.c.o) (webusb_setup)
libbootloader.a(winusb.c.o)   libbootloader.a(usb_conf.c.o) (winusb_setup)
libbootloader.a(target_stm32f103.c.o)
                              libbootloader.a(bootloader.c.o) (target_set_led)
libbootloader.a(cdc.c.o)      libbootloader.a(usb_conf.c.o) (cdc_setup)
libbootloader.a(hf2.c.o)      libbootloader.a(usb_conf.c.o) (hf2_setup)
libbootloader.a(usb21_standard.c.o)
                              libbootloader.a(usb_conf.c.o) (usb21_setup)
libbootloader.a(backup.c.o)   libbootloader.a(target_stm32f103.c.o) (backup_write)
libbootloader.a(ghostfat.c.o)
                              libbootloader.a(hf2.c.o) (flash_write)
libhal.a(codal_target_hal.cpp.o)
                              /mnt/c/stm32bluepill-makecode/pxt-maker/projects/blink/built/dockercodal/build/libraries/codal-libopencm3/CMakeFiles/hal.dir/stm32/hal/reset_handler.c.o (target_enable_debug)
libhal.a(CortexContextSwitch.s.o)
                              libcodal-core.a(CodalFiber.cpp.o) (swap_context)
libcm.a(CmI2C.cpp.o)          CMakeFiles/STM32_BLUE_PILL.dir/pxtapp/core---stm32bluepill/i2c.cpp.o (codal::_cm::I2C::I2C(codal::Pin&, codal::Pin&))
libcm.a(CmPin.cpp.o)          CMakeFiles/STM32_BLUE_PILL.dir/pxtapp/core---stm32bluepill/pins.cpp.o (codal::_cm::Pin::getDigitalValue())
[...]
Memory Configuration

Name             Origin             Length             Attributes
bootrom          0x0000000008000000 0x0000000000006000 xr
rom              0x0000000008006000 0x000000000000a000 xr
bootram          0x0000000020000000 0x0000000000002800 xrw
ram              0x0000000020002800 0x0000000000002800 xrw
*default*        0x0000000000000000 0xffffffffffffffff

Linker script and memory map

LOAD /mnt/c/stm32bluepill-makecode/pxt-maker/projects/blink/built/dockercodal/build/libraries/codal-libopencm3/CMakeFiles/hal.dir/stm32/hal/reset_handler.c.o
START GROUP
LOAD CMakeFiles/STM32_BLUE_PILL.dir/pxtapp/base/advmath.cpp.o
LOAD CMakeFiles/STM32_BLUE_PILL.dir/pxtapp/base/buffer.cpp.o
LOAD CMakeFiles/STM32_BLUE_PILL.dir/pxtapp/base/control.cpp.o
LOAD CMakeFiles/STM32_BLUE_PILL.dir/pxtapp/base/core.cpp.o
LOAD CMakeFiles/STM32_BLUE_PILL.dir/pxtapp/base/gc.cpp.o
LOAD CMakeFiles/STM32_BLUE_PILL.dir/pxtapp/base/loops.cpp.o
LOAD CMakeFiles/STM32_BLUE_PILL.dir/pxtapp/base/pxt.cpp.o
LOAD CMakeFiles/STM32_BLUE_PILL.dir/pxtapp/core---stm32bluepill/codal.cpp.o
LOAD CMakeFiles/STM32_BLUE_PILL.dir/pxtapp/core---stm32bluepill/control.cpp.o
LOAD CMakeFiles/STM32_BLUE_PILL.dir/pxtapp/core---stm32bluepill/dmac.cpp.o
LOAD CMakeFiles/STM32_BLUE_PILL.dir/pxtapp/core---stm32bluepill/hf2.cpp.o
LOAD CMakeFiles/STM32_BLUE_PILL.dir/pxtapp/core---stm32bluepill/i2c.cpp.o
LOAD CMakeFiles/STM32_BLUE_PILL.dir/pxtapp/core---stm32bluepill/pins.cpp.o
LOAD CMakeFiles/STM32_BLUE_PILL.dir/pxtapp/core---stm32bluepill/pinsAnalog.cpp.o
LOAD CMakeFiles/STM32_BLUE_PILL.dir/pxtapp/core---stm32bluepill/pinsDigital.cpp.o
LOAD CMakeFiles/STM32_BLUE_PILL.dir/pxtapp/core---stm32bluepill/pinsPWM.cpp.o
LOAD CMakeFiles/STM32_BLUE_PILL.dir/pxtapp/core---stm32bluepill/platform.cpp.o
LOAD CMakeFiles/STM32_BLUE_PILL.dir/pxtapp/core---stm32bluepill/spi.cpp.o
LOAD CMakeFiles/STM32_BLUE_PILL.dir/pxtapp/core---stm32bluepill/usb.cpp.o
LOAD CMakeFiles/STM32_BLUE_PILL.dir/pxtapp/main.cpp.o
LOAD CMakeFiles/STM32_BLUE_PILL.dir/pxtapp/pointers.cpp.o
LOAD libcodal-libopencm3.a
LOAD libqfplib.a
LOAD libnewlib.a
LOAD libcodal-core.a
LOAD liblibopencm3.a
LOAD libcocoos.a
LOAD libnano-float.a
LOAD liblogger.a
LOAD libbluepill.a
LOAD libbootloader.a
LOAD libhal.a
LOAD libadcint.a
LOAD libi2cint.a
LOAD libporting.a
LOAD libsimulator.a
LOAD libspiint.a
LOAD libuartint.a
LOAD libcm.a
LOAD libmodel.a
LOAD libbme280.a
LOAD /opt/gcc-arm-none-eabi-8-2018-q4-major/bin/../lib/gcc/arm-none-eabi/8.2.1/../../../../arm-none-eabi/lib/thumb/v7-m/nofp/libnosys.a
LOAD /opt/gcc-arm-none-eabi-8-2018-q4-major/bin/../lib/gcc/arm-none-eabi/8.2.1/../../../../arm-none-eabi/lib/thumb/v7-m/nofp/libstdc++.a
LOAD /opt/gcc-arm-none-eabi-8-2018-q4-major/bin/../lib/gcc/arm-none-eabi/8.2.1/../../../../arm-none-eabi/lib/thumb/v7-m/nofp/libsupc++.a
LOAD /opt/gcc-arm-none-eabi-8-2018-q4-major/bin/../lib/gcc/arm-none-eabi/8.2.1/../../../../arm-none-eabi/lib/thumb/v7-m/nofp/libstdc++.a
LOAD /opt/gcc-arm-none-eabi-8-2018-q4-major/bin/../lib/gcc/arm-none-eabi/8.2.1/../../../../arm-none-eabi/lib/thumb/v7-m/nofp/libsupc++.a
END GROUP
LOAD /opt/gcc-arm-none-eabi-8-2018-q4-major/bin/../lib/gcc/arm-none-eabi/8.2.1/thumb/v7-m/nofp/libgcc.a

.boot_text      0x0000000008000000     0x5080
 *(SORT_BY_ALIGNMENT(.vectors))
 .vectors       0x0000000008000000      0x150 liblibopencm3.a(vector.c.o)
                0x0000000008000000                vector_table
 :*reset_handler*(SORT_BY_ALIGNMENT(.text*))
 .text.reset_handler
                0x0000000008000150       0xf4 /mnt/c/stm32bluepill-makecode/pxt-maker/projects/blink/built/dockercodal/build/libraries/codal-libopencm3/CMakeFiles/hal.dir/stm32/hal/reset_handler.c.o
                0x0000000008000150                reset_handler
 *libhal.a:*reset_handler*(SORT_BY_ALIGNMENT(.text*))
 :*codal_target_hal*(SORT_BY_ALIGNMENT(.text*))
 *libhal.a:*codal_target_hal*(SORT_BY_ALIGNMENT(.text*))
 .text._ZL10timer_tickv
                0x0000000008000244       0x10 libhal.a(codal_target_hal.cpp.o)
 .text._ZL11timer_alarmv
                0x0000000008000254       0x10 libhal.a(codal_target_hal.cpp.o)
 .text.target_dmesg_flush.part.0
                0x0000000008000264       0x30 libhal.a(codal_target_hal.cpp.o)
 .text.target_set_tick_callback
                0x0000000008000294        0xc libhal.a(codal_target_hal.cpp.o)
                0x0000000008000294                target_set_tick_callback
 .text.target_set_alarm_callback
                0x00000000080002a0        0xc libhal.a(codal_target_hal.cpp.o)
                0x00000000080002a0                target_set_alarm_callback
 .text.target_enable_debug
                0x00000000080002ac        0x4 libhal.a(codal_target_hal.cpp.o)
                0x00000000080002ac                target_enable_debug
 .text.target_init
                0x00000000080002b0       0x30 libhal.a(codal_target_hal.cpp.o)
                0x00000000080002b0                target_init
 .text.target_reset
                0x00000000080002e0       0x14 libhal.a(codal_target_hal.cpp.o)
                0x00000000080002e0                target_reset
 .text.target_in_isr
                0x00000000080002f4       0x10 libhal.a(codal_target_hal.cpp.o)
                0x00000000080002f4                target_in_isr
 .text.target_enable_irq
                0x0000000008000304        0x4 libhal.a(codal_target_hal.cpp.o)
                0x0000000008000304                target_enable_irq
 .text.target_disable_irq
                0x0000000008000308        0x4 libhal.a(codal_target_hal.cpp.o)
                0x0000000008000308                target_disable_irq
 .text.target_wait_for_event
                0x000000000800030c       0x20 libhal.a(codal_target_hal.cpp.o)
                0x000000000800030c                target_wait_for_event
 .text.target_wait
                0x000000000800032c       0x28 libhal.a(codal_target_hal.cpp.o)
                0x000000000800032c                target_wait
 .text.target_wait_us
                0x0000000008000354       0x34 libhal.a(codal_target_hal.cpp.o)
                0x0000000008000354                target_wait_us
 .text.target_seed_random
                0x0000000008000388       0x10 libhal.a(codal_target_hal.cpp.o)
                0x0000000008000388                target_seed_random
 .text.target_get_serial
                0x0000000008000398       0x18 libhal.a(codal_target_hal.cpp.o)
                0x0000000008000398                target_get_serial
 .text.target_panic
                0x00000000080003b0       0x20 libhal.a(codal_target_hal.cpp.o)
                0x00000000080003b0                target_panic
 .text.fiber_initial_stack_base
                0x00000000080003d0        0x8 libhal.a(codal_target_hal.cpp.o)
                0x00000000080003d0                fiber_initial_stack_base
 .text.tcb_allocate
                0x00000000080003d8        0x8 libhal.a(codal_target_hal.cpp.o)
                0x00000000080003d8                tcb_allocate
 .text.tcb_configure_lr
                0x00000000080003e0        0x4 libhal.a(codal_target_hal.cpp.o)
                0x00000000080003e0                tcb_configure_lr
 .text.tcb_configure_sp
                0x00000000080003e4        0x4 libhal.a(codal_target_hal.cpp.o)
                0x00000000080003e4                tcb_configure_sp
 .text.tcb_configure_stack_base
                0x00000000080003e8        0x4 libhal.a(codal_target_hal.cpp.o)
                0x00000000080003e8                tcb_configure_stack_base
 .text.tcb_get_stack_base
                0x00000000080003ec        0x4 libhal.a(codal_target_hal.cpp.o)
                0x00000000080003ec                tcb_get_stack_base
 .text.get_current_sp
                0x00000000080003f0        0x4 libhal.a(codal_target_hal.cpp.o)
                0x00000000080003f0                get_current_sp
 .text.tcb_get_sp
                0x00000000080003f4        0x4 libhal.a(codal_target_hal.cpp.o)
                0x00000000080003f4                tcb_get_sp
 .text.tcb_configure_args
                0x00000000080003f8        0x8 libhal.a(codal_target_hal.cpp.o)
                0x00000000080003f8                tcb_configure_args
 .text.test_codal
                0x0000000008000400       0x70 libhal.a(codal_target_hal.cpp.o)
                0x0000000008000400                test_codal
 .text._fini    0x0000000008000470        0x4 libhal.a(codal_target_hal.cpp.o)
                0x0000000008000470                _fini
 .text.__aeabi_atexit
                0x0000000008000474        0x4 libhal.a(codal_target_hal.cpp.o)
                0x0000000008000474                __aeabi_atexit
 :*CortexContextSwitch*(SORT_BY_ALIGNMENT(.text*))
 *libhal.a:(SORT_BY_ALIGNMENT(.text*))
 .text          0x0000000008000478      0x124 libhal.a(CortexContextSwitch.s.o)
                0x0000000008000478                swap_context
                0x00000000080004fa                save_context
                0x000000000800053e                save_register_context
                0x000000000800056e                restore_register_context
 *liblibopencm3.a:(SORT_BY_ALIGNMENT(.text*))
 .text.blocking_handler
                0x000000000800059c        0x4 liblibopencm3.a(vector.c.o)
                0x000000000800059c                usart3_isr
                0x000000000800059c                tim7_isr
                0x000000000800059c                adc1_2_isr
                0x000000000800059c                tim1_trg_com_isr
                0x000000000800059c                usb_hp_can_tx_isr
                0x000000000800059c                tim6_isr
                0x000000000800059c                usb_wakeup_isr
                0x000000000800059c                blocking_handler
                0x000000000800059c                tim5_isr
                0x000000000800059c                otg_fs_isr
                0x000000000800059c                spi1_isr
                0x000000000800059c                exti2_isr
                0x000000000800059c                dma1_channel6_isr
                0x000000000800059c                can_rx1_isr
                0x000000000800059c                dma1_channel5_isr
                0x000000000800059c                dma2_channel5_isr
                0x000000000800059c                usart1_isr
                0x000000000800059c                usage_fault_handler
                0x000000000800059c                tim8_trg_com_isr
                0x000000000800059c                can2_rx0_isr
                0x000000000800059c                tim1_brk_isr
                0x000000000800059c                can2_rx1_isr
                0x000000000800059c                tim1_cc_isr
                0x000000000800059c                sdio_isr
                0x000000000800059c                eth_isr
                0x000000000800059c                dma1_channel4_isr
                0x000000000800059c                tim8_brk_isr
                0x000000000800059c                dma2_channel4_5_isr
                0x000000000800059c                pvd_isr
                0x000000000800059c                rcc_isr
                0x000000000800059c                flash_isr
                0x000000000800059c                uart4_isr
                0x000000000800059c                exti15_10_isr
                0x000000000800059c                hard_fault_handler
                0x000000000800059c                exti1_isr
                0x000000000800059c                i2c1_ev_isr
                0x000000000800059c                dma2_channel1_isr
                0x000000000800059c                spi2_isr
                0x000000000800059c                tim8_up_isr
                0x000000000800059c                dma2_channel2_isr
                0x000000000800059c                exti3_isr
                0x000000000800059c                adc3_isr
                0x000000000800059c                tim3_isr
                0x000000000800059c                usart2_isr
                0x000000000800059c                usb_lp_can_rx0_isr
                0x000000000800059c                i2c2_er_isr
                0x000000000800059c                i2c2_ev_isr
                0x000000000800059c                uart5_isr
                0x000000000800059c                fsmc_isr
                0x000000000800059c                dma1_channel1_isr
                0x000000000800059c                exti4_isr
                0x000000000800059c                mem_manage_handler
                0x000000000800059c                can2_tx_isr
                0x000000000800059c                exti9_5_isr
                0x000000000800059c                dma2_channel3_isr
                0x000000000800059c                dma1_channel7_isr
                0x000000000800059c                tim1_up_isr
                0x000000000800059c                can2_sce_isr
                0x000000000800059c                tim4_isr
                0x000000000800059c                dma1_channel2_isr
                0x000000000800059c                i2c1_er_isr
                0x000000000800059c                can_sce_isr
                0x000000000800059c                tim8_cc_isr
                0x000000000800059c                tamper_isr
                0x000000000800059c                eth_wkup_isr
                0x000000000800059c                bus_fault_handler
                0x000000000800059c                wwdg_isr
                0x000000000800059c                dma1_channel3_isr
                0x000000000800059c                spi3_isr
                0x000000000800059c                tim2_isr
                0x000000000800059c                exti0_isr
 .text.null_handler
                0x00000000080005a0        0x4 liblibopencm3.a(vector.c.o)
                0x00000000080005a0                null_handler
                0x00000000080005a0                sv_call_handler
                0x00000000080005a0                pend_sv_handler
                0x00000000080005a0                debug_monitor_handler
                0x00000000080005a0                sys_tick_handler
                0x00000000080005a0                nmi_handler
 .text.flash_unlock
                0x00000000080005a4       0x18 liblibopencm3.a(flash_common_f.c.o)
                0x00000000080005a4                flash_unlock
 .text.flash_lock
                0x00000000080005bc       0x10 liblibopencm3.a(flash_common_f.c.o)
                0x00000000080005bc                flash_lock
 .text.gpio_set
                0x00000000080005cc        0x4 liblibopencm3.a(gpio_common_all.c.o)
                0x00000000080005cc                gpio_set
 .text.gpio_clear
                0x00000000080005d0        0x8 liblibopencm3.a(gpio_common_all.c.o)
                0x00000000080005d0                gpio_clear
 .text.pwr_disable_backup_domain_write_protect
                0x00000000080005d8       0x10 liblibopencm3.a(pwr_common_v1.c.o)
                0x00000000080005d8                pwr_disable_backup_domain_write_protect
 .text.pwr_enable_backup_domain_write_protect
                0x00000000080005e8       0x10 liblibopencm3.a(pwr_common_v1.c.o)
                0x00000000080005e8                pwr_enable_backup_domain_write_protect
 .text.rcc_periph_clock_enable
                0x00000000080005f8       0x1c liblibopencm3.a(rcc_common_all.c.o)
                0x00000000080005f8                rcc_periph_clock_enable
 .text.rcc_periph_reset_pulse
                0x0000000008000614       0x24 liblibopencm3.a(rcc_common_all.c.o)
                0x0000000008000614                rcc_periph_reset_pulse
 .text.desig_get_unique_id_as_string
                0x0000000008000638       0x70 liblibopencm3.a(desig.c.o)
                0x0000000008000638                desig_get_unique_id_as_string
 .text.flash_get_status_flags
                0x00000000080006a8       0x28 liblibopencm3.a(flash.c.o)
                0x00000000080006a8                flash_get_status_flags
 .text.flash_program_half_word
                0x00000000080006d0       0x98 liblibopencm3.a(flash.c.o)
                0x00000000080006d0                flash_program_half_word
 .text.flash_erase_page
                0x0000000008000768       0xbc liblibopencm3.a(flash.c.o)
                0x0000000008000768                flash_erase_page
 .text.gpio_set_mode
                0x0000000008000824       0x78 liblibopencm3.a(gpio.c.o)
                0x0000000008000824                gpio_set_mode
 .text.rcc_is_osc_ready.part.0
                0x000000000800089c       0x10 liblibopencm3.a(rcc.c.o)
 .text.rcc_osc_on.part.1
                0x00000000080008ac       0x10 liblibopencm3.a(rcc.c.o)
 .text.rcc_enable_rtc_clock
                0x00000000080008bc       0x10 liblibopencm3.a(rcc.c.o)
                0x00000000080008bc                rcc_enable_rtc_clock
 .text.rcc_set_rtc_clock_source
                0x00000000080008cc       0x98 liblibopencm3.a(rcc.c.o)
                0x00000000080008cc                rcc_set_rtc_clock_source
 .text.rcc_clock_setup_in_hse_8mhz_out_72mhz
                0x0000000008000964       0xcc liblibopencm3.a(rcc.c.o)
                0x0000000008000964                rcc_clock_setup_in_hse_8mhz_out_72mhz
 .text.st_usbfs_v1_usbd_init
                0x0000000008000a30       0x34 liblibopencm3.a(st_usbfs_v1.c.o)
 .text.st_usbfs_copy_to_pm
                0x0000000008000a64       0x20 liblibopencm3.a(st_usbfs_v1.c.o)
                0x0000000008000a64                st_usbfs_copy_to_pm
 .text.st_usbfs_copy_from_pm
                0x0000000008000a84       0x34 liblibopencm3.a(st_usbfs_v1.c.o)
                0x0000000008000a84                st_usbfs_copy_from_pm
 .text.usbd_init
                0x0000000008000ab8       0x54 liblibopencm3.a(usb.c.o)
                0x0000000008000ab8                usbd_init
 .text._usbd_reset
                0x0000000008000b0c       0x38 liblibopencm3.a(usb.c.o)
                0x0000000008000b0c                _usbd_reset
 .text.usbd_poll
                0x0000000008000b44        0x8 liblibopencm3.a(usb.c.o)
                0x0000000008000b44                usbd_poll
 .text.usbd_ep_setup
                0x0000000008000b4c       0x10 liblibopencm3.a(usb.c.o)
                0x0000000008000b4c                usbd_ep_setup
 .text.usbd_ep_write_packet
                0x0000000008000b5c       0x10 liblibopencm3.a(usb.c.o)
                0x0000000008000b5c                usbd_ep_write_packet
 .text.usbd_ep_read_packet
                0x0000000008000b6c       0x10 liblibopencm3.a(usb.c.o)
                0x0000000008000b6c                usbd_ep_read_packet
 .text.usbd_ep_stall_set
                0x0000000008000b7c        0x8 liblibopencm3.a(usb.c.o)
                0x0000000008000b7c                usbd_ep_stall_set
 .text.usbd_ep_stall_get
                0x0000000008000b84        0x8 liblibopencm3.a(usb.c.o)
                0x0000000008000b84                usbd_ep_stall_get
 .text.usbd_ep_nak_set
                0x0000000008000b8c        0x8 liblibopencm3.a(usb.c.o)
                0x0000000008000b8c                usbd_ep_nak_set
 .text.usb_control_send_chunk
                0x0000000008000b94       0x54 liblibopencm3.a(usb_control.c.o)
 .text.usb_control_request_dispatch
                0x0000000008000be8       0x64 liblibopencm3.a(usb_control.c.o)
 .text.usb_control_setup_read
                0x0000000008000c4c       0x7c liblibopencm3.a(usb_control.c.o)
 .text.usb_control_recv_chunk
                0x0000000008000cc8       0x48 liblibopencm3.a(usb_control.c.o)
 .text.usbd_register_control_callback
                0x0000000008000d10       0x34 liblibopencm3.a(usb_control.c.o)
                0x0000000008000d10                usbd_register_control_callback
 .text._usbd_control_setup
                0x0000000008000d44       0x64 liblibopencm3.a(usb_control.c.o)
                0x0000000008000d44                _usbd_control_setup
 .text._usbd_control_out
                0x0000000008000da8       0xa0 liblibopencm3.a(usb_control.c.o)
                0x0000000008000da8                _usbd_control_out
 .text._usbd_control_in
                0x0000000008000e48       0x68 liblibopencm3.a(usb_control.c.o)
                0x0000000008000e48                _usbd_control_in
 .text.usb_standard_set_address
                0x0000000008000eb0       0x30 liblibopencm3.a(usb_standard.c.o)
 .text.usb_standard_set_configuration
                0x0000000008000ee0       0xa0 liblibopencm3.a(usb_standard.c.o)
 .text.usb_standard_get_configuration
                0x0000000008000f80       0x2c liblibopencm3.a(usb_standard.c.o)
 .text.usb_standard_get_interface
                0x0000000008000fac       0x3c liblibopencm3.a(usb_standard.c.o)
 .text.usb_standard_device_get_status
                0x0000000008000fe8       0x18 liblibopencm3.a(usb_standard.c.o)
 .text.usb_standard_endpoint_get_status
                0x0000000008001000       0x2c liblibopencm3.a(usb_standard.c.o)
 .text.usb_standard_endpoint_stall
                0x000000000800102c       0x10 liblibopencm3.a(usb_standard.c.o)
 .text.usb_standard_endpoint_unstall
                0x000000000800103c       0x10 liblibopencm3.a(usb_standard.c.o)
 .text.usb_standard_set_interface
                0x000000000800104c       0x54 liblibopencm3.a(usb_standard.c.o)
 .text.usb_standard_get_descriptor
                0x00000000080010a0      0x298 liblibopencm3.a(usb_standard.c.o)
 .text.usb_standard_interface_get_status
                0x0000000008001338       0x18 liblibopencm3.a(usb_standard.c.o)
 .text.usbd_register_set_config_callback
                0x0000000008001350       0x34 liblibopencm3.a(usb_standard.c.o)
                0x0000000008001350                usbd_register_set_config_callback
 .text._usbd_standard_request_device
                0x0000000008001384       0x58 liblibopencm3.a(usb_standard.c.o)
                0x0000000008001384                _usbd_standard_request_device
 .text._usbd_standard_request_endpoint
                0x00000000080013dc       0x40 liblibopencm3.a(usb_standard.c.o)
                0x00000000080013dc                _usbd_standard_request_endpoint
 .text._usbd_standard_request
                0x000000000800141c       0x64 liblibopencm3.a(usb_standard.c.o)
                0x000000000800141c                _usbd_standard_request
 .text.flash_set_ws
                0x0000000008001480       0x14 liblibopencm3.a(flash_common_all.c.o)
                0x0000000008001480                flash_set_ws
 .text.flash_wait_for_last_operation
                0x0000000008001494        0xc liblibopencm3.a(flash_common_f01.c.o)
                0x0000000008001494                flash_wait_for_last_operation
 .text.st_usbfs_set_address
                0x00000000080014a0       0x10 liblibopencm3.a(st_usbfs_core.c.o)
                0x00000000080014a0                st_usbfs_set_address
 .text.st_usbfs_set_ep_rx_bufsize
                0x00000000080014b0       0x44 liblibopencm3.a(st_usbfs_core.c.o)
                0x00000000080014b0                st_usbfs_set_ep_rx_bufsize
 .text.st_usbfs_ep_setup
                0x00000000080014f4      0x118 liblibopencm3.a(st_usbfs_core.c.o)
                0x00000000080014f4                st_usbfs_ep_setup
 .text.st_usbfs_endpoints_reset
                0x000000000800160c       0x48 liblibopencm3.a(st_usbfs_core.c.o)
                0x000000000800160c                st_usbfs_endpoints_reset
 .text.st_usbfs_ep_stall_set
                0x0000000008001654       0xc4 liblibopencm3.a(st_usbfs_core.c.o)
                0x0000000008001654                st_usbfs_ep_stall_set
 .text.st_usbfs_ep_stall_get
                0x0000000008001718       0x40 liblibopencm3.a(st_usbfs_core.c.o)
                0x0000000008001718                st_usbfs_ep_stall_get
 .text.st_usbfs_ep_nak_set
                0x0000000008001758       0x50 liblibopencm3.a(st_usbfs_core.c.o)
                0x0000000008001758                st_usbfs_ep_nak_set
 .text.st_usbfs_ep_write_packet
                0x00000000080017a8       0x88 liblibopencm3.a(st_usbfs_core.c.o)
                0x00000000080017a8                st_usbfs_ep_write_packet
 .text.st_usbfs_ep_read_packet
                0x0000000008001830       0xb4 liblibopencm3.a(st_usbfs_core.c.o)
                0x0000000008001830                st_usbfs_ep_read_packet
 .text.st_usbfs_poll
                0x00000000080018e4       0xe4 liblibopencm3.a(st_usbfs_core.c.o)
                0x00000000080018e4                st_usbfs_poll
 .text.nvic_enable_irq
                0x00000000080019c8       0x1c liblibopencm3.a(nvic.c.o)
                0x00000000080019c8                nvic_enable_irq
 .text.exti_set_trigger
                0x00000000080019e4       0x50 liblibopencm3.a(exti_common_all.c.o)
                0x00000000080019e4                exti_set_trigger
 .text.exti_enable_request
                0x0000000008001a34       0x1c liblibopencm3.a(exti_common_all.c.o)
                0x0000000008001a34                exti_enable_request
 .text.exti_reset_request
                0x0000000008001a50        0xc liblibopencm3.a(exti_common_all.c.o)
                0x0000000008001a50                exti_reset_request
 .text.rtc_enter_config_mode
                0x0000000008001a5c       0x18 liblibopencm3.a(rtc.c.o)
                0x0000000008001a5c                rtc_enter_config_mode
 .text.rtc_exit_config_mode
                0x0000000008001a74       0x18 liblibopencm3.a(rtc.c.o)
                0x0000000008001a74                rtc_exit_config_mode
 .text.rtc_set_alarm_time
                0x0000000008001a8c       0x40 liblibopencm3.a(rtc.c.o)
                0x0000000008001a8c                rtc_set_alarm_time
 .text.rtc_set_prescale_val
                0x0000000008001acc       0x40 liblibopencm3.a(rtc.c.o)
                0x0000000008001acc                rtc_set_prescale_val
 .text.rtc_get_counter_val
                0x0000000008001b0c       0x18 liblibopencm3.a(rtc.c.o)
                0x0000000008001b0c                rtc_get_counter_val
 .text.rtc_set_counter_val
                0x0000000008001b24       0x40 liblibopencm3.a(rtc.c.o)
                0x0000000008001b24                rtc_set_counter_val
 .text.rtc_interrupt_enable
                0x0000000008001b64       0x58 liblibopencm3.a(rtc.c.o)
                0x0000000008001b64                rtc_interrupt_enable
 .text.rtc_interrupt_disable
                0x0000000008001bbc       0x58 liblibopencm3.a(rtc.c.o)
                0x0000000008001bbc                rtc_interrupt_disable
 .text.rtc_clear_flag
                0x0000000008001c14       0x34 liblibopencm3.a(rtc.c.o)
                0x0000000008001c14                rtc_clear_flag
 .text.rtc_check_flag
                0x0000000008001c48       0x30 liblibopencm3.a(rtc.c.o)
                0x0000000008001c48                rtc_check_flag
 *libFrameworkLibOpenCM3.a:(SORT_BY_ALIGNMENT(.text*))
 *libcocoos.a:(SORT_BY_ALIGNMENT(.text*))
 .text.os_init  0x0000000008001c78       0x34 libcocoos.a(os_kernel.c.o)
                0x0000000008001c78                os_init
 .text.os_msgQ_init
                0x0000000008001cac       0x24 libcocoos.a(os_msgqueue.c.o)
                0x0000000008001cac                os_msgQ_init
 .text.os_sem_init
                0x0000000008001cd0        0xc libcocoos.a(os_sem.c.o)
                0x0000000008001cd0                os_sem_init
 .text.os_task_init
                0x0000000008001cdc       0x44 libcocoos.a(os_task.c.o)
                0x0000000008001cdc                os_task_init
 .text.os_event_init
                0x0000000008001d20        0xc libcocoos.a(os_event.c.o)
                0x0000000008001d20                os_event_init
 *libcocoOS_?.?.?.a:(SORT_BY_ALIGNMENT(.text*))
 *libqfplib.a:(SORT_BY_ALIGNMENT(.text*))
 .text          0x0000000008001d2c      0x4c8 libqfplib.a(qfplib.S.o)
                0x0000000008001df4                qfp_fsub
                0x0000000008001dfa                qfp_fadd
                0x0000000008001e3c                qfp_fcmp
                0x0000000008001e58                qfp_fmul
                0x0000000008001e68                qfp_fdiv
                0x0000000008001eaa                qfp_fdiv_fast
                0x0000000008001efa                qfp_fsqrt_fast
                0x0000000008001f70                qfp_float2int
                0x0000000008001f72                qfp_float2fix
                0x0000000008001f9a                qfp_float2uint
                0x0000000008001f9c                qfp_float2ufix
                0x0000000008001fb6                qfp_int2float
                0x0000000008001fb8                qfp_fix2float
                0x0000000008001fc2                qfp_uint2float
                0x0000000008001fc4                qfp_ufix2float
                0x000000000800205a                qfp_fsin
                0x000000000800209c                qfp_fcos
                0x00000000080020a6                qfp_ftan
                0x00000000080020ae                qfp_fexp
                0x00000000080020de                qfp_fsqrt
                0x0000000008002118                qfp_fln
                0x000000000800213c                qfp_fatan2
 *libnano-float.a:(SORT_BY_ALIGNMENT(.text*))
 *fill*         0x00000000080021f4        0x4 
 .text.acos     0x00000000080021f8       0xcc libnano-float.a(functions.c.o)
                0x00000000080021f8                acos
 .text.__wrap___aeabi_ddiv
                0x00000000080022c4       0x30 libnano-float.a(functions.c.o)
                0x00000000080022c4                __wrap___aeabi_ddiv
 .text.__wrap___aeabi_dmul
                0x00000000080022f4       0x30 libnano-float.a(functions.c.o)
                0x00000000080022f4                __wrap___aeabi_dmul
 .text.__wrap___aeabi_dadd
                0x0000000008002324       0x30 libnano-float.a(functions.c.o)
                0x0000000008002324                __wrap___aeabi_dadd
 .text.__wrap___aeabi_dsub
                0x0000000008002354       0x30 libnano-float.a(functions.c.o)
                0x0000000008002354                __wrap___aeabi_dsub
 .text.__wrap___aeabi_dcmpeq
                0x0000000008002384       0x34 libnano-float.a(functions.c.o)
                0x0000000008002384                __wrap___aeabi_dcmpeq
 .text.__wrap___aeabi_dcmplt
                0x00000000080023b8       0x30 libnano-float.a(functions.c.o)
                0x00000000080023b8                __wrap___aeabi_dcmplt
 .text.__wrap___aeabi_dcmple
                0x00000000080023e8       0x34 libnano-float.a(functions.c.o)
                0x00000000080023e8                __wrap___aeabi_dcmple
 .text.__wrap___aeabi_dcmpge
                0x000000000800241c       0x30 libnano-float.a(functions.c.o)
                0x000000000800241c                __wrap___aeabi_dcmpge
 .text.__wrap___aeabi_dcmpgt
                0x000000000800244c       0x34 libnano-float.a(functions.c.o)
                0x000000000800244c                __wrap___aeabi_dcmpgt
 .text.__wrap___aeabi_dcmpun
                0x0000000008002480       0x34 libnano-float.a(functions.c.o)
                0x0000000008002480                __wrap___aeabi_dcmpun
 .text.__wrap___aeabi_d2iz
                0x00000000080024b4       0x2c libnano-float.a(functions.c.o)
                0x00000000080024b4                __wrap___aeabi_d2iz
 .text.__wrap___aeabi_d2uiz
                0x00000000080024e0       0x38 libnano-float.a(functions.c.o)
                0x00000000080024e0                __wrap___aeabi_d2uiz
 .text.sqrt     0x0000000008002518       0x1c libnano-float.a(functions.c.o)
                0x0000000008002518                sqrt
 .text.log      0x0000000008002534       0x1c libnano-float.a(functions.c.o)
                0x0000000008002534                log
 .text.exp      0x0000000008002550       0x1c libnano-float.a(functions.c.o)
                0x0000000008002550                exp
 .text.log2     0x000000000800256c       0x28 libnano-float.a(functions.c.o)
                0x000000000800256c                log2
 .text.log10    0x0000000008002594       0x28 libnano-float.a(functions.c.o)
                0x0000000008002594                log10
 .text.pow      0x00000000080025bc       0x8c libnano-float.a(functions.c.o)
                0x00000000080025bc                pow
 .text.sin      0x0000000008002648       0x1c libnano-float.a(functions.c.o)
                0x0000000008002648                sin
 .text.cos      0x0000000008002664       0x34 libnano-float.a(functions.c.o)
                0x0000000008002664                cos
 .text.tan      0x0000000008002698       0x1c libnano-float.a(functions.c.o)
                0x0000000008002698                tan
 .text.atan2    0x00000000080026b4       0x54 libnano-float.a(functions.c.o)
                0x00000000080026b4                atan2
 .text.atan     0x0000000008002708       0xac libnano-float.a(functions.c.o)
                0x0000000008002708                atan
 .text.asin     0x00000000080027b4       0x90 libnano-float.a(functions.c.o)
                0x00000000080027b4                asin
 .text.sinh     0x0000000008002844       0xa8 libnano-float.a(functions.c.o)
                0x0000000008002844                sinh
 .text.cosh     0x00000000080028ec       0xa4 libnano-float.a(functions.c.o)
                0x00000000080028ec                cosh
 .text.tanh     0x0000000008002990       0xb0 libnano-float.a(functions.c.o)
                0x0000000008002990                tanh
 .text.asinh    0x0000000008002a40       0xa4 libnano-float.a(functions.c.o)
                0x0000000008002a40                asinh
 .text.acosh    0x0000000008002ae4       0xb0 libnano-float.a(functions.c.o)
                0x0000000008002ae4                acosh
 .text.atanh    0x0000000008002b94       0xbc libnano-float.a(functions.c.o)
                0x0000000008002b94                atanh
 .text.trunc    0x0000000008002c50       0x8c libnano-float.a(functions.c.o)
                0x0000000008002c50                trunc
 .text.floor    0x0000000008002cdc       0x88 libnano-float.a(functions.c.o)
                0x0000000008002cdc                floor
 .text.ceil     0x0000000008002d64       0x88 libnano-float.a(functions.c.o)
                0x0000000008002d64                ceil
 .text.fmod     0x0000000008002dec      0x140 libnano-float.a(functions.c.o)
                0x0000000008002dec                fmod
 *libnewlib.a:(SORT_BY_ALIGNMENT(.text*))
 .text._strtol_l.isra.0
                0x0000000008002f2c       0xf0 libnewlib.a(strtol.c.o)
 .text.strtol   0x000000000800301c       0x14 libnewlib.a(strtol.c.o)
                0x000000000800301c                strtol
 .text.memcpy   0x0000000008003030       0x1c libnewlib.a(memcpy-stub.c.o)
                0x0000000008003030                memcpy
 .text          0x000000000800304c       0x14 libnewlib.a(strcmp.S.o)
                0x000000000800304c                strcmp
 .text          0x0000000008003060       0x10 libnewlib.a(strlen.S.o)
                0x0000000008003060                strlen
 .text.memcmp   0x0000000008003070       0x1c libnewlib.a(memcmp.c.o)
                0x0000000008003070                memcmp
 .text.memmove  0x000000000800308c       0x34 libnewlib.a(memmove.c.o)
                0x000000000800308c                memmove
 .text.memset   0x00000000080030c0       0x10 libnewlib.a(memset.c.o)
                0x00000000080030c0                memset
 .text.strstr   0x00000000080030d0       0x2e libnewlib.a(strstr.c.o)
                0x00000000080030d0                strstr
 .text.strncat  0x00000000080030fe       0x2a libnewlib.a(strncat.c.o)
                0x00000000080030fe                strncat
 .text.strncpy  0x0000000008003128       0x26 libnewlib.a(strncpy.c.o)
                0x0000000008003128                strncpy
 *liblogger.a:(SORT_BY_ALIGNMENT(.text*))
 *fill*         0x000000000800314e        0x2 
 .text.debug_flush.part.1
                0x0000000008003150       0x38 liblogger.a(logger.cpp.o)
 .text._ZL12debug_appendPKcj
                0x0000000008003188       0x58 liblogger.a(logger.cpp.o)
 .text.debug_print.part.3
                0x00000000080031e0       0x14 liblogger.a(logger.cpp.o)
 .text.enable_log
                0x00000000080031f4       0x18 liblogger.a(logger.cpp.o)
                0x00000000080031f4                enable_log
 .text.debug_flush
                0x000000000800320c       0x10 liblogger.a(logger.cpp.o)
                0x000000000800320c                debug_flush
 .text._Z11debug_printj
                0x000000000800321c       0x9c liblogger.a(logger.cpp.o)
                0x000000000800321c                debug_print(unsigned int)
 .text._Z11debug_printi
                0x00000000080032b8       0x30 liblogger.a(logger.cpp.o)
                0x00000000080032b8                debug_print(int)
 .text.debug_print
                0x00000000080032e8        0xc liblogger.a(logger.cpp.o)
                0x00000000080032e8                debug_print
 .text.debug_println
                0x00000000080032f4       0x28 liblogger.a(logger.cpp.o)
                0x00000000080032f4                debug_println
 .text._Z13debug_printlni
                0x000000000800331c       0x18 liblogger.a(logger.cpp.o)
                0x000000000800331c                debug_println(int)
 .text.debug_print_unsigned
                0x0000000008003334        0x4 liblogger.a(logger.cpp.o)
                0x0000000008003334                debug_print_unsigned
 .text.debug_printhex
                0x0000000008003338       0x48 liblogger.a(logger.cpp.o)
                0x0000000008003338                debug_printhex
 .text.debug_printhex_unsigned
                0x0000000008003380       0x24 liblogger.a(logger.cpp.o)
                0x0000000008003380                debug_printhex_unsigned
 *libbluepill.a:(SORT_BY_ALIGNMENT(.text*))
 .text.platform_setup
                0x00000000080033a4       0x54 libbluepill.a(bluepill.cpp.o)
                0x00000000080033a4                platform_setup
 .text.enable_debug
                0x00000000080033f8       0x10 libbluepill.a(bluepill.cpp.o)
                0x00000000080033f8                enable_debug
 .text.__cxa_pure_virtual
                0x0000000008003408        0x8 libbluepill.a(bluepill.cpp.o)
                0x0000000008003408                __cxa_pure_virtual
 .text._Znwj    0x0000000008003410        0x4 libbluepill.a(bluepill.cpp.o)
                0x0000000008003410                operator new(unsigned int)
 .text._ZdlPv   0x0000000008003414        0x4 libbluepill.a(bluepill.cpp.o)
                0x0000000008003414                operator delete(void*)
 .text.led_setup
                0x0000000008003418       0x20 libbluepill.a(led.cpp.o)
                0x0000000008003418                led_setup
 .text.led_on   0x0000000008003438       0x10 libbluepill.a(led.cpp.o)
                0x0000000008003438                led_on
 .text.led_off  0x0000000008003448       0x10 libbluepill.a(led.cpp.o)
                0x0000000008003448                led_off
 .text.led_wait
                0x0000000008003458       0x10 libbluepill.a(led.cpp.o)
                0x0000000008003458                led_wait
 .text.platform_start_timer
                0x0000000008003468      0x11c libbluepill.a(timer.cpp.o)
                0x0000000008003468                platform_start_timer
 .text.platform_set_alarm
                0x0000000008003584        0x4 libbluepill.a(timer.cpp.o)
                0x0000000008003584                platform_set_alarm
 .text.rtc_isr  0x0000000008003588       0x30 libbluepill.a(timer.cpp.o)
                0x0000000008003588                rtc_isr
 .text.rtc_alarm_isr
                0x00000000080035b8       0x30 libbluepill.a(timer.cpp.o)
                0x00000000080035b8                rtc_alarm_isr
 .text.millis   0x00000000080035e8        0x4 libbluepill.a(timer.cpp.o)
                0x00000000080035e8                millis
 *libbootloader.a:(SORT_BY_ALIGNMENT(.text*))
 .text.bootloader_start
                0x00000000080035ec       0xf4 libbootloader.a(bootloader.c.o)
                0x00000000080035ec                bootloader_start
 .text.set_aggregate_callback
                0x00000000080036e0       0x60 libbootloader.a(usb_conf.c.o)
 .text.usb_setup
                0x0000000008003740       0x94 libbootloader.a(usb_conf.c.o)
                0x0000000008003740                usb_setup
 .text.aggregate_register_config_callback
                0x00000000080037d4       0x3c libbootloader.a(usb_conf.c.o)
                0x00000000080037d4                aggregate_register_config_callback
 .text.aggregate_register_callback
                0x0000000008003810       0x50 libbootloader.a(usb_conf.c.o)
                0x0000000008003810                aggregate_register_callback
 .text.usb_set_serial_number
                0x0000000008003860       0x1c libbootloader.a(usb_conf.c.o)
                0x0000000008003860                usb_set_serial_number
 .text.dump_buffer
                0x000000000800387c       0x50 libbootloader.a(usb_conf.c.o)
                0x000000000800387c                dump_buffer
 .text.dump_usb_request
                0x00000000080038cc      0x178 libbootloader.a(usb_conf.c.o)
                0x00000000080038cc                dump_usb_request
 .text.aggregate_callback
                0x0000000008003a44       0x78 libbootloader.a(usb_conf.c.o)
 .text.webusb_set_config
                0x0000000008003abc       0x28 libbootloader.a(webusb.c.o)
 .text.webusb_control_vendor_request
                0x0000000008003ae4       0xa4 libbootloader.a(webusb.c.o)
 .text.webusb_setup
                0x0000000008003b88       0x58 libbootloader.a(webusb.c.o)
                0x0000000008003b88                webusb_setup
 .text.winusb_control_vendor_request
                0x0000000008003be0       0x9c libbootloader.a(winusb.c.o)
 .text.winusb_set_config
                0x0000000008003c7c       0x28 libbootloader.a(winusb.c.o)
 .text.winusb_descriptor_request
                0x0000000008003ca4       0x48 libbootloader.a(winusb.c.o)
 .text.winusb_setup
                0x0000000008003cec       0x5c libbootloader.a(winusb.c.o)
                0x0000000008003cec                winusb_setup
 .text.target_set_led
                0x0000000008003d48       0x18 libbootloader.a(target_stm32f103.c.o)
                0x0000000008003d48                target_set_led
 .text.target_gpio_setup
                0x0000000008003d60       0x70 libbootloader.a(target_stm32f103.c.o)
                0x0000000008003d60                target_gpio_setup
 .text.target_usb_init
                0x0000000008003dd0       0x2c libbootloader.a(target_stm32f103.c.o)
                0x0000000008003dd0                target_usb_init
 .text.target_get_force_bootloader
                0x0000000008003dfc       0x40 libbootloader.a(target_stm32f103.c.o)
                0x0000000008003dfc                target_get_force_bootloader
 .text.target_get_serial_number
                0x0000000008003e3c        0x8 libbootloader.a(target_stm32f103.c.o)
                0x0000000008003e3c                target_get_serial_number
 .text.target_flash_unlock
                0x0000000008003e44        0x4 libbootloader.a(target_stm32f103.c.o)
                0x0000000008003e44                target_flash_unlock
 .text.target_flash_lock
                0x0000000008003e48        0x4 libbootloader.a(target_stm32f103.c.o)
                0x0000000008003e48                target_flash_lock
 .text.target_flash_program_array
                0x0000000008003e4c       0xf4 libbootloader.a(target_stm32f103.c.o)
                0x0000000008003e4c                target_flash_program_array
 .text.cdcacm_comm_cb
                0x0000000008003f40       0x14 libbootloader.a(cdc.c.o)
 .text.cdcacm_data_rx_cb
                0x0000000008003f54       0x50 libbootloader.a(cdc.c.o)
 .text.cdcacm_set_config
                0x0000000008003fa4       0x68 libbootloader.a(cdc.c.o)
 .text.cdcacm_control_request
                0x000000000800400c       0x68 libbootloader.a(cdc.c.o)
 .text.cdc_setup
                0x0000000008004074       0x24 libbootloader.a(cdc.c.o)
                0x0000000008004074                cdc_setup
 .text.hf2_set_config
                0x0000000008004098       0x3c libbootloader.a(hf2.c.o)
 .text.assert.part.0
                0x00000000080040d4       0x1c libbootloader.a(hf2.c.o)
 .text.pokeSend
                0x00000000080040f0       0x88 libbootloader.a(hf2.c.o)
 .text.send_hf2_response
                0x0000000008004178       0x3c libbootloader.a(hf2.c.o)
 .text.hf2_data_tx_cb
                0x00000000080041b4        0x4 libbootloader.a(hf2.c.o)
 .text.hf2_data_rx_cb
                0x00000000080041b8      0x1e4 libbootloader.a(hf2.c.o)
 .text.hf2_setup
                0x000000000800439c       0x2c libbootloader.a(hf2.c.o)
                0x000000000800439c                hf2_setup
 .text.usb21_set_config
                0x00000000080043c8       0x28 libbootloader.a(usb21_standard.c.o)
 .text.usb21_standard_get_descriptor
                0x00000000080043f0      0x104 libbootloader.a(usb21_standard.c.o)
 .text.usb21_setup
                0x00000000080044f4       0x38 libbootloader.a(usb21_standard.c.o)
                0x00000000080044f4                usb21_setup
 .text.backup_write
                0x000000000800452c       0x38 libbootloader.a(backup.c.o)
                0x000000000800452c                backup_write
 .text.backup_read
                0x0000000008004564       0x18 libbootloader.a(backup.c.o)
                0x0000000008004564                backup_read
 .text.flushFlash
                0x000000000800457c       0x98 libbootloader.a(ghostfat.c.o)
 .text.flash_write
                0x0000000008004614       0x48 libbootloader.a(ghostfat.c.o)
                0x0000000008004614                flash_write
                0x000000000800465c                . = ALIGN (0x4)
 :*reset_handler*(SORT_BY_ALIGNMENT(.rodata*))
 *libhal.a:*reset_handler*(SORT_BY_ALIGNMENT(.rodata*))
 :*codal_target_hal*(SORT_BY_ALIGNMENT(.rodata*))
 *libhal.a:*codal_target_hal*(SORT_BY_ALIGNMENT(.rodata*))
 .rodata.target_get_serial.str1.4
                0x000000000800465c       0x16 libhal.a(codal_target_hal.cpp.o)
 *fill*         0x0000000008004672        0x2 
 .rodata.target_panic.str1.4
                0x0000000008004674       0x13 libhal.a(codal_target_hal.cpp.o)
 *fill*         0x0000000008004687        0x1 
 .rodata.target_reset.str1.4
                0x0000000008004688       0x11 libhal.a(codal_target_hal.cpp.o)
 *fill*         0x0000000008004699        0x3 
 .rodata.target_seed_random.str1.4
                0x000000000800469c       0x17 libhal.a(codal_target_hal.cpp.o)
 *fill*         0x00000000080046b3        0x1 
 .rodata.target_wait.str1.4
                0x00000000080046b4       0x10 libhal.a(codal_target_hal.cpp.o)
 .rodata.target_wait_us.str1.4
                0x00000000080046c4       0x13 libhal.a(codal_target_hal.cpp.o)
 *fill*         0x00000000080046d7        0x1 
 .rodata.test_codal.str1.4
                0x00000000080046d8       0x3c libhal.a(codal_target_hal.cpp.o)
 :*CortexContextSwitch*(SORT_BY_ALIGNMENT(.rodata*))
 *libhal.a:(SORT_BY_ALIGNMENT(.rodata*))
 *liblibopencm3.a:(SORT_BY_ALIGNMENT(.rodata*))
 .rodata.desig_get_unique_id_as_string.str1.4
                0x0000000008004714       0x11 liblibopencm3.a(desig.c.o)
 *fill*         0x0000000008004725        0x3 
 .rodata.st_usbfs_v1_usb_driver
                0x0000000008004728       0x34 liblibopencm3.a(st_usbfs_v1.c.o)
                0x0000000008004728                st_usbfs_v1_usb_driver
 *libFrameworkLibOpenCM3.a:(SORT_BY_ALIGNMENT(.rodata*))
 *libcocoos.a:(SORT_BY_ALIGNMENT(.rodata*))
 *libcocoOS_?.?.?.a:(SORT_BY_ALIGNMENT(.rodata*))
 *libqfplib.a:(SORT_BY_ALIGNMENT(.rodata*))
 *libnano-float.a:(SORT_BY_ALIGNMENT(.rodata*))
 *libnewlib.a:(SORT_BY_ALIGNMENT(.rodata*))
 .rodata._ctype_
                0x000000000800475c      0x101 libnewlib.a(ctype_.c.o)
                0x000000000800475c                _ctype_
 *liblogger.a:(SORT_BY_ALIGNMENT(.rodata*))
 *fill*         0x000000000800485d        0x3 
 .rodata._Z11debug_printi.str1.4
                0x0000000008004860        0x6 liblogger.a(logger.cpp.o)
 *fill*         0x0000000008004866        0x2 
 .rodata._Z11debug_printj.str1.4
                0x0000000008004868        0xb liblogger.a(logger.cpp.o)
 *fill*         0x0000000008004873        0x1 
 .rodata.debug_println.str1.4
                0x0000000008004874        0x2 liblogger.a(logger.cpp.o)
 *libbluepill.a:(SORT_BY_ALIGNMENT(.rodata*))
 *fill*         0x0000000008004876        0x2 
 .rodata.platform_setup.str1.4
                0x0000000008004878       0x13 libbluepill.a(bluepill.cpp.o)
 *fill*         0x000000000800488b        0x1 
 .rodata.platform_start_timer.str1.4
                0x000000000800488c       0x38 libbluepill.a(timer.cpp.o)
                                         0x35 (size before relaxing)
 *libbootloader.a:(SORT_BY_ALIGNMENT(.rodata*))
 .rodata.bootloader_start.str1.4
                0x00000000080048c4       0x7c libbootloader.a(bootloader.c.o)
 .rodata.aggregate_callback.str1.4
                0x0000000008004940        0x4 libbootloader.a(usb_conf.c.o)
 .rodata.aggregate_register_callback.str1.4
                0x0000000008004944       0x26 libbootloader.a(usb_conf.c.o)
 *fill*         0x000000000800496a        0x2 
 .rodata.aggregate_register_config_callback.str1.4
                0x000000000800496c       0x25 libbootloader.a(usb_conf.c.o)
 *fill*         0x0000000008004991        0x3 
 .rodata.bos_descriptor
                0x0000000008004994        0x9 libbootloader.a(usb_conf.c.o)
 *fill*         0x000000000800499d        0x3 
 .rodata.cdc_iface_assoc
                0x00000000080049a0        0x8 libbootloader.a(usb_conf.c.o)
 .rodata.cdcacm_functional_descriptors
                0x00000000080049a8       0x13 libbootloader.a(usb_conf.c.o)
 *fill*         0x00000000080049bb        0x1 
 .rodata.comm_endp
                0x00000000080049bc        0xf libbootloader.a(usb_conf.c.o)
 *fill*         0x00000000080049cb        0x1 
 .rodata.comm_iface
                0x00000000080049cc       0x15 libbootloader.a(usb_conf.c.o)
 *fill*         0x00000000080049e1        0x3 
 .rodata.config
                0x00000000080049e4        0xd libbootloader.a(usb_conf.c.o)
 *fill*         0x00000000080049f1        0x3 
 .rodata.data_endp
                0x00000000080049f4       0x1e libbootloader.a(usb_conf.c.o)
 *fill*         0x0000000008004a12        0x2 
 .rodata.data_iface
                0x0000000008004a14       0x15 libbootloader.a(usb_conf.c.o)
 *fill*         0x0000000008004a29        0x3 
 .rodata.dev    0x0000000008004a2c       0x12 libbootloader.a(usb_conf.c.o)
 *fill*         0x0000000008004a3e        0x2 
 .rodata.dump_buffer.str1.4
                0x0000000008004a40        0x4 libbootloader.a(usb_conf.c.o)
                                          0x9 (size before relaxing)
 .rodata.dump_usb_request.str1.4
                0x0000000008004a44       0x90 libbootloader.a(usb_conf.c.o)
 .rodata.hf2_endp
                0x0000000008004ad4       0x1e libbootloader.a(usb_conf.c.o)
 *fill*         0x0000000008004af2        0x2 
 .rodata.hf2_iface
                0x0000000008004af4       0x15 libbootloader.a(usb_conf.c.o)
 *fill*         0x0000000008004b09        0x3 
 .rodata.interfaces
                0x0000000008004b0c       0x30 libbootloader.a(usb_conf.c.o)
 .rodata.set_aggregate_callback.str1.4
                0x0000000008004b3c       0x41 libbootloader.a(usb_conf.c.o)
 *fill*         0x0000000008004b7d        0x3 
 .rodata.str1.4
                0x0000000008004b80       0x86 libbootloader.a(usb_conf.c.o)
 *fill*         0x0000000008004c06        0x2 
 .rodata.usb_setup.str1.4
                0x0000000008004c08       0x31 libbootloader.a(usb_conf.c.o)
 *fill*         0x0000000008004c39        0x3 
 .rodata.webusb_control_vendor_request.str1.4
                0x0000000008004c3c       0x3f libbootloader.a(webusb.c.o)
                                         0x43 (size before relaxing)
 *fill*         0x0000000008004c7b        0x1 
 .rodata.webusb_platform_capability_descriptor
                0x0000000008004c7c       0x18 libbootloader.a(webusb.c.o)
                0x0000000008004c7c                webusb_platform_capability_descriptor
 .rodata.webusb_set_config.str1.4
                0x0000000008004c94       0x1d libbootloader.a(webusb.c.o)
 *fill*         0x0000000008004cb1        0x3 
 .rodata.webusb_setup.str1.4
                0x0000000008004cb4       0x18 libbootloader.a(webusb.c.o)
 .rodata.guid   0x0000000008004ccc       0x92 libbootloader.a(winusb.c.o)
 *fill*         0x0000000008004d5e        0x2 
 .rodata.microsoft_platform_capability_descriptor
                0x0000000008004d60       0x1c libbootloader.a(winusb.c.o)
                0x0000000008004d60                microsoft_platform_capability_descriptor
 .rodata.winusb_control_vendor_request.str1.4
                0x0000000008004d7c       0x17 libbootloader.a(winusb.c.o)
 *fill*         0x0000000008004d93        0x1 
 .rodata.winusb_descriptor_request.str1.4
                0x0000000008004d94        0x6 libbootloader.a(winusb.c.o)
 *fill*         0x0000000008004d9a        0x2 
 .rodata.winusb_set_config.str1.4
                0x0000000008004d9c       0x1d libbootloader.a(winusb.c.o)
 *fill*         0x0000000008004db9        0x3 
 .rodata.winusb_setup.str1.4
                0x0000000008004dbc       0x18 libbootloader.a(winusb.c.o)
 .rodata.winusb_string_descriptor
                0x0000000008004dd4       0x12 libbootloader.a(winusb.c.o)
 *fill*         0x0000000008004de6        0x2 
 .rodata.target_flash_program_array.str1.4
                0x0000000008004de8       0x73 libbootloader.a(target_stm32f103.c.o)
                                         0x77 (size before relaxing)
 *fill*         0x0000000008004e5b        0x1 
 .rodata.cdc_setup.str1.4
                0x0000000008004e5c       0x15 libbootloader.a(cdc.c.o)
 *fill*         0x0000000008004e71        0x3 
 .rodata.cdcacm_comm_cb.str1.4
                0x0000000008004e74        0x5 libbootloader.a(cdc.c.o)
 *fill*         0x0000000008004e79        0x3 
 .rodata.cdcacm_control_request.str1.4
                0x0000000008004e7c       0x28 libbootloader.a(cdc.c.o)
                                         0x31 (size before relaxing)
 .rodata.cdcacm_data_rx_cb.str1.4
                0x0000000008004ea4        0x6 libbootloader.a(cdc.c.o)
 *fill*         0x0000000008004eaa        0x2 
 .rodata.cdcacm_set_config.str1.4
                0x0000000008004eac       0x1d libbootloader.a(cdc.c.o)
 *fill*         0x0000000008004ec9        0x3 
 .rodata.line_coding
                0x0000000008004ecc        0x7 libbootloader.a(cdc.c.o)
 *fill*         0x0000000008004ed3        0x1 
 .rodata.assert.part.0.str1.4
                0x0000000008004ed4        0xc libbootloader.a(hf2.c.o)
 .rodata.bad_packet_message
                0x0000000008004ee0        0xb libbootloader.a(hf2.c.o)
 *fill*         0x0000000008004eeb        0x1 
 .rodata.hf2_data_rx_cb.str1.4
                0x0000000008004eec       0x95 libbootloader.a(hf2.c.o)
                                         0x99 (size before relaxing)
 *fill*         0x0000000008004f81        0x3 
 .rodata.hf2_set_config.str1.4
                0x0000000008004f84        0xb libbootloader.a(hf2.c.o)
 *fill*         0x0000000008004f8f        0x1 
 .rodata.hf2_setup.str1.4
                0x0000000008004f90       0x15 libbootloader.a(hf2.c.o)
 *fill*         0x0000000008004fa5        0x3 
 .rodata.send_hf2_response.str1.4
                0x0000000008004fa8        0x7 libbootloader.a(hf2.c.o)
 *fill*         0x0000000008004faf        0x1 
 .rodata.usb21_set_config.str1.4
                0x0000000008004fb0       0x1c libbootloader.a(usb21_standard.c.o)
 .rodata.usb21_setup.str1.4
                0x0000000008004fcc       0x17 libbootloader.a(usb21_standard.c.o)
 *fill*         0x0000000008004fe3        0x1 
 .rodata.usb21_standard_get_descriptor.str1.4
                0x0000000008004fe4       0x24 libbootloader.a(usb21_standard.c.o)
 .rodata.flushFlash.str1.4
                0x0000000008005008       0x1e libbootloader.a(ghostfat.c.o)
                                         0x22 (size before relaxing)
 *fill*         0x0000000008005026        0x2 
 .rodata.infoUf2File
                0x0000000008005028       0x55 libbootloader.a(ghostfat.c.o)
                0x0000000008005028                infoUf2File
                0x0000000008005080                . = ALIGN (0x4)
 *fill*         0x000000000800507d        0x3 

.text           0x0000000008006000     0x5ce4
 *(SORT_BY_ALIGNMENT(.vectors))
 *libunity.a:(SORT_BY_ALIGNMENT(.text*))
 :*unit_test.o(SORT_BY_ALIGNMENT(.text*))
 *(SORT_BY_ALIGNMENT(.text*))
 .text._ZN6numops5mycvtEdPc
                0x0000000008006000      0x15c CMakeFiles/STM32_BLUE_PILL.dir/pxtapp/base/core.cpp.o
                0x0000000008006000                numops::mycvt(double, char*)
 *fill*         0x000000000800615c        0x4 
 .text._ZN5Math_12randomDoubleEv
                0x0000000008006160       0x54 CMakeFiles/STM32_BLUE_PILL.dir/pxtapp/base/core.cpp.o
                0x0000000008006160                Math_::randomDouble()
 .text._ZN13BufferMethods5toHexEPN3pxt11BoxedBufferE
                0x00000000080061b4       0x48 CMakeFiles/STM32_BLUE_PILL.dir/pxtapp/base/buffer.cpp.o
                0x00000000080061b4                BufferMethods::toHex(pxt::BoxedBuffer*)
 .text._ZN3pxt11findBindingEii
                0x00000000080061fc       0x1c CMakeFiles/STM32_BLUE_PILL.dir/pxtapp/base/core.cpp.o
                0x00000000080061fc                pxt::findBinding(int, int)
 .text._ZN3pxt10setBindingEiiPNS_12TValueStructE
                0x0000000008006218       0x3c CMakeFiles/STM32_BLUE_PILL.dir/pxtapp/base/core.cpp.o
                0x0000000008006218                pxt::setBinding(int, int, pxt::TValueStruct*)
 .text._ZN3pxt8mkStringEPKci
                0x0000000008006254       0x44 CMakeFiles/STM32_BLUE_PILL.dir/pxtapp/base/core.cpp.o
                0x0000000008006254                pxt::mkString(char const*, int)
 .text._ZN3pxt8mkBufferEPKhi
                0x0000000008006298       0x3c CMakeFiles/STM32_BLUE_PILL.dir/pxtapp/base/core.cpp.o
                0x0000000008006298                pxt::mkBuffer(unsigned char const*, int)
 .text._ZN3pxt9getRandomEj
                0x00000000080062d4       0x3c CMakeFiles/STM32_BLUE_PILL.dir/pxtapp/base/core.cpp.o
                0x00000000080062d4                pxt::getRandom(unsigned int)
 .text._ZN7String_7mkEmptyEv
                0x0000000008006310        0xc CMakeFiles/STM32_BLUE_PILL.dir/pxtapp/base/core.cpp.o
                0x0000000008006310                String_::mkEmpty()
 .text._ZN7String_6concatEPN3pxt11BoxedStringES2_
                0x000000000800631c       0x4c CMakeFiles/STM32_BLUE_PILL.dir/pxtapp/base/core.cpp.o
                0x000000000800631c                String_::concat(pxt::BoxedString*, pxt::BoxedString*)
 .text._ZN7String_8mystrtodEPKcPPc
                0x0000000008006368      0x12c CMakeFiles/STM32_BLUE_PILL.dir/pxtapp/base/core.cpp.o
                0x0000000008006368                String_::mystrtod(char const*, char**)
 .text._ZN3pxt10fromDoubleEd
                0x0000000008006494       0xa8 CMakeFiles/STM32_BLUE_PILL.dir/pxtapp/base/core.cpp.o
                0x0000000008006494                pxt::fromDouble(double)
 .text._ZN7String_8toNumberEPN3pxt11BoxedStringE
                0x000000000800653c       0x9c CMakeFiles/STM32_BLUE_PILL.dir/pxtapp/base/core.cpp.o
                0x000000000800653c                String_::toNumber(pxt::BoxedString*)
 .text._ZN3pxt11programSizeEv
                0x00000000080065d8       0x10 CMakeFiles/STM32_BLUE_PILL.dir/pxtapp/base/core.cpp.o
                0x00000000080065d8                pxt::programSize()
 .text._ZN3pxt9getConfigEii
                0x00000000080065e8       0x28 CMakeFiles/STM32_BLUE_PILL.dir/pxtapp/base/core.cpp.o
                0x00000000080065e8                pxt::getConfig(int, int)
 .text._ZN5pxtrt12lookupMapKeyEPN3pxt11BoxedStringE
                0x0000000008006610       0x74 CMakeFiles/STM32_BLUE_PILL.dir/pxtapp/base/core.cpp.o
                0x0000000008006610                pxtrt::lookupMapKey(pxt::BoxedString*)
 .text._ZN5pxtrt6mapGetEPN3pxt6RefMapEj
                0x0000000008006684       0x14 CMakeFiles/STM32_BLUE_PILL.dir/pxtapp/base/core.cpp.o
                0x0000000008006684                pxtrt::mapGet(pxt::RefMap*, unsigned int)
 .text._ZN5pxtrt6mapSetEPN3pxt6RefMapEjPNS0_12TValueStructE
                0x0000000008006698       0x14 CMakeFiles/STM32_BLUE_PILL.dir/pxtapp/base/core.cpp.o
                0x0000000008006698                pxtrt::mapSet(pxt::RefMap*, unsigned int, pxt::TValueStruct*)
 .text._ZN5pxtrt13getGlobalsPtrEv
                0x00000000080066ac        0xc CMakeFiles/STM32_BLUE_PILL.dir/pxtapp/base/core.cpp.o
                0x00000000080066ac                pxtrt::getGlobalsPtr()
 .text._ZN3pxt8toDoubleEPNS_12TValueStructE
                0x00000000080066b8       0x44 CMakeFiles/STM32_BLUE_PILL.dir/pxtapp/base/core.cpp.o
                0x00000000080066b8                pxt::toDouble(pxt::TValueStruct*)
 .text._ZN3pxt6toUIntEPNS_12TValueStructE
                0x00000000080066fc       0xc4 CMakeFiles/STM32_BLUE_PILL.dir/pxtapp/base/core.cpp.o
                0x00000000080066fc                pxt::toUInt(pxt::TValueStruct*)
 .text._ZN5Math_5roundEPN3pxt12TValueStructE
                0x00000000080067c0       0x20 CMakeFiles/STM32_BLUE_PILL.dir/pxtapp/base/core.cpp.o
                0x00000000080067c0                Math_::round(pxt::TValueStruct*)
 .text._ZN6numops8toStringEPN3pxt12TValueStructE
                0x00000000080067e0       0xf0 CMakeFiles/STM32_BLUE_PILL.dir/pxtapp/base/core.cpp.o
                0x00000000080067e0                numops::toString(pxt::TValueStruct*)
 .text._ZN3pxt6typeOfEPNS_12TValueStructE
                0x00000000080068d0       0x24 CMakeFiles/STM32_BLUE_PILL.dir/pxtapp/base/core.cpp.o
                0x00000000080068d0                pxt::typeOf(pxt::TValueStruct*)
 .text._ZN3pxt8anyPrintEPNS_12TValueStructE
                0x00000000080068f4       0x7c CMakeFiles/STM32_BLUE_PILL.dir/pxtapp/base/core.cpp.o
                0x00000000080068f4                pxt::anyPrint(pxt::TValueStruct*)
 .text._ZN3pxt10failedCastEPNS_12TValueStructE
                0x0000000008006970       0x50 CMakeFiles/STM32_BLUE_PILL.dir/pxtapp/base/core.cpp.o
                0x0000000008006970                pxt::failedCast(pxt::TValueStruct*)
 .text._ZN3pxt15missingPropertyEPNS_12TValueStructE
                0x00000000080069c0       0x1c CMakeFiles/STM32_BLUE_PILL.dir/pxtapp/base/core.cpp.o
                0x00000000080069c0                pxt::missingProperty(pxt::TValueStruct*)
 .text._ZN3pxtL8inGCAreaEPv
                0x00000000080069dc       0x24 CMakeFiles/STM32_BLUE_PILL.dir/pxtapp/base/gc.cpp.o
 .text._ZN3pxtL9removePtrEPNS_12TValueStructE
                0x0000000008006a00       0x44 CMakeFiles/STM32_BLUE_PILL.dir/pxtapp/base/gc.cpp.o
 .text._ZN3pxt6gcScanEPNS_12TValueStructE
                0x0000000008006a44       0x30 CMakeFiles/STM32_BLUE_PILL.dir/pxtapp/base/gc.cpp.o
                0x0000000008006a44                pxt::gcScan(pxt::TValueStruct*)
 .text._ZN3pxt10gcScanManyEPPNS_12TValueStructEj
                0x0000000008006a74       0x4c CMakeFiles/STM32_BLUE_PILL.dir/pxtapp/base/gc.cpp.o
                0x0000000008006a74                pxt::gcScanMany(pxt::TValueStruct**, unsigned int)
 .text._ZN3pxt9gcProcessEPNS_12TValueStructE
                0x0000000008006ac0       0x50 CMakeFiles/STM32_BLUE_PILL.dir/pxtapp/base/gc.cpp.o
                0x0000000008006ac0                pxt::gcProcess(pxt::TValueStruct*)
 .text._ZN3pxt2gcEi
                0x0000000008006b10      0x1f8 CMakeFiles/STM32_BLUE_PILL.dir/pxtapp/base/gc.cpp.o
                0x0000000008006b10                pxt::gc(int)
 .text._ZN3pxtL13allocateBlockEv
                0x0000000008006d08       0xcc CMakeFiles/STM32_BLUE_PILL.dir/pxtapp/base/gc.cpp.o
 .text._ZN3pxt10gcAllocateEi
                0x0000000008006dd4      0x11c CMakeFiles/STM32_BLUE_PILL.dir/pxtapp/base/gc.cpp.o
                0x0000000008006dd4                pxt::gcAllocate(int)
 .text._ZN3pxt17pushThreadContextEPvS0_
                0x0000000008006ef0       0x6c CMakeFiles/STM32_BLUE_PILL.dir/pxtapp/base/gc.cpp.o
                0x0000000008006ef0                pxt::pushThreadContext(void*, void*)
 .text.malloc   0x0000000008006f5c       0x28 CMakeFiles/STM32_BLUE_PILL.dir/pxtapp/base/gc.cpp.o
                0x0000000008006f5c                malloc
 .text._ZN3pxt10registerGCEPPNS_12TValueStructEi
                0x0000000008006f84       0x2c CMakeFiles/STM32_BLUE_PILL.dir/pxtapp/base/gc.cpp.o
                0x0000000008006f84                pxt::registerGC(pxt::TValueStruct**, int)
 .text._ZN3pxt13registerGCPtrEPNS_12TValueStructE
                0x0000000008006fb0       0x18 CMakeFiles/STM32_BLUE_PILL.dir/pxtapp/base/gc.cpp.o
                0x0000000008006fb0                pxt::registerGCPtr(pxt::TValueStruct*)
 .text.startup._GLOBAL__sub_I__ZN3pxt16RefRecord_gcsizeEPNS_9RefRecordE
                0x0000000008006fc8       0x18 CMakeFiles/STM32_BLUE_PILL.dir/pxtapp/base/gc.cpp.o
 .text._ZN3pxt9RefAction5printEPS0_
                0x0000000008006fe0       0x28 CMakeFiles/STM32_BLUE_PILL.dir/pxtapp/base/pxt.cpp.o
                0x0000000008006fe0                pxt::RefAction::print(pxt::RefAction*)
 .text._ZN3pxt11RefRefLocal5printEPS0_
                0x0000000008007008       0x10 CMakeFiles/STM32_BLUE_PILL.dir/pxtapp/base/pxt.cpp.o
                0x0000000008007008                pxt::RefRefLocal::print(pxt::RefRefLocal*)
 .text._ZN3pxt6RefMap5printEPS0_
                0x0000000008007018       0x10 CMakeFiles/STM32_BLUE_PILL.dir/pxtapp/base/pxt.cpp.o
                0x0000000008007018                pxt::RefMap::print(pxt::RefMap*)
 .text._ZN3pxt15RefRecord_printEPNS_9RefRecordE
                0x0000000008007028       0x18 CMakeFiles/STM32_BLUE_PILL.dir/pxtapp/base/pxt.cpp.o
                0x0000000008007028                pxt::RefRecord_print(pxt::RefRecord*)
 .text._ZN3pxt7Segment5printEv
                0x0000000008007040       0x34 CMakeFiles/STM32_BLUE_PILL.dir/pxtapp/base/pxt.cpp.o
                0x0000000008007040                pxt::Segment::print()
 .text._ZN3pxt13RefCollection5printEPS0_
                0x0000000008007074       0x20 CMakeFiles/STM32_BLUE_PILL.dir/pxtapp/base/pxt.cpp.o
                0x0000000008007074                pxt::RefCollection::print(pxt::RefCollection*)
 .text._ZN3pxt13RefCollectionC2Ev
                0x0000000008007094       0x10 CMakeFiles/STM32_BLUE_PILL.dir/pxtapp/base/pxt.cpp.o
                0x0000000008007094                pxt::RefCollection::RefCollection()
                0x0000000008007094                pxt::RefCollection::RefCollection()
 .text._ZN3pxt11RefRefLocalC2Ev
                0x00000000080070a4       0x10 CMakeFiles/STM32_BLUE_PILL.dir/pxtapp/base/pxt.cpp.o
                0x00000000080070a4                pxt::RefRefLocal::RefRefLocal()
                0x00000000080070a4                pxt::RefRefLocal::RefRefLocal()
 .text._ZN3pxt6RefMapC2Ev
                0x00000000080070b4       0x14 CMakeFiles/STM32_BLUE_PILL.dir/pxtapp/base/pxt.cpp.o
                0x00000000080070b4                pxt::RefMap::RefMap()
                0x00000000080070b4                pxt::RefMap::RefMap()
 .text._ZN3pxt5errorENS_9PXT_PANICEi
                0x00000000080070c8       0x1c CMakeFiles/STM32_BLUE_PILL.dir/pxtapp/base/pxt.cpp.o
                0x00000000080070c8                pxt::error(pxt::PXT_PANIC, int)
 .text._ZN3pxt15mkClassInstanceEPNS_6VTableE
                0x00000000080070e4       0x34 CMakeFiles/STM32_BLUE_PILL.dir/pxtapp/base/pxt.cpp.o
                0x00000000080070e4                pxt::mkClassInstance(pxt::VTable*)
 .text._ZN3pxt8mkActionEiPNS_9RefActionE
                0x0000000008007118       0x48 CMakeFiles/STM32_BLUE_PILL.dir/pxtapp/base/pxt.cpp.o
                0x0000000008007118                pxt::mkAction(int, pxt::RefAction*)
 .text._ZN3pxt8checkStrEbPKc
                0x0000000008007160       0x20 CMakeFiles/STM32_BLUE_PILL.dir/pxtapp/base/pxt.cpp.o
                0x0000000008007160                pxt::checkStr(bool, char const*)
 .text._ZN3pxt12templateHashEv
                0x0000000008007180        0xc CMakeFiles/STM32_BLUE_PILL.dir/pxtapp/base/pxt.cpp.o
                0x0000000008007180                pxt::templateHash()
 .text._ZN3pxt11programHashEv
                0x000000000800718c        0xc CMakeFiles/STM32_BLUE_PILL.dir/pxtapp/base/pxt.cpp.o
                0x000000000800718c                pxt::programHash()
 .text._ZN3pxt13getNumGlobalsEv
                0x0000000008007198        0xc CMakeFiles/STM32_BLUE_PILL.dir/pxtapp/base/pxt.cpp.o
                0x0000000008007198                pxt::getNumGlobals()
 .text._ZN3pxt11exec_binaryEPj
                0x00000000080071a4      0x110 CMakeFiles/STM32_BLUE_PILL.dir/pxtapp/base/pxt.cpp.o
                0x00000000080071a4                pxt::exec_binary(unsigned int*)
 .text._ZN3pxt5startEv
                0x00000000080072b4       0x28 CMakeFiles/STM32_BLUE_PILL.dir/pxtapp/base/pxt.cpp.o
                0x00000000080072b4                pxt::start()
 .text._ZN5pxtrt6keysOfEPN3pxt12TValueStructE
                0x00000000080072dc       0x44 CMakeFiles/STM32_BLUE_PILL.dir/pxtapp/base/pxt.cpp.o
                0x00000000080072dc                pxtrt::keysOf(pxt::TValueStruct*)
 .text._ZN3pxtL10runAction1EPNS_12TValueStructES1_
                0x0000000008007320       0x18 CMakeFiles/STM32_BLUE_PILL.dir/pxtapp/core---stm32bluepill/codal.cpp.o
 .text._ZN3pxtL10runAction0EPNS_12TValueStructE
                0x0000000008007338       0x18 CMakeFiles/STM32_BLUE_PILL.dir/pxtapp/core---stm32bluepill/codal.cpp.o
 .text._ZN3pxt13dispatchEventEN5codal5EventE
                0x0000000008007350       0x58 CMakeFiles/STM32_BLUE_PILL.dir/pxtapp/core---stm32bluepill/codal.cpp.o
                0x0000000008007350                pxt::dispatchEvent(codal::Event)
 .text._ZN5codal3_cm5TimerD2Ev
                0x00000000080073a8       0x14 CMakeFiles/STM32_BLUE_PILL.dir/pxtapp/core---stm32bluepill/codal.cpp.o
                0x00000000080073a8                codal::_cm::Timer::~Timer()
                0x00000000080073a8                codal::_cm::Timer::~Timer()
 .text._ZN3pxt10runForeverEPNS_12TValueStructE
                0x00000000080073bc       0x24 CMakeFiles/STM32_BLUE_PILL.dir/pxtapp/core---stm32bluepill/codal.cpp.o
                0x00000000080073bc                pxt::runForever(pxt::TValueStruct*)
 .text._ZN3pxt13runInParallelEPNS_12TValueStructE
                0x00000000080073e0       0x24 CMakeFiles/STM32_BLUE_PILL.dir/pxtapp/core---stm32bluepill/codal.cpp.o
                0x00000000080073e0                pxt::runInParallel(pxt::TValueStruct*)
 .text._ZN3pxt11initRuntimeEv
                0x0000000008007404      0x110 CMakeFiles/STM32_BLUE_PILL.dir/pxtapp/core---stm32bluepill/codal.cpp.o
                0x0000000008007404                pxt::initRuntime()
 .text._ZN3pxt16afterProgramPageEv
                0x0000000008007514       0x20 CMakeFiles/STM32_BLUE_PILL.dir/pxtapp/core---stm32bluepill/codal.cpp.o
                0x0000000008007514                pxt::afterProgramPage()
 .text._ZN3pxt16getThreadContextEv
                0x0000000008007534        0xc CMakeFiles/STM32_BLUE_PILL.dir/pxtapp/core---stm32bluepill/codal.cpp.o
                0x0000000008007534                pxt::getThreadContext()
 .text._ZN3pxt16setThreadContextEPNS_13ThreadContextE
                0x0000000008007540        0xc CMakeFiles/STM32_BLUE_PILL.dir/pxtapp/core---stm32bluepill/codal.cpp.o
                0x0000000008007540                pxt::setThreadContext(pxt::ThreadContext*)
 .text._ZN3pxt15gcProcessStacksEi
                0x000000000800754c       0xc4 CMakeFiles/STM32_BLUE_PILL.dir/pxtapp/core---stm32bluepill/codal.cpp.o
                0x000000000800754c                pxt::gcProcessStacks(int)
 .text.startup._GLOBAL__sub_I__ZN3pxt8devTimerE
                0x0000000008007610       0x58 CMakeFiles/STM32_BLUE_PILL.dir/pxtapp/core---stm32bluepill/codal.cpp.o
 .text._ZN3pxt15registerWithDalEiiPNS_12TValueStructEi
                0x0000000008007668       0x60 CMakeFiles/STM32_BLUE_PILL.dir/pxtapp/core---stm32bluepill/codal.cpp.o
                0x0000000008007668                pxt::registerWithDal(int, int, pxt::TValueStruct*, int)
 .text._ZN7control16deviceDalVersionEv
                0x00000000080076c8       0x10 CMakeFiles/STM32_BLUE_PILL.dir/pxtapp/core---stm32bluepill/control.cpp.o
                0x00000000080076c8                control::deviceDalVersion()
 .text._ZN7control5dmesgEPN3pxt11BoxedStringE
                0x00000000080076d8        0xc CMakeFiles/STM32_BLUE_PILL.dir/pxtapp/core---stm32bluepill/control.cpp.o
                0x00000000080076d8                control::dmesg(pxt::BoxedString*)
 .text._ZN7control8dmesgPtrEPN3pxt11BoxedStringEPv
                0x00000000080076e4       0x10 CMakeFiles/STM32_BLUE_PILL.dir/pxtapp/core---stm32bluepill/control.cpp.o
                0x00000000080076e4                control::dmesgPtr(pxt::BoxedString*, void*)
 .text._ZN4pinsL7initI2CEv.part.0
                0x00000000080076f4       0x40 CMakeFiles/STM32_BLUE_PILL.dir/pxtapp/core---stm32bluepill/i2c.cpp.o
 .text._ZN4pins13i2cReadBufferEiib
                0x0000000008007734       0x48 CMakeFiles/STM32_BLUE_PILL.dir/pxtapp/core---stm32bluepill/i2c.cpp.o
                0x0000000008007734                pins::i2cReadBuffer(int, int, bool)
 .text._ZN4pins14i2cWriteBufferEiPN3pxt11BoxedBufferEb
                0x000000000800777c       0x30 CMakeFiles/STM32_BLUE_PILL.dir/pxtapp/core---stm32bluepill/i2c.cpp.o
                0x000000000800777c                pins::i2cWriteBuffer(int, pxt::BoxedBuffer*, bool)
 .text._ZN3pxt6getPinEi
                0x00000000080077ac       0xa8 CMakeFiles/STM32_BLUE_PILL.dir/pxtapp/core---stm32bluepill/pins.cpp.o
                0x00000000080077ac                pxt::getPin(int)
 .text._ZN4pins13pulseDurationEv
                0x0000000008007854        0xc CMakeFiles/STM32_BLUE_PILL.dir/pxtapp/core---stm32bluepill/pins.cpp.o
                0x0000000008007854                pins::pulseDuration()
 .text._ZN3pxt13platform_initEv
                0x0000000008007860       0x1c CMakeFiles/STM32_BLUE_PILL.dir/pxtapp/core---stm32bluepill/platform.cpp.o
                0x0000000008007860                pxt::platform_init()
 .text._ZN4pinsL7initSPIEv
                0x000000000800787c       0x5c CMakeFiles/STM32_BLUE_PILL.dir/pxtapp/core---stm32bluepill/spi.cpp.o
 .text._ZN4pins8spiWriteEi
                0x00000000080078d8       0x1c CMakeFiles/STM32_BLUE_PILL.dir/pxtapp/core---stm32bluepill/spi.cpp.o
                0x00000000080078d8                pins::spiWrite(int)
 .text._ZN4pins11spiTransferEPN3pxt11BoxedBufferES2_
                0x00000000080078f4       0x38 CMakeFiles/STM32_BLUE_PILL.dir/pxtapp/core---stm32bluepill/spi.cpp.o
                0x00000000080078f4                pins::spiTransfer(pxt::BoxedBuffer*, pxt::BoxedBuffer*)
 .text._ZN4pins12spiFrequencyEi
                0x000000000800792c       0x1c CMakeFiles/STM32_BLUE_PILL.dir/pxtapp/core---stm32bluepill/spi.cpp.o
                0x000000000800792c                pins::spiFrequency(int)
 .text._ZN4pins7spiModeEi
                0x0000000008007948       0x20 CMakeFiles/STM32_BLUE_PILL.dir/pxtapp/core---stm32bluepill/spi.cpp.o
                0x0000000008007948                pins::spiMode(int)
 .text._ZN3pxt10sendSerialEPKci
                0x0000000008007968       0x10 CMakeFiles/STM32_BLUE_PILL.dir/pxtapp/core---stm32bluepill/usb.cpp.o
                0x0000000008007968                pxt::sendSerial(char const*, int)
 .text._ZN3pxt9dumpDmesgEv
                0x0000000008007978       0x2c CMakeFiles/STM32_BLUE_PILL.dir/pxtapp/core---stm32bluepill/usb.cpp.o
                0x0000000008007978                pxt::dumpDmesg()
 .text._ZN3pxt12ptrOfLiteralEi
                0x00000000080079a4       0x10 CMakeFiles/STM32_BLUE_PILL.dir/pxtapp/pointers.cpp.o
                0x00000000080079a4                pxt::ptrOfLiteral(int)
 .text._Z18component_callbackN5codal5EventE
                0x00000000080079b4       0x5c libcodal-core.a(CodalComponent.cpp.o)
                0x00000000080079b4                component_callback(codal::Event)
 .text._ZN5codal10EventModel6listenEiiPFvNS_5EventEEt
                0x0000000008007a10       0x60 libcodal-core.a(CodalComponent.cpp.o)
                0x0000000008007a10                codal::EventModel::listen(int, int, void (*)(codal::Event), unsigned short)
 .text._ZN5codal14CodalComponent12addComponentEv
                0x0000000008007a70       0x70 libcodal-core.a(CodalComponent.cpp.o)
                0x0000000008007a70                codal::CodalComponent::addComponent()
 .text._ZN5codal14CodalComponent15removeComponentEv
                0x0000000008007ae0       0x24 libcodal-core.a(CodalComponent.cpp.o)
                0x0000000008007ae0                codal::CodalComponent::removeComponent()
 .text._ZN5codal11CodalDevice10getVersionEv
                0x0000000008007b04        0x8 libcodal-core.a(CodalDevice.cpp.o)
                0x0000000008007b04                codal::CodalDevice::getVersion()
 .text._ZL9logwritenPKci
                0x0000000008007b0c       0x70 libcodal-core.a(CodalDmesg.cpp.o)
 .text.codal_vdmesg
                0x0000000008007b7c      0x124 libcodal-core.a(CodalDmesg.cpp.o)
                0x0000000008007b7c                codal_vdmesg
 .text._ZN5codal11list_fibersEPPNS_5FiberE
                0x0000000008007ca0       0x58 libcodal-core.a(CodalFiber.cpp.o)
                0x0000000008007ca0                codal::list_fibers(codal::Fiber**)
 .text._ZN5codal14scheduler_tickENS_5EventE
                0x0000000008007cf8       0x38 libcodal-core.a(CodalFiber.cpp.o)
                0x0000000008007cf8                codal::scheduler_tick(codal::Event)
 .text._ZN5codal15scheduler_eventENS_5EventE
                0x0000000008007d30       0xc0 libcodal-core.a(CodalFiber.cpp.o)
                0x0000000008007d30                codal::scheduler_event(codal::Event)
 .text._Z15getFiberContextv
                0x0000000008007df0       0x50 libcodal-core.a(CodalFiber.cpp.o)
                0x0000000008007df0                getFiberContext()
 .text._ZL10handle_fobv
                0x0000000008007e40       0x2c libcodal-core.a(CodalFiber.cpp.o)
 .text._ZN5codal23fiber_scheduler_runningEv
                0x0000000008007e6c       0x10 libcodal-core.a(CodalFiber.cpp.o)
                0x0000000008007e6c                codal::fiber_scheduler_running()
 .text._ZN5codal14scheduler_initERNS_10EventModelE
                0x0000000008007e7c       0xac libcodal-core.a(CodalFiber.cpp.o)
                0x0000000008007e7c                codal::scheduler_init(codal::EventModel&)
 .text._ZN5codal19fiber_wake_on_eventEtt
                0x0000000008007f28       0x5c libcodal-core.a(CodalFiber.cpp.o)
                0x0000000008007f28                codal::fiber_wake_on_event(unsigned short, unsigned short)
 .text._Z14__create_fibermmmi
                0x0000000008007f84       0x64 libcodal-core.a(CodalFiber.cpp.o)
                0x0000000008007f84                __create_fiber(unsigned long, unsigned long, unsigned long, int)
 .text._ZN5codal17verify_stack_sizeEPNS_5FiberE
                0x0000000008007fe8       0x44 libcodal-core.a(CodalFiber.cpp.o)
                0x0000000008007fe8                codal::verify_stack_size(codal::Fiber*)
 .text._ZN5codal24scheduler_runqueue_emptyEv
                0x000000000800802c       0x10 libcodal-core.a(CodalFiber.cpp.o)
                0x000000000800802c                codal::scheduler_runqueue_empty()
 .text._ZN5codal4idleEv
                0x000000000800803c       0x3c libcodal-core.a(CodalFiber.cpp.o)
                0x000000000800803c                codal::idle()
 .text._ZN5codal8scheduleEv
                0x0000000008008078      0x10c libcodal-core.a(CodalFiber.cpp.o)
                0x0000000008008078                codal::schedule()
 .text._ZN5codal11fiber_sleepEm
                0x0000000008008184       0x3c libcodal-core.a(CodalFiber.cpp.o)
                0x0000000008008184                codal::fiber_sleep(unsigned long)
 .text._ZN5codal13release_fiberEv
                0x00000000080081c0       0x6c libcodal-core.a(CodalFiber.cpp.o)
                0x00000000080081c0                codal::release_fiber()
 .text._ZN5codal6invokeEPFvPvES0_
                0x000000000800822c       0x80 libcodal-core.a(CodalFiber.cpp.o)
                0x000000000800822c                codal::invoke(void (*)(void*), void*)
 .text._Z18device_create_heapmm
                0x00000000080082ac       0x3c libcodal-core.a(CodalHeapAllocator.cpp.o)
                0x00000000080082ac                device_create_heap(unsigned long, unsigned long)
 .text._Z16device_heap_sizeh
                0x00000000080082e8       0x24 libcodal-core.a(CodalHeapAllocator.cpp.o)
                0x00000000080082e8                device_heap_size(unsigned char)
 .text.device_malloc
                0x000000000800830c       0x48 libcodal-core.a(CodalHeapAllocator.cpp.o)
                0x000000000800830c                device_malloc
 .text.device_free
                0x0000000008008354       0x40 libcodal-core.a(CodalHeapAllocator.cpp.o)
                0x0000000008008354                device_free
 .text._ZN5codal5TimerC2Ev
                0x0000000008008394       0x34 libcodal-core.a(Timer.cpp.o)
                0x0000000008008394                codal::Timer::Timer()
                0x0000000008008394                codal::Timer::Timer()
 .text._ZN5codal25system_timer_current_timeEv
                0x00000000080083c8       0x10 libcodal-core.a(Timer.cpp.o)
                0x00000000080083c8                codal::system_timer_current_time()
 .text._ZN5codal28system_timer_current_time_usEv
                0x00000000080083d8       0x10 libcodal-core.a(Timer.cpp.o)
                0x00000000080083d8                codal::system_timer_current_time_us()
 .text._ZN5codal27system_timer_event_every_usEmtt
                0x00000000080083e8       0x24 libcodal-core.a(Timer.cpp.o)
                0x00000000080083e8                codal::system_timer_event_every_us(unsigned long, unsigned short, unsigned short)
 .text._ZN5codal14CodalComponent4initEv
                0x000000000800840c        0x8 libcodal-core.a(MessageBus.cpp.o)
                0x000000000800840c                codal::CodalComponent::init()
 .text._ZN5codal10EventModel4sendENS_5EventE
                0x0000000008008414       0x14 libcodal-core.a(MessageBus.cpp.o)
                0x0000000008008414                codal::EventModel::send(codal::Event)
 .text._ZN5codal10EventModel3addEPNS_8ListenerE
                0x0000000008008428        0x8 libcodal-core.a(MessageBus.cpp.o)
                0x0000000008008428                codal::EventModel::add(codal::Listener*)
 .text._ZN5codal10EventModel6removeEPNS_8ListenerE
                0x0000000008008430        0x8 libcodal-core.a(MessageBus.cpp.o)
                0x0000000008008430                codal::EventModel::remove(codal::Listener*)
 .text._ZN5codal14CodalComponentD2Ev
                0x0000000008008438       0x18 libcodal-core.a(MessageBus.cpp.o)
                0x0000000008008438                codal::CodalComponent::~CodalComponent()
                0x0000000008008438                codal::CodalComponent::~CodalComponent()
 .text._ZN5codal10MessageBus6removeEPNS_8ListenerE
                0x0000000008008450       0x6c libcodal-core.a(MessageBus.cpp.o)
                0x0000000008008450                codal::MessageBus::remove(codal::Listener*)
 .text._ZN5codal10MessageBus3addEPNS_8ListenerE
                0x00000000080084bc       0xbc libcodal-core.a(MessageBus.cpp.o)
                0x00000000080084bc                codal::MessageBus::add(codal::Listener*)
 .text._ZN5codal10MessageBus7processERNS_5EventEb
                0x0000000008008578       0x84 libcodal-core.a(MessageBus.cpp.o)
                0x0000000008008578                codal::MessageBus::process(codal::Event&, bool)
 .text._ZN5codal19allocateNotifyEventEv
                0x00000000080085fc       0x10 libcodal-core.a(MessageBus.cpp.o)
                0x00000000080085fc                codal::allocateNotifyEvent()
 .text._ZN5codal8ListenerC2INS_10MessageBusEEEttPT_MS3_FvNS_5EventEEt
                0x000000000800860c       0x5c libcodal-core.a(MessageBus.cpp.o)
                0x000000000800860c                codal::Listener::Listener<codal::MessageBus>(unsigned short, unsigned short, codal::MessageBus*, void (codal::MessageBus::*)(codal::Event), unsigned short)
                0x000000000800860c                codal::Listener::Listener<codal::MessageBus>(unsigned short, unsigned short, codal::MessageBus*, void (codal::MessageBus::*)(codal::Event), unsigned short)
 .text._ZN5codal10MessageBusC2Ev
                0x0000000008008668       0x88 libcodal-core.a(MessageBus.cpp.o)
                0x0000000008008668                codal::MessageBus::MessageBus()
                0x0000000008008668                codal::MessageBus::MessageBus()
 .text._ZN5codal10MessageBusD2Ev
                0x00000000080086f0       0x58 libcodal-core.a(MessageBus.cpp.o)
                0x00000000080086f0                codal::MessageBus::~MessageBus()
                0x00000000080086f0                codal::MessageBus::~MessageBus()
 .text._ZN5codal5Event4fireEv
                0x0000000008008748       0x20 libcodal-core.a(Event.cpp.o)
                0x0000000008008748                codal::Event::fire()
 .text._ZN5codal3_cm3I2C12setFrequencyEm
                0x0000000008008768        0x4 libcm.a(CmI2C.cpp.o)
                0x0000000008008768                codal::_cm::I2C::setFrequency(unsigned long)
 .text._ZN5codal3_cm3I2C5writeEtPhib
                0x000000000800876c        0x4 libcm.a(CmI2C.cpp.o)
                0x000000000800876c                codal::_cm::I2C::read(unsigned short, unsigned char*, int, bool)
                0x000000000800876c                codal::_cm::I2C::write(unsigned short, unsigned char*, int, bool)
 .text._ZN5codal3_cm3I2C12readRegisterEthPhib
                0x0000000008008770        0x4 libcm.a(CmI2C.cpp.o)
                0x0000000008008770                codal::_cm::I2C::readRegister(unsigned short, unsigned char, unsigned char*, int, bool)
 .text._ZN5codal3_cm3I2CC2ERNS_3PinES3_
                0x0000000008008774       0x1c libcm.a(CmI2C.cpp.o)
                0x0000000008008774                codal::_cm::I2C::I2C(codal::Pin&, codal::Pin&)
                0x0000000008008774                codal::_cm::I2C::I2C(codal::Pin&, codal::Pin&)
 .text._ZN5codal3_cm3Pin15getDigitalValueEv
                0x0000000008008790        0x4 libcm.a(CmPin.cpp.o)
                0x0000000008008790                codal::_cm::Pin::getDigitalValue()
 .text._ZN5codal3_cm3Pin14setAnalogValueEi
                0x0000000008008794       0x1c libcm.a(CmPin.cpp.o)
                0x0000000008008794                codal::_cm::Pin::setAnalogValue(int)
 .text._ZN5codal3_cm3Pin13setServoValueEiii
                0x00000000080087b0       0x2c libcm.a(CmPin.cpp.o)
                0x00000000080087b0                codal::_cm::Pin::setServoValue(int, int, int)
 .text._ZN5codal3_cm3Pin14getAnalogValueEv
                0x00000000080087dc        0x4 libcm.a(CmPin.cpp.o)
                0x00000000080087dc                codal::_cm::Pin::getAnalogValue()
 .text._ZN5codal3_cm3Pin7isInputEv
                0x00000000080087e0       0x10 libcm.a(CmPin.cpp.o)
                0x00000000080087e0                codal::_cm::Pin::isInput()
 .text._ZN5codal3_cm3Pin8isOutputEv
                0x00000000080087f0       0x10 libcm.a(CmPin.cpp.o)
                0x00000000080087f0                codal::_cm::Pin::isOutput()
 .text._ZN5codal3_cm3Pin9isDigitalEv
                0x0000000008008800        0xc libcm.a(CmPin.cpp.o)
                0x0000000008008800                codal::_cm::Pin::isDigital()
 .text._ZN5codal3_cm3Pin8isAnalogEv
                0x000000000800880c       0x10 libcm.a(CmPin.cpp.o)
                0x000000000800880c                codal::_cm::Pin::isAnalog()
 .text._ZN5codal3_cm3Pin9isTouchedEv
                0x000000000800881c        0x8 libcm.a(CmPin.cpp.o)
                0x000000000800881c                codal::_cm::Pin::isTouched()
 .text._ZN5codal3_cm3Pin17getAnalogPeriodUsEv
                0x0000000008008824        0x8 libcm.a(CmPin.cpp.o)
                0x0000000008008824                codal::_cm::Pin::getAnalogPeriodUs()
 .text._ZN5codal3_cm3Pin7setPullENS_8PullModeE
                0x000000000800882c        0x8 libcm.a(CmPin.cpp.o)
                0x000000000800882c                codal::_cm::Pin::setPull(codal::PullMode)
 .text._ZN5codal3_cm3Pin15setDigitalValueEi
                0x0000000008008834       0x80 libcm.a(CmPin.cpp.o)
                0x0000000008008834                codal::_cm::Pin::setDigitalValue(int)
 .text._ZN5codal3_cm3Pin15getAnalogPeriodEv
                0x00000000080088b4       0x28 libcm.a(CmPin.cpp.o)
                0x00000000080088b4                codal::_cm::Pin::getAnalogPeriod()
 .text._ZN5codal3_cm3Pin15getDigitalValueENS_8PullModeE
                0x00000000080088dc       0x38 libcm.a(CmPin.cpp.o)
                0x00000000080088dc                codal::_cm::Pin::getDigitalValue(codal::PullMode)
 .text._ZN5codal3_cm3Pin7eventOnEi
                0x0000000008008914       0x40 libcm.a(CmPin.cpp.o)
                0x0000000008008914                codal::_cm::Pin::eventOn(int)
 .text._ZN5codal3_cm3Pin17setAnalogPeriodUsEi.part.1
                0x0000000008008954       0x24 libcm.a(CmPin.cpp.o)
 .text._ZN5codal3_cm3Pin15setAnalogPeriodEi
                0x0000000008008978       0x10 libcm.a(CmPin.cpp.o)
                0x0000000008008978                codal::_cm::Pin::setAnalogPeriod(int)
 .text._ZN5codal3_cm3PinC2Ei7PinNameNS_13PinCapabilityE
                0x0000000008008988       0x54 libcm.a(CmPin.cpp.o)
                0x0000000008008988                codal::_cm::Pin::Pin(int, PinName, codal::PinCapability)
                0x0000000008008988                codal::_cm::Pin::Pin(int, PinName, codal::PinCapability)
 .text._ZN5codal3_cm3Pin5setupEhh
                0x00000000080089dc       0x20 libcm.a(CmPin.cpp.o)
                0x00000000080089dc                codal::_cm::Pin::setup(unsigned char, unsigned char)
 .text._ZN5codal3_cm3Pin15setServoPulseUsEi
                0x00000000080089fc        0x4 libcm.a(CmPin.cpp.o)
                0x00000000080089fc                codal::_cm::Pin::setServoPulseUs(int)
 .text._ZN5codal3_cm3Pin17setAnalogPeriodUsEi
                0x0000000008008a00       0x10 libcm.a(CmPin.cpp.o)
                0x0000000008008a00                codal::_cm::Pin::setAnalogPeriodUs(int)
 .text._ZN5codal3_cm3SPI12setFrequencyEm
                0x0000000008008a10        0xc libcm.a(CmSPI.cpp.o)
                0x0000000008008a10                codal::_cm::SPI::setFrequency(unsigned long)
 .text._ZN5codal3_cm3SPI5writeEi
                0x0000000008008a1c       0x10 libcm.a(CmSPI.cpp.o)
                0x0000000008008a1c                codal::_cm::SPI::write(int)
 .text._ZN5codal3_cm3SPI8transferEPKhmPhm
                0x0000000008008a2c        0x4 libcm.a(CmSPI.cpp.o)
                0x0000000008008a2c                codal::_cm::SPI::transfer(unsigned char const*, unsigned long, unsigned char*, unsigned long)
 .text._ZN5codal3_cm3SPI7setModeEii
                0x0000000008008a30       0x18 libcm.a(CmSPI.cpp.o)
                0x0000000008008a30                codal::_cm::SPI::setMode(int, int)
 .text._ZN5codal3_cm16_codal_setup_pinEPNS0_3PinEmPK6PinMap.part.0
                0x0000000008008a48       0x54 libcm.a(CmSPI.cpp.o)
 .text._ZN5codal3_cm3SPI4initEv.part.1
                0x0000000008008a9c       0x5c libcm.a(CmSPI.cpp.o)
 .text._ZN5codal3_cm3SPI13startTransferEPKhmPhmPFvPvES5_
                0x0000000008008af8       0x34 libcm.a(CmSPI.cpp.o)
                0x0000000008008af8                codal::_cm::SPI::startTransfer(unsigned char const*, unsigned long, unsigned char*, unsigned long, void (*)(void*), void*)
 .text._ZN5codal3_cm3SPIC2ERNS0_3PinES3_S3_
                0x0000000008008b2c       0x60 libcm.a(CmSPI.cpp.o)
                0x0000000008008b2c                codal::_cm::SPI::SPI(codal::_cm::Pin&, codal::_cm::Pin&, codal::_cm::Pin&)
                0x0000000008008b2c                codal::_cm::SPI::SPI(codal::_cm::Pin&, codal::_cm::Pin&, codal::_cm::Pin&)
 .text._ZN5codal3_cm13tick_callbackEv
                0x0000000008008b8c       0x10 libcm.a(CmTimer.cpp.o)
                0x0000000008008b8c                codal::_cm::tick_callback()
 .text._ZN5codal3_cm14alarm_callbackEv
                0x0000000008008b9c        0x4 libcm.a(CmTimer.cpp.o)
                0x0000000008008b9c                codal::_cm::alarm_callback()
 .text._ZN5codal3_cm5Timer9triggerInEm
                0x0000000008008ba0       0x14 libcm.a(CmTimer.cpp.o)
                0x0000000008008ba0                codal::_cm::Timer::triggerIn(unsigned long)
 .text._ZN5codal3_cm5Timer11syncRequestEv
                0x0000000008008bb4       0x2c libcm.a(CmTimer.cpp.o)
                0x0000000008008bb4                codal::_cm::Timer::syncRequest()
 .text._ZN5codal3_cm5Timer4initEv
                0x0000000008008be0       0x2c libcm.a(CmTimer.cpp.o)
                0x0000000008008be0                codal::_cm::Timer::init()
 .text._ZN5codal3_cm5TimerC2Ev
                0x0000000008008c0c       0x28 libcm.a(CmTimer.cpp.o)
                0x0000000008008c0c                codal::_cm::Timer::Timer()
                0x0000000008008c0c                codal::_cm::Timer::Timer()
 .text.pinmap_peripheral
                0x0000000008008c34       0x3c libcm.a(CmPinMap.cpp.o)
                0x0000000008008c34                pinmap_peripheral
 .text.pinmap_mode
                0x0000000008008c70       0x38 libcm.a(CmPinMap.cpp.o)
                0x0000000008008c70                pinmap_mode
 .text.pinmap_cnf
                0x0000000008008ca8       0x38 libcm.a(CmPinMap.cpp.o)
                0x0000000008008ca8                pinmap_cnf
 .text._ZN5codal3I2CC2ERNS_3PinES2_