Archive member included to satisfy reference by file (symbol)

libnewlib.a(memcpy-stub.c.o)  CMakeFiles/STM32_BLUE_PILL.dir/pxtapp/base/buffer.cpp.o (memcpy)
libnewlib.a(strcmp.S.o)       CMakeFiles/STM32_BLUE_PILL.dir/pxtapp/base/core.cpp.o (strcmp)
libnewlib.a(strlen.S.o)       CMakeFiles/STM32_BLUE_PILL.dir/pxtapp/base/core.cpp.o (strlen)
libnewlib.a(strtol.c.o)       CMakeFiles/STM32_BLUE_PILL.dir/pxtapp/base/core.cpp.o (strtol)
libnewlib.a(memcmp.c.o)       CMakeFiles/STM32_BLUE_PILL.dir/pxtapp/base/pxt.cpp.o (memcmp)
libnewlib.a(memmove.c.o)      CMakeFiles/STM32_BLUE_PILL.dir/pxtapp/base/buffer.cpp.o (memmove)
libnewlib.a(memset.c.o)       CMakeFiles/STM32_BLUE_PILL.dir/pxtapp/base/buffer.cpp.o (memset)
libnewlib.a(strstr.c.o)       CMakeFiles/STM32_BLUE_PILL.dir/pxtapp/base/core.cpp.o (strstr)
libnewlib.a(ctype_.c.o)       libnewlib.a(strtol.c.o) (_ctype_)
libnewlib.a(impure.c.o)       libnewlib.a(strtol.c.o) (_impure_ptr)
libcodal-core.a(CodalCompat.cpp.o)
                              CMakeFiles/STM32_BLUE_PILL.dir/pxtapp/base/core.cpp.o (codal::itoa(int, char*))
libcodal-core.a(CodalComponent.cpp.o)
                              CMakeFiles/STM32_BLUE_PILL.dir/pxtapp/core---stm32bluepill/codal.cpp.o (codal::CodalComponent::components)
libcodal-core.a(CodalDevice.cpp.o)
                              CMakeFiles/STM32_BLUE_PILL.dir/pxtapp/core---stm32bluepill/codal.cpp.o (vtable for codal::CodalDevice)
libcodal-core.a(CodalDmesg.cpp.o)
                              CMakeFiles/STM32_BLUE_PILL.dir/pxtapp/base/core.cpp.o (codal_dmesg)
libcodal-core.a(CodalFiber.cpp.o)
                              CMakeFiles/STM32_BLUE_PILL.dir/pxtapp/core---stm32bluepill/codal.cpp.o (codal::list_fibers(codal::Fiber**))
libcodal-core.a(CodalHeapAllocator.cpp.o)
                              CMakeFiles/STM32_BLUE_PILL.dir/pxtapp/base/gc.cpp.o (device_heap_size(unsigned char))
libcodal-core.a(CodalListener.cpp.o)
                              CMakeFiles/STM32_BLUE_PILL.dir/pxtapp/core---stm32bluepill/codal.cpp.o (codal::Listener::Listener(unsigned short, unsigned short, void (*)(codal::Event), unsigned short))
libcodal-core.a(Timer.cpp.o)  CMakeFiles/STM32_BLUE_PILL.dir/pxtapp/core---stm32bluepill/codal.cpp.o (codal::Timer::~Timer())
libcodal-core.a(MessageBus.cpp.o)
                              CMakeFiles/STM32_BLUE_PILL.dir/pxtapp/core---stm32bluepill/codal.cpp.o (codal::MessageBus::add(codal::Listener*))
libcodal-core.a(Event.cpp.o)  CMakeFiles/STM32_BLUE_PILL.dir/pxtapp/core---stm32bluepill/control.cpp.o (codal::Event::Event(unsigned short, unsigned short, codal::EventLaunchMode))
libcodal-core.a(MemberFunctionCallback.cpp.o)
                              libcodal-core.a(MessageBus.cpp.o) (codal::MemberFunctionCallback::fire(codal::Event))
liblibopencm3.a(vector.c.o)   (vector_table)
libnano-float.a(functions.c.o)
                              CMakeFiles/STM32_BLUE_PILL.dir/pxtapp/base/core.cpp.o (__wrap___aeabi_ddiv)
liblogger.a(logger.cpp.o)     CMakeFiles/STM32_BLUE_PILL.dir/pxtapp/base/pxt.cpp.o (debug_flush)
libbluepill.a(bluepill.cpp.o)
                              libcodal-core.a(Timer.cpp.o) (__cxa_pure_virtual)
libbluepill.a(led.cpp.o)      libbluepill.a(bluepill.cpp.o) (led_setup)
libbaseloader.a(baseloader.c.o)
                              (base_vector_table)
libbootloader.a(bootloader.c.o)
                              /Users/Luppy/stm32bluepill-makecode/pxt-maker/libs/stm32bluepill/built/codal/build/libraries/codal-libopencm3/CMakeFiles/hal.dir/stm32/hal/reset_handler.c.o (bootloader_start)
libbootloader.a(usb_conf.c.o)
                              libbootloader.a(bootloader.c.o) (usb_setup)
libbootloader.a(webusb.c.o)   libbootloader.a(usb_conf.c.o) (webusb_setup)
libbootloader.a(winusb.c.o)   libbootloader.a(usb_conf.c.o) (winusb_setup)
libbootloader.a(target_stm32f103.c.o)
                              libbootloader.a(bootloader.c.o) (boot_target_get_startup_mode)
libbootloader.a(cdc.c.o)      libbootloader.a(usb_conf.c.o) (cdcadm_transmit)
libbootloader.a(hf2.c.o)      libbootloader.a(usb_conf.c.o) (hf2_setup)
libbootloader.a(usb21_standard.c.o)
                              libbootloader.a(usb_conf.c.o) (usb21_setup)
libbootloader.a(backup.c.o)   libbootloader.a(target_stm32f103.c.o) (backup_write)
libbootloader.a(ghostfat.c.o)
                              libbootloader.a(hf2.c.o) (flash_flush)
libhal.a(codal_target_hal.cpp.o)
                              /Users/Luppy/stm32bluepill-makecode/pxt-maker/libs/stm32bluepill/built/codal/build/libraries/codal-libopencm3/CMakeFiles/hal.dir/stm32/hal/reset_handler.c.o (target_init)
libhal.a(CortexContextSwitch.s.o)
                              libcodal-core.a(CodalFiber.cpp.o) (swap_context)
libcm.a(CmI2C.cpp.o)          CMakeFiles/STM32_BLUE_PILL.dir/pxtapp/core---stm32bluepill/i2c.cpp.o (codal::_cm::I2C::I2C(codal::Pin&, codal::Pin&))
[...]
Memory Configuration

Name             Origin             Length             Attributes
bootrom          0x0000000008000000 0x0000000000007000 xr
rom              0x0000000008007000 0x0000000000009000 xr
bootram          0x0000000020000000 0x0000000000001000 xrw
ram              0x0000000020001000 0x00000000000037bc xrw
bootbuf          0x00000000200047bc 0x0000000000000844 xrw
*default*        0x0000000000000000 0xffffffffffffffff

Linker script and memory map

LOAD /Users/Luppy/stm32bluepill-makecode/pxt-maker/libs/stm32bluepill/built/codal/build/libraries/codal-libopencm3/CMakeFiles/hal.dir/stm32/hal/reset_handler.c.o
START GROUP
LOAD CMakeFiles/STM32_BLUE_PILL.dir/pxtapp/base/advmath.cpp.o
LOAD CMakeFiles/STM32_BLUE_PILL.dir/pxtapp/base/buffer.cpp.o
LOAD CMakeFiles/STM32_BLUE_PILL.dir/pxtapp/base/control.cpp.o
LOAD CMakeFiles/STM32_BLUE_PILL.dir/pxtapp/base/core.cpp.o
LOAD CMakeFiles/STM32_BLUE_PILL.dir/pxtapp/base/gc.cpp.o
LOAD CMakeFiles/STM32_BLUE_PILL.dir/pxtapp/base/loops.cpp.o
LOAD CMakeFiles/STM32_BLUE_PILL.dir/pxtapp/base/pxt.cpp.o
LOAD CMakeFiles/STM32_BLUE_PILL.dir/pxtapp/core---stm32bluepill/codal.cpp.o
LOAD CMakeFiles/STM32_BLUE_PILL.dir/pxtapp/core---stm32bluepill/control.cpp.o
LOAD CMakeFiles/STM32_BLUE_PILL.dir/pxtapp/core---stm32bluepill/dmac.cpp.o
LOAD CMakeFiles/STM32_BLUE_PILL.dir/pxtapp/core---stm32bluepill/hf2.cpp.o
LOAD CMakeFiles/STM32_BLUE_PILL.dir/pxtapp/core---stm32bluepill/i2c.cpp.o
LOAD CMakeFiles/STM32_BLUE_PILL.dir/pxtapp/core---stm32bluepill/pins.cpp.o
LOAD CMakeFiles/STM32_BLUE_PILL.dir/pxtapp/core---stm32bluepill/pinsAnalog.cpp.o
LOAD CMakeFiles/STM32_BLUE_PILL.dir/pxtapp/core---stm32bluepill/pinsDigital.cpp.o
LOAD CMakeFiles/STM32_BLUE_PILL.dir/pxtapp/core---stm32bluepill/pinsPWM.cpp.o
LOAD CMakeFiles/STM32_BLUE_PILL.dir/pxtapp/core---stm32bluepill/platform.cpp.o
LOAD CMakeFiles/STM32_BLUE_PILL.dir/pxtapp/core---stm32bluepill/spi.cpp.o
LOAD CMakeFiles/STM32_BLUE_PILL.dir/pxtapp/core---stm32bluepill/usb.cpp.o
LOAD CMakeFiles/STM32_BLUE_PILL.dir/pxtapp/main.cpp.o
LOAD CMakeFiles/STM32_BLUE_PILL.dir/pxtapp/pointers.cpp.o
LOAD libcodal-libopencm3.a
LOAD libqfplib.a
LOAD libnewlib.a
LOAD libcodal-core.a
LOAD liblibopencm3.a
LOAD libcocoos.a
LOAD libnano-float.a
LOAD liblogger.a
LOAD libbluepill.a
LOAD libbaseloader.a
LOAD libbootloader.a
LOAD libhal.a
LOAD libadcint.a
LOAD libi2cint.a
LOAD libporting.a
LOAD libsimulator.a
LOAD libspiint.a
LOAD libuartint.a
LOAD libcm.a
LOAD libmodel.a
LOAD libbme280.a
LOAD /usr/local/Cellar/arm-none-eabi-gcc/7-2018-q2-update/gcc/bin/../lib/gcc/arm-none-eabi/7.3.1/../../../../arm-none-eabi/lib/thumb/v7-m/libnosys.a
LOAD /usr/local/Cellar/arm-none-eabi-gcc/7-2018-q2-update/gcc/bin/../lib/gcc/arm-none-eabi/7.3.1/../../../../arm-none-eabi/lib/thumb/v7-m/libstdc++.a
LOAD /usr/local/Cellar/arm-none-eabi-gcc/7-2018-q2-update/gcc/bin/../lib/gcc/arm-none-eabi/7.3.1/../../../../arm-none-eabi/lib/thumb/v7-m/libsupc++.a
LOAD /usr/local/Cellar/arm-none-eabi-gcc/7-2018-q2-update/gcc/bin/../lib/gcc/arm-none-eabi/7.3.1/../../../../arm-none-eabi/lib/thumb/v7-m/libstdc++.a
LOAD /usr/local/Cellar/arm-none-eabi-gcc/7-2018-q2-update/gcc/bin/../lib/gcc/arm-none-eabi/7.3.1/../../../../arm-none-eabi/lib/thumb/v7-m/libsupc++.a
END GROUP
LOAD /usr/local/Cellar/arm-none-eabi-gcc/7-2018-q2-update/gcc/bin/../lib/gcc/arm-none-eabi/7.3.1/thumb/v7-m/libgcc.a
                0x0000000000007000                _bootrom_size = 0x7000
                0x0000000000001000                _bootram_size = 0x1000
                0x0000000000000844                _bootbuf_size = 0x844

.boot_text      0x0000000008000000     0x6a38
                0x0000000008000000                _boot_text = .
 *(SORT_BY_ALIGNMENT(.vectors))
 .vectors       0x0000000008000000      0x150 liblibopencm3.a(vector.c.o)
                0x0000000008000000                vector_table
 *(SORT_BY_ALIGNMENT(.base_vectors))
 .base_vectors  0x0000000008000150       0x18 libbaseloader.a(baseloader.c.o)
                0x0000000008000150                base_vector_table
 *libbaseloader.a:(SORT_BY_ALIGNMENT(.text*))
 .text.baseloader_start
                0x0000000008000168      0x530 libbaseloader.a(baseloader.c.o)
                0x0000000008000168                baseloader_start
 .text.baseloader_fetch
                0x0000000008000698       0xd0 libbaseloader.a(baseloader.c.o)
                0x0000000008000698                baseloader_fetch
                0x0000000008000768                . = ALIGN (0x4)
 *libbaseloader.a:(SORT_BY_ALIGNMENT(.rodata*))
                0x0000000008000768                . = ALIGN (0x4)
                0x0000000008000768                _base_etext = .
 *(SORT_BY_ALIGNMENT(.text.blocking_handler*))
 .text.blocking_handler
                0x0000000008000768        0x4 liblibopencm3.a(vector.c.o)
                0x0000000008000768                exti0_isr
                0x0000000008000768                tim7_isr
                0x0000000008000768                adc1_2_isr
                0x0000000008000768                tim1_trg_com_isr
                0x0000000008000768                usb_hp_can_tx_isr
                0x0000000008000768                tim6_isr
                0x0000000008000768                usb_wakeup_isr
                0x0000000008000768                blocking_handler
                0x0000000008000768                tim5_isr
                0x0000000008000768                otg_fs_isr
                0x0000000008000768                spi1_isr
                0x0000000008000768                exti2_isr
                0x0000000008000768                dma1_channel6_isr
                0x0000000008000768                can_rx1_isr
                0x0000000008000768                dma1_channel5_isr
                0x0000000008000768                dma2_channel5_isr
                0x0000000008000768                usart1_isr
                0x0000000008000768                usage_fault_handler
                0x0000000008000768                tim8_trg_com_isr
                0x0000000008000768                can2_rx0_isr
                0x0000000008000768                tim1_brk_isr
                0x0000000008000768                can2_rx1_isr
                0x0000000008000768                tim1_cc_isr
                0x0000000008000768                sdio_isr
                0x0000000008000768                eth_isr
                0x0000000008000768                dma1_channel4_isr
                0x0000000008000768                tim8_brk_isr
                0x0000000008000768                dma2_channel4_5_isr
                0x0000000008000768                pvd_isr
                0x0000000008000768                rcc_isr
                0x0000000008000768                flash_isr
                0x0000000008000768                uart4_isr
                0x0000000008000768                exti15_10_isr
                0x0000000008000768                hard_fault_handler
                0x0000000008000768                exti1_isr
                0x0000000008000768                i2c1_ev_isr
                0x0000000008000768                dma2_channel1_isr
                0x0000000008000768                spi2_isr
                0x0000000008000768                tim8_up_isr
                0x0000000008000768                dma2_channel2_isr
                0x0000000008000768                exti3_isr
                0x0000000008000768                adc3_isr
                0x0000000008000768                tim3_isr
                0x0000000008000768                usart2_isr
                0x0000000008000768                usb_lp_can_rx0_isr
                0x0000000008000768                i2c2_er_isr
                0x0000000008000768                i2c2_ev_isr
                0x0000000008000768                uart5_isr
                0x0000000008000768                fsmc_isr
                0x0000000008000768                dma1_channel1_isr
                0x0000000008000768                exti4_isr
                0x0000000008000768                mem_manage_handler
                0x0000000008000768                can2_tx_isr
                0x0000000008000768                exti9_5_isr
                0x0000000008000768                dma2_channel3_isr
                0x0000000008000768                dma1_channel7_isr
                0x0000000008000768                tim1_up_isr
                0x0000000008000768                can2_sce_isr
                0x0000000008000768                tim4_isr
                0x0000000008000768                dma1_channel2_isr
                0x0000000008000768                i2c1_er_isr
                0x0000000008000768                can_sce_isr
                0x0000000008000768                tim8_cc_isr
                0x0000000008000768                tamper_isr
                0x0000000008000768                eth_wkup_isr
                0x0000000008000768                bus_fault_handler
                0x0000000008000768                wwdg_isr
                0x0000000008000768                dma1_channel3_isr
                0x0000000008000768                spi3_isr
                0x0000000008000768                tim2_isr
                0x0000000008000768                usart3_isr
 *(SORT_BY_ALIGNMENT(.text.null_handler*))
 .text.null_handler
                0x000000000800076c        0x4 liblibopencm3.a(vector.c.o)
                0x000000000800076c                null_handler
                0x000000000800076c                sv_call_handler
                0x000000000800076c                pend_sv_handler
                0x000000000800076c                debug_monitor_handler
                0x000000000800076c                sys_tick_handler
                0x000000000800076c                nmi_handler
 *(SORT_BY_ALIGNMENT(.text.*_isr))
 .text.target_in_isr
                0x0000000008000770       0x10 libhal.a(codal_target_hal.cpp.o)
                0x0000000008000770                target_in_isr
 .text.rtc_isr  0x0000000008000780       0x30 libbluepill.a(timer.cpp.o)
                0x0000000008000780                rtc_isr
 .text.rtc_alarm_isr
                0x00000000080007b0       0x30 libbluepill.a(timer.cpp.o)
                0x00000000080007b0                rtc_alarm_isr
 :*reset_handler*(SORT_BY_ALIGNMENT(.text*))
 .text.reset_handler
                0x00000000080007e0      0x134 /Users/Luppy/stm32bluepill-makecode/pxt-maker/libs/stm32bluepill/built/codal/build/libraries/codal-libopencm3/CMakeFiles/hal.dir/stm32/hal/reset_handler.c.o
                0x00000000080007e0                reset_handler
 :*codal_target_hal*(SORT_BY_ALIGNMENT(.text*))
 *libhal.a:*codal_target_hal*(SORT_BY_ALIGNMENT(.text*))
 .text._ZL10timer_tickv
                0x0000000008000914       0x80 libhal.a(codal_target_hal.cpp.o)
 .text._ZL11timer_alarmv
                0x0000000008000994       0x28 libhal.a(codal_target_hal.cpp.o)
 .text.target_wait.part.1
                0x00000000080009bc       0x70 libhal.a(codal_target_hal.cpp.o)
 .text.target_init
                0x0000000008000a2c       0x30 libhal.a(codal_target_hal.cpp.o)
                0x0000000008000a2c                target_init
 .text.target_wait_for_event
                0x0000000008000a5c       0x10 libhal.a(codal_target_hal.cpp.o)
                0x0000000008000a5c                target_wait_for_event
 .text.target_wait
                0x0000000008000a6c       0x14 libhal.a(codal_target_hal.cpp.o)
                0x0000000008000a6c                target_wait
 .text.target_wait_us
                0x0000000008000a80       0x20 libhal.a(codal_target_hal.cpp.o)
                0x0000000008000a80                target_wait_us
 .text.target_reset
                0x0000000008000aa0       0x14 libhal.a(codal_target_hal.cpp.o)
                0x0000000008000aa0                target_reset
 .text.target_enable_irq
                0x0000000008000ab4        0x4 libhal.a(codal_target_hal.cpp.o)
                0x0000000008000ab4                target_enable_irq
 .text.target_disable_irq
                0x0000000008000ab8        0x4 libhal.a(codal_target_hal.cpp.o)
                0x0000000008000ab8                target_disable_irq
 .text.target_seed_random
                0x0000000008000abc       0x10 libhal.a(codal_target_hal.cpp.o)
                0x0000000008000abc                target_seed_random
 .text.target_get_serial
                0x0000000008000acc       0x18 libhal.a(codal_target_hal.cpp.o)
                0x0000000008000acc                target_get_serial
 .text.target_panic
                0x0000000008000ae4       0x20 libhal.a(codal_target_hal.cpp.o)
                0x0000000008000ae4                target_panic
 .text.fiber_initial_stack_base
                0x0000000008000b04        0x8 libhal.a(codal_target_hal.cpp.o)
                0x0000000008000b04                fiber_initial_stack_base
 .text.tcb_allocate
                0x0000000008000b0c        0x8 libhal.a(codal_target_hal.cpp.o)
                0x0000000008000b0c                tcb_allocate
 .text.tcb_configure_lr
                0x0000000008000b14        0x4 libhal.a(codal_target_hal.cpp.o)
                0x0000000008000b14                tcb_configure_lr
 .text.tcb_configure_sp
                0x0000000008000b18        0x4 libhal.a(codal_target_hal.cpp.o)
                0x0000000008000b18                tcb_configure_sp
 .text.tcb_configure_stack_base
                0x0000000008000b1c        0x4 libhal.a(codal_target_hal.cpp.o)
                0x0000000008000b1c                tcb_configure_stack_base
 .text.tcb_get_stack_base
                0x0000000008000b20        0x4 libhal.a(codal_target_hal.cpp.o)
                0x0000000008000b20                tcb_get_stack_base
 .text.get_current_sp
                0x0000000008000b24        0x4 libhal.a(codal_target_hal.cpp.o)
                0x0000000008000b24                get_current_sp
 .text.tcb_get_sp
                0x0000000008000b28        0x4 libhal.a(codal_target_hal.cpp.o)
                0x0000000008000b28                tcb_get_sp
 .text.tcb_configure_args
                0x0000000008000b2c        0x8 libhal.a(codal_target_hal.cpp.o)
                0x0000000008000b2c                tcb_configure_args
 .text.test_codal
                0x0000000008000b34       0x70 libhal.a(codal_target_hal.cpp.o)
                0x0000000008000b34                test_codal
 .text._fini    0x0000000008000ba4        0x4 libhal.a(codal_target_hal.cpp.o)
                0x0000000008000ba4                _fini
 .text.__aeabi_atexit
                0x0000000008000ba8        0x4 libhal.a(codal_target_hal.cpp.o)
                0x0000000008000ba8                __aeabi_atexit
 .text.target_set_tick_callback
                0x0000000008000bac        0xc libhal.a(codal_target_hal.cpp.o)
                0x0000000008000bac                target_set_tick_callback
 .text.target_set_alarm_callback
                0x0000000008000bb8        0xc libhal.a(codal_target_hal.cpp.o)
                0x0000000008000bb8                target_set_alarm_callback
 .text.target_set_bootloader_callback
                0x0000000008000bc4        0xc libhal.a(codal_target_hal.cpp.o)
                0x0000000008000bc4                target_set_bootloader_callback
 .text.target_enable_debug
                0x0000000008000bd0        0x4 libhal.a(codal_target_hal.cpp.o)
                0x0000000008000bd0                target_enable_debug
 :*CortexContextSwitch*(SORT_BY_ALIGNMENT(.text*))
 *libhal.a:(SORT_BY_ALIGNMENT(.text*))
 .text          0x0000000008000bd4      0x124 libhal.a(CortexContextSwitch.s.o)
                0x0000000008000bd4                swap_context
                0x0000000008000c56                save_context
                0x0000000008000c9a                save_register_context
                0x0000000008000cca                restore_register_context
 *liblibopencm3.a:(SORT_BY_ALIGNMENT(.text*))
 .text.scb_reset_system
                0x0000000008000cf8       0x10 liblibopencm3.a(scb.c.o)
                0x0000000008000cf8                scb_reset_system
 .text.gpio_set
                0x0000000008000d08        0x4 liblibopencm3.a(gpio_common_all.c.o)
                0x0000000008000d08                gpio_set
 .text.gpio_clear
                0x0000000008000d0c        0x8 liblibopencm3.a(gpio_common_all.c.o)
                0x0000000008000d0c                gpio_clear
 .text.pwr_disable_backup_domain_write_protect
                0x0000000008000d14       0x10 liblibopencm3.a(pwr_common_v1.c.o)
                0x0000000008000d14                pwr_disable_backup_domain_write_protect
 .text.pwr_enable_backup_domain_write_protect
                0x0000000008000d24       0x10 liblibopencm3.a(pwr_common_v1.c.o)
                0x0000000008000d24                pwr_enable_backup_domain_write_protect
 .text.rcc_periph_clock_enable
                0x0000000008000d34       0x1c liblibopencm3.a(rcc_common_all.c.o)
                0x0000000008000d34                rcc_periph_clock_enable
 .text.rcc_periph_reset_pulse
                0x0000000008000d50       0x24 liblibopencm3.a(rcc_common_all.c.o)
                0x0000000008000d50                rcc_periph_reset_pulse
 .text.desig_get_unique_id_as_string
                0x0000000008000d74       0x70 liblibopencm3.a(desig.c.o)
                0x0000000008000d74                desig_get_unique_id_as_string
 .text.gpio_set_mode
                0x0000000008000de4       0x7c liblibopencm3.a(gpio.c.o)
                0x0000000008000de4                gpio_set_mode
 .text.rcc_is_osc_ready.part.0
                0x0000000008000e60       0x10 liblibopencm3.a(rcc.c.o)
 .text.rcc_osc_on.part.1
                0x0000000008000e70       0x10 liblibopencm3.a(rcc.c.o)
 .text.rcc_enable_rtc_clock
                0x0000000008000e80       0x10 liblibopencm3.a(rcc.c.o)
                0x0000000008000e80                rcc_enable_rtc_clock
 .text.rcc_set_rtc_clock_source
                0x0000000008000e90       0x98 liblibopencm3.a(rcc.c.o)
                0x0000000008000e90                rcc_set_rtc_clock_source
 .text.rcc_clock_setup_in_hse_8mhz_out_72mhz
                0x0000000008000f28       0xcc liblibopencm3.a(rcc.c.o)
                0x0000000008000f28                rcc_clock_setup_in_hse_8mhz_out_72mhz
 .text.st_usbfs_v1_usbd_init
                0x0000000008000ff4       0x34 liblibopencm3.a(st_usbfs_v1.c.o)
 .text.st_usbfs_copy_to_pm
                0x0000000008001028       0x24 liblibopencm3.a(st_usbfs_v1.c.o)
                0x0000000008001028                st_usbfs_copy_to_pm
 .text.st_usbfs_copy_from_pm
                0x000000000800104c       0x30 liblibopencm3.a(st_usbfs_v1.c.o)
                0x000000000800104c                st_usbfs_copy_from_pm
 .text.usbd_init
                0x000000000800107c       0x54 liblibopencm3.a(usb.c.o)
                0x000000000800107c                usbd_init
 .text.usbd_register_sof_callback
                0x00000000080010d0        0x4 liblibopencm3.a(usb.c.o)
                0x00000000080010d0                usbd_register_sof_callback
 .text._usbd_reset
                0x00000000080010d4       0x38 liblibopencm3.a(usb.c.o)
                0x00000000080010d4                _usbd_reset
 .text.usbd_poll
                0x000000000800110c        0x8 liblibopencm3.a(usb.c.o)
                0x000000000800110c                usbd_poll
 .text.usbd_ep_setup
                0x0000000008001114       0x10 liblibopencm3.a(usb.c.o)
                0x0000000008001114                usbd_ep_setup
 .text.usbd_ep_write_packet
                0x0000000008001124       0x10 liblibopencm3.a(usb.c.o)
                0x0000000008001124                usbd_ep_write_packet
 .text.usbd_ep_read_packet
                0x0000000008001134       0x10 liblibopencm3.a(usb.c.o)
                0x0000000008001134                usbd_ep_read_packet
 .text.usbd_ep_stall_set
                0x0000000008001144        0x8 liblibopencm3.a(usb.c.o)
                0x0000000008001144                usbd_ep_stall_set
 .text.usbd_ep_stall_get
                0x000000000800114c        0x8 liblibopencm3.a(usb.c.o)
                0x000000000800114c                usbd_ep_stall_get
 .text.usbd_ep_nak_set
                0x0000000008001154        0x8 liblibopencm3.a(usb.c.o)
                0x0000000008001154                usbd_ep_nak_set
 .text.usb_control_send_chunk
                0x000000000800115c       0x54 liblibopencm3.a(usb_control.c.o)
 .text.usb_control_request_dispatch
                0x00000000080011b0       0x60 liblibopencm3.a(usb_control.c.o)
 .text.usb_control_setup_read
                0x0000000008001210       0x7c liblibopencm3.a(usb_control.c.o)
 .text.usb_control_recv_chunk
                0x000000000800128c       0x48 liblibopencm3.a(usb_control.c.o)
 .text.usbd_register_control_callback
                0x00000000080012d4       0x30 liblibopencm3.a(usb_control.c.o)
                0x00000000080012d4                usbd_register_control_callback
 .text._usbd_control_setup
                0x0000000008001304       0x64 liblibopencm3.a(usb_control.c.o)
                0x0000000008001304                _usbd_control_setup
 .text._usbd_control_out
                0x0000000008001368       0xa0 liblibopencm3.a(usb_control.c.o)
                0x0000000008001368                _usbd_control_out
 .text._usbd_control_in
                0x0000000008001408       0x70 liblibopencm3.a(usb_control.c.o)
                0x0000000008001408                _usbd_control_in
 .text.usb_standard_set_configuration
                0x0000000008001478       0xa4 liblibopencm3.a(usb_standard.c.o)
 .text.usb_standard_get_configuration
                0x000000000800151c       0x2c liblibopencm3.a(usb_standard.c.o)
 .text.usb_standard_get_interface
                0x0000000008001548       0x3c liblibopencm3.a(usb_standard.c.o)
 .text.usb_standard_device_get_status
                0x0000000008001584       0x18 liblibopencm3.a(usb_standard.c.o)
 .text.usb_standard_endpoint_get_status
                0x000000000800159c       0x2c liblibopencm3.a(usb_standard.c.o)
 .text.usb_standard_endpoint_stall
                0x00000000080015c8       0x10 liblibopencm3.a(usb_standard.c.o)
 .text.usb_standard_endpoint_unstall
                0x00000000080015d8       0x10 liblibopencm3.a(usb_standard.c.o)
 .text.usb_standard_set_address
                0x00000000080015e8       0x30 liblibopencm3.a(usb_standard.c.o)
 .text.usb_standard_set_interface
                0x0000000008001618       0x54 liblibopencm3.a(usb_standard.c.o)
 .text.usb_standard_get_descriptor
                0x000000000800166c      0x294 liblibopencm3.a(usb_standard.c.o)
 .text.usb_standard_interface_get_status
                0x0000000008001900       0x18 liblibopencm3.a(usb_standard.c.o)
 .text.usbd_register_set_config_callback
                0x0000000008001918       0x34 liblibopencm3.a(usb_standard.c.o)
                0x0000000008001918                usbd_register_set_config_callback
 .text._usbd_standard_request_device
                0x000000000800194c       0x58 liblibopencm3.a(usb_standard.c.o)
                0x000000000800194c                _usbd_standard_request_device
 .text._usbd_standard_request_endpoint
                0x00000000080019a4       0x40 liblibopencm3.a(usb_standard.c.o)
                0x00000000080019a4                _usbd_standard_request_endpoint
 .text._usbd_standard_request
                0x00000000080019e4       0x64 liblibopencm3.a(usb_standard.c.o)
                0x00000000080019e4                _usbd_standard_request
 .text.flash_set_ws
                0x0000000008001a48       0x14 liblibopencm3.a(flash_common_all.c.o)
                0x0000000008001a48                flash_set_ws
 .text.st_usbfs_set_address
                0x0000000008001a5c       0x10 liblibopencm3.a(st_usbfs_core.c.o)
                0x0000000008001a5c                st_usbfs_set_address
 .text.st_usbfs_set_ep_rx_bufsize
                0x0000000008001a6c       0x44 liblibopencm3.a(st_usbfs_core.c.o)
                0x0000000008001a6c                st_usbfs_set_ep_rx_bufsize
 .text.st_usbfs_ep_setup
                0x0000000008001ab0      0x118 liblibopencm3.a(st_usbfs_core.c.o)
                0x0000000008001ab0                st_usbfs_ep_setup
 .text.st_usbfs_endpoints_reset
                0x0000000008001bc8       0x48 liblibopencm3.a(st_usbfs_core.c.o)
                0x0000000008001bc8                st_usbfs_endpoints_reset
 .text.st_usbfs_ep_stall_set
                0x0000000008001c10       0xc0 liblibopencm3.a(st_usbfs_core.c.o)
                0x0000000008001c10                st_usbfs_ep_stall_set
 .text.st_usbfs_ep_stall_get
                0x0000000008001cd0       0x40 liblibopencm3.a(st_usbfs_core.c.o)
                0x0000000008001cd0                st_usbfs_ep_stall_get
 .text.st_usbfs_ep_nak_set
                0x0000000008001d10       0x44 liblibopencm3.a(st_usbfs_core.c.o)
                0x0000000008001d10                st_usbfs_ep_nak_set
 .text.st_usbfs_ep_write_packet
                0x0000000008001d54       0x88 liblibopencm3.a(st_usbfs_core.c.o)
                0x0000000008001d54                st_usbfs_ep_write_packet
 .text.st_usbfs_ep_read_packet
                0x0000000008001ddc       0xb4 liblibopencm3.a(st_usbfs_core.c.o)
                0x0000000008001ddc                st_usbfs_ep_read_packet
 .text.st_usbfs_poll
                0x0000000008001e90       0xe4 liblibopencm3.a(st_usbfs_core.c.o)
                0x0000000008001e90                st_usbfs_poll
 .text.nvic_enable_irq
                0x0000000008001f74       0x1c liblibopencm3.a(nvic.c.o)
                0x0000000008001f74                nvic_enable_irq
 .text.exti_set_trigger
                0x0000000008001f90       0x50 liblibopencm3.a(exti_common_all.c.o)
                0x0000000008001f90                exti_set_trigger
 .text.exti_enable_request
                0x0000000008001fe0       0x1c liblibopencm3.a(exti_common_all.c.o)
                0x0000000008001fe0                exti_enable_request
 .text.exti_reset_request
                0x0000000008001ffc        0xc liblibopencm3.a(exti_common_all.c.o)
                0x0000000008001ffc                exti_reset_request
 .text.rtc_enter_config_mode
                0x0000000008002008       0x18 liblibopencm3.a(rtc.c.o)
                0x0000000008002008                rtc_enter_config_mode
 .text.rtc_exit_config_mode
                0x0000000008002020       0x18 liblibopencm3.a(rtc.c.o)
                0x0000000008002020                rtc_exit_config_mode
 .text.rtc_set_alarm_time
                0x0000000008002038       0x40 liblibopencm3.a(rtc.c.o)
                0x0000000008002038                rtc_set_alarm_time
 .text.rtc_set_prescale_val
                0x0000000008002078       0x40 liblibopencm3.a(rtc.c.o)
                0x0000000008002078                rtc_set_prescale_val
 .text.rtc_get_counter_val
                0x00000000080020b8       0x18 liblibopencm3.a(rtc.c.o)
                0x00000000080020b8                rtc_get_counter_val
 .text.rtc_set_counter_val
                0x00000000080020d0       0x40 liblibopencm3.a(rtc.c.o)
                0x00000000080020d0                rtc_set_counter_val
 .text.rtc_interrupt_enable
                0x0000000008002110       0x5c liblibopencm3.a(rtc.c.o)
                0x0000000008002110                rtc_interrupt_enable
 .text.rtc_interrupt_disable
                0x000000000800216c       0x5c liblibopencm3.a(rtc.c.o)
                0x000000000800216c                rtc_interrupt_disable
 .text.rtc_clear_flag
                0x00000000080021c8       0x34 liblibopencm3.a(rtc.c.o)
                0x00000000080021c8                rtc_clear_flag
 .text.rtc_check_flag
                0x00000000080021fc       0x30 liblibopencm3.a(rtc.c.o)
                0x00000000080021fc                rtc_check_flag
 *libFrameworkLibOpenCM3.a:(SORT_BY_ALIGNMENT(.text*))
 *libcocoos.a:(SORT_BY_ALIGNMENT(.text*))
 .text.os_cbkSleep
                0x000000000800222c        0x4 libcocoos.a(os_cbk.c.o)
                0x000000000800222c                os_cbkSleep
 .text.os_init  0x0000000008002230       0x34 libcocoos.a(os_kernel.c.o)
                0x0000000008002230                os_init
 .text.os_tick  0x0000000008002264        0x8 libcocoos.a(os_kernel.c.o)
                0x0000000008002264                os_tick
 .text.os_running
                0x000000000800226c        0xc libcocoos.a(os_kernel.c.o)
                0x000000000800226c                os_running
 .text.os_msgQ_init
                0x0000000008002278       0x24 libcocoos.a(os_msgqueue.c.o)
                0x0000000008002278                os_msgQ_init
 .text.os_msgQ_tick
                0x000000000800229c       0x60 libcocoos.a(os_msgqueue.c.o)
                0x000000000800229c                os_msgQ_tick
 .text.os_sem_init
                0x00000000080022fc        0xc libcocoos.a(os_sem.c.o)
                0x00000000080022fc                os_sem_init
 .text.os_task_init
                0x0000000008002308       0x44 libcocoos.a(os_task.c.o)
                0x0000000008002308                os_task_init
 .text.os_task_highest_prio_ready_task
                0x000000000800234c       0x40 libcocoos.a(os_task.c.o)
                0x000000000800234c                os_task_highest_prio_ready_task
 .text.os_task_tick
                0x000000000800238c       0x98 libcocoos.a(os_task.c.o)
                0x000000000800238c                os_task_tick
 .text.os_task_signal_event
                0x0000000008002424       0x74 libcocoos.a(os_task.c.o)
                0x0000000008002424                os_task_signal_event
 .text.os_task_run
                0x0000000008002498       0x34 libcocoos.a(os_task.c.o)
                0x0000000008002498                os_task_run
 .text.os_on_assert
                0x00000000080024cc       0x28 libcocoos.a(os_assert.c.o)
                0x00000000080024cc                os_on_assert
 .text.os_event_init
                0x00000000080024f4        0xc libcocoos.a(os_event.c.o)
                0x00000000080024f4                os_event_init
 .text.os_signal_event
                0x0000000008002500        0xc libcocoos.a(os_event.c.o)
                0x0000000008002500                os_signal_event
 .text.os_event_set_signaling_tid
                0x000000000800250c       0x10 libcocoos.a(os_event.c.o)
                0x000000000800250c                os_event_set_signaling_tid
 *libcocoOS_?.?.?.a:(SORT_BY_ALIGNMENT(.text*))
 *libgcc.a:(SORT_BY_ALIGNMENT(.text*))
 .text          0x000000000800251c      0x378 /usr/local/Cellar/arm-none-eabi-gcc/7-2018-q2-update/gcc/bin/../lib/gcc/arm-none-eabi/7.3.1/thumb/v7-m/libgcc.a(_arm_addsubdf3.o)
                0x000000000800251c                __aeabi_drsub
                0x0000000008002524                __subdf3
                0x0000000008002524                __aeabi_dsub
                0x0000000008002528                __aeabi_dadd
                0x0000000008002528                __adddf3
                0x00000000080027a0                __aeabi_ui2d
                0x00000000080027a0                __floatunsidf
                0x00000000080027c0                __floatsidf
                0x00000000080027c0                __aeabi_i2d
                0x00000000080027e4                __extendsfdf2
                0x00000000080027e4                __aeabi_f2d
                0x0000000008002828                __aeabi_ul2d
                0x0000000008002828                __floatundidf
                0x0000000008002838                __aeabi_l2d
                0x0000000008002838                __floatdidf
 .text          0x0000000008002894       0xa0 /usr/local/Cellar/arm-none-eabi-gcc/7-2018-q2-update/gcc/bin/../lib/gcc/arm-none-eabi/7.3.1/thumb/v7-m/libgcc.a(_arm_truncdfsf2.o)
                0x0000000008002894                __aeabi_d2f
                0x0000000008002894                __truncdfsf2
 .text          0x0000000008002934       0x70 /usr/local/Cellar/arm-none-eabi-gcc/7-2018-q2-update/gcc/bin/../lib/gcc/arm-none-eabi/7.3.1/thumb/v7-m/libgcc.a(_powidf2.o)
                0x0000000008002934                __powidf2
 *libqfplib.a:(SORT_BY_ALIGNMENT(.text*))
 .text          0x00000000080029a4      0x4c8 libqfplib.a(qfplib.S.o)
                0x0000000008002a6c                qfp_fsub
                0x0000000008002a72                qfp_fadd
                0x0000000008002ab4                qfp_fcmp
                0x0000000008002ad0                qfp_fmul
                0x0000000008002ae0                qfp_fdiv
                0x0000000008002b22                qfp_fdiv_fast
                0x0000000008002b72                qfp_fsqrt_fast
                0x0000000008002be8                qfp_float2int
                0x0000000008002bea                qfp_float2fix
                0x0000000008002c12                qfp_float2uint
                0x0000000008002c14                qfp_float2ufix
                0x0000000008002c2e                qfp_int2float
                0x0000000008002c30                qfp_fix2float
                0x0000000008002c3a                qfp_uint2float
                0x0000000008002c3c                qfp_ufix2float
                0x0000000008002cd2                qfp_fsin
                0x0000000008002d14                qfp_fcos
                0x0000000008002d1e                qfp_ftan
                0x0000000008002d26                qfp_fexp
                0x0000000008002d56                qfp_fsqrt
                0x0000000008002d90                qfp_fln
                0x0000000008002db4                qfp_fatan2
 *libnano-float.a:(SORT_BY_ALIGNMENT(.text*))
 *fill*         0x0000000008002e6c        0x4 
 .text.acos     0x0000000008002e70       0xcc libnano-float.a(functions.c.o)
                0x0000000008002e70                acos
 .text.__wrap___aeabi_ddiv
                0x0000000008002f3c       0x30 libnano-float.a(functions.c.o)
                0x0000000008002f3c                __wrap___aeabi_ddiv
 .text.__wrap___aeabi_dmul
                0x0000000008002f6c       0x30 libnano-float.a(functions.c.o)
                0x0000000008002f6c                __wrap___aeabi_dmul
 .text.__wrap___aeabi_dadd
                0x0000000008002f9c       0x30 libnano-float.a(functions.c.o)
                0x0000000008002f9c                __wrap___aeabi_dadd
 .text.__wrap___aeabi_dsub
                0x0000000008002fcc       0x30 libnano-float.a(functions.c.o)
                0x0000000008002fcc                __wrap___aeabi_dsub
 .text.__wrap___aeabi_dcmpeq
                0x0000000008002ffc       0x34 libnano-float.a(functions.c.o)
                0x0000000008002ffc                __wrap___aeabi_dcmpeq
 .text.__wrap___aeabi_dcmplt
                0x0000000008003030       0x30 libnano-float.a(functions.c.o)
                0x0000000008003030                __wrap___aeabi_dcmplt
 .text.__wrap___aeabi_dcmple
                0x0000000008003060       0x34 libnano-float.a(functions.c.o)
                0x0000000008003060                __wrap___aeabi_dcmple
 .text.__wrap___aeabi_dcmpge
                0x0000000008003094       0x30 libnano-float.a(functions.c.o)
                0x0000000008003094                __wrap___aeabi_dcmpge
 .text.__wrap___aeabi_dcmpgt
                0x00000000080030c4       0x34 libnano-float.a(functions.c.o)
                0x00000000080030c4                __wrap___aeabi_dcmpgt
 .text.__wrap___aeabi_dcmpun
                0x00000000080030f8       0x34 libnano-float.a(functions.c.o)
                0x00000000080030f8                __wrap___aeabi_dcmpun
 .text.__wrap___aeabi_d2iz
                0x000000000800312c       0x2c libnano-float.a(functions.c.o)
                0x000000000800312c                __wrap___aeabi_d2iz
 .text.__wrap___aeabi_d2uiz
                0x0000000008003158       0x38 libnano-float.a(functions.c.o)
                0x0000000008003158                __wrap___aeabi_d2uiz
 .text.sqrt     0x0000000008003190       0x1c libnano-float.a(functions.c.o)
                0x0000000008003190                sqrt
 .text.log      0x00000000080031ac       0x1c libnano-float.a(functions.c.o)
                0x00000000080031ac                log
 .text.exp      0x00000000080031c8       0x1c libnano-float.a(functions.c.o)
                0x00000000080031c8                exp
 .text.log2     0x00000000080031e4       0x28 libnano-float.a(functions.c.o)
                0x00000000080031e4                log2
 .text.log10    0x000000000800320c       0x28 libnano-float.a(functions.c.o)
                0x000000000800320c                log10
 .text.pow      0x0000000008003234       0x8c libnano-float.a(functions.c.o)
                0x0000000008003234                pow
 .text.sin      0x00000000080032c0       0x1c libnano-float.a(functions.c.o)
                0x00000000080032c0                sin
 .text.cos      0x00000000080032dc       0x34 libnano-float.a(functions.c.o)
                0x00000000080032dc                cos
 .text.tan      0x0000000008003310       0x1c libnano-float.a(functions.c.o)
                0x0000000008003310                tan
 .text.atan2    0x000000000800332c       0x54 libnano-float.a(functions.c.o)
                0x000000000800332c                atan2
 .text.atan     0x0000000008003380       0xb0 libnano-float.a(functions.c.o)
                0x0000000008003380                atan
 .text.asin     0x0000000008003430       0x94 libnano-float.a(functions.c.o)
                0x0000000008003430                asin
 .text.sinh     0x00000000080034c4       0xa8 libnano-float.a(functions.c.o)
                0x00000000080034c4                sinh
 .text.cosh     0x000000000800356c       0xa4 libnano-float.a(functions.c.o)
                0x000000000800356c                cosh
 .text.tanh     0x0000000008003610       0xb8 libnano-float.a(functions.c.o)
                0x0000000008003610                tanh
 .text.asinh    0x00000000080036c8       0xa4 libnano-float.a(functions.c.o)
                0x00000000080036c8                asinh
 .text.acosh    0x000000000800376c       0xac libnano-float.a(functions.c.o)
                0x000000000800376c                acosh
 .text.atanh    0x0000000008003818       0xc8 libnano-float.a(functions.c.o)
                0x0000000008003818                atanh
 .text.trunc    0x00000000080038e0       0x8c libnano-float.a(functions.c.o)
                0x00000000080038e0                trunc
 .text.floor    0x000000000800396c       0x88 libnano-float.a(functions.c.o)
                0x000000000800396c                floor
 .text.ceil     0x00000000080039f4       0x88 libnano-float.a(functions.c.o)
                0x00000000080039f4                ceil
 .text.fmod     0x0000000008003a7c      0x13c libnano-float.a(functions.c.o)
                0x0000000008003a7c                fmod
 *libnewlib.a:(SORT_BY_ALIGNMENT(.text*))
 .text._strtol_l.isra.0
                0x0000000008003bb8       0xec libnewlib.a(strtol.c.o)
 .text.strtol   0x0000000008003ca4       0x14 libnewlib.a(strtol.c.o)
                0x0000000008003ca4                strtol
 .text.memcpy   0x0000000008003cb8       0x1c libnewlib.a(memcpy-stub.c.o)
                0x0000000008003cb8                memcpy
 .text          0x0000000008003cd4       0x14 libnewlib.a(strcmp.S.o)
                0x0000000008003cd4                strcmp
 .text          0x0000000008003ce8       0x10 libnewlib.a(strlen.S.o)
                0x0000000008003ce8                strlen
 .text.memcmp   0x0000000008003cf8       0x1e libnewlib.a(memcmp.c.o)
                0x0000000008003cf8                memcmp
 .text.memmove  0x0000000008003d16       0x32 libnewlib.a(memmove.c.o)
                0x0000000008003d16                memmove
 .text.memset   0x0000000008003d48       0x10 libnewlib.a(memset.c.o)
                0x0000000008003d48                memset
 .text.strstr   0x0000000008003d58       0x2e libnewlib.a(strstr.c.o)
                0x0000000008003d58                strstr
 .text.strncpy  0x0000000008003d86       0x2a libnewlib.a(strncpy.c.o)
                0x0000000008003d86                strncpy
 *liblogger.a:(SORT_BY_ALIGNMENT(.text*))
 .text._ZL12debug_appendPKcj
                0x0000000008003db0       0x58 liblogger.a(logger.cpp.o)
 .text._Z20debug_flush_internalb.part.2
                0x0000000008003e08       0x70 liblogger.a(logger.cpp.o)
 .text.debug_print.part.3
                0x0000000008003e78       0x14 liblogger.a(logger.cpp.o)
 .text.enable_log
                0x0000000008003e8c        0x4 liblogger.a(logger.cpp.o)
                0x0000000008003e8c                enable_log
 .text.logger_add_output
                0x0000000008003e90       0x4c liblogger.a(logger.cpp.o)
                0x0000000008003e90                logger_add_output
 .text.debug_flush
                0x0000000008003edc       0x14 liblogger.a(logger.cpp.o)
                0x0000000008003edc                debug_flush
 .text.debug_force_flush
                0x0000000008003ef0       0x28 liblogger.a(logger.cpp.o)
                0x0000000008003ef0                debug_force_flush
 .text._Z11debug_printj
                0x0000000008003f18       0x88 liblogger.a(logger.cpp.o)
                0x0000000008003f18                debug_print(unsigned int)
 .text._Z11debug_printi
                0x0000000008003fa0       0x30 liblogger.a(logger.cpp.o)
                0x0000000008003fa0                debug_print(int)
 .text.debug_print
                0x0000000008003fd0        0xc liblogger.a(logger.cpp.o)
                0x0000000008003fd0                debug_print
 .text.debug_println
                0x0000000008003fdc       0x1c liblogger.a(logger.cpp.o)
                0x0000000008003fdc                debug_println
 .text._Z13debug_printlni
                0x0000000008003ff8       0x18 liblogger.a(logger.cpp.o)
                0x0000000008003ff8                debug_println(int)
 .text.debug_print_int
                0x0000000008004010        0x4 liblogger.a(logger.cpp.o)
                0x0000000008004010                debug_print_int
 .text.debug_print_unsigned
                0x0000000008004014        0x4 liblogger.a(logger.cpp.o)
                0x0000000008004014                debug_print_unsigned
 .text.debug_printhex
                0x0000000008004018       0x48 liblogger.a(logger.cpp.o)
                0x0000000008004018                debug_printhex
 .text.debug_printhex_unsigned
                0x0000000008004060       0x24 liblogger.a(logger.cpp.o)
                0x0000000008004060                debug_printhex_unsigned
 *libbluepill.a:(SORT_BY_ALIGNMENT(.text*))
 .text.platform_setup
                0x0000000008004084       0x4c libbluepill.a(bluepill.cpp.o)
                0x0000000008004084                platform_setup
 .text.enable_debug
                0x00000000080040d0       0x10 libbluepill.a(bluepill.cpp.o)
                0x00000000080040d0                enable_debug
 .text.__cxa_pure_virtual
                0x00000000080040e0        0x8 libbluepill.a(bluepill.cpp.o)
                0x00000000080040e0                __cxa_pure_virtual
 .text._Znwj    0x00000000080040e8        0x4 libbluepill.a(bluepill.cpp.o)
                0x00000000080040e8                operator new(unsigned int)
 .text._ZdlPv   0x00000000080040ec        0x4 libbluepill.a(bluepill.cpp.o)
                0x00000000080040ec                operator delete(void*)
 .text.led_setup
                0x00000000080040f0       0x20 libbluepill.a(led.cpp.o)
                0x00000000080040f0                led_setup
 .text.led_on   0x0000000008004110       0x10 libbluepill.a(led.cpp.o)
                0x0000000008004110                led_on
 .text.led_off  0x0000000008004120       0x10 libbluepill.a(led.cpp.o)
                0x0000000008004120                led_off
 .text.led_wait
                0x0000000008004130       0x10 libbluepill.a(led.cpp.o)
                0x0000000008004130                led_wait
 .text.platform_start_timer
                0x0000000008004140      0x11c libbluepill.a(timer.cpp.o)
                0x0000000008004140                platform_start_timer
 .text.platform_set_alarm
                0x000000000800425c       0x34 libbluepill.a(timer.cpp.o)
                0x000000000800425c                platform_set_alarm
 .text.millis   0x0000000008004290        0x4 libbluepill.a(timer.cpp.o)
                0x0000000008004290                millis
 *libbootloader.a:(SORT_BY_ALIGNMENT(.text*))
 .text.poll_restart_callback
                0x0000000008004294       0x20 libbootloader.a(bootloader.c.o)
                0x0000000008004294                poll_restart_callback
 .text.bootloader_poll
                0x00000000080042b4       0x30 libbootloader.a(bootloader.c.o)
                0x00000000080042b4                bootloader_poll
 .text.prepare_baseloader
                0x00000000080042e4      0x1d4 libbootloader.a(bootloader.c.o)
                0x00000000080042e4                prepare_baseloader
 .text.bootloader_start
                0x00000000080044b8      0x170 libbootloader.a(bootloader.c.o)
                0x00000000080044b8                bootloader_start
 .text.bootloader_set_restart_callback
                0x0000000008004628        0xc libbootloader.a(bootloader.c.o)
                0x0000000008004628                bootloader_set_restart_callback
 .text.hf2_connected
                0x0000000008004634       0x10 libbootloader.a(usb_conf.c.o)
 .text.usb_cdc_transmit
                0x0000000008004644       0x30 libbootloader.a(usb_conf.c.o)
 .text.sof_callback
                0x0000000008004674       0x10 libbootloader.a(usb_conf.c.o)
 .text.cdc_connected
                0x0000000008004684       0x1c libbootloader.a(usb_conf.c.o)
 .text.set_aggregate_callback
                0x00000000080046a0       0x50 libbootloader.a(usb_conf.c.o)
 .text.usb_setup
                0x00000000080046f0       0xac libbootloader.a(usb_conf.c.o)
                0x00000000080046f0                usb_setup
 .text.get_usb_status
                0x000000000800479c       0x2c libbootloader.a(usb_conf.c.o)
                0x000000000800479c                get_usb_status
 .text.aggregate_register_config_callback
                0x00000000080047c8       0x3c libbootloader.a(usb_conf.c.o)
                0x00000000080047c8                aggregate_register_config_callback
 .text.aggregate_register_callback
                0x0000000008004804       0x50 libbootloader.a(usb_conf.c.o)
                0x0000000008004804                aggregate_register_callback
 .text.usb_set_serial_number
                0x0000000008004854       0x1c libbootloader.a(usb_conf.c.o)
                0x0000000008004854                usb_set_serial_number
 .text.dump_buffer
                0x0000000008004870       0x50 libbootloader.a(usb_conf.c.o)
                0x0000000008004870                dump_buffer
 .text.dump_usb_request
                0x00000000080048c0      0x178 libbootloader.a(usb_conf.c.o)
                0x00000000080048c0                dump_usb_request
 .text.aggregate_callback
                0x0000000008004a38       0xc0 libbootloader.a(usb_conf.c.o)
 .text.webusb_set_config
                0x0000000008004af8       0x28 libbootloader.a(webusb.c.o)
 .text.webusb_control_vendor_request
                0x0000000008004b20       0xa4 libbootloader.a(webusb.c.o)
 .text.webusb_setup
                0x0000000008004bc4       0x50 libbootloader.a(webusb.c.o)
                0x0000000008004bc4                webusb_setup
 .text.winusb_control_vendor_request
                0x0000000008004c14       0x9c libbootloader.a(winusb.c.o)
 .text.winusb_set_config
                0x0000000008004cb0       0x28 libbootloader.a(winusb.c.o)
 .text.winusb_descriptor_request
                0x0000000008004cd8       0x48 libbootloader.a(winusb.c.o)
 .text.winusb_setup
                0x0000000008004d20       0x5c libbootloader.a(winusb.c.o)
                0x0000000008004d20                winusb_setup
 .text.boot_target_get_startup_mode.part.0
                0x0000000008004d7c      0x11c libbootloader.a(target_stm32f103.c.o)
 .text.boot_target_get_startup_mode
                0x0000000008004e98       0x10 libbootloader.a(target_stm32f103.c.o)
                0x0000000008004e98                boot_target_get_startup_mode
 .text.boot_target_set_led
                0x0000000008004ea8       0x18 libbootloader.a(target_stm32f103.c.o)
                0x0000000008004ea8                boot_target_set_led
 .text.boot_target_gpio_setup
                0x0000000008004ec0       0x70 libbootloader.a(target_stm32f103.c.o)
                0x0000000008004ec0                boot_target_gpio_setup
 .text.boot_target_usb_init
                0x0000000008004f30       0x2c libbootloader.a(target_stm32f103.c.o)
                0x0000000008004f30                boot_target_usb_init
 .text.boot_target_set_restart_callback
                0x0000000008004f5c       0x24 libbootloader.a(target_stm32f103.c.o)
                0x0000000008004f5c                boot_target_set_restart_callback
 .text.boot_target_manifest_app
                0x0000000008004f80       0x20 libbootloader.a(target_stm32f103.c.o)
                0x0000000008004f80                boot_target_manifest_app
 .text.boot_target_manifest_baseloader
                0x0000000008004fa0       0x20 libbootloader.a(target_stm32f103.c.o)
                0x0000000008004fa0                boot_target_manifest_baseloader
 .text.boot_target_manifest_bootloader
                0x0000000008004fc0       0x20 libbootloader.a(target_stm32f103.c.o)
                0x0000000008004fc0                boot_target_manifest_bootloader
 .text.boot_target_get_serial_number
                0x0000000008004fe0        0x8 libbootloader.a(target_stm32f103.c.o)
                0x0000000008004fe0                boot_target_get_serial_number
 .text.cdcacm_comm_cb
                0x0000000008004fe8        0xc libbootloader.a(cdc.c.o)
 .text.cdcacm_set_config
                0x0000000008004ff4       0x68 libbootloader.a(cdc.c.o)
 .text.cdcacm_control_request
                0x000000000800505c       0x64 libbootloader.a(cdc.c.o)
 .text.cdcadm_transmit
                0x00000000080050c0       0x54 libbootloader.a(cdc.c.o)
                0x00000000080050c0                cdcadm_transmit
 .text.cdcacm_data_rx_cb
                0x0000000008005114       0x4c libbootloader.a(cdc.c.o)
 .text.cdc_setup
                0x0000000008005160       0x2c libbootloader.a(cdc.c.o)
                0x0000000008005160                cdc_setup
 .text.hf2_set_config
                0x000000000800518c       0x40 libbootloader.a(hf2.c.o)
 .text.pokeSend
                0x00000000080051cc       0xdc libbootloader.a(hf2.c.o)
 .text.assert.part.0
                0x00000000080052a8       0x1c libbootloader.a(hf2.c.o)
 .text.hf2_data_rx_cb
                0x00000000080052c4      0x63c libbootloader.a(hf2.c.o)
 .text.hf2_data_tx_cb
                0x0000000008005900       0x50 libbootloader.a(hf2.c.o)
 .text.hf2_setup
                0x0000000008005950       0x84 libbootloader.a(hf2.c.o)
                0x0000000008005950                hf2_setup
 .text.usb21_set_config
                0x00000000080059d4       0x28 libbootloader.a(usb21_standard.c.o)
 .text.usb21_standard_get_descriptor
                0x00000000080059fc       0xe0 libbootloader.a(usb21_standard.c.o)
 .text.usb21_setup
                0x0000000008005adc       0x38 libbootloader.a(usb21_standard.c.o)
                0x0000000008005adc                usb21_setup
 .text.backup_write
                0x0000000008005b14       0x38 libbootloader.a(backup.c.o)
                0x0000000008005b14                backup_write
 .text.backup_read
                0x0000000008005b4c       0x18 libbootloader.a(backup.c.o)
                0x0000000008005b4c                backup_read
 .text.flash_flush
                0x0000000008005b64       0xc0 libbootloader.a(ghostfat.c.o)
                0x0000000008005b64                flash_flush
 .text.flash_write
                0x0000000008005c24       0xe4 libbootloader.a(ghostfat.c.o)
                0x0000000008005c24                flash_write
                0x0000000008005d08                . = ALIGN (0x4)
 *(SORT_BY_ALIGNMENT(.rodata.blocking_handler*))
 *(SORT_BY_ALIGNMENT(.rodata.null_handler*))
 *(SORT_BY_ALIGNMENT(.rodata.*_isr))
 :*reset_handler*(SORT_BY_ALIGNMENT(.rodata*))
 .rodata.reset_handler.str1.4
                0x0000000008005d08       0x37 /Users/Luppy/stm32bluepill-makecode/pxt-maker/libs/stm32bluepill/built/codal/build/libraries/codal-libopencm3/CMakeFiles/hal.dir/stm32/hal/reset_handler.c.o
 :*codal_target_hal*(SORT_BY_ALIGNMENT(.rodata*))
 *libhal.a:*codal_target_hal*(SORT_BY_ALIGNMENT(.rodata*))
 *fill*         0x0000000008005d3f        0x1 
 .rodata._ZL10timer_tickv.str1.4
                0x0000000008005d40        0x7 libhal.a(codal_target_hal.cpp.o)
 *fill*         0x0000000008005d47        0x1 
 .rodata._ZL11timer_alarmv.str1.4
                0x0000000008005d48        0x4 libhal.a(codal_target_hal.cpp.o)
 .rodata.target_get_serial.str1.4
                0x0000000008005d4c       0x16 libhal.a(codal_target_hal.cpp.o)
 *fill*         0x0000000008005d62        0x2 
 .rodata.target_panic.str1.4
                0x0000000008005d64       0x13 libhal.a(codal_target_hal.cpp.o)
 *fill*         0x0000000008005d77        0x1 
 .rodata.target_reset.str1.4
                0x0000000008005d78       0x11 libhal.a(codal_target_hal.cpp.o)
 *fill*         0x0000000008005d89        0x3 
 .rodata.target_seed_random.str1.4
                0x0000000008005d8c       0x17 libhal.a(codal_target_hal.cpp.o)
 *fill*         0x0000000008005da3        0x1 
 .rodata.target_wait.part.1.str1.4
                0x0000000008005da4        0xb libhal.a(codal_target_hal.cpp.o)
 *fill*         0x0000000008005daf        0x1 
 .rodata.test_codal.str1.4
                0x0000000008005db0       0x3c libhal.a(codal_target_hal.cpp.o)
 :*CortexContextSwitch*(SORT_BY_ALIGNMENT(.rodata*))
 *libhal.a:(SORT_BY_ALIGNMENT(.rodata*))
 *liblibopencm3.a:(SORT_BY_ALIGNMENT(.rodata*))
 .rodata.desig_get_unique_id_as_string.str1.4
                0x0000000008005dec       0x11 liblibopencm3.a(desig.c.o)
 *fill*         0x0000000008005dfd        0x3 
 .rodata.st_usbfs_v1_usb_driver
                0x0000000008005e00       0x34 liblibopencm3.a(st_usbfs_v1.c.o)
                0x0000000008005e00                st_usbfs_v1_usb_driver
 *libFrameworkLibOpenCM3.a:(SORT_BY_ALIGNMENT(.rodata*))
 *libcocoos.a:(SORT_BY_ALIGNMENT(.rodata*))
 .rodata.os_on_assert.str1.4
                0x0000000008005e34       0x1a libcocoos.a(os_assert.c.o)
 *libcocoOS_?.?.?.a:(SORT_BY_ALIGNMENT(.rodata*))
 *libgcc.a:(SORT_BY_ALIGNMENT(.rodata*))
 *libqfplib.a:(SORT_BY_ALIGNMENT(.rodata*))
 *libnano-float.a:(SORT_BY_ALIGNMENT(.rodata*))
 *libnewlib.a:(SORT_BY_ALIGNMENT(.rodata*))
 .rodata._ctype_
                0x0000000008005e4e      0x101 libnewlib.a(ctype_.c.o)
                0x0000000008005e4e                _ctype_
 *liblogger.a:(SORT_BY_ALIGNMENT(.rodata*))
 *fill*         0x0000000008005f4f        0x1 
 .rodata._Z11debug_printi.str1.4
                0x0000000008005f50        0x6 liblogger.a(logger.cpp.o)
 *fill*         0x0000000008005f56        0x2 
 .rodata._Z11debug_printj.str1.4
                0x0000000008005f58        0xb liblogger.a(logger.cpp.o)
 *fill*         0x0000000008005f63        0x1 
 .rodata._ZL12debug_appendPKcj.str1.4
                0x0000000008005f64        0xa liblogger.a(logger.cpp.o)
 *fill*         0x0000000008005f6e        0x2 
 .rodata.debug_println.str1.4
                0x0000000008005f70        0x3 liblogger.a(logger.cpp.o)
 *libbluepill.a:(SORT_BY_ALIGNMENT(.rodata*))
 *fill*         0x0000000008005f73        0x1 
 .rodata.platform_setup.str1.4
                0x0000000008005f74       0x13 libbluepill.a(bluepill.cpp.o)
 *fill*         0x0000000008005f87        0x1 
 .rodata.platform_set_alarm.str1.4
                0x0000000008005f88        0x6 libbluepill.a(timer.cpp.o)
 *fill*         0x0000000008005f8e        0x2 
 .rodata.platform_start_timer.str1.4
                0x0000000008005f90       0x38 libbluepill.a(timer.cpp.o)
                                         0x35 (size before relaxing)
 *libbootloader.a:(SORT_BY_ALIGNMENT(.rodata*))
 .rodata.bootloader_start.str1.4
                0x0000000008005fc8       0x79 libbootloader.a(bootloader.c.o)
 *fill*         0x0000000008006041        0x3 
 .rodata.poll_restart_callback.str1.4
                0x0000000008006044       0x11 libbootloader.a(bootloader.c.o)
 *fill*         0x0000000008006055        0x3 
 .rodata.prepare_baseloader.str1.4
                0x0000000008006058       0xd3 libbootloader.a(bootloader.c.o)
                                         0xe3 (size before relaxing)
 *fill*         0x000000000800612b        0x1 
 .rodata.aggregate_callback.str1.4
                0x000000000800612c        0xc libbootloader.a(usb_conf.c.o)
 .rodata.aggregate_register_callback.str1.4
                0x0000000008006138       0x26 libbootloader.a(usb_conf.c.o)
 *fill*         0x000000000800615e        0x2 
 .rodata.aggregate_register_config_callback.str1.4
                0x0000000008006160       0x25 libbootloader.a(usb_conf.c.o)
 *fill*         0x0000000008006185        0x3 
 .rodata.bos_descriptor
                0x0000000008006188        0x9 libbootloader.a(usb_conf.c.o)
 *fill*         0x0000000008006191        0x3 
 .rodata.cdc_iface_assoc
                0x0000000008006194        0x8 libbootloader.a(usb_conf.c.o)
 .rodata.cdcacm_functional_descriptors
                0x000000000800619c       0x13 libbootloader.a(usb_conf.c.o)
 *fill*         0x00000000080061af        0x1 
 .rodata.comm_endp
                0x00000000080061b0        0xf libbootloader.a(usb_conf.c.o)
 *fill*         0x00000000080061bf        0x1 
 .rodata.comm_iface
                0x00000000080061c0       0x15 libbootloader.a(usb_conf.c.o)
 *fill*         0x00000000080061d5        0x3 
 .rodata.config
                0x00000000080061d8        0xd libbootloader.a(usb_conf.c.o)
 *fill*         0x00000000080061e5        0x3 
 .rodata.data_endp
                0x00000000080061e8       0x1e libbootloader.a(usb_conf.c.o)
 *fill*         0x0000000008006206        0x2 
 .rodata.data_iface
                0x0000000008006208       0x15 libbootloader.a(usb_conf.c.o)
 *fill*         0x000000000800621d        0x3 
 .rodata.dev    0x0000000008006220       0x12 libbootloader.a(usb_conf.c.o)
 *fill*         0x0000000008006232        0x2 
 .rodata.dump_buffer.str1.4
                0x0000000008006234        0x4 libbootloader.a(usb_conf.c.o)
                                          0x9 (size before relaxing)
 .rodata.dump_usb_request.str1.4
                0x0000000008006238       0x88 libbootloader.a(usb_conf.c.o)
                                         0x90 (size before relaxing)
 .rodata.hf2_endp
                0x00000000080062c0       0x1e libbootloader.a(usb_conf.c.o)
 *fill*         0x00000000080062de        0x2 
 .rodata.hf2_iface
                0x00000000080062e0       0x15 libbootloader.a(usb_conf.c.o)
 *fill*         0x00000000080062f5        0x3 
 .rodata.interfaces
                0x00000000080062f8       0x30 libbootloader.a(usb_conf.c.o)
 .rodata.set_aggregate_callback.str1.4
                0x0000000008006328       0x29 libbootloader.a(usb_conf.c.o)
 .rodata.set_usb_busy.str1.4
                0x0000000008006351       0x29 libbootloader.a(usb_conf.c.o)
                                          0x2 (size before relaxing)
 *fill*         0x0000000008006351        0x3 
 .rodata.str1.4
                0x0000000008006354       0x86 libbootloader.a(usb_conf.c.o)
 *fill*         0x00000000080063da        0x2 
 .rodata.usb_setup.str1.4
                0x00000000080063dc       0x31 libbootloader.a(usb_conf.c.o)
 *fill*         0x000000000800640d        0x3 
 .rodata.webusb_control_vendor_request.str1.4
                0x0000000008006410       0x3f libbootloader.a(webusb.c.o)
                                         0x43 (size before relaxing)
 *fill*         0x000000000800644f        0x1 
 .rodata.webusb_platform_capability_descriptor
                0x0000000008006450       0x18 libbootloader.a(webusb.c.o)
                0x0000000008006450                webusb_platform_capability_descriptor
 .rodata.webusb_set_config.str1.4
                0x0000000008006468       0x1d libbootloader.a(webusb.c.o)
 *fill*         0x0000000008006485        0x3 
 .rodata.webusb_setup.str1.4
                0x0000000008006488       0x18 libbootloader.a(webusb.c.o)
 .rodata.guid   0x00000000080064a0       0x92 libbootloader.a(winusb.c.o)
 *fill*         0x0000000008006532        0x2 
 .rodata.microsoft_platform_capability_descriptor
                0x0000000008006534       0x1c libbootloader.a(winusb.c.o)
                0x0000000008006534                microsoft_platform_capability_descriptor
 .rodata.winusb_control_vendor_request.str1.4
                0x0000000008006550       0x17 libbootloader.a(winusb.c.o)
 *fill*         0x0000000008006567        0x1 
 .rodata.winusb_descriptor_request.str1.4
                0x0000000008006568        0x6 libbootloader.a(winusb.c.o)
 *fill*         0x000000000800656e        0x2 
 .rodata.winusb_set_config.str1.4
                0x0000000008006570       0x1d libbootloader.a(winusb.c.o)
 *fill*         0x000000000800658d        0x3 
 .rodata.winusb_setup.str1.4
                0x0000000008006590       0x18 libbootloader.a(winusb.c.o)
 .rodata.winusb_string_descriptor
                0x00000000080065a8       0x12 libbootloader.a(winusb.c.o)
 *fill*         0x00000000080065ba        0x2 
 .rodata.boot_target_get_startup_mode.part.0.str1.4
                0x00000000080065bc       0xa1 libbootloader.a(target_stm32f103.c.o)
                                         0xa5 (size before relaxing)
 *fill*         0x000000000800665d        0x3 
 .rodata.boot_target_manifest_app.str1.4
                0x0000000008006660        0x9 libbootloader.a(target_stm32f103.c.o)
 *fill*         0x0000000008006669        0x3 
 .rodata.boot_target_manifest_baseloader.str1.4
                0x000000000800666c       0x10 libbootloader.a(target_stm32f103.c.o)
 .rodata.boot_target_manifest_bootloader.str1.4
                0x000000000800667c       0x10 libbootloader.a(target_stm32f103.c.o)
 .rodata.boot_target_set_restart_callback.str1.4
                0x000000000800668c       0x16 libbootloader.a(target_stm32f103.c.o)
 *fill*         0x00000000080066a2        0x2 
 .rodata.cdc_setup.str1.4
                0x00000000080066a4       0x15 libbootloader.a(cdc.c.o)
 *fill*         0x00000000080066b9        0x3 
 .rodata.cdcacm_comm_cb.str1.4
                0x00000000080066bc        0x5 libbootloader.a(cdc.c.o)
 *fill*         0x00000000080066c1        0x3 
 .rodata.cdcacm_control_request.str1.4
                0x00000000080066c4       0x28 libbootloader.a(cdc.c.o)
                                         0x31 (size before relaxing)
 .rodata.cdcacm_set_config.str1.4
                0x00000000080066ec       0x1d libbootloader.a(cdc.c.o)
 *fill*         0x0000000008006709        0x3 
 .rodata.line_coding
                0x000000000800670c        0x7 libbootloader.a(cdc.c.o)
 *fill*         0x0000000008006713        0x1 
 .rodata.assert.part.0.str1.4
                0x0000000008006714        0xc libbootloader.a(hf2.c.o)
 .rodata.bad_packet_message
                0x0000000008006720        0xb libbootloader.a(hf2.c.o)
 *fill*         0x000000000800672b        0x1 
 .rodata.hf2_data_rx_cb.str1.4
                0x000000000800672c      0x1c4 libbootloader.a(hf2.c.o)
                                        0x1e4 (size before relaxing)
 .rodata.hf2_set_config.str1.4
                0x00000000080068f0        0xf libbootloader.a(hf2.c.o)
 *fill*         0x00000000080068ff        0x1 
 .rodata.hf2_setup.str1.4
                0x0000000008006900       0x2d libbootloader.a(hf2.c.o)
 *fill*         0x000000000800692d        0x3 
 .rodata.pokeSend.str1.4
                0x0000000008006930       0x10 libbootloader.a(hf2.c.o)
                                         0x11 (size before relaxing)
 .rodata.usb21_set_config.str1.4
                0x0000000008006940       0x1c libbootloader.a(usb21_standard.c.o)
 .rodata.usb21_setup.str1.4
                0x000000000800695c       0x17 libbootloader.a(usb21_standard.c.o)
 *fill*         0x0000000008006973        0x1 
 .rodata.usb21_standard_get_descriptor.str1.4
                0x0000000008006974       0x24 libbootloader.a(usb21_standard.c.o)
 .rodata.flash_flush.str1.4
                0x0000000008006998       0x1d libbootloader.a(ghostfat.c.o)
                                         0x25 (size before relaxing)
 *fill*         0x00000000080069b5        0x3 
 .rodata.flash_write.str1.4
                0x00000000080069b8       0x26 libbootloader.a(ghostfat.c.o)
                                         0x37 (size before relaxing)
 *fill*         0x00000000080069de        0x2 
 .rodata.infoUf2File
                0x00000000080069e0       0x55 libbootloader.a(ghostfat.c.o)
                0x00000000080069e0                infoUf2File
                0x0000000008006a38                . = ALIGN (0x4)
 *fill*         0x0000000008006a35        0x3 
                0x0000000008006a38                _boot_etext = .

.text           0x0000000008007000     0x66d8
                0x0000000008007000                . = ALIGN (0x4)
                0x0000000008007000                _text = .
 *(SORT_BY_ALIGNMENT(.text.application_start))
 .text.application_start
                0x0000000008007000      0x118 libcm.a(application.cpp.o)
                0x0000000008007000                application_start
 *(SORT_BY_ALIGNMENT(.text.main))
 *(SORT_BY_ALIGNMENT(.text.startup.main))
 .text.startup.main
                0x0000000008007118        0xc CMakeFiles/STM32_BLUE_PILL.dir/pxtapp/main.cpp.o
                0x0000000008007118                main
 *(SORT_BY_ALIGNMENT(.text*))
 *fill*         0x0000000008007124        0x4 
 .text._ZN6numops5mycvtEdPc
                0x0000000008007128      0x174 CMakeFiles/STM32_BLUE_PILL.dir/pxtapp/base/core.cpp.o
                0x0000000008007128                numops::mycvt(double, char*)
 *fill*         0x000000000800729c        0x4 
 .text._ZN5Math_12randomDoubleEv
                0x00000000080072a0       0x54 CMakeFiles/STM32_BLUE_PILL.dir/pxtapp/base/core.cpp.o
                0x00000000080072a0                Math_::randomDouble()
 .text._ZN5Math_4log2EPN3pxt12TValueStructE
                0x00000000080072f4       0x14 CMakeFiles/STM32_BLUE_PILL.dir/pxtapp/base/advmath.cpp.o
                0x00000000080072f4                Math_::log2(pxt::TValueStruct*)
 .text._ZN5Math_3expEPN3pxt12TValueStructE
                0x0000000008007308       0x14 CMakeFiles/STM32_BLUE_PILL.dir/pxtapp/base/advmath.cpp.o
                0x0000000008007308                Math_::exp(pxt::TValueStruct*)
 .text._ZN5Math_4tanhEPN3pxt12TValueStructE
                0x000000000800731c       0x14 CMakeFiles/STM32_BLUE_PILL.dir/pxtapp/base/advmath.cpp.o
                0x000000000800731c                Math_::tanh(pxt::TValueStruct*)
 .text._ZN5Math_4sinhEPN3pxt12TValueStructE
                0x0000000008007330       0x14 CMakeFiles/STM32_BLUE_PILL.dir/pxtapp/base/advmath.cpp.o
                0x0000000008007330                Math_::sinh(pxt::TValueStruct*)
 .text._ZN5Math_4coshEPN3pxt12TValueStructE
                0x0000000008007344       0x14 CMakeFiles/STM32_BLUE_PILL.dir/pxtapp/base/advmath.cpp.o
                0x0000000008007344                Math_::cosh(pxt::TValueStruct*)
 .text._ZN5Math_5atanhEPN3pxt12TValueStructE
                0x0000000008007358       0x14 CMakeFiles/STM32_BLUE_PILL.dir/pxtapp/base/advmath.cpp.o
                0x0000000008007358                Math_::atanh(pxt::TValueStruct*)
 .text._ZN5Math_5asinhEPN3pxt12TValueStructE
                0x000000000800736c       0x14 CMakeFiles/STM32_BLUE_PILL.dir/pxtapp/base/advmath.cpp.o
                0x000000000800736c                Math_::asinh(pxt::TValueStruct*)
 .text._ZN5Math_5acoshEPN3pxt12TValueStructE
                0x0000000008007380       0x14 CMakeFiles/STM32_BLUE_PILL.dir/pxtapp/base/advmath.cpp.o
                0x0000000008007380                Math_::acosh(pxt::TValueStruct*)
 .text._ZN3pxtL9readBytesEPhS0_ibi
                0x0000000008007394       0x64 CMakeFiles/STM32_BLUE_PILL.dir/pxtapp/base/buffer.cpp.o
 .text._ZN13BufferMethods8getBytesEPN3pxt11BoxedBufferE
                0x00000000080073f8        0x4 CMakeFiles/STM32_BLUE_PILL.dir/pxtapp/base/buffer.cpp.o
                0x00000000080073f8                BufferMethods::getBytes(pxt::BoxedBuffer*)
 .text._ZN13BufferMethods7getByteEPN3pxt11BoxedBufferEi
                0x00000000080073fc       0x18 CMakeFiles/STM32_BLUE_PILL.dir/pxtapp/base/buffer.cpp.o
                0x00000000080073fc                BufferMethods::getByte(pxt::BoxedBuffer*, int)
 .text._ZN13BufferMethods7setByteEPN3pxt11BoxedBufferEii
                0x0000000008007414       0x14 CMakeFiles/STM32_BLUE_PILL.dir/pxtapp/base/buffer.cpp.o
                0x0000000008007414                BufferMethods::setByte(pxt::BoxedBuffer*, int, int)
 .text._ZN13BufferMethods11writeBufferEPN3pxt11BoxedBufferEiS2_ii
                0x0000000008007428       0x50 CMakeFiles/STM32_BLUE_PILL.dir/pxtapp/base/buffer.cpp.o
                0x0000000008007428                BufferMethods::writeBuffer(pxt::BoxedBuffer*, int, pxt::BoxedBuffer*, int, int)
 .text._ZN13BufferMethods6lengthEPN3pxt11BoxedBufferE
                0x0000000008007478        0x4 CMakeFiles/STM32_BLUE_PILL.dir/pxtapp/base/buffer.cpp.o
                0x0000000008007478                BufferMethods::length(pxt::BoxedBuffer*)
 .text._ZN13BufferMethods4fillEPN3pxt11BoxedBufferEiii
                0x000000000800747c       0x2c CMakeFiles/STM32_BLUE_PILL.dir/pxtapp/base/buffer.cpp.o
                0x000000000800747c                BufferMethods::fill(pxt::BoxedBuffer*, int, int, int)
 .text._ZN13BufferMethods5sliceEPN3pxt11BoxedBufferEii
                0x00000000080074a8       0x28 CMakeFiles/STM32_BLUE_PILL.dir/pxtapp/base/buffer.cpp.o
                0x00000000080074a8                BufferMethods::slice(pxt::BoxedBuffer*, int, int)
 .text._ZN13BufferMethods5shiftEPN3pxt11BoxedBufferEiii
                0x00000000080074d0       0x80 CMakeFiles/STM32_BLUE_PILL.dir/pxtapp/base/buffer.cpp.o
                0x00000000080074d0                BufferMethods::shift(pxt::BoxedBuffer*, int, int, int)
 .text._ZN13BufferMethods5toHexEPN3pxt11BoxedBufferE
                0x0000000008007550       0x40 CMakeFiles/STM32_BLUE_PILL.dir/pxtapp/base/buffer.cpp.o
                0x0000000008007550                BufferMethods::toHex(pxt::BoxedBuffer*)
 .text._ZN13BufferMethods6rotateEPN3pxt11BoxedBufferEiii
                0x0000000008007590       0x74 CMakeFiles/STM32_BLUE_PILL.dir/pxtapp/base/buffer.cpp.o
                0x0000000008007590                BufferMethods::rotate(pxt::BoxedBuffer*, int, int, int)
 .text._ZN13BufferMethods5writeEPN3pxt11BoxedBufferEiS2_
                0x0000000008007604       0x14 CMakeFiles/STM32_BLUE_PILL.dir/pxtapp/base/buffer.cpp.o
                0x0000000008007604                BufferMethods::write(pxt::BoxedBuffer*, int, pxt::BoxedBuffer*)
 .text._ZN7control12createBufferEi
                0x0000000008007618        0x8 CMakeFiles/STM32_BLUE_PILL.dir/pxtapp/base/buffer.cpp.o
                0x0000000008007618                control::createBuffer(int)
 .text._ZN3pxt13setNumberCoreEPhiNS_12NumberFormatEPNS_12TValueStructE
                0x0000000008007620      0x108 CMakeFiles/STM32_BLUE_PILL.dir/pxtapp/base/buffer.cpp.o
                0x0000000008007620                pxt::setNumberCore(unsigned char*, int, pxt::NumberFormat, pxt::TValueStruct*)
 .text._ZN13BufferMethods9setNumberEPN3pxt11BoxedBufferENS0_12NumberFormatEiPNS0_12TValueStructE
                0x0000000008007728       0x1c CMakeFiles/STM32_BLUE_PILL.dir/pxtapp/base/buffer.cpp.o
                0x0000000008007728                BufferMethods::setNumber(pxt::BoxedBuffer*, pxt::NumberFormat, int, pxt::TValueStruct*)
 .text._ZN3pxt13getNumberCoreEPhiNS_12NumberFormatE
                0x0000000008007744      0x120 CMakeFiles/STM32_BLUE_PILL.dir/pxtapp/base/buffer.cpp.o
                0x0000000008007744                pxt::getNumberCore(unsigned char*, int, pxt::NumberFormat)
 .text._ZN13BufferMethods9getNumberEPN3pxt11BoxedBufferENS0_12NumberFormatEi
                0x0000000008007864       0x1c CMakeFiles/STM32_BLUE_PILL.dir/pxtapp/base/buffer.cpp.o
                0x0000000008007864                BufferMethods::getNumber(pxt::BoxedBuffer*, pxt::NumberFormat, int)
 .text._ZN7control6millisEv
                0x0000000008007880        0x4 CMakeFiles/STM32_BLUE_PILL.dir/pxtapp/base/control.cpp.o
                0x0000000008007880                control::millis()
 .text._ZN7control15internalOnEventEiiPN3pxt12TValueStructEi
                0x0000000008007884        0x4 CMakeFiles/STM32_BLUE_PILL.dir/pxtapp/base/control.cpp.o
                0x0000000008007884                control::internalOnEvent(int, int, pxt::TValueStruct*, int)
 .text._ZN7control5resetEv
                0x0000000008007888        0x4 CMakeFiles/STM32_BLUE_PILL.dir/pxtapp/base/control.cpp.o
                0x0000000008007888                control::reset()
 .text._ZN7control10waitMicrosEi
                0x000000000800788c        0x8 CMakeFiles/STM32_BLUE_PILL.dir/pxtapp/base/control.cpp.o
                0x000000000800788c                control::waitMicros(int)
 .text._ZN7control13runInParallelEPN3pxt12TValueStructE
                0x0000000008007894        0x4 CMakeFiles/STM32_BLUE_PILL.dir/pxtapp/base/control.cpp.o
                0x0000000008007894                control::runInParallel(pxt::TValueStruct*)
 .text._ZN7control12waitForEventEii
                0x0000000008007898        0x4 CMakeFiles/STM32_BLUE_PILL.dir/pxtapp/base/control.cpp.o
                0x0000000008007898                control::waitForEvent(int, int)
 .text._ZN7control18deviceSerialNumberEv
                0x000000000800789c        0x4 CMakeFiles/STM32_BLUE_PILL.dir/pxtapp/base/control.cpp.o
                0x000000000800789c                control::deviceSerialNumber()
 .text._ZN7control5__logEiPN3pxt11BoxedStringE
                0x00000000080078a0       0x10 CMakeFiles/STM32_BLUE_PILL.dir/pxtapp/base/control.cpp.o
                0x00000000080078a0                control::__log(int, pxt::BoxedString*)
 .text._ZN7control10dmesgValueEPN3pxt12TValueStructE
                0x00000000080078b0        0x4 CMakeFiles/STM32_BLUE_PILL.dir/pxtapp/base/control.cpp.o
                0x00000000080078b0                control::dmesgValue(pxt::TValueStruct*)
 .text._ZN7control2gcEv
                0x00000000080078b4        0x8 CMakeFiles/STM32_BLUE_PILL.dir/pxtapp/base/control.cpp.o
                0x00000000080078b4                control::gc()
 .text._ZN7control8heapDumpEv
                0x00000000080078bc       0x14 CMakeFiles/STM32_BLUE_PILL.dir/pxtapp/base/control.cpp.o
                0x00000000080078bc                control::heapDump()
 .text._ZN7control16profilingEnabledEv
                0x00000000080078d0        0x4 CMakeFiles/STM32_BLUE_PILL.dir/pxtapp/base/control.cpp.o
                0x00000000080078d0                control::profilingEnabled()
 .text._ZN3pxtL13dtorDoNothingEv
                0x00000000080078d4        0x4 CMakeFiles/STM32_BLUE_PILL.dir/pxtapp/base/core.cpp.o
 .text._ZN3pxtL11string_sizeEPNS_11BoxedStringE
                0x00000000080078d8        0x8 CMakeFiles/STM32_BLUE_PILL.dir/pxtapp/base/core.cpp.o
 .text._ZN3pxtL11number_sizeEPNS_11BoxedNumberE
                0x00000000080078e0        0x4 CMakeFiles/STM32_BLUE_PILL.dir/pxtapp/base/core.cpp.o
 .text._ZN3pxtL11buffer_sizeEPNS_11BoxedBufferE
                0x00000000080078e4        0x8 CMakeFiles/STM32_BLUE_PILL.dir/pxtapp/base/core.cpp.o
 .text._ZN3pxt11findBindingEii
                0x00000000080078ec       0x1c CMakeFiles/STM32_BLUE_PILL.dir/pxtapp/base/core.cpp.o
                0x00000000080078ec                pxt::findBinding(int, int)
 .text._ZN3pxt10setBindingEiiPNS_12TValueStructE
                0x0000000008007908       0x4c CMakeFiles/STM32_BLUE_PILL.dir/pxtapp/base/core.cpp.o
                0x0000000008007908                pxt::setBinding(int, int, pxt::TValueStruct*)
 .text._ZN3pxt8mkStringEPKci
                0x0000000008007954       0x4c CMakeFiles/STM32_BLUE_PILL.dir/pxtapp/base/core.cpp.o
                0x0000000008007954                pxt::mkString(char const*, int)
 .text._ZN3pxt8mkBufferEPKhi
                0x00000000080079a0       0x44 CMakeFiles/STM32_BLUE_PILL.dir/pxtapp/base/core.cpp.o
                0x00000000080079a0                pxt::mkBuffer(unsigned char const*, int)
 .text._ZN3pxt9getRandomEj
                0x00000000080079e4       0x40 CMakeFiles/STM32_BLUE_PILL.dir/pxtapp/base/core.cpp.o
                0x00000000080079e4                pxt::getRandom(unsigned int)
 .text._ZN7String_7mkEmptyEv
                0x0000000008007a24        0xc CMakeFiles/STM32_BLUE_PILL.dir/pxtapp/base/core.cpp.o
                0x0000000008007a24                String_::mkEmpty()
 .text._ZN7String_12fromCharCodeEi
                0x0000000008007a30       0x20 CMakeFiles/STM32_BLUE_PILL.dir/pxtapp/base/core.cpp.o
                0x0000000008007a30                String_::fromCharCode(int)
 .text._ZN7String_6charAtEPN3pxt11BoxedStringEi
                0x0000000008007a50       0x3c CMakeFiles/STM32_BLUE_PILL.dir/pxtapp/base/core.cpp.o
                0x0000000008007a50                String_::charAt(pxt::BoxedString*, int)
 .text._ZN7String_6concatEPN3pxt11BoxedStringES2_
                0x0000000008007a8c       0x6c CMakeFiles/STM32_BLUE_PILL.dir/pxtapp/base/core.cpp.o
                0x0000000008007a8c                String_::concat(pxt::BoxedString*, pxt::BoxedString*)
 .text._ZN7String_7compareEPN3pxt11BoxedStringES2_
                0x0000000008007af8       0x24 CMakeFiles/STM32_BLUE_PILL.dir/pxtapp/base/core.cpp.o
                0x0000000008007af8                String_::compare(pxt::BoxedString*, pxt::BoxedString*)
 .text._ZN7String_6lengthEPN3pxt11BoxedStringE
                0x0000000008007b1c        0x4 CMakeFiles/STM32_BLUE_PILL.dir/pxtapp/base/core.cpp.o
                0x0000000008007b1c                String_::length(pxt::BoxedString*)
 .text._ZN7String_8mystrtodEPKcPPc
                0x0000000008007b20      0x16c CMakeFiles/STM32_BLUE_PILL.dir/pxtapp/base/core.cpp.o
                0x0000000008007b20                String_::mystrtod(char const*, char**)
 .text._ZN7String_6substrEPN3pxt11BoxedStringEii
                0x0000000008007c8c       0x34 CMakeFiles/STM32_BLUE_PILL.dir/pxtapp/base/core.cpp.o
                0x0000000008007c8c                String_::substr(pxt::BoxedString*, int, int)
 .text._ZN7String_7indexOfEPN3pxt11BoxedStringES2_i
                0x0000000008007cc0       0x30 CMakeFiles/STM32_BLUE_PILL.dir/pxtapp/base/core.cpp.o
                0x0000000008007cc0                String_::indexOf(pxt::BoxedString*, pxt::BoxedString*, int)
 .text._ZN7String_8includesEPN3pxt11BoxedStringES2_i
                0x0000000008007cf0       0x10 CMakeFiles/STM32_BLUE_PILL.dir/pxtapp/base/core.cpp.o
                0x0000000008007cf0                String_::includes(pxt::BoxedString*, pxt::BoxedString*, int)
 .text._ZN8Boolean_4bangEi
                0x0000000008007d00        0x8 CMakeFiles/STM32_BLUE_PILL.dir/pxtapp/base/core.cpp.o
                0x0000000008007d00                Boolean_::bang(int)
 .text._ZN3pxt10fromDoubleEd
                0x0000000008007d08       0xac CMakeFiles/STM32_BLUE_PILL.dir/pxtapp/base/core.cpp.o
                0x0000000008007d08                pxt::fromDouble(double)
 .text._ZN7String_8toNumberEPN3pxt11BoxedStringE
                0x0000000008007db4       0xa0 CMakeFiles/STM32_BLUE_PILL.dir/pxtapp/base/core.cpp.o
                0x0000000008007db4                String_::toNumber(pxt::BoxedString*)
 .text._ZN3pxt7fromIntEi.part.7
                0x0000000008007e54       0x10 CMakeFiles/STM32_BLUE_PILL.dir/pxtapp/base/core.cpp.o
 .text._ZN7String_10charCodeAtEPN3pxt11BoxedStringEi
                0x0000000008007e64       0x1c CMakeFiles/STM32_BLUE_PILL.dir/pxtapp/base/core.cpp.o
                0x0000000008007e64                String_::charCodeAt(pxt::BoxedString*, int)
 .text._ZN3pxt9fromFloatEf
                0x0000000008007e80       0x10 CMakeFiles/STM32_BLUE_PILL.dir/pxtapp/base/core.cpp.o
                0x0000000008007e80                pxt::fromFloat(float)
 .text._ZN3pxt7fromIntEi
                0x0000000008007e90       0x14 CMakeFiles/STM32_BLUE_PILL.dir/pxtapp/base/core.cpp.o
                0x0000000008007e90                pxt::fromInt(int)
 .text._ZN3pxt8fromUIntEj
                0x0000000008007ea4       0x1c CMakeFiles/STM32_BLUE_PILL.dir/pxtapp/base/core.cpp.o
                0x0000000008007ea4                pxt::fromUInt(unsigned int)
 .text._ZN3pxt8fromBoolEb
                0x0000000008007ec0        0xc CMakeFiles/STM32_BLUE_PILL.dir/pxtapp/base/core.cpp.o
                0x0000000008007ec0                pxt::fromBool(bool)
 .text._ZN5Math_6randomEv
                0x0000000008007ecc       0x10 CMakeFiles/STM32_BLUE_PILL.dir/pxtapp/base/core.cpp.o
                0x0000000008007ecc                Math_::random()
 .text._ZN5Math_4imulEii
                0x0000000008007edc        0x8 CMakeFiles/STM32_BLUE_PILL.dir/pxtapp/base/core.cpp.o
                0x0000000008007edc                Math_::imul(int, int)
 .text._ZN5Math_4idivEii
                0x0000000008007ee4        0x8 CMakeFiles/STM32_BLUE_PILL.dir/pxtapp/base/core.cpp.o
                0x0000000008007ee4                Math_::idiv(int, int)
 .text._ZN6Array_2mkEv
                0x0000000008007eec       0x14 CMakeFiles/STM32_BLUE_PILL.dir/pxtapp/base/core.cpp.o
                0x0000000008007eec                Array_::mk()
 .text._ZN6Array_6lengthEPN3pxt13RefCollectionE
                0x0000000008007f00        0x4 CMakeFiles/STM32_BLUE_PILL.dir/pxtapp/base/core.cpp.o
                0x0000000008007f00                Array_::length(pxt::RefCollection*)
 .text._ZN6Array_9setLengthEPN3pxt13RefCollectionEi
                0x0000000008007f04        0x8 CMakeFiles/STM32_BLUE_PILL.dir/pxtapp/base/core.cpp.o
                0x0000000008007f04                Array_::setLength(pxt::RefCollection*, int)
 .text._ZN6Array_4pushEPN3pxt13RefCollectionEPNS0_12TValueStructE
                0x0000000008007f0c        0xc CMakeFiles/STM32_BLUE_PILL.dir/pxtapp/base/core.cpp.o
                0x0000000008007f0c                Array_::push(pxt::RefCollection*, pxt::TValueStruct*)
 .text._ZN6Array_3popEPN3pxt13RefCollectionE
                0x0000000008007f18        0x8 CMakeFiles/STM32_BLUE_PILL.dir/pxtapp/base/core.cpp.o
                0x0000000008007f18                Array_::pop(pxt::RefCollection*)
 .text._ZN6Array_5getAtEPN3pxt13RefCollectionEi
                0x0000000008007f20       0x10 CMakeFiles/STM32_BLUE_PILL.dir/pxtapp/base/core.cpp.o
                0x0000000008007f20                Array_::getAt(pxt::RefCollection*, int)
 .text._ZN6Array_5setAtEPN3pxt13RefCollectionEiPNS0_12TValueStructE
                0x0000000008007f30        0x8 CMakeFiles/STM32_BLUE_PILL.dir/pxtapp/base/core.cpp.o
                0x0000000008007f30                Array_::setAt(pxt::RefCollection*, int, pxt::TValueStruct*)
 .text._ZN6Array_8removeAtEPN3pxt13RefCollectionEi
                0x0000000008007f38        0x8 CMakeFiles/STM32_BLUE_PILL.dir/pxtapp/base/core.cpp.o
                0x0000000008007f38                Array_::removeAt(pxt::RefCollection*, int)
 .text._ZN6Array_8insertAtEPN3pxt13RefCollectionEiPNS0_12TValueStructE
                0x0000000008007f40        0x8 CMakeFiles/STM32_BLUE_PILL.dir/pxtapp/base/core.cpp.o
                0x0000000008007f40                Array_::insertAt(pxt::RefCollection*, int, pxt::TValueStruct*)
 .text._ZN3pxt11programSizeEv
                0x0000000008007f48       0x10 CMakeFiles/STM32_BLUE_PILL.dir/pxtapp/base/core.cpp.o
                0x0000000008007f48                pxt::programSize()
 .text._ZN3pxt9getConfigEii
                0x0000000008007f58       0x38 CMakeFiles/STM32_BLUE_PILL.dir/pxtapp/base/core.cpp.o
                0x0000000008007f58                pxt::getConfig(int, int)
 .text._ZN5pxtrt8ldlocRefEPN3pxt11RefRefLocalE
                0x0000000008007f90        0x4 CMakeFiles/STM32_BLUE_PILL.dir/pxtapp/base/core.cpp.o
                0x0000000008007f90                pxtrt::ldlocRef(pxt::RefRefLocal*)
 .text._ZN5pxtrt8stlocRefEPN3pxt11RefRefLocalEPNS0_12TValueStructE
                0x0000000008007f94        0x4 CMakeFiles/STM32_BLUE_PILL.dir/pxtapp/base/core.cpp.o
                0x0000000008007f94                pxtrt::stlocRef(pxt::RefRefLocal*, pxt::TValueStruct*)
 .text._ZN5pxtrt8mklocRefEv
                0x0000000008007f98       0x14 CMakeFiles/STM32_BLUE_PILL.dir/pxtapp/base/core.cpp.o
                0x0000000008007f98                pxtrt::mklocRef()
 .text._ZN5pxtrt5stcloEPN3pxt9RefActionEiPNS0_12TValueStructE
                0x0000000008007fac       0x34 CMakeFiles/STM32_BLUE_PILL.dir/pxtapp/base/core.cpp.o
                0x0000000008007fac                pxtrt::stclo(pxt::RefAction*, int, pxt::TValueStruct*)
 .text._ZN5pxtrt5panicEi
                0x0000000008007fe0        0x4 CMakeFiles/STM32_BLUE_PILL.dir/pxtapp/base/core.cpp.o
                0x0000000008007fe0                pxtrt::panic(int)
 .text._ZN5pxtrt11emptyToNullEPN3pxt11BoxedStringE
                0x0000000008007fe4        0xc CMakeFiles/STM32_BLUE_PILL.dir/pxtapp/base/core.cpp.o
                0x0000000008007fe4                pxtrt::emptyToNull(pxt::BoxedString*)
 .text._ZN5pxtrt9ptrToBoolEPN3pxt12TValueStructE
                0x0000000008007ff0        0x8 CMakeFiles/STM32_BLUE_PILL.dir/pxtapp/base/core.cpp.o
                0x0000000008007ff0                pxtrt::ptrToBool(pxt::TValueStruct*)
 .text._ZN5pxtrt5mkMapEv
                0x0000000008007ff8       0x14 CMakeFiles/STM32_BLUE_PILL.dir/pxtapp/base/core.cpp.o
                0x0000000008007ff8                pxtrt::mkMap()
 .text._ZN5pxtrt14mapGetByStringEPN3pxt6RefMapEPNS0_11BoxedStringE
                0x000000000800800c       0x20 CMakeFiles/STM32_BLUE_PILL.dir/pxtapp/base/core.cpp.o
                0x000000000800800c                pxtrt::mapGetByString(pxt::RefMap*, pxt::BoxedString*)
 .text._ZN5pxtrt12lookupMapKeyEPN3pxt11BoxedStringE
                0x000000000800802c       0x88 CMakeFiles/STM32_BLUE_PILL.dir/pxtapp/base/core.cpp.o
                0x000000000800802c                pxtrt::lookupMapKey(pxt::BoxedString*)
 .text._ZN5pxtrt6mapGetEPN3pxt6RefMapEj
                0x00000000080080b4       0x14 CMakeFiles/STM32_BLUE_PILL.dir/pxtapp/base/core.cpp.o
                0x00000000080080b4                pxtrt::mapGet(pxt::RefMap*, unsigned int)
 .text._ZN5pxtrt14mapSetByStringEPN3pxt6RefMapEPNS0_11BoxedStringEPNS0_12TValueStructE
                0x00000000080080c8       0x38 CMakeFiles/STM32_BLUE_PILL.dir/pxtapp/base/core.cpp.o
                0x00000000080080c8                pxtrt::mapSetByString(pxt::RefMap*, pxt::BoxedString*, pxt::TValueStruct*)
 .text._ZN5pxtrt6mapSetEPN3pxt6RefMapEjPNS0_12TValueStructE
                0x0000000008008100       0x14 CMakeFiles/STM32_BLUE_PILL.dir/pxtapp/base/core.cpp.o
                0x0000000008008100                pxtrt::mapSet(pxt::RefMap*, unsigned int, pxt::TValueStruct*)
 .text._ZN5pxtrt13getGlobalsPtrEv
                0x0000000008008114        0xc CMakeFiles/STM32_BLUE_PILL.dir/pxtapp/base/core.cpp.o
                0x0000000008008114                pxtrt::getGlobalsPtr()
 .text._ZN5pxtrt14runtimeWarningEPN3pxt11BoxedStringE
                0x0000000008008120        0x4 CMakeFiles/STM32_BLUE_PILL.dir/pxtapp/base/core.cpp.o
                0x0000000008008120                pxtrt::runtimeWarning(pxt::BoxedString*)
 .text._ZN3pxt7valTypeEPNS_12TValueStructE
                0x0000000008008124       0x48 CMakeFiles/STM32_BLUE_PILL.dir/pxtapp/base/core.cpp.o
                0x0000000008008124                pxt::valType(pxt::TValueStruct*)
 .text._ZN3pxt8toDoubleEPNS_12TValueStructE
                0x000000000800816c       0x60 CMakeFiles/STM32_BLUE_PILL.dir/pxtapp/base/core.cpp.o
                0x000000000800816c                pxt::toDouble(pxt::TValueStruct*)
 .text._ZN3pxt6toUIntEPNS_12TValueStructE
                0x00000000080081cc       0xc8 CMakeFiles/STM32_BLUE_PILL.dir/pxtapp/base/core.cpp.o
                0x00000000080081cc                pxt::toUInt(pxt::TValueStruct*)
 .text._ZN3pxt5toIntEPNS_12TValueStructE
                0x0000000008008294        0x4 CMakeFiles/STM32_BLUE_PILL.dir/pxtapp/base/core.cpp.o
                0x0000000008008294                pxt::toInt(pxt::TValueStruct*)
 .text._ZN6numops4lslsEPN3pxt12TValueStructES2_
                0x0000000008008298       0x2c CMakeFiles/STM32_BLUE_PILL.dir/pxtapp/base/core.cpp.o
                0x0000000008008298                numops::lsls(pxt::TValueStruct*, pxt::TValueStruct*)
 .text._ZN6numops4asrsEPN3pxt12TValueStructES2_
                0x00000000080082c4       0x2c CMakeFiles/STM32_BLUE_PILL.dir/pxtapp/base/core.cpp.o
                0x00000000080082c4                numops::asrs(pxt::TValueStruct*, pxt::TValueStruct*)
 .text._ZN6numops4eorsEPN3pxt12TValueStructES2_
                0x00000000080082f0       0x28 CMakeFiles/STM32_BLUE_PILL.dir/pxtapp/base/core.cpp.o
                0x00000000080082f0                numops::eors(pxt::TValueStruct*, pxt::TValueStruct*)
 .text._ZN6numops4orrsEPN3pxt12TValueStructES2_
                0x0000000008008318       0x28 CMakeFiles/STM32_BLUE_PILL.dir/pxtapp/base/core.cpp.o
                0x0000000008008318                numops::orrs(pxt::TValueStruct*, pxt::TValueStruct*)
 .text._ZN6numops4bnotEPN3pxt12TValueStructE
                0x0000000008008340       0x20 CMakeFiles/STM32_BLUE_PILL.dir/pxtapp/base/core.cpp.o
                0x0000000008008340                numops::bnot(pxt::TValueStruct*)
 .text._ZN6numops4andsEPN3pxt12TValueStructES2_
                0x0000000008008360       0x28 CMakeFiles/STM32_BLUE_PILL.dir/pxtapp/base/core.cpp.o
                0x0000000008008360                numops::ands(pxt::TValueStruct*, pxt::TValueStruct*)
 .text._ZN6numops4lsrsEPN3pxt12TValueStructES2_
                0x0000000008008388       0x30 CMakeFiles/STM32_BLUE_PILL.dir/pxtapp/base/core.cpp.o
                0x0000000008008388                numops::lsrs(pxt::TValueStruct*, pxt::TValueStruct*)
 .text._ZN3pxt7toFloatEPNS_12TValueStructE
                0x00000000080083b8        0xc CMakeFiles/STM32_BLUE_PILL.dir/pxtapp/base/core.cpp.o
                0x00000000080083b8                pxt::toFloat(pxt::TValueStruct*)
 .text._ZN6numops4addsEPN3pxt12TValueStructES2_
                0x00000000080083c4       0x28 CMakeFiles/STM32_BLUE_PILL.dir/pxtapp/base/core.cpp.o
                0x00000000080083c4                numops::adds(pxt::TValueStruct*, pxt::TValueStruct*)
 .text._ZN6numops4subsEPN3pxt12TValueStructES2_
                0x00000000080083ec       0x28 CMakeFiles/STM32_BLUE_PILL.dir/pxtapp/base/core.cpp.o
                0x00000000080083ec                numops::subs(pxt::TValueStruct*, pxt::TValueStruct*)
 .text._ZN6numops4mulsEPN3pxt12TValueStructES2_
                0x0000000008008414       0x58 CMakeFiles/STM32_BLUE_PILL.dir/pxtapp/base/core.cpp.o
                0x0000000008008414                numops::muls(pxt::TValueStruct*, pxt::TValueStruct*)
 .text._ZN6numops3divEPN3pxt12TValueStructES2_
                0x000000000800846c       0x28 CMakeFiles/STM32_BLUE_PILL.dir/pxtapp/base/core.cpp.o
                0x000000000800846c                numops::div(pxt::TValueStruct*, pxt::TValueStruct*)
 .text._ZN6numops3modEPN3pxt12TValueStructES2_
                0x0000000008008494       0x60 CMakeFiles/STM32_BLUE_PILL.dir/pxtapp/base/core.cpp.o
                0x0000000008008494                numops::mod(pxt::TValueStruct*, pxt::TValueStruct*)
 .text._ZN5Math_3powEPN3pxt12TValueStructES2_
                0x00000000080084f4       0x28 CMakeFiles/STM32_BLUE_PILL.dir/pxtapp/base/core.cpp.o
                0x00000000080084f4                Math_::pow(pxt::TValueStruct*, pxt::TValueStruct*)
 .text._ZN5Math_5atan2EPN3pxt12TValueStructES2_
                0x000000000800851c       0x28 CMakeFiles/STM32_BLUE_PILL.dir/pxtapp/base/core.cpp.o
                0x000000000800851c                Math_::atan2(pxt::TValueStruct*, pxt::TValueStruct*)
 .text._ZN5Math_11randomRangeEPN3pxt12TValueStructES2_
                0x0000000008008544       0xb4 CMakeFiles/STM32_BLUE_PILL.dir/pxtapp/base/core.cpp.o
                0x0000000008008544                Math_::randomRange(pxt::TValueStruct*, pxt::TValueStruct*)
 .text._ZN5Math_3logEPN3pxt12TValueStructE
                0x00000000080085f8       0x14 CMakeFiles/STM32_BLUE_PILL.dir/pxtapp/base/core.cpp.o
                0x00000000080085f8                Math_::log(pxt::TValueStruct*)
 .text._ZN5Math_5log10EPN3pxt12TValueStructE
                0x000000000800860c       0x14 CMakeFiles/STM32_BLUE_PILL.dir/pxtapp/base/core.cpp.o
                0x000000000800860c                Math_::log10(pxt::TValueStruct*)
 .text._ZN5Math_3tanEPN3pxt12TValueStructE
                0x0000000008008620       0x14 CMakeFiles/STM32_BLUE_PILL.dir/pxtapp/base/core.cpp.o
                0x0000000008008620                Math_::tan(pxt::TValueStruct*)
 .text._ZN5Math_3sinEPN3pxt12TValueStructE
                0x0000000008008634       0x14 CMakeFiles/STM32_BLUE_PILL.dir/pxtapp/base/core.cpp.o
                0x0000000008008634                Math_::sin(pxt::TValueStruct*)
 .text._ZN5Math_3cosEPN3pxt12TValueStructE
                0x0000000008008648       0x14 CMakeFiles/STM32_BLUE_PILL.dir/pxtapp/base/core.cpp.o
                0x0000000008008648                Math_::cos(pxt::TValueStruct*)
 .text._ZN5Math_4atanEPN3pxt12TValueStructE
                0x000000000800865c       0x14 CMakeFiles/STM32_BLUE_PILL.dir/pxtapp/base/core.cpp.o
                0x000000000800865c                Math_::atan(pxt::TValueStruct*)
 .text._ZN5Math_4asinEPN3pxt12TValueStructE
                0x0000000008008670       0x14 CMakeFiles/STM32_BLUE_PILL.dir/pxtapp/base/core.cpp.o
                0x0000000008008670                Math_::asin(pxt::TValueStruct*)
 .text._ZN5Math_4acosEPN3pxt12TValueStructE