Archive member included to satisfy reference by file (symbol)

libnewlib.a(memcpy-stub.c.o)  CMakeFiles/STM32_BLUE_PILL.dir/pxtapp/base/buffer.cpp.o (memcpy)
libnewlib.a(strcmp.S.o)       CMakeFiles/STM32_BLUE_PILL.dir/pxtapp/base/core.cpp.o (strcmp)
libnewlib.a(strlen.S.o)       CMakeFiles/STM32_BLUE_PILL.dir/pxtapp/base/core.cpp.o (strlen)
libnewlib.a(strtol.c.o)       CMakeFiles/STM32_BLUE_PILL.dir/pxtapp/base/core.cpp.o (strtol)
libnewlib.a(memcmp.c.o)       CMakeFiles/STM32_BLUE_PILL.dir/pxtapp/base/pxt.cpp.o (memcmp)
libnewlib.a(memmove.c.o)      CMakeFiles/STM32_BLUE_PILL.dir/pxtapp/base/buffer.cpp.o (memmove)
libnewlib.a(memset.c.o)       CMakeFiles/STM32_BLUE_PILL.dir/pxtapp/base/buffer.cpp.o (memset)
libnewlib.a(strstr.c.o)       CMakeFiles/STM32_BLUE_PILL.dir/pxtapp/base/core.cpp.o (strstr)
libnewlib.a(ctype_.c.o)       libnewlib.a(strtol.c.o) (_ctype_)
libnewlib.a(impure.c.o)       libnewlib.a(strtol.c.o) (_impure_ptr)
libcodal-core.a(CodalCompat.cpp.o)
                              CMakeFiles/STM32_BLUE_PILL.dir/pxtapp/base/core.cpp.o (codal::itoa(int, char*))
libcodal-core.a(CodalComponent.cpp.o)
                              CMakeFiles/STM32_BLUE_PILL.dir/pxtapp/core---stm32bluepill/codal.cpp.o (codal::CodalComponent::components)
libcodal-core.a(CodalDevice.cpp.o)
                              CMakeFiles/STM32_BLUE_PILL.dir/pxtapp/core---stm32bluepill/codal.cpp.o (vtable for codal::CodalDevice)
libcodal-core.a(CodalDmesg.cpp.o)
                              CMakeFiles/STM32_BLUE_PILL.dir/pxtapp/base/core.cpp.o (codal_dmesg)
libcodal-core.a(CodalFiber.cpp.o)
                              CMakeFiles/STM32_BLUE_PILL.dir/pxtapp/core---stm32bluepill/codal.cpp.o (codal::list_fibers(codal::Fiber**))
libcodal-core.a(CodalHeapAllocator.cpp.o)
                              CMakeFiles/STM32_BLUE_PILL.dir/pxtapp/base/gc.cpp.o (device_heap_size(unsigned char))
libcodal-core.a(CodalListener.cpp.o)
                              CMakeFiles/STM32_BLUE_PILL.dir/pxtapp/core---stm32bluepill/codal.cpp.o (codal::Listener::Listener(unsigned short, unsigned short, void (*)(codal::Event), unsigned short))
libcodal-core.a(Timer.cpp.o)  CMakeFiles/STM32_BLUE_PILL.dir/pxtapp/core---stm32bluepill/codal.cpp.o (codal::Timer::~Timer())
libcodal-core.a(MessageBus.cpp.o)
                              CMakeFiles/STM32_BLUE_PILL.dir/pxtapp/core---stm32bluepill/codal.cpp.o (codal::MessageBus::add(codal::Listener*))
libcodal-core.a(Event.cpp.o)  CMakeFiles/STM32_BLUE_PILL.dir/pxtapp/core---stm32bluepill/control.cpp.o (codal::Event::Event(unsigned short, unsigned short, codal::EventLaunchMode))
libcodal-core.a(MemberFunctionCallback.cpp.o)
                              libcodal-core.a(MessageBus.cpp.o) (codal::MemberFunctionCallback::fire(codal::Event))
liblibopencm3.a(vector.c.o)   (vector_table)
libnano-float.a(functions.c.o)
                              CMakeFiles/STM32_BLUE_PILL.dir/pxtapp/base/core.cpp.o (__wrap___aeabi_ddiv)
liblogger.a(logger.cpp.o)     CMakeFiles/STM32_BLUE_PILL.dir/pxtapp/base/pxt.cpp.o (debug_flush)
libbluepill.a(bluepill.cpp.o)
                              libcodal-core.a(Timer.cpp.o) (__cxa_pure_virtual)
libbluepill.a(led.cpp.o)      libbluepill.a(bluepill.cpp.o) (led_setup)
libbootloader.a(bootloader.c.o)
                              /src/build/libraries/codal-libopencm3/CMakeFiles/hal.dir/stm32/hal/reset_handler.c.o (bootloader_start)
libbootloader.a(usb_conf.c.o)
                              libbootloader.a(bootloader.c.o) (usb_setup)
libbootloader.a(webusb.c.o)   libbootloader.a(usb_conf.c.o) (webusb_setup)
libbootloader.a(winusb.c.o)   libbootloader.a(usb_conf.c.o) (winusb_setup)
libbootloader.a(target_stm32f103.c.o)
                              libbootloader.a(bootloader.c.o) (target_set_led)
libbootloader.a(cdc.c.o)      libbootloader.a(usb_conf.c.o) (cdc_setup)
libbootloader.a(hf2.c.o)      libbootloader.a(usb_conf.c.o) (hf2_setup)
libbootloader.a(usb21_standard.c.o)
                              libbootloader.a(usb_conf.c.o) (usb21_setup)
libbootloader.a(backup.c.o)   libbootloader.a(target_stm32f103.c.o) (backup_write)
libbootloader.a(ghostfat.c.o)
                              libbootloader.a(hf2.c.o) (flash_write)
libhal.a(codal_target_hal.cpp.o)
                              /src/build/libraries/codal-libopencm3/CMakeFiles/hal.dir/stm32/hal/reset_handler.c.o (target_init)
libhal.a(CortexContextSwitch.s.o)
                              libcodal-core.a(CodalFiber.cpp.o) (swap_context)
libcm.a(CmI2C.cpp.o)          CMakeFiles/STM32_BLUE_PILL.dir/pxtapp/core---stm32bluepill/i2c.cpp.o (codal::_cm::I2C::I2C(codal::Pin&, codal::Pin&))
libcm.a(CmPin.cpp.o)          CMakeFiles/STM32_BLUE_PILL.dir/pxtapp/core---stm32bluepill/pins.cpp.o (codal::_cm::Pin::getDigitalValue())
libcm.a(CmSPI.cpp.o)          CMakeFiles/STM32_BLUE_PILL.dir/pxtapp/core---stm32bluepill/spi.cpp.o (codal::_cm::SPI::SPI(codal::_cm::Pin&, codal::_cm::Pin&, codal::_cm::Pin&))
[...]
Memory Configuration

Name             Origin             Length             Attributes
bootrom          0x0000000008000000 0x0000000000006000 xr
rom              0x0000000008006000 0x000000000000a000 xr
bootram          0x0000000020000000 0x0000000000000c00 xrw
ram              0x0000000020000c00 0x0000000000003bbc xrw
bootbuf          0x00000000200047bc 0x0000000000000844 xrw
*default*        0x0000000000000000 0xffffffffffffffff

Linker script and memory map

LOAD /src/build/libraries/codal-libopencm3/CMakeFiles/hal.dir/stm32/hal/reset_handler.c.o
START GROUP
LOAD CMakeFiles/STM32_BLUE_PILL.dir/pxtapp/base/advmath.cpp.o
LOAD CMakeFiles/STM32_BLUE_PILL.dir/pxtapp/base/buffer.cpp.o
LOAD CMakeFiles/STM32_BLUE_PILL.dir/pxtapp/base/control.cpp.o
LOAD CMakeFiles/STM32_BLUE_PILL.dir/pxtapp/base/core.cpp.o
LOAD CMakeFiles/STM32_BLUE_PILL.dir/pxtapp/base/gc.cpp.o
LOAD CMakeFiles/STM32_BLUE_PILL.dir/pxtapp/base/loops.cpp.o
LOAD CMakeFiles/STM32_BLUE_PILL.dir/pxtapp/base/pxt.cpp.o
LOAD CMakeFiles/STM32_BLUE_PILL.dir/pxtapp/core---stm32bluepill/codal.cpp.o
LOAD CMakeFiles/STM32_BLUE_PILL.dir/pxtapp/core---stm32bluepill/control.cpp.o
LOAD CMakeFiles/STM32_BLUE_PILL.dir/pxtapp/core---stm32bluepill/dmac.cpp.o
LOAD CMakeFiles/STM32_BLUE_PILL.dir/pxtapp/core---stm32bluepill/hf2.cpp.o
LOAD CMakeFiles/STM32_BLUE_PILL.dir/pxtapp/core---stm32bluepill/i2c.cpp.o
LOAD CMakeFiles/STM32_BLUE_PILL.dir/pxtapp/core---stm32bluepill/pins.cpp.o
LOAD CMakeFiles/STM32_BLUE_PILL.dir/pxtapp/core---stm32bluepill/pinsAnalog.cpp.o
LOAD CMakeFiles/STM32_BLUE_PILL.dir/pxtapp/core---stm32bluepill/pinsDigital.cpp.o
LOAD CMakeFiles/STM32_BLUE_PILL.dir/pxtapp/core---stm32bluepill/pinsPWM.cpp.o
LOAD CMakeFiles/STM32_BLUE_PILL.dir/pxtapp/core---stm32bluepill/platform.cpp.o
LOAD CMakeFiles/STM32_BLUE_PILL.dir/pxtapp/core---stm32bluepill/spi.cpp.o
LOAD CMakeFiles/STM32_BLUE_PILL.dir/pxtapp/core---stm32bluepill/usb.cpp.o
LOAD CMakeFiles/STM32_BLUE_PILL.dir/pxtapp/main.cpp.o
LOAD CMakeFiles/STM32_BLUE_PILL.dir/pxtapp/pointers.cpp.o
LOAD libcodal-libopencm3.a
LOAD libqfplib.a
LOAD libnewlib.a
LOAD libcodal-core.a
LOAD liblibopencm3.a
LOAD libcocoos.a
LOAD libnano-float.a
LOAD liblogger.a
LOAD libbluepill.a
LOAD libbootloader.a
LOAD libhal.a
LOAD libadcint.a
LOAD libi2cint.a
LOAD libporting.a
LOAD libsimulator.a
LOAD libspiint.a
LOAD libuartint.a
LOAD libcm.a
LOAD libmodel.a
LOAD libbme280.a
LOAD /usr/bin/../lib/gcc/arm-none-eabi/6.2.1/../../../../arm-none-eabi/lib/thumb/v7-m/libnosys.a
LOAD /usr/bin/../lib/gcc/arm-none-eabi/6.2.1/../../../../arm-none-eabi/lib/thumb/v7-m/libstdc++.a
LOAD /usr/bin/../lib/gcc/arm-none-eabi/6.2.1/../../../../arm-none-eabi/lib/thumb/v7-m/libsupc++.a
LOAD /usr/bin/../lib/gcc/arm-none-eabi/6.2.1/../../../../arm-none-eabi/lib/thumb/v7-m/libstdc++.a
LOAD /usr/bin/../lib/gcc/arm-none-eabi/6.2.1/../../../../arm-none-eabi/lib/thumb/v7-m/libsupc++.a
END GROUP
LOAD /usr/bin/../lib/gcc/arm-none-eabi/6.2.1/thumb/v7-m/libgcc.a
                0x0000000000006000                _bootrom_size = 0x6000
                0x0000000000000c00                _bootram_size = 0xc00
                0x0000000000000844                _bootbuf_size = 0x844

.boot_text      0x0000000008000000     0x5a14
                0x0000000008000000                _boot_text = .
 *(SORT(.vectors))
 .vectors       0x0000000008000000      0x150 liblibopencm3.a(vector.c.o)
                0x0000000008000000                vector_table
 :*reset_handler*(SORT(.text*))
 .text.reset_handler
                0x0000000008000150      0x108 /src/build/libraries/codal-libopencm3/CMakeFiles/hal.dir/stm32/hal/reset_handler.c.o
                0x0000000008000150                reset_handler
 *libhal.a:*reset_handler*(SORT(.text*))
 :*codal_target_hal*(SORT(.text*))
 *libhal.a:*codal_target_hal*(SORT(.text*))
 .text._ZL10timer_tickv
                0x0000000008000258       0x40 libhal.a(codal_target_hal.cpp.o)
 .text._ZL11timer_alarmv
                0x0000000008000298       0x28 libhal.a(codal_target_hal.cpp.o)
 .text.target_dmesg_flush.part.1
                0x00000000080002c0       0x2c libhal.a(codal_target_hal.cpp.o)
 .text.target_init
                0x00000000080002ec       0x30 libhal.a(codal_target_hal.cpp.o)
                0x00000000080002ec                target_init
 .text.target_wait_for_event
                0x000000000800031c       0x64 libhal.a(codal_target_hal.cpp.o)
                0x000000000800031c                target_wait_for_event
 .text.target_wait
                0x0000000008000380       0x28 libhal.a(codal_target_hal.cpp.o)
                0x0000000008000380                target_wait
 .text.target_wait_us
                0x00000000080003a8       0x34 libhal.a(codal_target_hal.cpp.o)
                0x00000000080003a8                target_wait_us
 .text.target_reset
                0x00000000080003dc       0x14 libhal.a(codal_target_hal.cpp.o)
                0x00000000080003dc                target_reset
 .text.target_in_isr
                0x00000000080003f0       0x10 libhal.a(codal_target_hal.cpp.o)
                0x00000000080003f0                target_in_isr
 .text.target_enable_irq
                0x0000000008000400        0x4 libhal.a(codal_target_hal.cpp.o)
                0x0000000008000400                target_enable_irq
 .text.target_disable_irq
                0x0000000008000404        0x4 libhal.a(codal_target_hal.cpp.o)
                0x0000000008000404                target_disable_irq
 .text.target_seed_random
                0x0000000008000408       0x10 libhal.a(codal_target_hal.cpp.o)
                0x0000000008000408                target_seed_random
 .text.target_get_serial
                0x0000000008000418       0x18 libhal.a(codal_target_hal.cpp.o)
                0x0000000008000418                target_get_serial
 .text.target_panic
                0x0000000008000430       0x20 libhal.a(codal_target_hal.cpp.o)
                0x0000000008000430                target_panic
 .text.fiber_initial_stack_base
                0x0000000008000450        0x8 libhal.a(codal_target_hal.cpp.o)
                0x0000000008000450                fiber_initial_stack_base
 .text.tcb_allocate
                0x0000000008000458        0x8 libhal.a(codal_target_hal.cpp.o)
                0x0000000008000458                tcb_allocate
 .text.tcb_configure_lr
                0x0000000008000460        0x4 libhal.a(codal_target_hal.cpp.o)
                0x0000000008000460                tcb_configure_lr
 .text.tcb_configure_sp
                0x0000000008000464        0x4 libhal.a(codal_target_hal.cpp.o)
                0x0000000008000464                tcb_configure_sp
 .text.tcb_configure_stack_base
                0x0000000008000468        0x4 libhal.a(codal_target_hal.cpp.o)
                0x0000000008000468                tcb_configure_stack_base
 .text.tcb_get_stack_base
                0x000000000800046c        0x4 libhal.a(codal_target_hal.cpp.o)
                0x000000000800046c                tcb_get_stack_base
 .text.get_current_sp
                0x0000000008000470        0x4 libhal.a(codal_target_hal.cpp.o)
                0x0000000008000470                get_current_sp
 .text.tcb_get_sp
                0x0000000008000474        0x4 libhal.a(codal_target_hal.cpp.o)
                0x0000000008000474                tcb_get_sp
 .text.tcb_configure_args
                0x0000000008000478        0x8 libhal.a(codal_target_hal.cpp.o)
                0x0000000008000478                tcb_configure_args
 .text.test_codal
                0x0000000008000480       0x70 libhal.a(codal_target_hal.cpp.o)
                0x0000000008000480                test_codal
 .text._fini    0x00000000080004f0        0x4 libhal.a(codal_target_hal.cpp.o)
                0x00000000080004f0                _fini
 .text.__aeabi_atexit
                0x00000000080004f4        0x4 libhal.a(codal_target_hal.cpp.o)
                0x00000000080004f4                __aeabi_atexit
 .text.target_set_bootloader_callback
                0x00000000080004f8        0xc libhal.a(codal_target_hal.cpp.o)
                0x00000000080004f8                target_set_bootloader_callback
 .text.target_enable_debug
                0x0000000008000504        0x4 libhal.a(codal_target_hal.cpp.o)
                0x0000000008000504                target_enable_debug
 :*CortexContextSwitch*(SORT(.text*))
 *libhal.a:(SORT(.text*))
 .text          0x0000000008000508      0x124 libhal.a(CortexContextSwitch.s.o)
                0x0000000008000508                swap_context
                0x000000000800058a                save_context
                0x00000000080005ce                save_register_context
                0x00000000080005fe                restore_register_context
 *liblibopencm3.a:(SORT(.text*))
 .text.blocking_handler
                0x000000000800062c        0x4 liblibopencm3.a(vector.c.o)
                0x000000000800062c                usart3_isr
                0x000000000800062c                tim7_isr
                0x000000000800062c                adc1_2_isr
                0x000000000800062c                tim1_trg_com_isr
                0x000000000800062c                usb_hp_can_tx_isr
                0x000000000800062c                tim6_isr
                0x000000000800062c                usb_wakeup_isr
                0x000000000800062c                blocking_handler
                0x000000000800062c                tim5_isr
                0x000000000800062c                otg_fs_isr
                0x000000000800062c                spi1_isr
                0x000000000800062c                exti2_isr
                0x000000000800062c                dma1_channel6_isr
                0x000000000800062c                can_rx1_isr
                0x000000000800062c                dma1_channel5_isr
                0x000000000800062c                dma2_channel5_isr
                0x000000000800062c                usart1_isr
                0x000000000800062c                usage_fault_handler
                0x000000000800062c                tim8_trg_com_isr
                0x000000000800062c                can2_rx0_isr
                0x000000000800062c                tim1_brk_isr
                0x000000000800062c                can2_rx1_isr
                0x000000000800062c                tim1_cc_isr
                0x000000000800062c                sdio_isr
                0x000000000800062c                eth_isr
                0x000000000800062c                dma1_channel4_isr
                0x000000000800062c                tim8_brk_isr
                0x000000000800062c                dma2_channel4_5_isr
                0x000000000800062c                pvd_isr
                0x000000000800062c                rcc_isr
                0x000000000800062c                flash_isr
                0x000000000800062c                uart4_isr
                0x000000000800062c                exti15_10_isr
                0x000000000800062c                hard_fault_handler
                0x000000000800062c                exti1_isr
                0x000000000800062c                i2c1_ev_isr
                0x000000000800062c                dma2_channel1_isr
                0x000000000800062c                spi2_isr
                0x000000000800062c                tim8_up_isr
                0x000000000800062c                dma2_channel2_isr
                0x000000000800062c                exti3_isr
                0x000000000800062c                adc3_isr
                0x000000000800062c                tim3_isr
                0x000000000800062c                usart2_isr
                0x000000000800062c                usb_lp_can_rx0_isr
                0x000000000800062c                i2c2_er_isr
                0x000000000800062c                i2c2_ev_isr
                0x000000000800062c                uart5_isr
                0x000000000800062c                fsmc_isr
                0x000000000800062c                dma1_channel1_isr
                0x000000000800062c                exti4_isr
                0x000000000800062c                mem_manage_handler
                0x000000000800062c                can2_tx_isr
                0x000000000800062c                exti9_5_isr
                0x000000000800062c                dma2_channel3_isr
                0x000000000800062c                dma1_channel7_isr
                0x000000000800062c                tim1_up_isr
                0x000000000800062c                can2_sce_isr
                0x000000000800062c                tim4_isr
                0x000000000800062c                dma1_channel2_isr
                0x000000000800062c                i2c1_er_isr
                0x000000000800062c                can_sce_isr
                0x000000000800062c                tim8_cc_isr
                0x000000000800062c                tamper_isr
                0x000000000800062c                eth_wkup_isr
                0x000000000800062c                bus_fault_handler
                0x000000000800062c                wwdg_isr
                0x000000000800062c                dma1_channel3_isr
                0x000000000800062c                spi3_isr
                0x000000000800062c                tim2_isr
                0x000000000800062c                exti0_isr
 .text.null_handler
                0x0000000008000630        0x4 liblibopencm3.a(vector.c.o)
                0x0000000008000630                null_handler
                0x0000000008000630                sv_call_handler
                0x0000000008000630                pend_sv_handler
                0x0000000008000630                debug_monitor_handler
                0x0000000008000630                sys_tick_handler
                0x0000000008000630                nmi_handler
 .text.scb_reset_system
                0x0000000008000634       0x10 liblibopencm3.a(scb.c.o)
                0x0000000008000634                scb_reset_system
 .text.flash_unlock
                0x0000000008000644       0x18 liblibopencm3.a(flash_common_f.c.o)
                0x0000000008000644                flash_unlock
 .text.flash_lock
                0x000000000800065c       0x10 liblibopencm3.a(flash_common_f.c.o)
                0x000000000800065c                flash_lock
 .text.gpio_set
                0x000000000800066c        0x4 liblibopencm3.a(gpio_common_all.c.o)
                0x000000000800066c                gpio_set
 .text.gpio_clear
                0x0000000008000670        0x8 liblibopencm3.a(gpio_common_all.c.o)
                0x0000000008000670                gpio_clear
 .text.pwr_disable_backup_domain_write_protect
                0x0000000008000678       0x10 liblibopencm3.a(pwr_common_v1.c.o)
                0x0000000008000678                pwr_disable_backup_domain_write_protect
 .text.pwr_enable_backup_domain_write_protect
                0x0000000008000688       0x10 liblibopencm3.a(pwr_common_v1.c.o)
                0x0000000008000688                pwr_enable_backup_domain_write_protect
 .text.rcc_periph_clock_enable
                0x0000000008000698       0x1c liblibopencm3.a(rcc_common_all.c.o)
                0x0000000008000698                rcc_periph_clock_enable
 .text.rcc_periph_reset_pulse
                0x00000000080006b4       0x24 liblibopencm3.a(rcc_common_all.c.o)
                0x00000000080006b4                rcc_periph_reset_pulse
 .text.desig_get_unique_id_as_string
                0x00000000080006d8       0x78 liblibopencm3.a(desig.c.o)
                0x00000000080006d8                desig_get_unique_id_as_string
 .text.flash_get_status_flags
                0x0000000008000750       0x28 liblibopencm3.a(flash.c.o)
                0x0000000008000750                flash_get_status_flags
 .text.flash_program_half_word
                0x0000000008000778       0x94 liblibopencm3.a(flash.c.o)
                0x0000000008000778                flash_program_half_word
 .text.flash_erase_page
                0x000000000800080c       0xb8 liblibopencm3.a(flash.c.o)
                0x000000000800080c                flash_erase_page
 .text.gpio_set_mode
                0x00000000080008c4       0x7c liblibopencm3.a(gpio.c.o)
                0x00000000080008c4                gpio_set_mode
 .text.rcc_is_osc_ready.part.0
                0x0000000008000940       0x10 liblibopencm3.a(rcc.c.o)
 .text.rcc_osc_on.part.1
                0x0000000008000950       0x10 liblibopencm3.a(rcc.c.o)
 .text.rcc_enable_rtc_clock
                0x0000000008000960       0x10 liblibopencm3.a(rcc.c.o)
                0x0000000008000960                rcc_enable_rtc_clock
 .text.rcc_set_rtc_clock_source
                0x0000000008000970       0x98 liblibopencm3.a(rcc.c.o)
                0x0000000008000970                rcc_set_rtc_clock_source
 .text.rcc_clock_setup_in_hse_8mhz_out_72mhz
                0x0000000008000a08       0xcc liblibopencm3.a(rcc.c.o)
                0x0000000008000a08                rcc_clock_setup_in_hse_8mhz_out_72mhz
 .text.st_usbfs_v1_usbd_init
                0x0000000008000ad4       0x34 liblibopencm3.a(st_usbfs_v1.c.o)
 .text.st_usbfs_copy_to_pm
                0x0000000008000b08       0x28 liblibopencm3.a(st_usbfs_v1.c.o)
                0x0000000008000b08                st_usbfs_copy_to_pm
 .text.st_usbfs_copy_from_pm
                0x0000000008000b30       0x34 liblibopencm3.a(st_usbfs_v1.c.o)
                0x0000000008000b30                st_usbfs_copy_from_pm
 .text.usbd_init
                0x0000000008000b64       0x5c liblibopencm3.a(usb.c.o)
                0x0000000008000b64                usbd_init
 .text._usbd_reset
                0x0000000008000bc0       0x3c liblibopencm3.a(usb.c.o)
                0x0000000008000bc0                _usbd_reset
 .text.usbd_poll
                0x0000000008000bfc        0x8 liblibopencm3.a(usb.c.o)
                0x0000000008000bfc                usbd_poll
 .text.usbd_ep_setup
                0x0000000008000c04       0x10 liblibopencm3.a(usb.c.o)
                0x0000000008000c04                usbd_ep_setup
 .text.usbd_ep_write_packet
                0x0000000008000c14       0x10 liblibopencm3.a(usb.c.o)
                0x0000000008000c14                usbd_ep_write_packet
 .text.usbd_ep_read_packet
                0x0000000008000c24       0x10 liblibopencm3.a(usb.c.o)
                0x0000000008000c24                usbd_ep_read_packet
 .text.usbd_ep_stall_set
                0x0000000008000c34        0x8 liblibopencm3.a(usb.c.o)
                0x0000000008000c34                usbd_ep_stall_set
 .text.usbd_ep_stall_get
                0x0000000008000c3c        0x8 liblibopencm3.a(usb.c.o)
                0x0000000008000c3c                usbd_ep_stall_get
 .text.usbd_ep_nak_set
                0x0000000008000c44        0x8 liblibopencm3.a(usb.c.o)
                0x0000000008000c44                usbd_ep_nak_set
 .text.usb_control_send_chunk
                0x0000000008000c4c       0x54 liblibopencm3.a(usb_control.c.o)
 .text.usb_control_request_dispatch
                0x0000000008000ca0       0x60 liblibopencm3.a(usb_control.c.o)
 .text.usb_control_setup_read
                0x0000000008000d00       0x7c liblibopencm3.a(usb_control.c.o)
 .text.usb_control_recv_chunk
                0x0000000008000d7c       0x48 liblibopencm3.a(usb_control.c.o)
 .text.usbd_register_control_callback
                0x0000000008000dc4       0x30 liblibopencm3.a(usb_control.c.o)
                0x0000000008000dc4                usbd_register_control_callback
 .text._usbd_control_setup
                0x0000000008000df4       0x64 liblibopencm3.a(usb_control.c.o)
                0x0000000008000df4                _usbd_control_setup
 .text._usbd_control_out
                0x0000000008000e58       0xa0 liblibopencm3.a(usb_control.c.o)
                0x0000000008000e58                _usbd_control_out
 .text._usbd_control_in
                0x0000000008000ef8       0x68 liblibopencm3.a(usb_control.c.o)
                0x0000000008000ef8                _usbd_control_in
 .text.usb_standard_set_configuration
                0x0000000008000f60       0xa8 liblibopencm3.a(usb_standard.c.o)
 .text.usb_standard_get_configuration
                0x0000000008001008       0x30 liblibopencm3.a(usb_standard.c.o)
 .text.usb_standard_get_interface
                0x0000000008001038       0x3c liblibopencm3.a(usb_standard.c.o)
 .text.usb_standard_interface_get_status
                0x0000000008001074       0x18 liblibopencm3.a(usb_standard.c.o)
 .text.usb_standard_endpoint_get_status
                0x000000000800108c       0x2c liblibopencm3.a(usb_standard.c.o)
 .text.usb_standard_endpoint_stall
                0x00000000080010b8       0x10 liblibopencm3.a(usb_standard.c.o)
 .text.usb_standard_endpoint_unstall
                0x00000000080010c8       0x10 liblibopencm3.a(usb_standard.c.o)
 .text.usb_standard_set_address
                0x00000000080010d8       0x30 liblibopencm3.a(usb_standard.c.o)
 .text.usb_standard_set_interface
                0x0000000008001108       0x50 liblibopencm3.a(usb_standard.c.o)
 .text.usb_standard_get_descriptor
                0x0000000008001158      0x294 liblibopencm3.a(usb_standard.c.o)
 .text.usb_standard_device_get_status
                0x00000000080013ec       0x18 liblibopencm3.a(usb_standard.c.o)
 .text.usbd_register_set_config_callback
                0x0000000008001404       0x34 liblibopencm3.a(usb_standard.c.o)
                0x0000000008001404                usbd_register_set_config_callback
 .text._usbd_standard_request_device
                0x0000000008001438       0x24 liblibopencm3.a(usb_standard.c.o)
                0x0000000008001438                _usbd_standard_request_device
 .text._usbd_standard_request_endpoint
                0x000000000800145c       0x40 liblibopencm3.a(usb_standard.c.o)
                0x000000000800145c                _usbd_standard_request_endpoint
 .text._usbd_standard_request
                0x000000000800149c       0x50 liblibopencm3.a(usb_standard.c.o)
                0x000000000800149c                _usbd_standard_request
 .text.flash_set_ws
                0x00000000080014ec       0x14 liblibopencm3.a(flash_common_all.c.o)
                0x00000000080014ec                flash_set_ws
 .text.flash_wait_for_last_operation
                0x0000000008001500        0xc liblibopencm3.a(flash_common_f01.c.o)
                0x0000000008001500                flash_wait_for_last_operation
 .text.st_usbfs_set_address
                0x000000000800150c       0x10 liblibopencm3.a(st_usbfs_core.c.o)
                0x000000000800150c                st_usbfs_set_address
 .text.st_usbfs_set_ep_rx_bufsize
                0x000000000800151c       0x44 liblibopencm3.a(st_usbfs_core.c.o)
                0x000000000800151c                st_usbfs_set_ep_rx_bufsize
 .text.st_usbfs_ep_setup
                0x0000000008001560      0x130 liblibopencm3.a(st_usbfs_core.c.o)
                0x0000000008001560                st_usbfs_ep_setup
 .text.st_usbfs_endpoints_reset
                0x0000000008001690       0x48 liblibopencm3.a(st_usbfs_core.c.o)
                0x0000000008001690                st_usbfs_endpoints_reset
 .text.st_usbfs_ep_stall_set
                0x00000000080016d8       0xc8 liblibopencm3.a(st_usbfs_core.c.o)
                0x00000000080016d8                st_usbfs_ep_stall_set
 .text.st_usbfs_ep_stall_get
                0x00000000080017a0       0x40 liblibopencm3.a(st_usbfs_core.c.o)
                0x00000000080017a0                st_usbfs_ep_stall_get
 .text.st_usbfs_ep_nak_set
                0x00000000080017e0       0x44 liblibopencm3.a(st_usbfs_core.c.o)
                0x00000000080017e0                st_usbfs_ep_nak_set
 .text.st_usbfs_ep_write_packet
                0x0000000008001824       0x88 liblibopencm3.a(st_usbfs_core.c.o)
                0x0000000008001824                st_usbfs_ep_write_packet
 .text.st_usbfs_ep_read_packet
                0x00000000080018ac       0xb4 liblibopencm3.a(st_usbfs_core.c.o)
                0x00000000080018ac                st_usbfs_ep_read_packet
 .text.st_usbfs_poll
                0x0000000008001960       0xf4 liblibopencm3.a(st_usbfs_core.c.o)
                0x0000000008001960                st_usbfs_poll
 .text.nvic_enable_irq
                0x0000000008001a54       0x1c liblibopencm3.a(nvic.c.o)
                0x0000000008001a54                nvic_enable_irq
 .text.exti_set_trigger
                0x0000000008001a70       0x50 liblibopencm3.a(exti_common_all.c.o)
                0x0000000008001a70                exti_set_trigger
 .text.exti_enable_request
                0x0000000008001ac0       0x1c liblibopencm3.a(exti_common_all.c.o)
                0x0000000008001ac0                exti_enable_request
 .text.exti_reset_request
                0x0000000008001adc        0xc liblibopencm3.a(exti_common_all.c.o)
                0x0000000008001adc                exti_reset_request
 .text.rtc_enter_config_mode
                0x0000000008001ae8       0x18 liblibopencm3.a(rtc.c.o)
                0x0000000008001ae8                rtc_enter_config_mode
 .text.rtc_exit_config_mode
                0x0000000008001b00       0x18 liblibopencm3.a(rtc.c.o)
                0x0000000008001b00                rtc_exit_config_mode
 .text.rtc_set_alarm_time
                0x0000000008001b18       0x40 liblibopencm3.a(rtc.c.o)
                0x0000000008001b18                rtc_set_alarm_time
 .text.rtc_set_prescale_val
                0x0000000008001b58       0x40 liblibopencm3.a(rtc.c.o)
                0x0000000008001b58                rtc_set_prescale_val
 .text.rtc_get_counter_val
                0x0000000008001b98       0x18 liblibopencm3.a(rtc.c.o)
                0x0000000008001b98                rtc_get_counter_val
 .text.rtc_set_counter_val
                0x0000000008001bb0       0x40 liblibopencm3.a(rtc.c.o)
                0x0000000008001bb0                rtc_set_counter_val
 .text.rtc_interrupt_enable
                0x0000000008001bf0       0x5c liblibopencm3.a(rtc.c.o)
                0x0000000008001bf0                rtc_interrupt_enable
 .text.rtc_interrupt_disable
                0x0000000008001c4c       0x5c liblibopencm3.a(rtc.c.o)
                0x0000000008001c4c                rtc_interrupt_disable
 .text.rtc_clear_flag
                0x0000000008001ca8       0x34 liblibopencm3.a(rtc.c.o)
                0x0000000008001ca8                rtc_clear_flag
 .text.rtc_check_flag
                0x0000000008001cdc       0x30 liblibopencm3.a(rtc.c.o)
                0x0000000008001cdc                rtc_check_flag
 *libFrameworkLibOpenCM3.a:(SORT(.text*))
 *libcocoos.a:(SORT(.text*))
 .text.os_cbkSleep
                0x0000000008001d0c        0x4 libcocoos.a(os_cbk.c.o)
                0x0000000008001d0c                os_cbkSleep
 .text.os_init  0x0000000008001d10       0x34 libcocoos.a(os_kernel.c.o)
                0x0000000008001d10                os_init
 .text.os_tick  0x0000000008001d44        0x8 libcocoos.a(os_kernel.c.o)
                0x0000000008001d44                os_tick
 .text.os_msgQ_init
                0x0000000008001d4c       0x30 libcocoos.a(os_msgqueue.c.o)
                0x0000000008001d4c                os_msgQ_init
 .text.os_msgQ_tick
                0x0000000008001d7c       0x60 libcocoos.a(os_msgqueue.c.o)
                0x0000000008001d7c                os_msgQ_tick
 .text.os_sem_init
                0x0000000008001ddc        0xc libcocoos.a(os_sem.c.o)
                0x0000000008001ddc                os_sem_init
 .text.os_task_init
                0x0000000008001de8       0x44 libcocoos.a(os_task.c.o)
                0x0000000008001de8                os_task_init
 .text.os_task_highest_prio_ready_task
                0x0000000008001e2c       0x48 libcocoos.a(os_task.c.o)
                0x0000000008001e2c                os_task_highest_prio_ready_task
 .text.os_task_tick
                0x0000000008001e74       0x98 libcocoos.a(os_task.c.o)
                0x0000000008001e74                os_task_tick
 .text.os_task_signal_event
                0x0000000008001f0c       0x78 libcocoos.a(os_task.c.o)
                0x0000000008001f0c                os_task_signal_event
 .text.os_task_run
                0x0000000008001f84       0x34 libcocoos.a(os_task.c.o)
                0x0000000008001f84                os_task_run
 .text.os_on_assert
                0x0000000008001fb8       0x28 libcocoos.a(os_assert.c.o)
                0x0000000008001fb8                os_on_assert
 .text.os_event_init
                0x0000000008001fe0        0xc libcocoos.a(os_event.c.o)
                0x0000000008001fe0                os_event_init
 .text.os_signal_event
                0x0000000008001fec        0xc libcocoos.a(os_event.c.o)
                0x0000000008001fec                os_signal_event
 .text.os_event_set_signaling_tid
                0x0000000008001ff8       0x10 libcocoos.a(os_event.c.o)
                0x0000000008001ff8                os_event_set_signaling_tid
 *libcocoOS_?.?.?.a:(SORT(.text*))
 *libgcc.a:(SORT(.text*))
 .text          0x0000000008002008      0x370 /usr/bin/../lib/gcc/arm-none-eabi/6.2.1/thumb/v7-m/libgcc.a(_arm_addsubdf3.o)
                0x0000000008002008                __aeabi_drsub
                0x0000000008002010                __aeabi_dsub
                0x0000000008002010                __subdf3
                0x0000000008002014                __adddf3
                0x0000000008002014                __aeabi_dadd
                0x000000000800228c                __aeabi_ui2d
                0x000000000800228c                __floatunsidf
                0x00000000080022ac                __floatsidf
                0x00000000080022ac                __aeabi_i2d
                0x00000000080022d0                __extendsfdf2
                0x00000000080022d0                __aeabi_f2d
                0x000000000800230c                __aeabi_ul2d
                0x000000000800230c                __floatundidf
                0x000000000800231c                __floatdidf
                0x000000000800231c                __aeabi_l2d
 .text          0x0000000008002378       0xa0 /usr/bin/../lib/gcc/arm-none-eabi/6.2.1/thumb/v7-m/libgcc.a(_arm_truncdfsf2.o)
                0x0000000008002378                __aeabi_d2f
                0x0000000008002378                __truncdfsf2
 .text          0x0000000008002418       0x70 /usr/bin/../lib/gcc/arm-none-eabi/6.2.1/thumb/v7-m/libgcc.a(_powidf2.o)
                0x0000000008002418                __powidf2
 *libqfplib.a:(SORT(.text*))
 .text          0x0000000008002488      0x4c8 libqfplib.a(qfplib.S.o)
                0x0000000008002550                qfp_fsub
                0x0000000008002556                qfp_fadd
                0x0000000008002598                qfp_fcmp
                0x00000000080025b4                qfp_fmul
                0x00000000080025c4                qfp_fdiv
                0x0000000008002606                qfp_fdiv_fast
                0x0000000008002656                qfp_fsqrt_fast
                0x00000000080026cc                qfp_float2int
                0x00000000080026ce                qfp_float2fix
                0x00000000080026f6                qfp_float2uint
                0x00000000080026f8                qfp_float2ufix
                0x0000000008002712                qfp_int2float
                0x0000000008002714                qfp_fix2float
                0x000000000800271e                qfp_uint2float
                0x0000000008002720                qfp_ufix2float
                0x00000000080027b6                qfp_fsin
                0x00000000080027f8                qfp_fcos
                0x0000000008002802                qfp_ftan
                0x000000000800280a                qfp_fexp
                0x000000000800283a                qfp_fsqrt
                0x0000000008002874                qfp_fln
                0x0000000008002898                qfp_fatan2
 *libnano-float.a:(SORT(.text*))
 .text.acos     0x0000000008002950       0xcc libnano-float.a(functions.c.o)
                0x0000000008002950                acos
 .text.__wrap___aeabi_ddiv
                0x0000000008002a1c       0x30 libnano-float.a(functions.c.o)
                0x0000000008002a1c                __wrap___aeabi_ddiv
 .text.__wrap___aeabi_dmul
                0x0000000008002a4c       0x30 libnano-float.a(functions.c.o)
                0x0000000008002a4c                __wrap___aeabi_dmul
 .text.__wrap___aeabi_dadd
                0x0000000008002a7c       0x30 libnano-float.a(functions.c.o)
                0x0000000008002a7c                __wrap___aeabi_dadd
 .text.__wrap___aeabi_dsub
                0x0000000008002aac       0x30 libnano-float.a(functions.c.o)
                0x0000000008002aac                __wrap___aeabi_dsub
 .text.__wrap___aeabi_dcmpeq
                0x0000000008002adc       0x34 libnano-float.a(functions.c.o)
                0x0000000008002adc                __wrap___aeabi_dcmpeq
 .text.__wrap___aeabi_dcmplt
                0x0000000008002b10       0x30 libnano-float.a(functions.c.o)
                0x0000000008002b10                __wrap___aeabi_dcmplt
 .text.__wrap___aeabi_dcmple
                0x0000000008002b40       0x34 libnano-float.a(functions.c.o)
                0x0000000008002b40                __wrap___aeabi_dcmple
 .text.__wrap___aeabi_dcmpge
                0x0000000008002b74       0x30 libnano-float.a(functions.c.o)
                0x0000000008002b74                __wrap___aeabi_dcmpge
 .text.__wrap___aeabi_dcmpgt
                0x0000000008002ba4       0x34 libnano-float.a(functions.c.o)
                0x0000000008002ba4                __wrap___aeabi_dcmpgt
 .text.__wrap___aeabi_dcmpun
                0x0000000008002bd8       0x34 libnano-float.a(functions.c.o)
                0x0000000008002bd8                __wrap___aeabi_dcmpun
 .text.__wrap___aeabi_d2iz
                0x0000000008002c0c       0x2c libnano-float.a(functions.c.o)
                0x0000000008002c0c                __wrap___aeabi_d2iz
 .text.__wrap___aeabi_d2uiz
                0x0000000008002c38       0x38 libnano-float.a(functions.c.o)
                0x0000000008002c38                __wrap___aeabi_d2uiz
 .text.sqrt     0x0000000008002c70       0x1c libnano-float.a(functions.c.o)
                0x0000000008002c70                sqrt
 .text.log      0x0000000008002c8c       0x1c libnano-float.a(functions.c.o)
                0x0000000008002c8c                log
 .text.exp      0x0000000008002ca8       0x1c libnano-float.a(functions.c.o)
                0x0000000008002ca8                exp
 .text.log2     0x0000000008002cc4       0x28 libnano-float.a(functions.c.o)
                0x0000000008002cc4                log2
 .text.log10    0x0000000008002cec       0x28 libnano-float.a(functions.c.o)
                0x0000000008002cec                log10
 .text.pow      0x0000000008002d14       0x8c libnano-float.a(functions.c.o)
                0x0000000008002d14                pow
 .text.sin      0x0000000008002da0       0x1c libnano-float.a(functions.c.o)
                0x0000000008002da0                sin
 .text.cos      0x0000000008002dbc       0x34 libnano-float.a(functions.c.o)
                0x0000000008002dbc                cos
 .text.tan      0x0000000008002df0       0x1c libnano-float.a(functions.c.o)
                0x0000000008002df0                tan
 .text.atan2    0x0000000008002e0c       0x54 libnano-float.a(functions.c.o)
                0x0000000008002e0c                atan2
 .text.atan     0x0000000008002e60       0xb0 libnano-float.a(functions.c.o)
                0x0000000008002e60                atan
 .text.asin     0x0000000008002f10       0x94 libnano-float.a(functions.c.o)
                0x0000000008002f10                asin
 .text.sinh     0x0000000008002fa4       0xa8 libnano-float.a(functions.c.o)
                0x0000000008002fa4                sinh
 .text.cosh     0x000000000800304c       0xa4 libnano-float.a(functions.c.o)
                0x000000000800304c                cosh
 .text.tanh     0x00000000080030f0       0xb0 libnano-float.a(functions.c.o)
                0x00000000080030f0                tanh
 .text.asinh    0x00000000080031a0       0xa4 libnano-float.a(functions.c.o)
                0x00000000080031a0                asinh
 .text.acosh    0x0000000008003244       0xb0 libnano-float.a(functions.c.o)
                0x0000000008003244                acosh
 .text.atanh    0x00000000080032f4       0xcc libnano-float.a(functions.c.o)
                0x00000000080032f4                atanh
 .text.trunc    0x00000000080033c0       0x8c libnano-float.a(functions.c.o)
                0x00000000080033c0                trunc
 .text.floor    0x000000000800344c       0x88 libnano-float.a(functions.c.o)
                0x000000000800344c                floor
 .text.ceil     0x00000000080034d4       0x88 libnano-float.a(functions.c.o)
                0x00000000080034d4                ceil
 .text.fmod     0x000000000800355c      0x13c libnano-float.a(functions.c.o)
                0x000000000800355c                fmod
 *libnewlib.a:(SORT(.text*))
 .text._strtol_l.isra.0
                0x0000000008003698       0xf4 libnewlib.a(strtol.c.o)
 .text.strtol   0x000000000800378c       0x14 libnewlib.a(strtol.c.o)
                0x000000000800378c                strtol
 .text.memcpy   0x00000000080037a0       0x1c libnewlib.a(memcpy-stub.c.o)
                0x00000000080037a0                memcpy
 .text          0x00000000080037bc       0x14 libnewlib.a(strcmp.S.o)
                0x00000000080037bc                strcmp
 .text          0x00000000080037d0       0x10 libnewlib.a(strlen.S.o)
                0x00000000080037d0                strlen
 .text.memcmp   0x00000000080037e0       0x1e libnewlib.a(memcmp.c.o)
                0x00000000080037e0                memcmp
 .text.memmove  0x00000000080037fe       0x34 libnewlib.a(memmove.c.o)
                0x00000000080037fe                memmove
 .text.memset   0x0000000008003832       0x10 libnewlib.a(memset.c.o)
                0x0000000008003832                memset
 .text.strstr   0x0000000008003842       0x2c libnewlib.a(strstr.c.o)
                0x0000000008003842                strstr
 .text.strncat  0x000000000800386e       0x28 libnewlib.a(strncat.c.o)
                0x000000000800386e                strncat
 .text.strncpy  0x0000000008003896       0x2a libnewlib.a(strncpy.c.o)
                0x0000000008003896                strncpy
 *liblogger.a:(SORT(.text*))
 .text.debug_flush.part.1
                0x00000000080038c0       0x40 liblogger.a(logger.cpp.o)
 .text._ZL12debug_appendPKcj
                0x0000000008003900       0x60 liblogger.a(logger.cpp.o)
 .text.debug_print.part.2
                0x0000000008003960       0x14 liblogger.a(logger.cpp.o)
 .text.enable_log
                0x0000000008003974        0xc liblogger.a(logger.cpp.o)
                0x0000000008003974                enable_log
 .text.debug_flush
                0x0000000008003980       0x10 liblogger.a(logger.cpp.o)
                0x0000000008003980                debug_flush
 .text._Z11debug_printj
                0x0000000008003990       0x88 liblogger.a(logger.cpp.o)
                0x0000000008003990                debug_print(unsigned int)
 .text._Z11debug_printi
                0x0000000008003a18       0x2c liblogger.a(logger.cpp.o)
                0x0000000008003a18                debug_print(int)
 .text.debug_print
                0x0000000008003a44        0xc liblogger.a(logger.cpp.o)
                0x0000000008003a44                debug_print
 .text.debug_println
                0x0000000008003a50       0x1c liblogger.a(logger.cpp.o)
                0x0000000008003a50                debug_println
 .text._Z13debug_printlni
                0x0000000008003a6c       0x18 liblogger.a(logger.cpp.o)
                0x0000000008003a6c                debug_println(int)
 .text.debug_print_unsigned
                0x0000000008003a84        0x4 liblogger.a(logger.cpp.o)
                0x0000000008003a84                debug_print_unsigned
 .text.debug_printhex
                0x0000000008003a88       0x60 liblogger.a(logger.cpp.o)
                0x0000000008003a88                debug_printhex
 .text.debug_printhex_unsigned
                0x0000000008003ae8       0x1c liblogger.a(logger.cpp.o)
                0x0000000008003ae8                debug_printhex_unsigned
 *libbluepill.a:(SORT(.text*))
 .text.platform_setup
                0x0000000008003b04       0x4c libbluepill.a(bluepill.cpp.o)
                0x0000000008003b04                platform_setup
 .text.enable_debug
                0x0000000008003b50       0x10 libbluepill.a(bluepill.cpp.o)
                0x0000000008003b50                enable_debug
 .text.__cxa_pure_virtual
                0x0000000008003b60        0x8 libbluepill.a(bluepill.cpp.o)
                0x0000000008003b60                __cxa_pure_virtual
 .text._Znwj    0x0000000008003b68        0x4 libbluepill.a(bluepill.cpp.o)
                0x0000000008003b68                operator new(unsigned int)
 .text._ZdlPv   0x0000000008003b6c        0x4 libbluepill.a(bluepill.cpp.o)
                0x0000000008003b6c                operator delete(void*)
 .text.led_setup
                0x0000000008003b70       0x20 libbluepill.a(led.cpp.o)
                0x0000000008003b70                led_setup
 .text.led_on   0x0000000008003b90       0x10 libbluepill.a(led.cpp.o)
                0x0000000008003b90                led_on
 .text.led_off  0x0000000008003ba0       0x10 libbluepill.a(led.cpp.o)
                0x0000000008003ba0                led_off
 .text.led_wait
                0x0000000008003bb0       0x10 libbluepill.a(led.cpp.o)
                0x0000000008003bb0                led_wait
 .text.platform_start_timer
                0x0000000008003bc0      0x128 libbluepill.a(timer.cpp.o)
                0x0000000008003bc0                platform_start_timer
 .text.platform_set_alarm
                0x0000000008003ce8       0x58 libbluepill.a(timer.cpp.o)
                0x0000000008003ce8                platform_set_alarm
 .text.rtc_isr  0x0000000008003d40       0x30 libbluepill.a(timer.cpp.o)
                0x0000000008003d40                rtc_isr
 .text.rtc_alarm_isr
                0x0000000008003d70       0x30 libbluepill.a(timer.cpp.o)
                0x0000000008003d70                rtc_alarm_isr
 .text.millis   0x0000000008003da0        0x4 libbluepill.a(timer.cpp.o)
                0x0000000008003da0                millis
 *libbootloader.a:(SORT(.text*))
 .text.bootloader_poll
                0x0000000008003da4       0x3c libbootloader.a(bootloader.c.o)
                0x0000000008003da4                bootloader_poll
 .text.bootloader_start
                0x0000000008003de0       0xec libbootloader.a(bootloader.c.o)
                0x0000000008003de0                bootloader_start
 .text.set_aggregate_callback
                0x0000000008003ecc       0x5c libbootloader.a(usb_conf.c.o)
 .text.usb_setup
                0x0000000008003f28       0x94 libbootloader.a(usb_conf.c.o)
                0x0000000008003f28                usb_setup
 .text.aggregate_register_config_callback
                0x0000000008003fbc       0x3c libbootloader.a(usb_conf.c.o)
                0x0000000008003fbc                aggregate_register_config_callback
 .text.aggregate_register_callback
                0x0000000008003ff8       0x54 libbootloader.a(usb_conf.c.o)
                0x0000000008003ff8                aggregate_register_callback
 .text.usb_set_serial_number
                0x000000000800404c       0x1c libbootloader.a(usb_conf.c.o)
                0x000000000800404c                usb_set_serial_number
 .text.dump_buffer
                0x0000000008004068       0x4c libbootloader.a(usb_conf.c.o)
                0x0000000008004068                dump_buffer
 .text.dump_usb_request
                0x00000000080040b4      0x178 libbootloader.a(usb_conf.c.o)
                0x00000000080040b4                dump_usb_request
 .text.aggregate_callback
                0x000000000800422c       0xac libbootloader.a(usb_conf.c.o)
 .text.webusb_set_config
                0x00000000080042d8       0x28 libbootloader.a(webusb.c.o)
 .text.webusb_control_vendor_request
                0x0000000008004300       0xa8 libbootloader.a(webusb.c.o)
 .text.webusb_setup
                0x00000000080043a8       0x50 libbootloader.a(webusb.c.o)
                0x00000000080043a8                webusb_setup
 .text.winusb_control_vendor_request
                0x00000000080043f8       0x9c libbootloader.a(winusb.c.o)
 .text.winusb_set_config
                0x0000000008004494       0x28 libbootloader.a(winusb.c.o)
 .text.winusb_descriptor_request
                0x00000000080044bc       0x48 libbootloader.a(winusb.c.o)
 .text.winusb_setup
                0x0000000008004504       0x5c libbootloader.a(winusb.c.o)
                0x0000000008004504                winusb_setup
 .text.target_set_led
                0x0000000008004560       0x18 libbootloader.a(target_stm32f103.c.o)
                0x0000000008004560                target_set_led
 .text.target_gpio_setup
                0x0000000008004578       0x70 libbootloader.a(target_stm32f103.c.o)
                0x0000000008004578                target_gpio_setup
 .text.target_usb_init
                0x00000000080045e8       0x2c libbootloader.a(target_stm32f103.c.o)
                0x00000000080045e8                target_usb_init
 .text.target_manifest_app
                0x0000000008004614       0x14 libbootloader.a(target_stm32f103.c.o)
                0x0000000008004614                target_manifest_app
 .text.target_manifest_bootloader
                0x0000000008004628       0x14 libbootloader.a(target_stm32f103.c.o)
                0x0000000008004628                target_manifest_bootloader
 .text.target_get_force_bootloader
                0x000000000800463c       0x38 libbootloader.a(target_stm32f103.c.o)
                0x000000000800463c                target_get_force_bootloader
 .text.target_get_startup_mode
                0x0000000008004674       0x7c libbootloader.a(target_stm32f103.c.o)
                0x0000000008004674                target_get_startup_mode
 .text.target_get_serial_number
                0x00000000080046f0        0x8 libbootloader.a(target_stm32f103.c.o)
                0x00000000080046f0                target_get_serial_number
 .text.target_flash_unlock
                0x00000000080046f8        0x4 libbootloader.a(target_stm32f103.c.o)
                0x00000000080046f8                target_flash_unlock
 .text.target_flash_lock
                0x00000000080046fc        0x4 libbootloader.a(target_stm32f103.c.o)
                0x00000000080046fc                target_flash_lock
 .text.target_flash_program_array
                0x0000000008004700       0xf4 libbootloader.a(target_stm32f103.c.o)
                0x0000000008004700                target_flash_program_array
 .text.cdcacm_comm_cb
                0x00000000080047f4       0x14 libbootloader.a(cdc.c.o)
 .text.cdcacm_data_rx_cb
                0x0000000008004808       0x50 libbootloader.a(cdc.c.o)
 .text.cdcacm_set_config
                0x0000000008004858       0x68 libbootloader.a(cdc.c.o)
 .text.cdcacm_control_request
                0x00000000080048c0       0x68 libbootloader.a(cdc.c.o)
 .text.cdc_setup
                0x0000000008004928       0x24 libbootloader.a(cdc.c.o)
                0x0000000008004928                cdc_setup
 .text.hf2_set_config
                0x000000000800494c       0x3c libbootloader.a(hf2.c.o)
 .text.assert.part.0
                0x0000000008004988       0x1c libbootloader.a(hf2.c.o)
 .text.pokeSend
                0x00000000080049a4       0x84 libbootloader.a(hf2.c.o)
 .text.send_hf2_response
                0x0000000008004a28       0x3c libbootloader.a(hf2.c.o)
 .text.hf2_data_rx_cb
                0x0000000008004a64      0x200 libbootloader.a(hf2.c.o)
 .text.hf2_data_tx_cb
                0x0000000008004c64        0x4 libbootloader.a(hf2.c.o)
 .text.hf2_setup
                0x0000000008004c68       0x2c libbootloader.a(hf2.c.o)
                0x0000000008004c68                hf2_setup
 .text.usb21_set_config
                0x0000000008004c94       0x28 libbootloader.a(usb21_standard.c.o)
 .text.usb21_standard_get_descriptor
                0x0000000008004cbc       0xe4 libbootloader.a(usb21_standard.c.o)
 .text.usb21_setup
                0x0000000008004da0       0x38 libbootloader.a(usb21_standard.c.o)
                0x0000000008004da0                usb21_setup
 .text.backup_write
                0x0000000008004dd8       0x3c libbootloader.a(backup.c.o)
                0x0000000008004dd8                backup_write
 .text.backup_read
                0x0000000008004e14       0x1c libbootloader.a(backup.c.o)
                0x0000000008004e14                backup_read
 .text.flushFlash
                0x0000000008004e30       0x98 libbootloader.a(ghostfat.c.o)
 .text.flash_write
                0x0000000008004ec8       0x48 libbootloader.a(ghostfat.c.o)
                0x0000000008004ec8                flash_write
                0x0000000008004f10                . = ALIGN (0x4)
 :*reset_handler*(SORT(.rodata*))
 .rodata.reset_handler.str1.4
                0x0000000008004f10       0x37 /src/build/libraries/codal-libopencm3/CMakeFiles/hal.dir/stm32/hal/reset_handler.c.o
 *libhal.a:*reset_handler*(SORT(.rodata*))
 :*codal_target_hal*(SORT(.rodata*))
 *libhal.a:*codal_target_hal*(SORT(.rodata*))
 *fill*         0x0000000008004f47        0x1 
 .rodata._ZL11timer_alarmv.str1.4
                0x0000000008004f48        0x4 libhal.a(codal_target_hal.cpp.o)
 .rodata.target_get_serial.str1.4
                0x0000000008004f4c       0x16 libhal.a(codal_target_hal.cpp.o)
 *fill*         0x0000000008004f62        0x2 
 .rodata.target_panic.str1.4
                0x0000000008004f64       0x13 libhal.a(codal_target_hal.cpp.o)
 *fill*         0x0000000008004f77        0x1 
 .rodata.target_reset.str1.4
                0x0000000008004f78       0x11 libhal.a(codal_target_hal.cpp.o)
 *fill*         0x0000000008004f89        0x3 
 .rodata.target_seed_random.str1.4
                0x0000000008004f8c       0x17 libhal.a(codal_target_hal.cpp.o)
 *fill*         0x0000000008004fa3        0x1 
 .rodata.target_wait.str1.4
                0x0000000008004fa4       0x10 libhal.a(codal_target_hal.cpp.o)
 .rodata.target_wait_us.str1.4
                0x0000000008004fb4       0x13 libhal.a(codal_target_hal.cpp.o)
 *fill*         0x0000000008004fc7        0x1 
 .rodata.test_codal.str1.4
                0x0000000008004fc8       0x3c libhal.a(codal_target_hal.cpp.o)
 :*CortexContextSwitch*(SORT(.rodata*))
 *libhal.a:(SORT(.rodata*))
 *liblibopencm3.a:(SORT(.rodata*))
 .rodata.desig_get_unique_id_as_string.str1.4
                0x0000000008005004       0x11 liblibopencm3.a(desig.c.o)
 *fill*         0x0000000008005015        0x3 
 .rodata.st_usbfs_v1_usb_driver
                0x0000000008005018       0x34 liblibopencm3.a(st_usbfs_v1.c.o)
                0x0000000008005018                st_usbfs_v1_usb_driver
 .rodata.CSWTCH.31
                0x000000000800504c       0x28 liblibopencm3.a(usb_standard.c.o)
 .rodata.CSWTCH.33
                0x0000000008005074       0x30 liblibopencm3.a(usb_standard.c.o)
 *libFrameworkLibOpenCM3.a:(SORT(.rodata*))
 *libcocoos.a:(SORT(.rodata*))
 .rodata.os_on_assert.str1.4
                0x00000000080050a4       0x1a libcocoos.a(os_assert.c.o)
 *libcocoOS_?.?.?.a:(SORT(.rodata*))
 *libgcc.a:(SORT(.rodata*))
 *libqfplib.a:(SORT(.rodata*))
 *libnano-float.a:(SORT(.rodata*))
 *libnewlib.a:(SORT(.rodata*))
 .rodata._ctype_
                0x00000000080050be      0x101 libnewlib.a(ctype_.c.o)
                0x00000000080050be                _ctype_
 *liblogger.a:(SORT(.rodata*))
 *fill*         0x00000000080051bf        0x1 
 .rodata._Z11debug_printi.str1.4
                0x00000000080051c0        0x6 liblogger.a(logger.cpp.o)
 *fill*         0x00000000080051c6        0x2 
 .rodata._Z11debug_printj.str1.4
                0x00000000080051c8        0xb liblogger.a(logger.cpp.o)
 *fill*         0x00000000080051d3        0x1 
 .rodata.debug_println.str1.4
                0x00000000080051d4        0x2 liblogger.a(logger.cpp.o)
 *libbluepill.a:(SORT(.rodata*))
 *fill*         0x00000000080051d6        0x2 
 .rodata.platform_setup.str1.4
                0x00000000080051d8       0x13 libbluepill.a(bluepill.cpp.o)
 *fill*         0x00000000080051eb        0x1 
 .rodata.platform_set_alarm.str1.4
                0x00000000080051ec        0xf libbluepill.a(timer.cpp.o)
 *fill*         0x00000000080051fb        0x1 
 .rodata.platform_start_timer.str1.4
                0x00000000080051fc       0x38 libbluepill.a(timer.cpp.o)
                                         0x35 (size before relaxing)
 *libbootloader.a:(SORT(.rodata*))
 .rodata.bootloader_start.str1.4
                0x0000000008005234       0x60 libbootloader.a(bootloader.c.o)
 .rodata.aggregate_callback.str1.4
                0x0000000008005294        0xc libbootloader.a(usb_conf.c.o)
 .rodata.aggregate_register_callback.str1.4
                0x00000000080052a0       0x26 libbootloader.a(usb_conf.c.o)
 *fill*         0x00000000080052c6        0x2 
 .rodata.aggregate_register_config_callback.str1.4
                0x00000000080052c8       0x25 libbootloader.a(usb_conf.c.o)
 *fill*         0x00000000080052ed        0x3 
 .rodata.bos_descriptor
                0x00000000080052f0        0x9 libbootloader.a(usb_conf.c.o)
 *fill*         0x00000000080052f9        0x3 
 .rodata.cdc_iface_assoc
                0x00000000080052fc        0x8 libbootloader.a(usb_conf.c.o)
 .rodata.cdcacm_functional_descriptors
                0x0000000008005304       0x13 libbootloader.a(usb_conf.c.o)
 *fill*         0x0000000008005317        0x1 
 .rodata.comm_endp
                0x0000000008005318        0xf libbootloader.a(usb_conf.c.o)
 *fill*         0x0000000008005327        0x1 
 .rodata.comm_iface
                0x0000000008005328       0x15 libbootloader.a(usb_conf.c.o)
 *fill*         0x000000000800533d        0x3 
 .rodata.config
                0x0000000008005340        0xd libbootloader.a(usb_conf.c.o)
 *fill*         0x000000000800534d        0x3 
 .rodata.data_endp
                0x0000000008005350       0x1e libbootloader.a(usb_conf.c.o)
 *fill*         0x000000000800536e        0x2 
 .rodata.data_iface
                0x0000000008005370       0x15 libbootloader.a(usb_conf.c.o)
 *fill*         0x0000000008005385        0x3 
 .rodata.dev    0x0000000008005388       0x12 libbootloader.a(usb_conf.c.o)
 *fill*         0x000000000800539a        0x2 
 .rodata.dump_buffer.str1.4
                0x000000000800539c        0x4 libbootloader.a(usb_conf.c.o)
                                          0x9 (size before relaxing)
 .rodata.dump_usb_request.str1.4
                0x00000000080053a0       0x90 libbootloader.a(usb_conf.c.o)
 .rodata.hf2_endp
                0x0000000008005430       0x1e libbootloader.a(usb_conf.c.o)
 *fill*         0x000000000800544e        0x2 
 .rodata.hf2_iface
                0x0000000008005450       0x15 libbootloader.a(usb_conf.c.o)
 *fill*         0x0000000008005465        0x3 
 .rodata.interfaces
                0x0000000008005468       0x30 libbootloader.a(usb_conf.c.o)
 .rodata.set_aggregate_callback.str1.4
                0x0000000008005498       0x41 libbootloader.a(usb_conf.c.o)
 *fill*         0x00000000080054d9        0x3 
 .rodata.str1.4
                0x00000000080054dc       0x86 libbootloader.a(usb_conf.c.o)
 *fill*         0x0000000008005562        0x2 
 .rodata.usb_setup.str1.4
                0x0000000008005564       0x31 libbootloader.a(usb_conf.c.o)
 *fill*         0x0000000008005595        0x3 
 .rodata.webusb_control_vendor_request.str1.4
                0x0000000008005598       0x3f libbootloader.a(webusb.c.o)
                                         0x43 (size before relaxing)
 *fill*         0x00000000080055d7        0x1 
 .rodata.webusb_platform_capability_descriptor
                0x00000000080055d8       0x18 libbootloader.a(webusb.c.o)
                0x00000000080055d8                webusb_platform_capability_descriptor
 .rodata.webusb_set_config.str1.4
                0x00000000080055f0       0x1d libbootloader.a(webusb.c.o)
 *fill*         0x000000000800560d        0x3 
 .rodata.webusb_setup.str1.4
                0x0000000008005610       0x18 libbootloader.a(webusb.c.o)
 .rodata.guid   0x0000000008005628       0x92 libbootloader.a(winusb.c.o)
 *fill*         0x00000000080056ba        0x2 
 .rodata.microsoft_platform_capability_descriptor
                0x00000000080056bc       0x1c libbootloader.a(winusb.c.o)
                0x00000000080056bc                microsoft_platform_capability_descriptor
 .rodata.winusb_control_vendor_request.str1.4
                0x00000000080056d8       0x17 libbootloader.a(winusb.c.o)
 *fill*         0x00000000080056ef        0x1 
 .rodata.winusb_descriptor_request.str1.4
                0x00000000080056f0        0x6 libbootloader.a(winusb.c.o)
 *fill*         0x00000000080056f6        0x2 
 .rodata.winusb_set_config.str1.4
                0x00000000080056f8       0x1d libbootloader.a(winusb.c.o)
 *fill*         0x0000000008005715        0x3 
 .rodata.winusb_setup.str1.4
                0x0000000008005718       0x18 libbootloader.a(winusb.c.o)
 .rodata.winusb_string_descriptor
                0x0000000008005730       0x12 libbootloader.a(winusb.c.o)
 *fill*         0x0000000008005742        0x2 
 .rodata.target_flash_program_array.str1.4
                0x0000000008005744       0x73 libbootloader.a(target_stm32f103.c.o)
 *fill*         0x00000000080057b7        0x1 
 .rodata.target_get_startup_mode.str1.4
                0x00000000080057b8       0x35 libbootloader.a(target_stm32f103.c.o)
                                         0x39 (size before relaxing)
 *fill*         0x00000000080057ed        0x3 
 .rodata.cdc_setup.str1.4
                0x00000000080057f0       0x15 libbootloader.a(cdc.c.o)
 *fill*         0x0000000008005805        0x3 
 .rodata.cdcacm_comm_cb.str1.4
                0x0000000008005808        0x5 libbootloader.a(cdc.c.o)
 *fill*         0x000000000800580d        0x3 
 .rodata.cdcacm_control_request.str1.4
                0x0000000008005810       0x28 libbootloader.a(cdc.c.o)
                                         0x31 (size before relaxing)
 .rodata.cdcacm_data_rx_cb.str1.4
                0x0000000008005838        0x6 libbootloader.a(cdc.c.o)
 *fill*         0x000000000800583e        0x2 
 .rodata.cdcacm_set_config.str1.4
                0x0000000008005840       0x1d libbootloader.a(cdc.c.o)
 *fill*         0x000000000800585d        0x3 
 .rodata.line_coding
                0x0000000008005860        0x7 libbootloader.a(cdc.c.o)
 *fill*         0x0000000008005867        0x1 
 .rodata.assert.part.0.str1.4
                0x0000000008005868        0xc libbootloader.a(hf2.c.o)
 .rodata.bad_packet_message
                0x0000000008005874        0xb libbootloader.a(hf2.c.o)
 *fill*         0x000000000800587f        0x1 
 .rodata.hf2_data_rx_cb.str1.4
                0x0000000008005880       0x95 libbootloader.a(hf2.c.o)
                                         0x99 (size before relaxing)
 *fill*         0x0000000008005915        0x3 
 .rodata.hf2_set_config.str1.4
                0x0000000008005918        0xb libbootloader.a(hf2.c.o)
 *fill*         0x0000000008005923        0x1 
 .rodata.hf2_setup.str1.4
                0x0000000008005924       0x15 libbootloader.a(hf2.c.o)
 *fill*         0x0000000008005939        0x3 
 .rodata.send_hf2_response.str1.4
                0x000000000800593c        0x7 libbootloader.a(hf2.c.o)
 *fill*         0x0000000008005943        0x1 
 .rodata.usb21_set_config.str1.4
                0x0000000008005944       0x1c libbootloader.a(usb21_standard.c.o)
 .rodata.usb21_setup.str1.4
                0x0000000008005960       0x17 libbootloader.a(usb21_standard.c.o)
 *fill*         0x0000000008005977        0x1 
 .rodata.usb21_standard_get_descriptor.str1.4
                0x0000000008005978       0x24 libbootloader.a(usb21_standard.c.o)
 .rodata.flushFlash.str1.4
                0x000000000800599c       0x1e libbootloader.a(ghostfat.c.o)
                                         0x22 (size before relaxing)
 *fill*         0x00000000080059ba        0x2 
 .rodata.infoUf2File
                0x00000000080059bc       0x55 libbootloader.a(ghostfat.c.o)
                0x00000000080059bc                infoUf2File
                0x0000000008005a14                . = ALIGN (0x4)
 *fill*         0x0000000008005a11        0x3 
                0x0000000008005a14                _boot_etext = .

.text           0x0000000008006000     0x62e8
                0x0000000008006000                . = ALIGN (0x4)
                0x0000000008006000                _text = .
 *(SORT(.text.application_start))
 .text.application_start
                0x0000000008006000       0xec libcm.a(application.cpp.o)
                0x0000000008006000                application_start
 *(SORT(.text.main))
 *(SORT(.text.startup.main))
 .text.startup.main
                0x00000000080060ec        0xc CMakeFiles/STM32_BLUE_PILL.dir/pxtapp/main.cpp.o
                0x00000000080060ec                main
 *(SORT(.text*))
 .text._ZN6numops5mycvtEdPc
                0x00000000080060f8      0x174 CMakeFiles/STM32_BLUE_PILL.dir/pxtapp/base/core.cpp.o
                0x00000000080060f8                numops::mycvt(double, char*)
 *fill*         0x000000000800626c        0x4 
 .text._ZN5Math_12randomDoubleEv
                0x0000000008006270       0x54 CMakeFiles/STM32_BLUE_PILL.dir/pxtapp/base/core.cpp.o
                0x0000000008006270                Math_::randomDouble()
 .text._ZN5Math_4log2EPN3pxt12TValueStructE
                0x00000000080062c4       0x14 CMakeFiles/STM32_BLUE_PILL.dir/pxtapp/base/advmath.cpp.o
                0x00000000080062c4                Math_::log2(pxt::TValueStruct*)
 .text._ZN5Math_3expEPN3pxt12TValueStructE
                0x00000000080062d8       0x14 CMakeFiles/STM32_BLUE_PILL.dir/pxtapp/base/advmath.cpp.o
                0x00000000080062d8                Math_::exp(pxt::TValueStruct*)
 .text._ZN5Math_4tanhEPN3pxt12TValueStructE
                0x00000000080062ec       0x14 CMakeFiles/STM32_BLUE_PILL.dir/pxtapp/base/advmath.cpp.o
                0x00000000080062ec                Math_::tanh(pxt::TValueStruct*)
 .text._ZN5Math_4sinhEPN3pxt12TValueStructE
                0x0000000008006300       0x14 CMakeFiles/STM32_BLUE_PILL.dir/pxtapp/base/advmath.cpp.o
                0x0000000008006300                Math_::sinh(pxt::TValueStruct*)
 .text._ZN5Math_4coshEPN3pxt12TValueStructE
                0x0000000008006314       0x14 CMakeFiles/STM32_BLUE_PILL.dir/pxtapp/base/advmath.cpp.o
                0x0000000008006314                Math_::cosh(pxt::TValueStruct*)
 .text._ZN5Math_5atanhEPN3pxt12TValueStructE
                0x0000000008006328       0x14 CMakeFiles/STM32_BLUE_PILL.dir/pxtapp/base/advmath.cpp.o
                0x0000000008006328                Math_::atanh(pxt::TValueStruct*)
 .text._ZN5Math_5asinhEPN3pxt12TValueStructE
                0x000000000800633c       0x14 CMakeFiles/STM32_BLUE_PILL.dir/pxtapp/base/advmath.cpp.o
                0x000000000800633c                Math_::asinh(pxt::TValueStruct*)
 .text._ZN5Math_5acoshEPN3pxt12TValueStructE
                0x0000000008006350       0x14 CMakeFiles/STM32_BLUE_PILL.dir/pxtapp/base/advmath.cpp.o
                0x0000000008006350                Math_::acosh(pxt::TValueStruct*)
 .text._ZN3pxtL9readBytesEPhS0_ibi
                0x0000000008006364       0x6c CMakeFiles/STM32_BLUE_PILL.dir/pxtapp/base/buffer.cpp.o
 .text._ZN13BufferMethods8getBytesEPN3pxt11BoxedBufferE
                0x00000000080063d0        0x4 CMakeFiles/STM32_BLUE_PILL.dir/pxtapp/base/buffer.cpp.o
                0x00000000080063d0                BufferMethods::getBytes(pxt::BoxedBuffer*)
 .text._ZN13BufferMethods7getByteEPN3pxt11BoxedBufferEi
                0x00000000080063d4       0x18 CMakeFiles/STM32_BLUE_PILL.dir/pxtapp/base/buffer.cpp.o
                0x00000000080063d4                BufferMethods::getByte(pxt::BoxedBuffer*, int)
 .text._ZN13BufferMethods7setByteEPN3pxt11BoxedBufferEii
                0x00000000080063ec       0x14 CMakeFiles/STM32_BLUE_PILL.dir/pxtapp/base/buffer.cpp.o
                0x00000000080063ec                BufferMethods::setByte(pxt::BoxedBuffer*, int, int)
 .text._ZN13BufferMethods11writeBufferEPN3pxt11BoxedBufferEiS2_ii
                0x0000000008006400       0x54 CMakeFiles/STM32_BLUE_PILL.dir/pxtapp/base/buffer.cpp.o
                0x0000000008006400                BufferMethods::writeBuffer(pxt::BoxedBuffer*, int, pxt::BoxedBuffer*, int, int)
 .text._ZN13BufferMethods6lengthEPN3pxt11BoxedBufferE
                0x0000000008006454        0x4 CMakeFiles/STM32_BLUE_PILL.dir/pxtapp/base/buffer.cpp.o
                0x0000000008006454                BufferMethods::length(pxt::BoxedBuffer*)
 .text._ZN13BufferMethods4fillEPN3pxt11BoxedBufferEiii
                0x0000000008006458       0x2c CMakeFiles/STM32_BLUE_PILL.dir/pxtapp/base/buffer.cpp.o
                0x0000000008006458                BufferMethods::fill(pxt::BoxedBuffer*, int, int, int)
 .text._ZN13BufferMethods5sliceEPN3pxt11BoxedBufferEii
                0x0000000008006484       0x28 CMakeFiles/STM32_BLUE_PILL.dir/pxtapp/base/buffer.cpp.o
                0x0000000008006484                BufferMethods::slice(pxt::BoxedBuffer*, int, int)
 .text._ZN13BufferMethods5shiftEPN3pxt11BoxedBufferEiii
                0x00000000080064ac       0x80 CMakeFiles/STM32_BLUE_PILL.dir/pxtapp/base/buffer.cpp.o
                0x00000000080064ac                BufferMethods::shift(pxt::BoxedBuffer*, int, int, int)
 .text._ZN13BufferMethods5toHexEPN3pxt11BoxedBufferE
                0x000000000800652c       0x40 CMakeFiles/STM32_BLUE_PILL.dir/pxtapp/base/buffer.cpp.o
                0x000000000800652c                BufferMethods::toHex(pxt::BoxedBuffer*)
 .text._ZN13BufferMethods6rotateEPN3pxt11BoxedBufferEiii
                0x000000000800656c       0x70 CMakeFiles/STM32_BLUE_PILL.dir/pxtapp/base/buffer.cpp.o
                0x000000000800656c                BufferMethods::rotate(pxt::BoxedBuffer*, int, int, int)
 .text._ZN13BufferMethods5writeEPN3pxt11BoxedBufferEiS2_
                0x00000000080065dc       0x14 CMakeFiles/STM32_BLUE_PILL.dir/pxtapp/base/buffer.cpp.o
                0x00000000080065dc                BufferMethods::write(pxt::BoxedBuffer*, int, pxt::BoxedBuffer*)
 .text._ZN7control12createBufferEi
                0x00000000080065f0        0x8 CMakeFiles/STM32_BLUE_PILL.dir/pxtapp/base/buffer.cpp.o
                0x00000000080065f0                control::createBuffer(int)
 .text._ZN3pxt13setNumberCoreEPhiNS_12NumberFormatEPNS_12TValueStructE
                0x00000000080065f8      0x148 CMakeFiles/STM32_BLUE_PILL.dir/pxtapp/base/buffer.cpp.o
                0x00000000080065f8                pxt::setNumberCore(unsigned char*, int, pxt::NumberFormat, pxt::TValueStruct*)
 .text._ZN13BufferMethods9setNumberEPN3pxt11BoxedBufferENS0_12NumberFormatEiPNS0_12TValueStructE
                0x0000000008006740       0x1c CMakeFiles/STM32_BLUE_PILL.dir/pxtapp/base/buffer.cpp.o
                0x0000000008006740                BufferMethods::setNumber(pxt::BoxedBuffer*, pxt::NumberFormat, int, pxt::TValueStruct*)
 .text._ZN3pxt13getNumberCoreEPhiNS_12NumberFormatE
                0x000000000800675c      0x120 CMakeFiles/STM32_BLUE_PILL.dir/pxtapp/base/buffer.cpp.o
                0x000000000800675c                pxt::getNumberCore(unsigned char*, int, pxt::NumberFormat)
 .text._ZN13BufferMethods9getNumberEPN3pxt11BoxedBufferENS0_12NumberFormatEi
                0x000000000800687c       0x1c CMakeFiles/STM32_BLUE_PILL.dir/pxtapp/base/buffer.cpp.o
                0x000000000800687c                BufferMethods::getNumber(pxt::BoxedBuffer*, pxt::NumberFormat, int)
 .text._ZN7control6millisEv
                0x0000000008006898        0x4 CMakeFiles/STM32_BLUE_PILL.dir/pxtapp/base/control.cpp.o
                0x0000000008006898                control::millis()
 .text._ZN7control15internalOnEventEiiPN3pxt12TValueStructEi
                0x000000000800689c        0x4 CMakeFiles/STM32_BLUE_PILL.dir/pxtapp/base/control.cpp.o
                0x000000000800689c                control::internalOnEvent(int, int, pxt::TValueStruct*, int)
 .text._ZN7control5resetEv
                0x00000000080068a0        0x4 CMakeFiles/STM32_BLUE_PILL.dir/pxtapp/base/control.cpp.o
                0x00000000080068a0                control::reset()
 .text._ZN7control10waitMicrosEi
                0x00000000080068a4        0x8 CMakeFiles/STM32_BLUE_PILL.dir/pxtapp/base/control.cpp.o
                0x00000000080068a4                control::waitMicros(int)
 .text._ZN7control13runInParallelEPN3pxt12TValueStructE
                0x00000000080068ac        0x4 CMakeFiles/STM32_BLUE_PILL.dir/pxtapp/base/control.cpp.o
                0x00000000080068ac                control::runInParallel(pxt::TValueStruct*)
 .text._ZN7control12waitForEventEii
                0x00000000080068b0        0x4 CMakeFiles/STM32_BLUE_PILL.dir/pxtapp/base/control.cpp.o
                0x00000000080068b0                control::waitForEvent(int, int)
 .text._ZN7control18deviceSerialNumberEv
                0x00000000080068b4        0x4 CMakeFiles/STM32_BLUE_PILL.dir/pxtapp/base/control.cpp.o
                0x00000000080068b4                control::deviceSerialNumber()
 .text._ZN7control5__logEiPN3pxt11BoxedStringE
                0x00000000080068b8       0x10 CMakeFiles/STM32_BLUE_PILL.dir/pxtapp/base/control.cpp.o
                0x00000000080068b8                control::__log(int, pxt::BoxedString*)
 .text._ZN7control10dmesgValueEPN3pxt12TValueStructE
                0x00000000080068c8        0x4 CMakeFiles/STM32_BLUE_PILL.dir/pxtapp/base/control.cpp.o
                0x00000000080068c8                control::dmesgValue(pxt::TValueStruct*)
 .text._ZN7control2gcEv
                0x00000000080068cc        0x8 CMakeFiles/STM32_BLUE_PILL.dir/pxtapp/base/control.cpp.o
                0x00000000080068cc                control::gc()
 .text._ZN7control8heapDumpEv
                0x00000000080068d4       0x14 CMakeFiles/STM32_BLUE_PILL.dir/pxtapp/base/control.cpp.o
                0x00000000080068d4                control::heapDump()
 .text._ZN7control16profilingEnabledEv
                0x00000000080068e8        0x4 CMakeFiles/STM32_BLUE_PILL.dir/pxtapp/base/control.cpp.o
                0x00000000080068e8                control::profilingEnabled()
 .text._ZN3pxtL13dtorDoNothingEv
                0x00000000080068ec        0x4 CMakeFiles/STM32_BLUE_PILL.dir/pxtapp/base/core.cpp.o
 .text._ZN3pxtL11string_sizeEPNS_11BoxedStringE
                0x00000000080068f0        0x8 CMakeFiles/STM32_BLUE_PILL.dir/pxtapp/base/core.cpp.o
 .text._ZN3pxtL11number_sizeEPNS_11BoxedNumberE
                0x00000000080068f8        0x4 CMakeFiles/STM32_BLUE_PILL.dir/pxtapp/base/core.cpp.o
 .text._ZN3pxtL11buffer_sizeEPNS_11BoxedBufferE
                0x00000000080068fc        0x8 CMakeFiles/STM32_BLUE_PILL.dir/pxtapp/base/core.cpp.o
 .text._ZN3pxt11findBindingEii
                0x0000000008006904       0x1c CMakeFiles/STM32_BLUE_PILL.dir/pxtapp/base/core.cpp.o
                0x0000000008006904                pxt::findBinding(int, int)
 .text._ZN3pxt10setBindingEiiPNS_12TValueStructE
                0x0000000008006920       0x4c CMakeFiles/STM32_BLUE_PILL.dir/pxtapp/base/core.cpp.o
                0x0000000008006920                pxt::setBinding(int, int, pxt::TValueStruct*)
 .text._ZN3pxt8mkStringEPKci
                0x000000000800696c       0x48 CMakeFiles/STM32_BLUE_PILL.dir/pxtapp/base/core.cpp.o
                0x000000000800696c                pxt::mkString(char const*, int)
 .text._ZN3pxt8mkBufferEPKhi
                0x00000000080069b4       0x40 CMakeFiles/STM32_BLUE_PILL.dir/pxtapp/base/core.cpp.o
                0x00000000080069b4                pxt::mkBuffer(unsigned char const*, int)
 .text._ZN3pxt9getRandomEj
                0x00000000080069f4       0x40 CMakeFiles/STM32_BLUE_PILL.dir/pxtapp/base/core.cpp.o
                0x00000000080069f4                pxt::getRandom(unsigned int)
 .text._ZN7String_7mkEmptyEv
                0x0000000008006a34        0xc CMakeFiles/STM32_BLUE_PILL.dir/pxtapp/base/core.cpp.o
                0x0000000008006a34                String_::mkEmpty()
 .text._ZN7String_12fromCharCodeEi
                0x0000000008006a40       0x20 CMakeFiles/STM32_BLUE_PILL.dir/pxtapp/base/core.cpp.o
                0x0000000008006a40                String_::fromCharCode(int)
 .text._ZN7String_6charAtEPN3pxt11BoxedStringEi
                0x0000000008006a60       0x3c CMakeFiles/STM32_BLUE_PILL.dir/pxtapp/base/core.cpp.o
                0x0000000008006a60                String_::charAt(pxt::BoxedString*, int)
 .text._ZN7String_6concatEPN3pxt11BoxedStringES2_
                0x0000000008006a9c       0x70 CMakeFiles/STM32_BLUE_PILL.dir/pxtapp/base/core.cpp.o
                0x0000000008006a9c                String_::concat(pxt::BoxedString*, pxt::BoxedString*)
 .text._ZN7String_7compareEPN3pxt11BoxedStringES2_
                0x0000000008006b0c       0x24 CMakeFiles/STM32_BLUE_PILL.dir/pxtapp/base/core.cpp.o
                0x0000000008006b0c                String_::compare(pxt::BoxedString*, pxt::BoxedString*)
 .text._ZN7String_6lengthEPN3pxt11BoxedStringE
                0x0000000008006b30        0x4 CMakeFiles/STM32_BLUE_PILL.dir/pxtapp/base/core.cpp.o
                0x0000000008006b30                String_::length(pxt::BoxedString*)
 .text._ZN7String_8mystrtodEPKcPPc
                0x0000000008006b34      0x174 CMakeFiles/STM32_BLUE_PILL.dir/pxtapp/base/core.cpp.o
                0x0000000008006b34                String_::mystrtod(char const*, char**)
 .text._ZN7String_6substrEPN3pxt11BoxedStringEii
                0x0000000008006ca8       0x34 CMakeFiles/STM32_BLUE_PILL.dir/pxtapp/base/core.cpp.o
                0x0000000008006ca8                String_::substr(pxt::BoxedString*, int, int)
 .text._ZN7String_7indexOfEPN3pxt11BoxedStringES2_i
                0x0000000008006cdc       0x30 CMakeFiles/STM32_BLUE_PILL.dir/pxtapp/base/core.cpp.o
                0x0000000008006cdc                String_::indexOf(pxt::BoxedString*, pxt::BoxedString*, int)
 .text._ZN7String_8includesEPN3pxt11BoxedStringES2_i
                0x0000000008006d0c       0x10 CMakeFiles/STM32_BLUE_PILL.dir/pxtapp/base/core.cpp.o
                0x0000000008006d0c                String_::includes(pxt::BoxedString*, pxt::BoxedString*, int)
 .text._ZN8Boolean_4bangEi
                0x0000000008006d1c        0x8 CMakeFiles/STM32_BLUE_PILL.dir/pxtapp/base/core.cpp.o
                0x0000000008006d1c                Boolean_::bang(int)
 .text._ZN3pxt10fromDoubleEd
                0x0000000008006d24       0xac CMakeFiles/STM32_BLUE_PILL.dir/pxtapp/base/core.cpp.o
                0x0000000008006d24                pxt::fromDouble(double)
 .text._ZN7String_8toNumberEPN3pxt11BoxedStringE
                0x0000000008006dd0       0xa4 CMakeFiles/STM32_BLUE_PILL.dir/pxtapp/base/core.cpp.o
                0x0000000008006dd0                String_::toNumber(pxt::BoxedString*)
 .text._ZN3pxt7fromIntEi.part.7
                0x0000000008006e74       0x10 CMakeFiles/STM32_BLUE_PILL.dir/pxtapp/base/core.cpp.o
 .text._ZN7String_10charCodeAtEPN3pxt11BoxedStringEi
                0x0000000008006e84       0x1c CMakeFiles/STM32_BLUE_PILL.dir/pxtapp/base/core.cpp.o
                0x0000000008006e84                String_::charCodeAt(pxt::BoxedString*, int)
 .text._ZN3pxt9fromFloatEf
                0x0000000008006ea0       0x10 CMakeFiles/STM32_BLUE_PILL.dir/pxtapp/base/core.cpp.o
                0x0000000008006ea0                pxt::fromFloat(float)
 .text._ZN3pxt7fromIntEi
                0x0000000008006eb0       0x14 CMakeFiles/STM32_BLUE_PILL.dir/pxtapp/base/core.cpp.o
                0x0000000008006eb0                pxt::fromInt(int)
 .text._ZN3pxt8fromUIntEj
                0x0000000008006ec4       0x1c CMakeFiles/STM32_BLUE_PILL.dir/pxtapp/base/core.cpp.o
                0x0000000008006ec4                pxt::fromUInt(unsigned int)
 .text._ZN3pxt8fromBoolEb
                0x0000000008006ee0        0xc CMakeFiles/STM32_BLUE_PILL.dir/pxtapp/base/core.cpp.o
                0x0000000008006ee0                pxt::fromBool(bool)
 .text._ZN5Math_6randomEv
                0x0000000008006eec       0x10 CMakeFiles/STM32_BLUE_PILL.dir/pxtapp/base/core.cpp.o
                0x0000000008006eec                Math_::random()
 .text._ZN5Math_4imulEii
                0x0000000008006efc        0x8 CMakeFiles/STM32_BLUE_PILL.dir/pxtapp/base/core.cpp.o
                0x0000000008006efc                Math_::imul(int, int)
 .text._ZN5Math_4idivEii
                0x0000000008006f04        0x8 CMakeFiles/STM32_BLUE_PILL.dir/pxtapp/base/core.cpp.o
                0x0000000008006f04                Math_::idiv(int, int)
 .text._ZN6Array_2mkEv
                0x0000000008006f0c       0x14 CMakeFiles/STM32_BLUE_PILL.dir/pxtapp/base/core.cpp.o
                0x0000000008006f0c                Array_::mk()
 .text._ZN6Array_6lengthEPN3pxt13RefCollectionE
                0x0000000008006f20        0x4 CMakeFiles/STM32_BLUE_PILL.dir/pxtapp/base/core.cpp.o
                0x0000000008006f20                Array_::length(pxt::RefCollection*)
 .text._ZN6Array_9setLengthEPN3pxt13RefCollectionEi
                0x0000000008006f24        0x8 CMakeFiles/STM32_BLUE_PILL.dir/pxtapp/base/core.cpp.o
                0x0000000008006f24                Array_::setLength(pxt::RefCollection*, int)
 .text._ZN6Array_4pushEPN3pxt13RefCollectionEPNS0_12TValueStructE
                0x0000000008006f2c        0xc CMakeFiles/STM32_BLUE_PILL.dir/pxtapp/base/core.cpp.o
                0x0000000008006f2c                Array_::push(pxt::RefCollection*, pxt::TValueStruct*)
 .text._ZN6Array_3popEPN3pxt13RefCollectionE
                0x0000000008006f38        0x8 CMakeFiles/STM32_BLUE_PILL.dir/pxtapp/base/core.cpp.o
                0x0000000008006f38                Array_::pop(pxt::RefCollection*)
 .text._ZN6Array_5getAtEPN3pxt13RefCollectionEi
                0x0000000008006f40       0x10 CMakeFiles/STM32_BLUE_PILL.dir/pxtapp/base/core.cpp.o
                0x0000000008006f40                Array_::getAt(pxt::RefCollection*, int)
 .text._ZN6Array_5setAtEPN3pxt13RefCollectionEiPNS0_12TValueStructE
                0x0000000008006f50        0x8 CMakeFiles/STM32_BLUE_PILL.dir/pxtapp/base/core.cpp.o
                0x0000000008006f50                Array_::setAt(pxt::RefCollection*, int, pxt::TValueStruct*)
 .text._ZN6Array_8removeAtEPN3pxt13RefCollectionEi
                0x0000000008006f58        0x8 CMakeFiles/STM32_BLUE_PILL.dir/pxtapp/base/core.cpp.o
                0x0000000008006f58                Array_::removeAt(pxt::RefCollection*, int)
 .text._ZN6Array_8insertAtEPN3pxt13RefCollectionEiPNS0_12TValueStructE
                0x0000000008006f60        0x8 CMakeFiles/STM32_BLUE_PILL.dir/pxtapp/base/core.cpp.o
                0x0000000008006f60                Array_::insertAt(pxt::RefCollection*, int, pxt::TValueStruct*)
 .text._ZN3pxt11programSizeEv
                0x0000000008006f68       0x10 CMakeFiles/STM32_BLUE_PILL.dir/pxtapp/base/core.cpp.o
                0x0000000008006f68                pxt::programSize()
 .text._ZN3pxt9getConfigEii
                0x0000000008006f78       0x38 CMakeFiles/STM32_BLUE_PILL.dir/pxtapp/base/core.cpp.o
                0x0000000008006f78                pxt::getConfig(int, int)
 .text._ZN5pxtrt8ldlocRefEPN3pxt11RefRefLocalE
                0x0000000008006fb0        0x4 CMakeFiles/STM32_BLUE_PILL.dir/pxtapp/base/core.cpp.o
                0x0000000008006fb0                pxtrt::ldlocRef(pxt::RefRefLocal*)
 .text._ZN5pxtrt8stlocRefEPN3pxt11RefRefLocalEPNS0_12TValueStructE
                0x0000000008006fb4        0x4 CMakeFiles/STM32_BLUE_PILL.dir/pxtapp/base/core.cpp.o
                0x0000000008006fb4                pxtrt::stlocRef(pxt::RefRefLocal*, pxt::TValueStruct*)
 .text._ZN5pxtrt8mklocRefEv
                0x0000000008006fb8       0x14 CMakeFiles/STM32_BLUE_PILL.dir/pxtapp/base/core.cpp.o
                0x0000000008006fb8                pxtrt::mklocRef()
 .text._ZN5pxtrt5stcloEPN3pxt9RefActionEiPNS0_12TValueStructE
                0x0000000008006fcc       0x34 CMakeFiles/STM32_BLUE_PILL.dir/pxtapp/base/core.cpp.o
                0x0000000008006fcc                pxtrt::stclo(pxt::RefAction*, int, pxt::TValueStruct*)
 .text._ZN5pxtrt5panicEi
                0x0000000008007000        0x4 CMakeFiles/STM32_BLUE_PILL.dir/pxtapp/base/core.cpp.o
                0x0000000008007000                pxtrt::panic(int)
 .text._ZN5pxtrt11emptyToNullEPN3pxt11BoxedStringE
                0x0000000008007004        0xc CMakeFiles/STM32_BLUE_PILL.dir/pxtapp/base/core.cpp.o
                0x0000000008007004                pxtrt::emptyToNull(pxt::BoxedString*)
 .text._ZN5pxtrt9ptrToBoolEPN3pxt12TValueStructE
                0x0000000008007010        0x8 CMakeFiles/STM32_BLUE_PILL.dir/pxtapp/base/core.cpp.o
                0x0000000008007010                pxtrt::ptrToBool(pxt::TValueStruct*)
 .text._ZN5pxtrt5mkMapEv
                0x0000000008007018       0x14 CMakeFiles/STM32_BLUE_PILL.dir/pxtapp/base/core.cpp.o
                0x0000000008007018                pxtrt::mkMap()
 .text._ZN5pxtrt14mapGetByStringEPN3pxt6RefMapEPNS0_11BoxedStringE
                0x000000000800702c       0x20 CMakeFiles/STM32_BLUE_PILL.dir/pxtapp/base/core.cpp.o
                0x000000000800702c                pxtrt::mapGetByString(pxt::RefMap*, pxt::BoxedString*)
 .text._ZN5pxtrt12lookupMapKeyEPN3pxt11BoxedStringE
                0x000000000800704c       0x8c CMakeFiles/STM32_BLUE_PILL.dir/pxtapp/base/core.cpp.o
                0x000000000800704c                pxtrt::lookupMapKey(pxt::BoxedString*)
 .text._ZN5pxtrt6mapGetEPN3pxt6RefMapEj
                0x00000000080070d8       0x14 CMakeFiles/STM32_BLUE_PILL.dir/pxtapp/base/core.cpp.o
                0x00000000080070d8                pxtrt::mapGet(pxt::RefMap*, unsigned int)
 .text._ZN5pxtrt14mapSetByStringEPN3pxt6RefMapEPNS0_11BoxedStringEPNS0_12TValueStructE
                0x00000000080070ec       0x38 CMakeFiles/STM32_BLUE_PILL.dir/pxtapp/base/core.cpp.o
                0x00000000080070ec                pxtrt::mapSetByString(pxt::RefMap*, pxt::BoxedString*, pxt::TValueStruct*)
 .text._ZN5pxtrt6mapSetEPN3pxt6RefMapEjPNS0_12TValueStructE
                0x0000000008007124       0x14 CMakeFiles/STM32_BLUE_PILL.dir/pxtapp/base/core.cpp.o
                0x0000000008007124                pxtrt::mapSet(pxt::RefMap*, unsigned int, pxt::TValueStruct*)
 .text._ZN5pxtrt13getGlobalsPtrEv
                0x0000000008007138        0xc CMakeFiles/STM32_BLUE_PILL.dir/pxtapp/base/core.cpp.o
                0x0000000008007138                pxtrt::getGlobalsPtr()
 .text._ZN5pxtrt14runtimeWarningEPN3pxt11BoxedStringE
                0x0000000008007144        0x4 CMakeFiles/STM32_BLUE_PILL.dir/pxtapp/base/core.cpp.o
                0x0000000008007144                pxtrt::runtimeWarning(pxt::BoxedString*)
 .text._ZN3pxt7valTypeEPNS_12TValueStructE
                0x0000000008007148       0x4c CMakeFiles/STM32_BLUE_PILL.dir/pxtapp/base/core.cpp.o
                0x0000000008007148                pxt::valType(pxt::TValueStruct*)
 .text._ZN3pxt8toDoubleEPNS_12TValueStructE
                0x0000000008007194       0x50 CMakeFiles/STM32_BLUE_PILL.dir/pxtapp/base/core.cpp.o
                0x0000000008007194                pxt::toDouble(pxt::TValueStruct*)
 .text._ZN3pxt6toUIntEPNS_12TValueStructE
                0x00000000080071e4       0xd0 CMakeFiles/STM32_BLUE_PILL.dir/pxtapp/base/core.cpp.o
                0x00000000080071e4                pxt::toUInt(pxt::TValueStruct*)
 .text._ZN3pxt5toIntEPNS_12TValueStructE
                0x00000000080072b4        0x4 CMakeFiles/STM32_BLUE_PILL.dir/pxtapp/base/core.cpp.o
                0x00000000080072b4                pxt::toInt(pxt::TValueStruct*)
 .text._ZN6numops4lslsEPN3pxt12TValueStructES2_
                0x00000000080072b8       0x2c CMakeFiles/STM32_BLUE_PILL.dir/pxtapp/base/core.cpp.o
                0x00000000080072b8                numops::lsls(pxt::TValueStruct*, pxt::TValueStruct*)
 .text._ZN6numops4asrsEPN3pxt12TValueStructES2_
                0x00000000080072e4       0x2c CMakeFiles/STM32_BLUE_PILL.dir/pxtapp/base/core.cpp.o
                0x00000000080072e4                numops::asrs(pxt::TValueStruct*, pxt::TValueStruct*)
 .text._ZN6numops4eorsEPN3pxt12TValueStructES2_
                0x0000000008007310       0x28 CMakeFiles/STM32_BLUE_PILL.dir/pxtapp/base/core.cpp.o
                0x0000000008007310                numops::eors(pxt::TValueStruct*, pxt::TValueStruct*)
 .text._ZN6numops4orrsEPN3pxt12TValueStructES2_
                0x0000000008007338       0x28 CMakeFiles/STM32_BLUE_PILL.dir/pxtapp/base/core.cpp.o
                0x0000000008007338                numops::orrs(pxt::TValueStruct*, pxt::TValueStruct*)
 .text._ZN6numops4bnotEPN3pxt12TValueStructE
                0x0000000008007360       0x20 CMakeFiles/STM32_BLUE_PILL.dir/pxtapp/base/core.cpp.o
                0x0000000008007360                numops::bnot(pxt::TValueStruct*)
 .text._ZN6numops4andsEPN3pxt12TValueStructES2_
                0x0000000008007380       0x28 CMakeFiles/STM32_BLUE_PILL.dir/pxtapp/base/core.cpp.o
                0x0000000008007380                numops::ands(pxt::TValueStruct*, pxt::TValueStruct*)
 .text._ZN6numops4lsrsEPN3pxt12TValueStructES2_
                0x00000000080073a8       0x30 CMakeFiles/STM32_BLUE_PILL.dir/pxtapp/base/core.cpp.o
                0x00000000080073a8                numops::lsrs(pxt::TValueStruct*, pxt::TValueStruct*)
 .text._ZN3pxt7toFloatEPNS_12TValueStructE
                0x00000000080073d8        0xc CMakeFiles/STM32_BLUE_PILL.dir/pxtapp/base/core.cpp.o
                0x00000000080073d8                pxt::toFloat(pxt::TValueStruct*)
 .text._ZN6numops4addsEPN3pxt12TValueStructES2_
                0x00000000080073e4       0x28 CMakeFiles/STM32_BLUE_PILL.dir/pxtapp/base/core.cpp.o
                0x00000000080073e4                numops::adds(pxt::TValueStruct*, pxt::TValueStruct*)
 .text._ZN6numops4subsEPN3pxt12TValueStructES2_
                0x000000000800740c       0x28 CMakeFiles/STM32_BLUE_PILL.dir/pxtapp/base/core.cpp.o
                0x000000000800740c                numops::subs(pxt::TValueStruct*, pxt::TValueStruct*)
 .text._ZN6numops4mulsEPN3pxt12TValueStructES2_
                0x0000000008007434       0x58 CMakeFiles/STM32_BLUE_PILL.dir/pxtapp/base/core.cpp.o
                0x0000000008007434                numops::muls(pxt::TValueStruct*, pxt::TValueStruct*)
 .text._ZN6numops3divEPN3pxt12TValueStructES2_
                0x000000000800748c       0x28 CMakeFiles/STM32_BLUE_PILL.dir/pxtapp/base/core.cpp.o
                0x000000000800748c                numops::div(pxt::TValueStruct*, pxt::TValueStruct*)
 .text._ZN6numops3modEPN3pxt12TValueStructES2_
                0x00000000080074b4       0x64 CMakeFiles/STM32_BLUE_PILL.dir/pxtapp/base/core.cpp.o
                0x00000000080074b4                numops::mod(pxt::TValueStruct*, pxt::TValueStruct*)
 .text._ZN5Math_3powEPN3pxt12TValueStructES2_
                0x0000000008007518       0x28 CMakeFiles/STM32_BLUE_PILL.dir/pxtapp/base/core.cpp.o
                0x0000000008007518                Math_::pow(pxt::TValueStruct*, pxt::TValueStruct*)
 .text._ZN5Math_5atan2EPN3pxt12TValueStructES2_
                0x0000000008007540       0x28 CMakeFiles/STM32_BLUE_PILL.dir/pxtapp/base/core.cpp.o
                0x0000000008007540                Math_::atan2(pxt::TValueStruct*, pxt::TValueStruct*)
 .text._ZN5Math_11randomRangeEPN3pxt12TValueStructES2_
                0x0000000008007568       0xb0 CMakeFiles/STM32_BLUE_PILL.dir/pxtapp/base/core.cpp.o
                0x0000000008007568                Math_::randomRange(pxt::TValueStruct*, pxt::TValueStruct*)
 .text._ZN5Math_3logEPN3pxt12TValueStructE
                0x0000000008007618       0x14 CMakeFiles/STM32_BLUE_PILL.dir/pxtapp/base/core.cpp.o
                0x0000000008007618                Math_::log(pxt::TValueStruct*)
 .text._ZN5Math_5log10EPN3pxt12TValueStructE
                0x000000000800762c       0x14 CMakeFiles/STM32_BLUE_PILL.dir/pxtapp/base/core.cpp.o
                0x000000000800762c                Math_::log10(pxt::TValueStruct*)
 .text._ZN5Math_3tanEPN3pxt12TValueStructE
                0x0000000008007640       0x14 CMakeFiles/STM32_BLUE_PILL.dir/pxtapp/base/core.cpp.o
                0x0000000008007640                Math_::tan(pxt::TValueStruct*)
 .text._ZN5Math_3sinEPN3pxt12TValueStructE
                0x0000000008007654       0x14 CMakeFiles/STM32_BLUE_PILL.dir/pxtapp/base/core.cpp.o
                0x0000000008007654                Math_::sin(pxt::TValueStruct*)
 .text._ZN5Math_3cosEPN3pxt12TValueStructE
                0x0000000008007668       0x14 CMakeFiles/STM32_BLUE_PILL.dir/pxtapp/base/core.cpp.o
                0x0000000008007668                Math_::cos(pxt::TValueStruct*)
 .text._ZN5Math_4atanEPN3pxt12TValueStructE
                0x000000000800767c       0x14 CMakeFiles/STM32_BLUE_PILL.dir/pxtapp/base/core.cpp.o
                0x000000000800767c                Math_::atan(pxt::TValueStruct*)
 .text._ZN5Math_4asinEPN3pxt12TValueStructE
                0x0000000008007690       0x14 CMakeFiles/STM32_BLUE_PILL.dir/pxtapp/base/core.cpp.o
                0x0000000008007690                Math_::asin(pxt::TValueStruct*)
 .text._ZN5Math_4acosEPN3pxt12TValueStructE
                0x00000000080076a4       0x14 CMakeFiles/STM32_BLUE_PILL.dir/pxtapp/base/core.cpp.o
                0x00000000080076a4                Math_::acos(pxt::TValueStruct*)
 .text._ZN5Math_4sqrtEPN3pxt12TValueStructE
                0x00000000080076b8       0x14 CMakeFiles/STM32_BLUE_PILL.dir/pxtapp/base/core.cpp.o
                0x00000000080076b8                Math_::sqrt(pxt::TValueStruct*)
 .text._ZN5Math_5floorEPN3pxt12TValueStructE
                0x00000000080076cc       0x14 CMakeFiles/STM32_BLUE_PILL.dir/pxtapp/base/core.cpp.o
                0x00000000080076cc                Math_::floor(pxt::TValueStruct*)
 .text._ZN5Math_4ceilEPN3pxt12TValueStructE
                0x00000000080076e0       0x14 CMakeFiles/STM32_BLUE_PILL.dir/pxtapp/base/core.cpp.o
                0x00000000080076e0                Math_::ceil(pxt::TValueStruct*)
 .text._ZN5Math_5truncEPN3pxt12TValueStructE
                0x00000000080076f4       0x14 CMakeFiles/STM32_BLUE_PILL.dir/pxtapp/base/core.cpp.o
                0x00000000080076f4                Math_::trunc(pxt::TValueStruct*)
 .text._ZN5Math_5roundEPN3pxt12TValueStructE
                0x0000000008007708       0x20 CMakeFiles/STM32_BLUE_PILL.dir/pxtapp/base/core.cpp.o
                0x0000000008007708                Math_::round(pxt::TValueStruct*)
 .text._ZN3pxt8eqq_boolEPNS_12TValueStructES1_
                0x0000000008007728       0x84 CMakeFiles/STM32_BLUE_PILL.dir/pxtapp/base/core.cpp.o
                0x0000000008007728                pxt::eqq_bool(pxt::TValueStruct*, pxt::TValueStruct*)
 .text._ZN6numops3eqqEPN3pxt12TValueStructES2_
                0x00000000080077ac       0x10 CMakeFiles/STM32_BLUE_PILL.dir/pxtapp/base/core.cpp.o
                0x00000000080077ac                numops::eqq(pxt::TValueStruct*, pxt::TValueStruct*)
 .text._ZN6numops4neqqEPN3pxt12TValueStructES2_
                0x00000000080077bc       0x10 CMakeFiles/STM32_BLUE_PILL.dir/pxtapp/base/core.cpp.o
                0x00000000080077bc                numops::neqq(pxt::TValueStruct*, pxt::TValueStruct*)
 .text._ZN3pxt7eq_boolEPNS_12TValueStructES1_
                0x00000000080077cc      0x134 CMakeFiles/STM32_BLUE_PILL.dir/pxtapp/base/core.cpp.o
                0x00000000080077cc                pxt::eq_bool(pxt::TValueStruct*, pxt::TValueStruct*)
 .text._ZN3pxt9switch_eqEPNS_12TValueStructES1_
                0x0000000008007900        0x4 CMakeFiles/STM32_BLUE_PILL.dir/pxtapp/base/core.cpp.o
                0x0000000008007900                pxt::switch_eq(pxt::TValueStruct*, pxt::TValueStruct*)
 .text._ZN6numops2eqEPN3pxt12TValueStructES2_
                0x0000000008007904       0x10 CMakeFiles/STM32_BLUE_PILL.dir/pxtapp/base/core.cpp.o
                0x0000000008007904                numops::eq(pxt::TValueStruct*, pxt::TValueStruct*)
 .text._ZN6numops3neqEPN3pxt12TValueStructES2_
                0x0000000008007914       0x10 CMakeFiles/STM32_BLUE_PILL.dir/pxtapp/base/core.cpp.o
                0x0000000008007914                numops::neq(pxt::TValueStruct*, pxt::TValueStruct*)
 .text._ZN6Array_7indexOfEPN3pxt13RefCollectionEPNS0_12TValueStructEi
                0x0000000008007924       0x30 CMakeFiles/STM32_BLUE_PILL.dir/pxtapp/base/core.cpp.o
                0x0000000008007924                Array_::indexOf(pxt::RefCollection*, pxt::TValueStruct*, int)
 .text._ZN6Array_13removeElementEPN3pxt13RefCollectionEPNS0_12TValueStructE
                0x0000000008007954       0x1c CMakeFiles/STM32_BLUE_PILL.dir/pxtapp/base/core.cpp.o
                0x0000000008007954                Array_::removeElement(pxt::RefCollection*, pxt::TValueStruct*)
 .text._ZN6numops6toBoolEPN3pxt12TValueStructE
                0x0000000008007970       0x68 CMakeFiles/STM32_BLUE_PILL.dir/pxtapp/base/core.cpp.o
                0x0000000008007970                numops::toBool(pxt::TValueStruct*)
 .text._ZN6numops10toBoolDecrEPN3pxt12TValueStructE
                0x00000000080079d8       0x14 CMakeFiles/STM32_BLUE_PILL.dir/pxtapp/base/core.cpp.o
                0x00000000080079d8                numops::toBoolDecr(pxt::TValueStruct*)
 .text._ZN6numopsL10valCompareEPN3pxt12TValueStructES2_
                0x00000000080079ec       0xa8 CMakeFiles/STM32_BLUE_PILL.dir/pxtapp/base/core.cpp.o
 .text._ZN6numops7lt_boolEPN3pxt12TValueStructES2_
                0x0000000008007a94       0x24 CMakeFiles/STM32_BLUE_PILL.dir/pxtapp/base/core.cpp.o
                0x0000000008007a94                numops::lt_bool(pxt::TValueStruct*, pxt::TValueStruct*)
 .text._ZN6numops2leEPN3pxt12TValueStructES2_